[2024-07-21T00:01:54.217+0530][gc] Using G1
[2024-07-21T00:01:54.244+0530][gc,init] Version: 17.0.11+9-Ubuntu-122.04.1 (release)
[2024-07-21T00:01:54.244+0530][gc,init] CPUs: 16 total, 16 available
[2024-07-21T00:01:54.244+0530][gc,init] Memory: 31911M
[2024-07-21T00:01:54.244+0530][gc,init] Large Page Support: Disabled
[2024-07-21T00:01:54.244+0530][gc,init] NUMA Support: Disabled
[2024-07-21T00:01:54.244+0530][gc,init] Compressed Oops: Enabled (32-bit)
[2024-07-21T00:01:54.244+0530][gc,init] Heap Region Size: 1M
[2024-07-21T00:01:54.244+0530][gc,init] Heap Min Capacity: 1G
[2024-07-21T00:01:54.244+0530][gc,init] Heap Initial Capacity: 1G
[2024-07-21T00:01:54.244+0530][gc,init] Heap Max Capacity: 1G
[2024-07-21T00:01:54.244+0530][gc,init] Pre-touch: Disabled
[2024-07-21T00:01:54.244+0530][gc,init] Parallel Workers: 13
[2024-07-21T00:01:54.244+0530][gc,init] Concurrent Workers: 3
[2024-07-21T00:01:54.244+0530][gc,init] Concurrent Refinement Workers: 13
[2024-07-21T00:01:54.244+0530][gc,init] Periodic GC: Disabled
[2024-07-21T00:01:54.253+0530][gc,metaspace] CDS archive(s) mapped at: [0x000070b883000000-0x000070b883bc7000-0x000070b883bc7000), size 12349440, SharedBaseAddress: 0x000070b883000000, ArchiveRelocationMode: 1.
[2024-07-21T00:01:54.253+0530][gc,metaspace] Compressed class space mapped at: 0x000070b884000000-0x000070b8c4000000, reserved size: 1073741824
[2024-07-21T00:01:54.253+0530][gc,metaspace] Narrow klass base: 0x000070b883000000, Narrow klass shift: 0, Narrow klass range: 0x100000000
[2024-07-21T00:01:54.726+0530][gc,start    ] GC(0) Pause Young (Normal) (G1 Evacuation Pause)
[2024-07-21T00:01:54.727+0530][gc,task     ] GC(0) Using 13 workers of 13 for evacuation
[2024-07-21T00:01:54.729+0530][gc,phases   ] GC(0)   Pre Evacuate Collection Set: 0.0ms
[2024-07-21T00:01:54.729+0530][gc,phases   ] GC(0)   Merge Heap Roots: 0.0ms
[2024-07-21T00:01:54.729+0530][gc,phases   ] GC(0)   Evacuate Collection Set: 1.7ms
[2024-07-21T00:01:54.729+0530][gc,phases   ] GC(0)   Post Evacuate Collection Set: 0.2ms
[2024-07-21T00:01:54.729+0530][gc,phases   ] GC(0)   Other: 0.5ms
[2024-07-21T00:01:54.729+0530][gc,heap     ] GC(0) Eden regions: 51->0(44)
[2024-07-21T00:01:54.729+0530][gc,heap     ] GC(0) Survivor regions: 0->7(7)
[2024-07-21T00:01:54.729+0530][gc,heap     ] GC(0) Old regions: 0->1
[2024-07-21T00:01:54.729+0530][gc,heap     ] GC(0) Archive regions: 2->2
[2024-07-21T00:01:54.729+0530][gc,heap     ] GC(0) Humongous regions: 0->0
[2024-07-21T00:01:54.729+0530][gc,metaspace] GC(0) Metaspace: 17455K(17664K)->17455K(17664K) NonClass: 15345K(15488K)->15345K(15488K) Class: 2110K(2176K)->2110K(2176K)
[2024-07-21T00:01:54.729+0530][gc          ] GC(0) Pause Young (Normal) (G1 Evacuation Pause) 51M->8M(1024M) 2.595ms
[2024-07-21T00:01:54.729+0530][gc,cpu      ] GC(0) User=0.01s Sys=0.01s Real=0.00s
[2024-07-21T00:01:54.799+0530][gc,start    ] GC(1) Pause Young (Concurrent Start) (Metadata GC Threshold)
[2024-07-21T00:01:54.799+0530][gc,task     ] GC(1) Using 13 workers of 13 for evacuation
[2024-07-21T00:01:54.801+0530][gc,phases   ] GC(1)   Pre Evacuate Collection Set: 0.1ms
[2024-07-21T00:01:54.801+0530][gc,phases   ] GC(1)   Merge Heap Roots: 0.0ms
[2024-07-21T00:01:54.801+0530][gc,phases   ] GC(1)   Evacuate Collection Set: 1.2ms
[2024-07-21T00:01:54.801+0530][gc,phases   ] GC(1)   Post Evacuate Collection Set: 0.1ms
[2024-07-21T00:01:54.801+0530][gc,phases   ] GC(1)   Other: 0.1ms
[2024-07-21T00:01:54.801+0530][gc,heap     ] GC(1) Eden regions: 14->0(50)
[2024-07-21T00:01:54.801+0530][gc,heap     ] GC(1) Survivor regions: 7->1(7)
[2024-07-21T00:01:54.801+0530][gc,heap     ] GC(1) Old regions: 1->9
[2024-07-21T00:01:54.801+0530][gc,heap     ] GC(1) Archive regions: 2->2
[2024-07-21T00:01:54.801+0530][gc,heap     ] GC(1) Humongous regions: 0->0
[2024-07-21T00:01:54.801+0530][gc,metaspace] GC(1) Metaspace: 21310K(21504K)->21310K(21504K) NonClass: 18764K(18816K)->18764K(18816K) Class: 2546K(2688K)->2546K(2688K)
[2024-07-21T00:01:54.801+0530][gc          ] GC(1) Pause Young (Concurrent Start) (Metadata GC Threshold) 22M->10M(1024M) 1.557ms
[2024-07-21T00:01:54.801+0530][gc,cpu      ] GC(1) User=0.01s Sys=0.00s Real=0.00s
[2024-07-21T00:01:54.801+0530][gc          ] GC(2) Concurrent Mark Cycle
[2024-07-21T00:01:54.801+0530][gc,marking  ] GC(2) Concurrent Clear Claimed Marks
[2024-07-21T00:01:54.801+0530][gc,marking  ] GC(2) Concurrent Clear Claimed Marks 0.011ms
[2024-07-21T00:01:54.801+0530][gc,marking  ] GC(2) Concurrent Scan Root Regions
[2024-07-21T00:01:54.802+0530][gc,marking  ] GC(2) Concurrent Scan Root Regions 1.040ms
[2024-07-21T00:01:54.802+0530][gc,marking  ] GC(2) Concurrent Mark
[2024-07-21T00:01:54.802+0530][gc,marking  ] GC(2) Concurrent Mark From Roots
[2024-07-21T00:01:54.802+0530][gc,task     ] GC(2) Using 3 workers of 3 for marking
[2024-07-21T00:01:54.803+0530][gc,marking  ] GC(2) Concurrent Mark From Roots 0.816ms
[2024-07-21T00:01:54.803+0530][gc,marking  ] GC(2) Concurrent Preclean
[2024-07-21T00:01:54.803+0530][gc,marking  ] GC(2) Concurrent Preclean 0.060ms
[2024-07-21T00:01:54.803+0530][gc,start    ] GC(2) Pause Remark
[2024-07-21T00:01:54.804+0530][gc          ] GC(2) Pause Remark 11M->11M(1024M) 0.667ms
[2024-07-21T00:01:54.804+0530][gc,cpu      ] GC(2) User=0.00s Sys=0.00s Real=0.01s
[2024-07-21T00:01:54.804+0530][gc,marking  ] GC(2) Concurrent Mark 1.880ms
[2024-07-21T00:01:54.804+0530][gc,marking  ] GC(2) Concurrent Rebuild Remembered Sets
[2024-07-21T00:01:54.805+0530][gc,marking  ] GC(2) Concurrent Rebuild Remembered Sets 0.860ms
[2024-07-21T00:01:54.805+0530][gc,start    ] GC(2) Pause Cleanup
[2024-07-21T00:01:54.805+0530][gc          ] GC(2) Pause Cleanup 11M->11M(1024M) 0.047ms
[2024-07-21T00:01:54.805+0530][gc,cpu      ] GC(2) User=0.00s Sys=0.00s Real=0.00s
[2024-07-21T00:01:54.805+0530][gc,marking  ] GC(2) Concurrent Cleanup for Next Mark
[2024-07-21T00:01:54.807+0530][gc,marking  ] GC(2) Concurrent Cleanup for Next Mark 1.922ms
[2024-07-21T00:01:54.807+0530][gc          ] GC(2) Concurrent Mark Cycle 5.944ms
[2024-07-21T00:01:55.145+0530][gc,start    ] GC(3) Pause Young (Normal) (G1 Evacuation Pause)
[2024-07-21T00:01:55.145+0530][gc,task     ] GC(3) Using 13 workers of 13 for evacuation
[2024-07-21T00:01:55.147+0530][gc,phases   ] GC(3)   Pre Evacuate Collection Set: 0.0ms
[2024-07-21T00:01:55.147+0530][gc,phases   ] GC(3)   Merge Heap Roots: 0.0ms
[2024-07-21T00:01:55.147+0530][gc,phases   ] GC(3)   Evacuate Collection Set: 1.3ms
[2024-07-21T00:01:55.147+0530][gc,phases   ] GC(3)   Post Evacuate Collection Set: 0.2ms
[2024-07-21T00:01:55.147+0530][gc,phases   ] GC(3)   Other: 0.1ms
[2024-07-21T00:01:55.147+0530][gc,heap     ] GC(3) Eden regions: 50->0(45)
[2024-07-21T00:01:55.147+0530][gc,heap     ] GC(3) Survivor regions: 1->6(7)
[2024-07-21T00:01:55.147+0530][gc,heap     ] GC(3) Old regions: 9->9
[2024-07-21T00:01:55.147+0530][gc,heap     ] GC(3) Archive regions: 2->2
[2024-07-21T00:01:55.147+0530][gc,heap     ] GC(3) Humongous regions: 129->129
[2024-07-21T00:01:55.147+0530][gc,metaspace] GC(3) Metaspace: 32318K(32576K)->32318K(32576K) NonClass: 28606K(28736K)->28606K(28736K) Class: 3712K(3840K)->3712K(3840K)
[2024-07-21T00:01:55.147+0530][gc          ] GC(3) Pause Young (Normal) (G1 Evacuation Pause) 189M->143M(1024M) 1.679ms
[2024-07-21T00:01:55.147+0530][gc,cpu      ] GC(3) User=0.02s Sys=0.00s Real=0.00s
[2024-07-21T00:01:55.213+0530][gc,start    ] GC(4) Pause Young (Concurrent Start) (Metadata GC Threshold)
[2024-07-21T00:01:55.213+0530][gc,task     ] GC(4) Using 13 workers of 13 for evacuation
[2024-07-21T00:01:55.214+0530][gc,phases   ] GC(4)   Pre Evacuate Collection Set: 0.1ms
[2024-07-21T00:01:55.214+0530][gc,phases   ] GC(4)   Merge Heap Roots: 0.0ms
[2024-07-21T00:01:55.214+0530][gc,phases   ] GC(4)   Evacuate Collection Set: 1.3ms
[2024-07-21T00:01:55.214+0530][gc,phases   ] GC(4)   Post Evacuate Collection Set: 0.1ms
[2024-07-21T00:01:55.214+0530][gc,phases   ] GC(4)   Other: 0.1ms
[2024-07-21T00:01:55.214+0530][gc,heap     ] GC(4) Eden regions: 15->0(49)
[2024-07-21T00:01:55.214+0530][gc,heap     ] GC(4) Survivor regions: 6->2(7)
[2024-07-21T00:01:55.214+0530][gc,heap     ] GC(4) Old regions: 9->14
[2024-07-21T00:01:55.214+0530][gc,heap     ] GC(4) Archive regions: 2->2
[2024-07-21T00:01:55.214+0530][gc,heap     ] GC(4) Humongous regions: 129->129
[2024-07-21T00:01:55.214+0530][gc,metaspace] GC(4) Metaspace: 35844K(36096K)->35844K(36096K) NonClass: 31796K(31936K)->31796K(31936K) Class: 4047K(4160K)->4047K(4160K)
[2024-07-21T00:01:55.214+0530][gc          ] GC(4) Pause Young (Concurrent Start) (Metadata GC Threshold) 157M->144M(1024M) 1.706ms
[2024-07-21T00:01:55.214+0530][gc,cpu      ] GC(4) User=0.02s Sys=0.00s Real=0.00s
[2024-07-21T00:01:55.214+0530][gc          ] GC(5) Concurrent Mark Cycle
[2024-07-21T00:01:55.214+0530][gc,marking  ] GC(5) Concurrent Clear Claimed Marks
[2024-07-21T00:01:55.214+0530][gc,marking  ] GC(5) Concurrent Clear Claimed Marks 0.015ms
[2024-07-21T00:01:55.214+0530][gc,marking  ] GC(5) Concurrent Scan Root Regions
[2024-07-21T00:01:55.216+0530][gc,marking  ] GC(5) Concurrent Scan Root Regions 1.245ms
[2024-07-21T00:01:55.216+0530][gc,marking  ] GC(5) Concurrent Mark
[2024-07-21T00:01:55.216+0530][gc,marking  ] GC(5) Concurrent Mark From Roots
[2024-07-21T00:01:55.216+0530][gc,task     ] GC(5) Using 3 workers of 3 for marking
[2024-07-21T00:01:55.218+0530][gc,marking  ] GC(5) Concurrent Mark From Roots 2.211ms
[2024-07-21T00:01:55.218+0530][gc,marking  ] GC(5) Concurrent Preclean
[2024-07-21T00:01:55.218+0530][gc,marking  ] GC(5) Concurrent Preclean 0.066ms
[2024-07-21T00:01:55.218+0530][gc,start    ] GC(5) Pause Remark
[2024-07-21T00:01:55.219+0530][gc          ] GC(5) Pause Remark 146M->146M(1024M) 0.641ms
[2024-07-21T00:01:55.219+0530][gc,cpu      ] GC(5) User=0.01s Sys=0.01s Real=0.00s
[2024-07-21T00:01:55.219+0530][gc,marking  ] GC(5) Concurrent Mark 3.087ms
[2024-07-21T00:01:55.219+0530][gc,marking  ] GC(5) Concurrent Rebuild Remembered Sets
[2024-07-21T00:01:55.221+0530][gc,marking  ] GC(5) Concurrent Rebuild Remembered Sets 1.821ms
[2024-07-21T00:01:55.221+0530][gc,start    ] GC(5) Pause Cleanup
[2024-07-21T00:01:55.221+0530][gc          ] GC(5) Pause Cleanup 146M->146M(1024M) 0.115ms
[2024-07-21T00:01:55.221+0530][gc,cpu      ] GC(5) User=0.00s Sys=0.00s Real=0.00s
[2024-07-21T00:01:55.221+0530][gc,marking  ] GC(5) Concurrent Cleanup for Next Mark
[2024-07-21T00:01:55.223+0530][gc,marking  ] GC(5) Concurrent Cleanup for Next Mark 1.908ms
[2024-07-21T00:01:55.223+0530][gc          ] GC(5) Concurrent Mark Cycle 8.439ms
[2024-07-21T00:01:59.542+0530][gc,start    ] GC(6) Pause Young (Prepare Mixed) (G1 Evacuation Pause)
[2024-07-21T00:01:59.542+0530][gc,task     ] GC(6) Using 13 workers of 13 for evacuation
[2024-07-21T00:01:59.543+0530][gc,phases   ] GC(6)   Pre Evacuate Collection Set: 0.1ms
[2024-07-21T00:01:59.543+0530][gc,phases   ] GC(6)   Merge Heap Roots: 0.0ms
[2024-07-21T00:01:59.543+0530][gc,phases   ] GC(6)   Evacuate Collection Set: 1.0ms
[2024-07-21T00:01:59.543+0530][gc,phases   ] GC(6)   Post Evacuate Collection Set: 0.2ms
[2024-07-21T00:01:59.543+0530][gc,phases   ] GC(6)   Other: 0.1ms
[2024-07-21T00:01:59.543+0530][gc,heap     ] GC(6) Eden regions: 49->0(48)
[2024-07-21T00:01:59.543+0530][gc,heap     ] GC(6) Survivor regions: 2->3(7)
[2024-07-21T00:01:59.543+0530][gc,heap     ] GC(6) Old regions: 14->14
[2024-07-21T00:01:59.543+0530][gc,heap     ] GC(6) Archive regions: 2->2
[2024-07-21T00:01:59.543+0530][gc,heap     ] GC(6) Humongous regions: 131->131
[2024-07-21T00:01:59.543+0530][gc,metaspace] GC(6) Metaspace: 39734K(40192K)->39734K(40192K) NonClass: 35083K(35328K)->35083K(35328K) Class: 4651K(4864K)->4651K(4864K)
[2024-07-21T00:01:59.543+0530][gc          ] GC(6) Pause Young (Prepare Mixed) (G1 Evacuation Pause) 195M->148M(1024M) 1.461ms
[2024-07-21T00:01:59.543+0530][gc,cpu      ] GC(6) User=0.01s Sys=0.00s Real=0.00s
[2024-07-21T00:01:59.609+0530][gc,start    ] GC(7) Pause Young (Mixed) (G1 Evacuation Pause)
[2024-07-21T00:01:59.609+0530][gc,task     ] GC(7) Using 13 workers of 13 for evacuation
[2024-07-21T00:01:59.610+0530][gc,phases   ] GC(7)   Pre Evacuate Collection Set: 0.1ms
[2024-07-21T00:01:59.610+0530][gc,phases   ] GC(7)   Merge Heap Roots: 0.0ms
[2024-07-21T00:01:59.611+0530][gc,phases   ] GC(7)   Evacuate Collection Set: 0.7ms
[2024-07-21T00:01:59.611+0530][gc,phases   ] GC(7)   Post Evacuate Collection Set: 0.2ms
[2024-07-21T00:01:59.611+0530][gc,phases   ] GC(7)   Other: 0.1ms
[2024-07-21T00:01:59.611+0530][gc,heap     ] GC(7) Eden regions: 48->0(48)
[2024-07-21T00:01:59.611+0530][gc,heap     ] GC(7) Survivor regions: 3->3(7)
[2024-07-21T00:01:59.611+0530][gc,heap     ] GC(7) Old regions: 14->14
[2024-07-21T00:01:59.611+0530][gc,heap     ] GC(7) Archive regions: 2->2
[2024-07-21T00:01:59.611+0530][gc,heap     ] GC(7) Humongous regions: 131->131
[2024-07-21T00:01:59.611+0530][gc,metaspace] GC(7) Metaspace: 39937K(40384K)->39937K(40384K) NonClass: 35253K(35520K)->35253K(35520K) Class: 4683K(4864K)->4683K(4864K)
[2024-07-21T00:01:59.611+0530][gc          ] GC(7) Pause Young (Mixed) (G1 Evacuation Pause) 196M->148M(1024M) 1.208ms
[2024-07-21T00:01:59.611+0530][gc,cpu      ] GC(7) User=0.01s Sys=0.00s Real=0.00s
[2024-07-21T00:01:59.680+0530][gc,start    ] GC(8) Pause Young (Normal) (G1 Evacuation Pause)
[2024-07-21T00:01:59.680+0530][gc,task     ] GC(8) Using 13 workers of 13 for evacuation
[2024-07-21T00:01:59.681+0530][gc,phases   ] GC(8)   Pre Evacuate Collection Set: 0.1ms
[2024-07-21T00:01:59.681+0530][gc,phases   ] GC(8)   Merge Heap Roots: 0.0ms
[2024-07-21T00:01:59.681+0530][gc,phases   ] GC(8)   Evacuate Collection Set: 0.7ms
[2024-07-21T00:01:59.681+0530][gc,phases   ] GC(8)   Post Evacuate Collection Set: 0.2ms
[2024-07-21T00:01:59.681+0530][gc,phases   ] GC(8)   Other: 0.1ms
[2024-07-21T00:01:59.681+0530][gc,heap     ] GC(8) Eden regions: 48->0(63)
[2024-07-21T00:01:59.681+0530][gc,heap     ] GC(8) Survivor regions: 3->3(7)
[2024-07-21T00:01:59.681+0530][gc,heap     ] GC(8) Old regions: 14->14
[2024-07-21T00:01:59.681+0530][gc,heap     ] GC(8) Archive regions: 2->2
[2024-07-21T00:01:59.681+0530][gc,heap     ] GC(8) Humongous regions: 131->131
[2024-07-21T00:01:59.681+0530][gc,metaspace] GC(8) Metaspace: 40064K(40448K)->40064K(40448K) NonClass: 35357K(35584K)->35357K(35584K) Class: 4707K(4864K)->4707K(4864K)
[2024-07-21T00:01:59.681+0530][gc          ] GC(8) Pause Young (Normal) (G1 Evacuation Pause) 196M->148M(1024M) 1.117ms
[2024-07-21T00:01:59.681+0530][gc,cpu      ] GC(8) User=0.01s Sys=0.00s Real=0.00s
[2024-07-21T00:01:59.767+0530][gc,start    ] GC(9) Pause Young (Normal) (G1 Evacuation Pause)
[2024-07-21T00:01:59.767+0530][gc,task     ] GC(9) Using 13 workers of 13 for evacuation
[2024-07-21T00:01:59.768+0530][gc,phases   ] GC(9)   Pre Evacuate Collection Set: 0.1ms
[2024-07-21T00:01:59.768+0530][gc,phases   ] GC(9)   Merge Heap Roots: 0.0ms
[2024-07-21T00:01:59.768+0530][gc,phases   ] GC(9)   Evacuate Collection Set: 0.8ms
[2024-07-21T00:01:59.768+0530][gc,phases   ] GC(9)   Post Evacuate Collection Set: 0.2ms
[2024-07-21T00:01:59.768+0530][gc,phases   ] GC(9)   Other: 0.1ms
[2024-07-21T00:01:59.768+0530][gc,heap     ] GC(9) Eden regions: 63->0(297)
[2024-07-21T00:01:59.768+0530][gc,heap     ] GC(9) Survivor regions: 3->3(9)
[2024-07-21T00:01:59.768+0530][gc,heap     ] GC(9) Old regions: 14->14
[2024-07-21T00:01:59.768+0530][gc,heap     ] GC(9) Archive regions: 2->2
[2024-07-21T00:01:59.768+0530][gc,heap     ] GC(9) Humongous regions: 131->131
[2024-07-21T00:01:59.768+0530][gc,metaspace] GC(9) Metaspace: 40141K(40576K)->40141K(40576K) NonClass: 35420K(35648K)->35420K(35648K) Class: 4720K(4928K)->4720K(4928K)
[2024-07-21T00:01:59.768+0530][gc          ] GC(9) Pause Young (Normal) (G1 Evacuation Pause) 211M->148M(1024M) 1.272ms
[2024-07-21T00:01:59.768+0530][gc,cpu      ] GC(9) User=0.02s Sys=0.01s Real=0.00s
[2024-07-21T00:02:14.809+0530][gc,start    ] GC(10) Pause Young (Normal) (G1 Evacuation Pause)
[2024-07-21T00:02:14.809+0530][gc,task     ] GC(10) Using 13 workers of 13 for evacuation
[2024-07-21T00:02:14.811+0530][gc,phases   ] GC(10)   Pre Evacuate Collection Set: 0.1ms
[2024-07-21T00:02:14.811+0530][gc,phases   ] GC(10)   Merge Heap Roots: 0.1ms
[2024-07-21T00:02:14.811+0530][gc,phases   ] GC(10)   Evacuate Collection Set: 0.8ms
[2024-07-21T00:02:14.811+0530][gc,phases   ] GC(10)   Post Evacuate Collection Set: 0.3ms
[2024-07-21T00:02:14.811+0530][gc,phases   ] GC(10)   Other: 0.1ms
[2024-07-21T00:02:14.811+0530][gc,heap     ] GC(10) Eden regions: 297->0(538)
[2024-07-21T00:02:14.811+0530][gc,heap     ] GC(10) Survivor regions: 3->4(38)
[2024-07-21T00:02:14.811+0530][gc,heap     ] GC(10) Old regions: 14->14
[2024-07-21T00:02:14.811+0530][gc,heap     ] GC(10) Archive regions: 2->2
[2024-07-21T00:02:14.811+0530][gc,heap     ] GC(10) Humongous regions: 131->131
[2024-07-21T00:02:14.811+0530][gc,metaspace] GC(10) Metaspace: 40805K(41280K)->40805K(41280K) NonClass: 36002K(36224K)->36002K(36224K) Class: 4802K(5056K)->4802K(5056K)
[2024-07-21T00:02:14.811+0530][gc          ] GC(10) Pause Young (Normal) (G1 Evacuation Pause) 445M->148M(1024M) 1.512ms
[2024-07-21T00:02:14.811+0530][gc,cpu      ] GC(10) User=0.01s Sys=0.01s Real=0.00s
[2024-07-21T00:02:59.520+0530][gc,start    ] GC(11) Pause Young (Normal) (G1 Evacuation Pause)
[2024-07-21T00:02:59.520+0530][gc,task     ] GC(11) Using 13 workers of 13 for evacuation
[2024-07-21T00:02:59.522+0530][gc,phases   ] GC(11)   Pre Evacuate Collection Set: 0.1ms
[2024-07-21T00:02:59.522+0530][gc,phases   ] GC(11)   Merge Heap Roots: 0.2ms
[2024-07-21T00:02:59.522+0530][gc,phases   ] GC(11)   Evacuate Collection Set: 0.8ms
[2024-07-21T00:02:59.522+0530][gc,phases   ] GC(11)   Post Evacuate Collection Set: 0.4ms
[2024-07-21T00:02:59.522+0530][gc,phases   ] GC(11)   Other: 0.1ms
[2024-07-21T00:02:59.522+0530][gc,heap     ] GC(11) Eden regions: 538->0(610)
[2024-07-21T00:02:59.522+0530][gc,heap     ] GC(11) Survivor regions: 4->4(68)
[2024-07-21T00:02:59.522+0530][gc,heap     ] GC(11) Old regions: 14->14
[2024-07-21T00:02:59.522+0530][gc,heap     ] GC(11) Archive regions: 2->2
[2024-07-21T00:02:59.522+0530][gc,heap     ] GC(11) Humongous regions: 131->131
[2024-07-21T00:02:59.522+0530][gc,metaspace] GC(11) Metaspace: 41123K(41664K)->41123K(41664K) NonClass: 36279K(36544K)->36279K(36544K) Class: 4844K(5120K)->4844K(5120K)
[2024-07-21T00:02:59.522+0530][gc          ] GC(11) Pause Young (Normal) (G1 Evacuation Pause) 686M->148M(1024M) 1.708ms
[2024-07-21T00:02:59.522+0530][gc,cpu      ] GC(11) User=0.01s Sys=0.00s Real=0.00s
[2024-07-21T00:03:29.673+0530][gc,start    ] GC(12) Pause Young (Normal) (G1 Evacuation Pause)
[2024-07-21T00:03:29.673+0530][gc,task     ] GC(12) Using 13 workers of 13 for evacuation
[2024-07-21T00:03:29.674+0530][gc,phases   ] GC(12)   Pre Evacuate Collection Set: 0.1ms
[2024-07-21T00:03:29.674+0530][gc,phases   ] GC(12)   Merge Heap Roots: 0.2ms
[2024-07-21T00:03:29.674+0530][gc,phases   ] GC(12)   Evacuate Collection Set: 0.8ms
[2024-07-21T00:03:29.674+0530][gc,phases   ] GC(12)   Post Evacuate Collection Set: 0.3ms
[2024-07-21T00:03:29.674+0530][gc,phases   ] GC(12)   Other: 0.1ms
[2024-07-21T00:03:29.674+0530][gc,heap     ] GC(12) Eden regions: 610->0(610)
[2024-07-21T00:03:29.674+0530][gc,heap     ] GC(12) Survivor regions: 4->4(77)
[2024-07-21T00:03:29.674+0530][gc,heap     ] GC(12) Old regions: 14->14
[2024-07-21T00:03:29.674+0530][gc,heap     ] GC(12) Archive regions: 2->2
[2024-07-21T00:03:29.674+0530][gc,heap     ] GC(12) Humongous regions: 131->131
[2024-07-21T00:03:29.674+0530][gc,metaspace] GC(12) Metaspace: 41302K(41792K)->41302K(41792K) NonClass: 36432K(36672K)->36432K(36672K) Class: 4869K(5120K)->4869K(5120K)
[2024-07-21T00:03:29.674+0530][gc          ] GC(12) Pause Young (Normal) (G1 Evacuation Pause) 758M->149M(1024M) 1.629ms
[2024-07-21T00:03:29.674+0530][gc,cpu      ] GC(12) User=0.01s Sys=0.00s Real=0.00s
[2024-07-21T00:04:14.536+0530][gc,start    ] GC(13) Pause Young (Normal) (G1 Evacuation Pause)
[2024-07-21T00:04:14.536+0530][gc,task     ] GC(13) Using 13 workers of 13 for evacuation
[2024-07-21T00:04:14.538+0530][gc,phases   ] GC(13)   Pre Evacuate Collection Set: 0.1ms
[2024-07-21T00:04:14.538+0530][gc,phases   ] GC(13)   Merge Heap Roots: 0.2ms
[2024-07-21T00:04:14.538+0530][gc,phases   ] GC(13)   Evacuate Collection Set: 0.9ms
[2024-07-21T00:04:14.538+0530][gc,phases   ] GC(13)   Post Evacuate Collection Set: 0.3ms
[2024-07-21T00:04:14.538+0530][gc,phases   ] GC(13)   Other: 0.1ms
[2024-07-21T00:04:14.538+0530][gc,heap     ] GC(13) Eden regions: 610->0(610)
[2024-07-21T00:04:14.538+0530][gc,heap     ] GC(13) Survivor regions: 4->4(77)
[2024-07-21T00:04:14.538+0530][gc,heap     ] GC(13) Old regions: 14->14
[2024-07-21T00:04:14.538+0530][gc,heap     ] GC(13) Archive regions: 2->2
[2024-07-21T00:04:14.538+0530][gc,heap     ] GC(13) Humongous regions: 131->131
[2024-07-21T00:04:14.538+0530][gc,metaspace] GC(13) Metaspace: 41371K(41856K)->41371K(41856K) NonClass: 36497K(36736K)->36497K(36736K) Class: 4874K(5120K)->4874K(5120K)
[2024-07-21T00:04:14.538+0530][gc          ] GC(13) Pause Young (Normal) (G1 Evacuation Pause) 759M->149M(1024M) 1.614ms
[2024-07-21T00:04:14.538+0530][gc,cpu      ] GC(13) User=0.01s Sys=0.00s Real=0.00s
[2024-07-21T00:04:44.688+0530][gc,start    ] GC(14) Pause Young (Normal) (G1 Evacuation Pause)
[2024-07-21T00:04:44.688+0530][gc,task     ] GC(14) Using 13 workers of 13 for evacuation
[2024-07-21T00:04:44.689+0530][gc,phases   ] GC(14)   Pre Evacuate Collection Set: 0.1ms
[2024-07-21T00:04:44.689+0530][gc,phases   ] GC(14)   Merge Heap Roots: 0.2ms
[2024-07-21T00:04:44.689+0530][gc,phases   ] GC(14)   Evacuate Collection Set: 0.8ms
[2024-07-21T00:04:44.689+0530][gc,phases   ] GC(14)   Post Evacuate Collection Set: 0.4ms
[2024-07-21T00:04:44.689+0530][gc,phases   ] GC(14)   Other: 0.1ms
[2024-07-21T00:04:44.689+0530][gc,heap     ] GC(14) Eden regions: 610->0(610)
[2024-07-21T00:04:44.689+0530][gc,heap     ] GC(14) Survivor regions: 4->4(77)
[2024-07-21T00:04:44.689+0530][gc,heap     ] GC(14) Old regions: 14->14
[2024-07-21T00:04:44.689+0530][gc,heap     ] GC(14) Archive regions: 2->2
[2024-07-21T00:04:44.689+0530][gc,heap     ] GC(14) Humongous regions: 131->131
[2024-07-21T00:04:44.689+0530][gc,metaspace] GC(14) Metaspace: 41406K(41920K)->41406K(41920K) NonClass: 36532K(36800K)->36532K(36800K) Class: 4874K(5120K)->4874K(5120K)
[2024-07-21T00:04:44.689+0530][gc          ] GC(14) Pause Young (Normal) (G1 Evacuation Pause) 759M->149M(1024M) 1.627ms
[2024-07-21T00:04:44.689+0530][gc,cpu      ] GC(14) User=0.01s Sys=0.00s Real=0.00s
[2024-07-21T00:05:05.181+0530][gc,heap,exit] Heap
[2024-07-21T00:05:05.181+0530][gc,heap,exit]  garbage-first heap   total 1048576K, used 452037K [0x00000000c0000000, 0x0000000100000000)
[2024-07-21T00:05:05.181+0530][gc,heap,exit]   region size 1024K, 297 young (304128K), 4 survivors (4096K)
[2024-07-21T00:05:05.181+0530][gc,heap,exit]  Metaspace       used 42424K, committed 42944K, reserved 1114112K
[2024-07-21T00:05:05.181+0530][gc,heap,exit]   class space    used 5082K, committed 5312K, reserved 1048576K
