[2024-07-21T00:30:22.015+0530][gc] Using G1
[2024-07-21T00:30:22.031+0530][gc,init] Version: 17.0.11+9-Ubuntu-122.04.1 (release)
[2024-07-21T00:30:22.031+0530][gc,init] CPUs: 16 total, 16 available
[2024-07-21T00:30:22.031+0530][gc,init] Memory: 31911M
[2024-07-21T00:30:22.031+0530][gc,init] Large Page Support: Disabled
[2024-07-21T00:30:22.031+0530][gc,init] NUMA Support: Disabled
[2024-07-21T00:30:22.031+0530][gc,init] Compressed Oops: Enabled (32-bit)
[2024-07-21T00:30:22.031+0530][gc,init] Heap Region Size: 1M
[2024-07-21T00:30:22.031+0530][gc,init] Heap Min Capacity: 1G
[2024-07-21T00:30:22.031+0530][gc,init] Heap Initial Capacity: 1G
[2024-07-21T00:30:22.031+0530][gc,init] Heap Max Capacity: 1G
[2024-07-21T00:30:22.031+0530][gc,init] Pre-touch: Disabled
[2024-07-21T00:30:22.031+0530][gc,init] Parallel Workers: 13
[2024-07-21T00:30:22.031+0530][gc,init] Concurrent Workers: 3
[2024-07-21T00:30:22.031+0530][gc,init] Concurrent Refinement Workers: 13
[2024-07-21T00:30:22.031+0530][gc,init] Periodic GC: Disabled
[2024-07-21T00:30:22.040+0530][gc,metaspace] CDS archive(s) mapped at: [0x00007c2593000000-0x00007c2593bc7000-0x00007c2593bc7000), size 12349440, SharedBaseAddress: 0x00007c2593000000, ArchiveRelocationMode: 1.
[2024-07-21T00:30:22.040+0530][gc,metaspace] Compressed class space mapped at: 0x00007c2594000000-0x00007c25d4000000, reserved size: 1073741824
[2024-07-21T00:30:22.040+0530][gc,metaspace] Narrow klass base: 0x00007c2593000000, Narrow klass shift: 0, Narrow klass range: 0x100000000
[2024-07-21T00:30:22.541+0530][gc,start    ] GC(0) Pause Young (Normal) (G1 Evacuation Pause)
[2024-07-21T00:30:22.542+0530][gc,task     ] GC(0) Using 13 workers of 13 for evacuation
[2024-07-21T00:30:22.544+0530][gc,phases   ] GC(0)   Pre Evacuate Collection Set: 0.0ms
[2024-07-21T00:30:22.544+0530][gc,phases   ] GC(0)   Merge Heap Roots: 0.0ms
[2024-07-21T00:30:22.544+0530][gc,phases   ] GC(0)   Evacuate Collection Set: 1.5ms
[2024-07-21T00:30:22.544+0530][gc,phases   ] GC(0)   Post Evacuate Collection Set: 0.2ms
[2024-07-21T00:30:22.544+0530][gc,phases   ] GC(0)   Other: 0.8ms
[2024-07-21T00:30:22.544+0530][gc,heap     ] GC(0) Eden regions: 51->0(44)
[2024-07-21T00:30:22.544+0530][gc,heap     ] GC(0) Survivor regions: 0->7(7)
[2024-07-21T00:30:22.544+0530][gc,heap     ] GC(0) Old regions: 0->2
[2024-07-21T00:30:22.544+0530][gc,heap     ] GC(0) Archive regions: 2->2
[2024-07-21T00:30:22.544+0530][gc,heap     ] GC(0) Humongous regions: 0->0
[2024-07-21T00:30:22.544+0530][gc,metaspace] GC(0) Metaspace: 17648K(17856K)->17648K(17856K) NonClass: 15526K(15616K)->15526K(15616K) Class: 2121K(2240K)->2121K(2240K)
[2024-07-21T00:30:22.544+0530][gc          ] GC(0) Pause Young (Normal) (G1 Evacuation Pause) 51M->9M(1024M) 2.706ms
[2024-07-21T00:30:22.544+0530][gc,cpu      ] GC(0) User=0.02s Sys=0.00s Real=0.01s
[2024-07-21T00:30:22.619+0530][gc,start    ] GC(1) Pause Young (Concurrent Start) (Metadata GC Threshold)
[2024-07-21T00:30:22.619+0530][gc,task     ] GC(1) Using 13 workers of 13 for evacuation
[2024-07-21T00:30:22.621+0530][gc,phases   ] GC(1)   Pre Evacuate Collection Set: 0.0ms
[2024-07-21T00:30:22.621+0530][gc,phases   ] GC(1)   Merge Heap Roots: 0.0ms
[2024-07-21T00:30:22.621+0530][gc,phases   ] GC(1)   Evacuate Collection Set: 1.2ms
[2024-07-21T00:30:22.621+0530][gc,phases   ] GC(1)   Post Evacuate Collection Set: 0.2ms
[2024-07-21T00:30:22.621+0530][gc,phases   ] GC(1)   Other: 0.1ms
[2024-07-21T00:30:22.621+0530][gc,heap     ] GC(1) Eden regions: 13->0(49)
[2024-07-21T00:30:22.621+0530][gc,heap     ] GC(1) Survivor regions: 7->2(7)
[2024-07-21T00:30:22.621+0530][gc,heap     ] GC(1) Old regions: 2->9
[2024-07-21T00:30:22.621+0530][gc,heap     ] GC(1) Archive regions: 2->2
[2024-07-21T00:30:22.621+0530][gc,heap     ] GC(1) Humongous regions: 0->0
[2024-07-21T00:30:22.621+0530][gc,metaspace] GC(1) Metaspace: 21364K(21504K)->21364K(21504K) NonClass: 18805K(18880K)->18805K(18880K) Class: 2558K(2624K)->2558K(2624K)
[2024-07-21T00:30:22.621+0530][gc          ] GC(1) Pause Young (Concurrent Start) (Metadata GC Threshold) 21M->10M(1024M) 1.577ms
[2024-07-21T00:30:22.621+0530][gc,cpu      ] GC(1) User=0.01s Sys=0.01s Real=0.00s
[2024-07-21T00:30:22.621+0530][gc          ] GC(2) Concurrent Mark Cycle
[2024-07-21T00:30:22.621+0530][gc,marking  ] GC(2) Concurrent Clear Claimed Marks
[2024-07-21T00:30:22.621+0530][gc,marking  ] GC(2) Concurrent Clear Claimed Marks 0.008ms
[2024-07-21T00:30:22.621+0530][gc,marking  ] GC(2) Concurrent Scan Root Regions
[2024-07-21T00:30:22.621+0530][gc,marking  ] GC(2) Concurrent Scan Root Regions 0.732ms
[2024-07-21T00:30:22.621+0530][gc,marking  ] GC(2) Concurrent Mark
[2024-07-21T00:30:22.621+0530][gc,marking  ] GC(2) Concurrent Mark From Roots
[2024-07-21T00:30:22.621+0530][gc,task     ] GC(2) Using 3 workers of 3 for marking
[2024-07-21T00:30:22.622+0530][gc,marking  ] GC(2) Concurrent Mark From Roots 0.725ms
[2024-07-21T00:30:22.622+0530][gc,marking  ] GC(2) Concurrent Preclean
[2024-07-21T00:30:22.622+0530][gc,marking  ] GC(2) Concurrent Preclean 0.041ms
[2024-07-21T00:30:22.622+0530][gc,start    ] GC(2) Pause Remark
[2024-07-21T00:30:22.623+0530][gc          ] GC(2) Pause Remark 11M->11M(1024M) 0.648ms
[2024-07-21T00:30:22.623+0530][gc,cpu      ] GC(2) User=0.01s Sys=0.00s Real=0.00s
[2024-07-21T00:30:22.623+0530][gc,marking  ] GC(2) Concurrent Mark 1.546ms
[2024-07-21T00:30:22.623+0530][gc,marking  ] GC(2) Concurrent Rebuild Remembered Sets
[2024-07-21T00:30:22.624+0530][gc,marking  ] GC(2) Concurrent Rebuild Remembered Sets 0.811ms
[2024-07-21T00:30:22.624+0530][gc,start    ] GC(2) Pause Cleanup
[2024-07-21T00:30:22.624+0530][gc          ] GC(2) Pause Cleanup 11M->11M(1024M) 0.051ms
[2024-07-21T00:30:22.624+0530][gc,cpu      ] GC(2) User=0.00s Sys=0.00s Real=0.00s
[2024-07-21T00:30:22.624+0530][gc,marking  ] GC(2) Concurrent Cleanup for Next Mark
[2024-07-21T00:30:22.626+0530][gc,marking  ] GC(2) Concurrent Cleanup for Next Mark 1.654ms
[2024-07-21T00:30:22.626+0530][gc          ] GC(2) Concurrent Mark Cycle 4.970ms
[2024-07-21T00:30:22.976+0530][gc,start    ] GC(3) Pause Young (Normal) (G1 Evacuation Pause)
[2024-07-21T00:30:22.976+0530][gc,task     ] GC(3) Using 13 workers of 13 for evacuation
[2024-07-21T00:30:22.977+0530][gc,phases   ] GC(3)   Pre Evacuate Collection Set: 0.1ms
[2024-07-21T00:30:22.977+0530][gc,phases   ] GC(3)   Merge Heap Roots: 0.0ms
[2024-07-21T00:30:22.977+0530][gc,phases   ] GC(3)   Evacuate Collection Set: 1.3ms
[2024-07-21T00:30:22.977+0530][gc,phases   ] GC(3)   Post Evacuate Collection Set: 0.2ms
[2024-07-21T00:30:22.977+0530][gc,phases   ] GC(3)   Other: 0.1ms
[2024-07-21T00:30:22.977+0530][gc,heap     ] GC(3) Eden regions: 49->0(45)
[2024-07-21T00:30:22.977+0530][gc,heap     ] GC(3) Survivor regions: 2->6(7)
[2024-07-21T00:30:22.977+0530][gc,heap     ] GC(3) Old regions: 9->9
[2024-07-21T00:30:22.977+0530][gc,heap     ] GC(3) Archive regions: 2->2
[2024-07-21T00:30:22.977+0530][gc,heap     ] GC(3) Humongous regions: 129->129
[2024-07-21T00:30:22.977+0530][gc,metaspace] GC(3) Metaspace: 32331K(32640K)->32331K(32640K) NonClass: 28648K(28800K)->28648K(28800K) Class: 3682K(3840K)->3682K(3840K)
[2024-07-21T00:30:22.977+0530][gc          ] GC(3) Pause Young (Normal) (G1 Evacuation Pause) 188M->143M(1024M) 1.646ms
[2024-07-21T00:30:22.977+0530][gc,cpu      ] GC(3) User=0.01s Sys=0.00s Real=0.00s
[2024-07-21T00:30:23.080+0530][gc,start    ] GC(4) Pause Young (Concurrent Start) (Metadata GC Threshold)
[2024-07-21T00:30:23.080+0530][gc,task     ] GC(4) Using 13 workers of 13 for evacuation
[2024-07-21T00:30:23.082+0530][gc,phases   ] GC(4)   Pre Evacuate Collection Set: 0.1ms
[2024-07-21T00:30:23.082+0530][gc,phases   ] GC(4)   Merge Heap Roots: 0.0ms
[2024-07-21T00:30:23.082+0530][gc,phases   ] GC(4)   Evacuate Collection Set: 1.5ms
[2024-07-21T00:30:23.082+0530][gc,phases   ] GC(4)   Post Evacuate Collection Set: 0.2ms
[2024-07-21T00:30:23.082+0530][gc,phases   ] GC(4)   Other: 0.1ms
[2024-07-21T00:30:23.082+0530][gc,heap     ] GC(4) Eden regions: 15->0(49)
[2024-07-21T00:30:23.082+0530][gc,heap     ] GC(4) Survivor regions: 6->2(7)
[2024-07-21T00:30:23.082+0530][gc,heap     ] GC(4) Old regions: 9->14
[2024-07-21T00:30:23.082+0530][gc,heap     ] GC(4) Archive regions: 2->2
[2024-07-21T00:30:23.082+0530][gc,heap     ] GC(4) Humongous regions: 129->129
[2024-07-21T00:30:23.082+0530][gc,metaspace] GC(4) Metaspace: 35795K(36096K)->35795K(36096K) NonClass: 31808K(32000K)->31808K(32000K) Class: 3987K(4096K)->3987K(4096K)
[2024-07-21T00:30:23.082+0530][gc          ] GC(4) Pause Young (Concurrent Start) (Metadata GC Threshold) 158M->144M(1024M) 2.053ms
[2024-07-21T00:30:23.082+0530][gc,cpu      ] GC(4) User=0.02s Sys=0.00s Real=0.00s
[2024-07-21T00:30:23.082+0530][gc          ] GC(5) Concurrent Mark Cycle
[2024-07-21T00:30:23.082+0530][gc,marking  ] GC(5) Concurrent Clear Claimed Marks
[2024-07-21T00:30:23.082+0530][gc,marking  ] GC(5) Concurrent Clear Claimed Marks 0.024ms
[2024-07-21T00:30:23.082+0530][gc,marking  ] GC(5) Concurrent Scan Root Regions
[2024-07-21T00:30:23.084+0530][gc,marking  ] GC(5) Concurrent Scan Root Regions 1.555ms
[2024-07-21T00:30:23.084+0530][gc,marking  ] GC(5) Concurrent Mark
[2024-07-21T00:30:23.084+0530][gc,marking  ] GC(5) Concurrent Mark From Roots
[2024-07-21T00:30:23.084+0530][gc,task     ] GC(5) Using 3 workers of 3 for marking
[2024-07-21T00:30:23.087+0530][gc,marking  ] GC(5) Concurrent Mark From Roots 2.620ms
[2024-07-21T00:30:23.087+0530][gc,marking  ] GC(5) Concurrent Preclean
[2024-07-21T00:30:23.087+0530][gc,marking  ] GC(5) Concurrent Preclean 0.094ms
[2024-07-21T00:30:23.087+0530][gc,start    ] GC(5) Pause Remark
[2024-07-21T00:30:23.087+0530][gc          ] GC(5) Pause Remark 145M->145M(1024M) 0.586ms
[2024-07-21T00:30:23.087+0530][gc,cpu      ] GC(5) User=0.01s Sys=0.00s Real=0.00s
[2024-07-21T00:30:23.087+0530][gc,marking  ] GC(5) Concurrent Mark 3.418ms
[2024-07-21T00:30:23.087+0530][gc,marking  ] GC(5) Concurrent Rebuild Remembered Sets
[2024-07-21T00:30:23.090+0530][gc,marking  ] GC(5) Concurrent Rebuild Remembered Sets 2.051ms
[2024-07-21T00:30:23.090+0530][gc,start    ] GC(5) Pause Cleanup
[2024-07-21T00:30:23.090+0530][gc          ] GC(5) Pause Cleanup 146M->146M(1024M) 0.070ms
[2024-07-21T00:30:23.090+0530][gc,cpu      ] GC(5) User=0.01s Sys=0.01s Real=0.00s
[2024-07-21T00:30:23.090+0530][gc,marking  ] GC(5) Concurrent Cleanup for Next Mark
[2024-07-21T00:30:23.092+0530][gc,marking  ] GC(5) Concurrent Cleanup for Next Mark 1.802ms
[2024-07-21T00:30:23.092+0530][gc          ] GC(5) Concurrent Mark Cycle 9.146ms
[2024-07-21T00:30:30.197+0530][gc,start    ] GC(6) Pause Young (Normal) (G1 Evacuation Pause)
[2024-07-21T00:30:30.197+0530][gc,task     ] GC(6) Using 13 workers of 13 for evacuation
[2024-07-21T00:30:30.198+0530][gc,phases   ] GC(6)   Pre Evacuate Collection Set: 0.1ms
[2024-07-21T00:30:30.198+0530][gc,phases   ] GC(6)   Merge Heap Roots: 0.0ms
[2024-07-21T00:30:30.198+0530][gc,phases   ] GC(6)   Evacuate Collection Set: 0.6ms
[2024-07-21T00:30:30.198+0530][gc,phases   ] GC(6)   Post Evacuate Collection Set: 0.2ms
[2024-07-21T00:30:30.198+0530][gc,phases   ] GC(6)   Other: 0.1ms
[2024-07-21T00:30:30.198+0530][gc,heap     ] GC(6) Eden regions: 49->0(49)
[2024-07-21T00:30:30.198+0530][gc,heap     ] GC(6) Survivor regions: 2->2(7)
[2024-07-21T00:30:30.198+0530][gc,heap     ] GC(6) Old regions: 14->14
[2024-07-21T00:30:30.198+0530][gc,heap     ] GC(6) Archive regions: 2->2
[2024-07-21T00:30:30.198+0530][gc,heap     ] GC(6) Humongous regions: 131->131
[2024-07-21T00:30:30.198+0530][gc,metaspace] GC(6) Metaspace: 37122K(37440K)->37122K(37440K) NonClass: 32948K(33088K)->32948K(33088K) Class: 4173K(4352K)->4173K(4352K)
[2024-07-21T00:30:30.198+0530][gc          ] GC(6) Pause Young (Normal) (G1 Evacuation Pause) 195M->147M(1024M) 1.043ms
[2024-07-21T00:30:30.198+0530][gc,cpu      ] GC(6) User=0.01s Sys=0.00s Real=0.00s
[2024-07-21T00:30:30.265+0530][gc,start    ] GC(7) Pause Young (Normal) (G1 Evacuation Pause)
[2024-07-21T00:30:30.265+0530][gc,task     ] GC(7) Using 13 workers of 13 for evacuation
[2024-07-21T00:30:30.266+0530][gc,phases   ] GC(7)   Pre Evacuate Collection Set: 0.1ms
[2024-07-21T00:30:30.266+0530][gc,phases   ] GC(7)   Merge Heap Roots: 0.0ms
[2024-07-21T00:30:30.266+0530][gc,phases   ] GC(7)   Evacuate Collection Set: 0.5ms
[2024-07-21T00:30:30.266+0530][gc,phases   ] GC(7)   Post Evacuate Collection Set: 0.2ms
[2024-07-21T00:30:30.266+0530][gc,phases   ] GC(7)   Other: 0.1ms
[2024-07-21T00:30:30.266+0530][gc,heap     ] GC(7) Eden regions: 49->0(49)
[2024-07-21T00:30:30.266+0530][gc,heap     ] GC(7) Survivor regions: 2->2(7)
[2024-07-21T00:30:30.266+0530][gc,heap     ] GC(7) Old regions: 14->14
[2024-07-21T00:30:30.266+0530][gc,heap     ] GC(7) Archive regions: 2->2
[2024-07-21T00:30:30.266+0530][gc,heap     ] GC(7) Humongous regions: 131->131
[2024-07-21T00:30:30.266+0530][gc,metaspace] GC(7) Metaspace: 37392K(37760K)->37392K(37760K) NonClass: 33190K(33408K)->33190K(33408K) Class: 4201K(4352K)->4201K(4352K)
[2024-07-21T00:30:30.266+0530][gc          ] GC(7) Pause Young (Normal) (G1 Evacuation Pause) 196M->147M(1024M) 0.959ms
[2024-07-21T00:30:30.266+0530][gc,cpu      ] GC(7) User=0.01s Sys=0.00s Real=0.00s
[2024-07-21T00:30:30.330+0530][gc,start    ] GC(8) Pause Young (Normal) (G1 Evacuation Pause)
[2024-07-21T00:30:30.330+0530][gc,task     ] GC(8) Using 13 workers of 13 for evacuation
[2024-07-21T00:30:30.331+0530][gc,phases   ] GC(8)   Pre Evacuate Collection Set: 0.1ms
[2024-07-21T00:30:30.331+0530][gc,phases   ] GC(8)   Merge Heap Roots: 0.0ms
[2024-07-21T00:30:30.331+0530][gc,phases   ] GC(8)   Evacuate Collection Set: 0.5ms
[2024-07-21T00:30:30.331+0530][gc,phases   ] GC(8)   Post Evacuate Collection Set: 0.2ms
[2024-07-21T00:30:30.331+0530][gc,phases   ] GC(8)   Other: 0.1ms
[2024-07-21T00:30:30.331+0530][gc,heap     ] GC(8) Eden regions: 49->0(70)
[2024-07-21T00:30:30.331+0530][gc,heap     ] GC(8) Survivor regions: 2->3(7)
[2024-07-21T00:30:30.331+0530][gc,heap     ] GC(8) Old regions: 14->14
[2024-07-21T00:30:30.331+0530][gc,heap     ] GC(8) Archive regions: 2->2
[2024-07-21T00:30:30.331+0530][gc,heap     ] GC(8) Humongous regions: 131->131
[2024-07-21T00:30:30.331+0530][gc,metaspace] GC(8) Metaspace: 37491K(37760K)->37491K(37760K) NonClass: 33272K(33408K)->33272K(33408K) Class: 4218K(4352K)->4218K(4352K)
[2024-07-21T00:30:30.331+0530][gc          ] GC(8) Pause Young (Normal) (G1 Evacuation Pause) 196M->147M(1024M) 0.902ms
[2024-07-21T00:30:30.331+0530][gc,cpu      ] GC(8) User=0.01s Sys=0.00s Real=0.00s
[2024-07-21T00:30:30.426+0530][gc,start    ] GC(9) Pause Young (Normal) (G1 Evacuation Pause)
[2024-07-21T00:30:30.426+0530][gc,task     ] GC(9) Using 13 workers of 13 for evacuation
[2024-07-21T00:30:30.427+0530][gc,phases   ] GC(9)   Pre Evacuate Collection Set: 0.1ms
[2024-07-21T00:30:30.427+0530][gc,phases   ] GC(9)   Merge Heap Roots: 0.0ms
[2024-07-21T00:30:30.427+0530][gc,phases   ] GC(9)   Evacuate Collection Set: 0.7ms
[2024-07-21T00:30:30.427+0530][gc,phases   ] GC(9)   Post Evacuate Collection Set: 0.2ms
[2024-07-21T00:30:30.427+0530][gc,phases   ] GC(9)   Other: 0.1ms
[2024-07-21T00:30:30.427+0530][gc,heap     ] GC(9) Eden regions: 70->0(438)
[2024-07-21T00:30:30.427+0530][gc,heap     ] GC(9) Survivor regions: 3->3(10)
[2024-07-21T00:30:30.427+0530][gc,heap     ] GC(9) Old regions: 14->14
[2024-07-21T00:30:30.427+0530][gc,heap     ] GC(9) Archive regions: 2->2
[2024-07-21T00:30:30.427+0530][gc,heap     ] GC(9) Humongous regions: 131->131
[2024-07-21T00:30:30.427+0530][gc,metaspace] GC(9) Metaspace: 37564K(37888K)->37564K(37888K) NonClass: 33328K(33472K)->33328K(33472K) Class: 4235K(4416K)->4235K(4416K)
[2024-07-21T00:30:30.427+0530][gc          ] GC(9) Pause Young (Normal) (G1 Evacuation Pause) 217M->148M(1024M) 1.161ms
[2024-07-21T00:30:30.427+0530][gc,cpu      ] GC(9) User=0.01s Sys=0.01s Real=0.00s
[2024-07-21T00:31:00.333+0530][gc,start    ] GC(10) Pause Young (Normal) (G1 Evacuation Pause)
[2024-07-21T00:31:00.333+0530][gc,task     ] GC(10) Using 13 workers of 13 for evacuation
[2024-07-21T00:31:00.335+0530][gc,phases   ] GC(10)   Pre Evacuate Collection Set: 0.1ms
[2024-07-21T00:31:00.335+0530][gc,phases   ] GC(10)   Merge Heap Roots: 0.1ms
[2024-07-21T00:31:00.335+0530][gc,phases   ] GC(10)   Evacuate Collection Set: 0.7ms
[2024-07-21T00:31:00.335+0530][gc,phases   ] GC(10)   Post Evacuate Collection Set: 0.2ms
[2024-07-21T00:31:00.335+0530][gc,phases   ] GC(10)   Other: 0.1ms
[2024-07-21T00:31:00.335+0530][gc,heap     ] GC(10) Eden regions: 438->0(611)
[2024-07-21T00:31:00.335+0530][gc,heap     ] GC(10) Survivor regions: 3->3(56)
[2024-07-21T00:31:00.335+0530][gc,heap     ] GC(10) Old regions: 14->14
[2024-07-21T00:31:00.335+0530][gc,heap     ] GC(10) Archive regions: 2->2
[2024-07-21T00:31:00.335+0530][gc,heap     ] GC(10) Humongous regions: 131->131
[2024-07-21T00:31:00.335+0530][gc,metaspace] GC(10) Metaspace: 38332K(38720K)->38332K(38720K) NonClass: 34010K(34176K)->34010K(34176K) Class: 4321K(4544K)->4321K(4544K)
[2024-07-21T00:31:00.335+0530][gc          ] GC(10) Pause Young (Normal) (G1 Evacuation Pause) 586M->148M(1024M) 1.338ms
[2024-07-21T00:31:00.335+0530][gc,cpu      ] GC(10) User=0.01s Sys=0.00s Real=0.00s
[2024-07-21T00:31:45.186+0530][gc,start    ] GC(11) Pause Young (Normal) (G1 Evacuation Pause)
[2024-07-21T00:31:45.186+0530][gc,task     ] GC(11) Using 13 workers of 13 for evacuation
[2024-07-21T00:31:45.187+0530][gc,phases   ] GC(11)   Pre Evacuate Collection Set: 0.1ms
[2024-07-21T00:31:45.187+0530][gc,phases   ] GC(11)   Merge Heap Roots: 0.1ms
[2024-07-21T00:31:45.187+0530][gc,phases   ] GC(11)   Evacuate Collection Set: 0.7ms
[2024-07-21T00:31:45.187+0530][gc,phases   ] GC(11)   Post Evacuate Collection Set: 0.4ms
[2024-07-21T00:31:45.187+0530][gc,phases   ] GC(11)   Other: 0.1ms
[2024-07-21T00:31:45.187+0530][gc,heap     ] GC(11) Eden regions: 611->0(611)
[2024-07-21T00:31:45.187+0530][gc,heap     ] GC(11) Survivor regions: 3->3(77)
[2024-07-21T00:31:45.187+0530][gc,heap     ] GC(11) Old regions: 14->14
[2024-07-21T00:31:45.187+0530][gc,heap     ] GC(11) Archive regions: 2->2
[2024-07-21T00:31:45.187+0530][gc,heap     ] GC(11) Humongous regions: 131->131
[2024-07-21T00:31:45.187+0530][gc,metaspace] GC(11) Metaspace: 38411K(38784K)->38411K(38784K) NonClass: 34088K(34240K)->34088K(34240K) Class: 4323K(4544K)->4323K(4544K)
[2024-07-21T00:31:45.187+0530][gc          ] GC(11) Pause Young (Normal) (G1 Evacuation Pause) 759M->148M(1024M) 1.392ms
[2024-07-21T00:31:45.187+0530][gc,cpu      ] GC(11) User=0.01s Sys=0.00s Real=0.00s
[2024-07-21T00:32:15.339+0530][gc,start    ] GC(12) Pause Young (Normal) (G1 Evacuation Pause)
[2024-07-21T00:32:15.339+0530][gc,task     ] GC(12) Using 13 workers of 13 for evacuation
[2024-07-21T00:32:15.341+0530][gc,phases   ] GC(12)   Pre Evacuate Collection Set: 0.1ms
[2024-07-21T00:32:15.341+0530][gc,phases   ] GC(12)   Merge Heap Roots: 0.1ms
[2024-07-21T00:32:15.341+0530][gc,phases   ] GC(12)   Evacuate Collection Set: 0.6ms
[2024-07-21T00:32:15.341+0530][gc,phases   ] GC(12)   Post Evacuate Collection Set: 0.4ms
[2024-07-21T00:32:15.341+0530][gc,phases   ] GC(12)   Other: 0.1ms
[2024-07-21T00:32:15.341+0530][gc,heap     ] GC(12) Eden regions: 611->0(611)
[2024-07-21T00:32:15.341+0530][gc,heap     ] GC(12) Survivor regions: 3->3(77)
[2024-07-21T00:32:15.341+0530][gc,heap     ] GC(12) Old regions: 14->14
[2024-07-21T00:32:15.341+0530][gc,heap     ] GC(12) Archive regions: 2->2
[2024-07-21T00:32:15.341+0530][gc,heap     ] GC(12) Humongous regions: 131->131
[2024-07-21T00:32:15.341+0530][gc,metaspace] GC(12) Metaspace: 38509K(38912K)->38509K(38912K) NonClass: 34181K(34368K)->34181K(34368K) Class: 4328K(4544K)->4328K(4544K)
[2024-07-21T00:32:15.341+0530][gc          ] GC(12) Pause Young (Normal) (G1 Evacuation Pause) 759M->148M(1024M) 1.381ms
[2024-07-21T00:32:15.341+0530][gc,cpu      ] GC(12) User=0.01s Sys=0.00s Real=0.00s
[2024-07-21T00:33:00.228+0530][gc,start    ] GC(13) Pause Young (Normal) (G1 Evacuation Pause)
[2024-07-21T00:33:00.228+0530][gc,task     ] GC(13) Using 13 workers of 13 for evacuation
[2024-07-21T00:33:00.229+0530][gc,phases   ] GC(13)   Pre Evacuate Collection Set: 0.1ms
[2024-07-21T00:33:00.229+0530][gc,phases   ] GC(13)   Merge Heap Roots: 0.2ms
[2024-07-21T00:33:00.229+0530][gc,phases   ] GC(13)   Evacuate Collection Set: 0.6ms
[2024-07-21T00:33:00.229+0530][gc,phases   ] GC(13)   Post Evacuate Collection Set: 0.3ms
[2024-07-21T00:33:00.229+0530][gc,phases   ] GC(13)   Other: 0.1ms
[2024-07-21T00:33:00.229+0530][gc,heap     ] GC(13) Eden regions: 611->0(611)
[2024-07-21T00:33:00.229+0530][gc,heap     ] GC(13) Survivor regions: 3->3(77)
[2024-07-21T00:33:00.229+0530][gc,heap     ] GC(13) Old regions: 14->14
[2024-07-21T00:33:00.229+0530][gc,heap     ] GC(13) Archive regions: 2->2
[2024-07-21T00:33:00.229+0530][gc,heap     ] GC(13) Humongous regions: 131->131
[2024-07-21T00:33:00.229+0530][gc,metaspace] GC(13) Metaspace: 38601K(38976K)->38601K(38976K) NonClass: 34272K(34432K)->34272K(34432K) Class: 4328K(4544K)->4328K(4544K)
[2024-07-21T00:33:00.229+0530][gc          ] GC(13) Pause Young (Normal) (G1 Evacuation Pause) 759M->148M(1024M) 1.416ms
[2024-07-21T00:33:00.229+0530][gc,cpu      ] GC(13) User=0.01s Sys=0.00s Real=0.00s
[2024-07-21T00:33:45.132+0530][gc,start    ] GC(14) Pause Young (Normal) (G1 Evacuation Pause)
[2024-07-21T00:33:45.132+0530][gc,task     ] GC(14) Using 13 workers of 13 for evacuation
[2024-07-21T00:33:45.133+0530][gc,phases   ] GC(14)   Pre Evacuate Collection Set: 0.1ms
[2024-07-21T00:33:45.133+0530][gc,phases   ] GC(14)   Merge Heap Roots: 0.1ms
[2024-07-21T00:33:45.133+0530][gc,phases   ] GC(14)   Evacuate Collection Set: 0.7ms
[2024-07-21T00:33:45.133+0530][gc,phases   ] GC(14)   Post Evacuate Collection Set: 0.3ms
[2024-07-21T00:33:45.133+0530][gc,phases   ] GC(14)   Other: 0.1ms
[2024-07-21T00:33:45.133+0530][gc,heap     ] GC(14) Eden regions: 611->0(611)
[2024-07-21T00:33:45.133+0530][gc,heap     ] GC(14) Survivor regions: 3->3(77)
[2024-07-21T00:33:45.133+0530][gc,heap     ] GC(14) Old regions: 14->14
[2024-07-21T00:33:45.133+0530][gc,heap     ] GC(14) Archive regions: 2->2
[2024-07-21T00:33:45.133+0530][gc,heap     ] GC(14) Humongous regions: 131->131
[2024-07-21T00:33:45.133+0530][gc,metaspace] GC(14) Metaspace: 38620K(39040K)->38620K(39040K) NonClass: 34291K(34496K)->34291K(34496K) Class: 4328K(4544K)->4328K(4544K)
[2024-07-21T00:33:45.133+0530][gc          ] GC(14) Pause Young (Normal) (G1 Evacuation Pause) 759M->148M(1024M) 1.283ms
[2024-07-21T00:33:45.133+0530][gc,cpu      ] GC(14) User=0.01s Sys=0.00s Real=0.00s
[2024-07-21T00:34:15.310+0530][gc,start    ] GC(15) Pause Young (Normal) (G1 Evacuation Pause)
[2024-07-21T00:34:15.310+0530][gc,task     ] GC(15) Using 13 workers of 13 for evacuation
[2024-07-21T00:34:15.312+0530][gc,phases   ] GC(15)   Pre Evacuate Collection Set: 0.1ms
[2024-07-21T00:34:15.312+0530][gc,phases   ] GC(15)   Merge Heap Roots: 0.2ms
[2024-07-21T00:34:15.312+0530][gc,phases   ] GC(15)   Evacuate Collection Set: 0.7ms
[2024-07-21T00:34:15.312+0530][gc,phases   ] GC(15)   Post Evacuate Collection Set: 0.3ms
[2024-07-21T00:34:15.312+0530][gc,phases   ] GC(15)   Other: 0.1ms
[2024-07-21T00:34:15.312+0530][gc,heap     ] GC(15) Eden regions: 611->0(611)
[2024-07-21T00:34:15.312+0530][gc,heap     ] GC(15) Survivor regions: 3->3(77)
[2024-07-21T00:34:15.312+0530][gc,heap     ] GC(15) Old regions: 14->14
[2024-07-21T00:34:15.312+0530][gc,heap     ] GC(15) Archive regions: 2->2
[2024-07-21T00:34:15.312+0530][gc,heap     ] GC(15) Humongous regions: 131->131
[2024-07-21T00:34:15.312+0530][gc,metaspace] GC(15) Metaspace: 38789K(39296K)->38789K(39296K) NonClass: 34434K(34688K)->34434K(34688K) Class: 4355K(4608K)->4355K(4608K)
[2024-07-21T00:34:15.312+0530][gc          ] GC(15) Pause Young (Normal) (G1 Evacuation Pause) 759M->148M(1024M) 1.482ms
[2024-07-21T00:34:15.312+0530][gc,cpu      ] GC(15) User=0.02s Sys=0.00s Real=0.00s
[2024-07-21T00:35:00.210+0530][gc,start    ] GC(16) Pause Young (Normal) (G1 Evacuation Pause)
[2024-07-21T00:35:00.210+0530][gc,task     ] GC(16) Using 13 workers of 13 for evacuation
[2024-07-21T00:35:00.212+0530][gc,phases   ] GC(16)   Pre Evacuate Collection Set: 0.1ms
[2024-07-21T00:35:00.212+0530][gc,phases   ] GC(16)   Merge Heap Roots: 0.1ms
[2024-07-21T00:35:00.212+0530][gc,phases   ] GC(16)   Evacuate Collection Set: 0.9ms
[2024-07-21T00:35:00.212+0530][gc,phases   ] GC(16)   Post Evacuate Collection Set: 0.4ms
[2024-07-21T00:35:00.212+0530][gc,phases   ] GC(16)   Other: 0.1ms
[2024-07-21T00:35:00.212+0530][gc,heap     ] GC(16) Eden regions: 611->0(611)
[2024-07-21T00:35:00.212+0530][gc,heap     ] GC(16) Survivor regions: 3->3(77)
[2024-07-21T00:35:00.212+0530][gc,heap     ] GC(16) Old regions: 14->14
[2024-07-21T00:35:00.212+0530][gc,heap     ] GC(16) Archive regions: 2->2
[2024-07-21T00:35:00.212+0530][gc,heap     ] GC(16) Humongous regions: 131->131
[2024-07-21T00:35:00.212+0530][gc,metaspace] GC(16) Metaspace: 38828K(39296K)->38828K(39296K) NonClass: 34471K(34688K)->34471K(34688K) Class: 4357K(4608K)->4357K(4608K)
[2024-07-21T00:35:00.212+0530][gc          ] GC(16) Pause Young (Normal) (G1 Evacuation Pause) 759M->148M(1024M) 1.613ms
[2024-07-21T00:35:00.212+0530][gc,cpu      ] GC(16) User=0.02s Sys=0.00s Real=0.00s
[2024-07-21T00:35:30.355+0530][gc,start    ] GC(17) Pause Young (Normal) (G1 Evacuation Pause)
[2024-07-21T00:35:30.355+0530][gc,task     ] GC(17) Using 13 workers of 13 for evacuation
[2024-07-21T00:35:30.356+0530][gc,phases   ] GC(17)   Pre Evacuate Collection Set: 0.1ms
[2024-07-21T00:35:30.356+0530][gc,phases   ] GC(17)   Merge Heap Roots: 0.1ms
[2024-07-21T00:35:30.356+0530][gc,phases   ] GC(17)   Evacuate Collection Set: 0.9ms
[2024-07-21T00:35:30.356+0530][gc,phases   ] GC(17)   Post Evacuate Collection Set: 0.5ms
[2024-07-21T00:35:30.356+0530][gc,phases   ] GC(17)   Other: 0.1ms
[2024-07-21T00:35:30.356+0530][gc,heap     ] GC(17) Eden regions: 611->0(611)
[2024-07-21T00:35:30.356+0530][gc,heap     ] GC(17) Survivor regions: 3->3(77)
[2024-07-21T00:35:30.356+0530][gc,heap     ] GC(17) Old regions: 14->14
[2024-07-21T00:35:30.356+0530][gc,heap     ] GC(17) Archive regions: 2->2
[2024-07-21T00:35:30.356+0530][gc,heap     ] GC(17) Humongous regions: 131->131
[2024-07-21T00:35:30.356+0530][gc,metaspace] GC(17) Metaspace: 38836K(39296K)->38836K(39296K) NonClass: 34478K(34688K)->34478K(34688K) Class: 4357K(4608K)->4357K(4608K)
[2024-07-21T00:35:30.356+0530][gc          ] GC(17) Pause Young (Normal) (G1 Evacuation Pause) 759M->148M(1024M) 1.787ms
[2024-07-21T00:35:30.356+0530][gc,cpu      ] GC(17) User=0.02s Sys=0.00s Real=0.01s
[2024-07-21T00:36:15.261+0530][gc,start    ] GC(18) Pause Young (Normal) (G1 Evacuation Pause)
[2024-07-21T00:36:15.261+0530][gc,task     ] GC(18) Using 13 workers of 13 for evacuation
[2024-07-21T00:36:15.262+0530][gc,phases   ] GC(18)   Pre Evacuate Collection Set: 0.1ms
[2024-07-21T00:36:15.262+0530][gc,phases   ] GC(18)   Merge Heap Roots: 0.2ms
[2024-07-21T00:36:15.262+0530][gc,phases   ] GC(18)   Evacuate Collection Set: 0.8ms
[2024-07-21T00:36:15.262+0530][gc,phases   ] GC(18)   Post Evacuate Collection Set: 0.4ms
[2024-07-21T00:36:15.262+0530][gc,phases   ] GC(18)   Other: 0.1ms
[2024-07-21T00:36:15.262+0530][gc,heap     ] GC(18) Eden regions: 611->0(611)
[2024-07-21T00:36:15.262+0530][gc,heap     ] GC(18) Survivor regions: 3->3(77)
[2024-07-21T00:36:15.262+0530][gc,heap     ] GC(18) Old regions: 14->14
[2024-07-21T00:36:15.262+0530][gc,heap     ] GC(18) Archive regions: 2->2
[2024-07-21T00:36:15.262+0530][gc,heap     ] GC(18) Humongous regions: 131->131
[2024-07-21T00:36:15.262+0530][gc,metaspace] GC(18) Metaspace: 38856K(39296K)->38856K(39296K) NonClass: 34498K(34688K)->34498K(34688K) Class: 4357K(4608K)->4357K(4608K)
[2024-07-21T00:36:15.262+0530][gc          ] GC(18) Pause Young (Normal) (G1 Evacuation Pause) 759M->148M(1024M) 1.599ms
[2024-07-21T00:36:15.262+0530][gc,cpu      ] GC(18) User=0.01s Sys=0.00s Real=0.00s
[2024-07-21T00:37:00.160+0530][gc,start    ] GC(19) Pause Young (Normal) (G1 Evacuation Pause)
[2024-07-21T00:37:00.160+0530][gc,task     ] GC(19) Using 13 workers of 13 for evacuation
[2024-07-21T00:37:00.161+0530][gc,phases   ] GC(19)   Pre Evacuate Collection Set: 0.1ms
[2024-07-21T00:37:00.161+0530][gc,phases   ] GC(19)   Merge Heap Roots: 0.1ms
[2024-07-21T00:37:00.161+0530][gc,phases   ] GC(19)   Evacuate Collection Set: 0.6ms
[2024-07-21T00:37:00.161+0530][gc,phases   ] GC(19)   Post Evacuate Collection Set: 0.4ms
[2024-07-21T00:37:00.161+0530][gc,phases   ] GC(19)   Other: 0.1ms
[2024-07-21T00:37:00.161+0530][gc,heap     ] GC(19) Eden regions: 611->0(611)
[2024-07-21T00:37:00.161+0530][gc,heap     ] GC(19) Survivor regions: 3->3(77)
[2024-07-21T00:37:00.161+0530][gc,heap     ] GC(19) Old regions: 14->14
[2024-07-21T00:37:00.161+0530][gc,heap     ] GC(19) Archive regions: 2->2
[2024-07-21T00:37:00.161+0530][gc,heap     ] GC(19) Humongous regions: 131->131
[2024-07-21T00:37:00.161+0530][gc,metaspace] GC(19) Metaspace: 38895K(39296K)->38895K(39296K) NonClass: 34537K(34688K)->34537K(34688K) Class: 4357K(4608K)->4357K(4608K)
[2024-07-21T00:37:00.161+0530][gc          ] GC(19) Pause Young (Normal) (G1 Evacuation Pause) 759M->148M(1024M) 1.399ms
[2024-07-21T00:37:00.161+0530][gc,cpu      ] GC(19) User=0.01s Sys=0.00s Real=0.00s
[2024-07-21T00:37:30.334+0530][gc,start    ] GC(20) Pause Young (Normal) (G1 Evacuation Pause)
[2024-07-21T00:37:30.334+0530][gc,task     ] GC(20) Using 13 workers of 13 for evacuation
[2024-07-21T00:37:30.335+0530][gc,phases   ] GC(20)   Pre Evacuate Collection Set: 0.1ms
[2024-07-21T00:37:30.336+0530][gc,phases   ] GC(20)   Merge Heap Roots: 0.1ms
[2024-07-21T00:37:30.336+0530][gc,phases   ] GC(20)   Evacuate Collection Set: 0.7ms
[2024-07-21T00:37:30.336+0530][gc,phases   ] GC(20)   Post Evacuate Collection Set: 0.3ms
[2024-07-21T00:37:30.336+0530][gc,phases   ] GC(20)   Other: 0.1ms
[2024-07-21T00:37:30.336+0530][gc,heap     ] GC(20) Eden regions: 611->0(611)
[2024-07-21T00:37:30.336+0530][gc,heap     ] GC(20) Survivor regions: 3->3(77)
[2024-07-21T00:37:30.336+0530][gc,heap     ] GC(20) Old regions: 14->15
[2024-07-21T00:37:30.336+0530][gc,heap     ] GC(20) Archive regions: 2->2
[2024-07-21T00:37:30.336+0530][gc,heap     ] GC(20) Humongous regions: 131->131
[2024-07-21T00:37:30.336+0530][gc,metaspace] GC(20) Metaspace: 38913K(39424K)->38913K(39424K) NonClass: 34555K(34816K)->34555K(34816K) Class: 4357K(4608K)->4357K(4608K)
[2024-07-21T00:37:30.336+0530][gc          ] GC(20) Pause Young (Normal) (G1 Evacuation Pause) 759M->148M(1024M) 1.410ms
[2024-07-21T00:37:30.336+0530][gc,cpu      ] GC(20) User=0.01s Sys=0.00s Real=0.01s
[2024-07-21T00:38:15.234+0530][gc,start    ] GC(21) Pause Young (Normal) (G1 Evacuation Pause)
[2024-07-21T00:38:15.234+0530][gc,task     ] GC(21) Using 13 workers of 13 for evacuation
[2024-07-21T00:38:15.235+0530][gc,phases   ] GC(21)   Pre Evacuate Collection Set: 0.1ms
[2024-07-21T00:38:15.235+0530][gc,phases   ] GC(21)   Merge Heap Roots: 0.1ms
[2024-07-21T00:38:15.235+0530][gc,phases   ] GC(21)   Evacuate Collection Set: 0.6ms
[2024-07-21T00:38:15.235+0530][gc,phases   ] GC(21)   Post Evacuate Collection Set: 0.3ms
[2024-07-21T00:38:15.235+0530][gc,phases   ] GC(21)   Other: 0.1ms
[2024-07-21T00:38:15.235+0530][gc,heap     ] GC(21) Eden regions: 611->0(612)
[2024-07-21T00:38:15.235+0530][gc,heap     ] GC(21) Survivor regions: 3->2(77)
[2024-07-21T00:38:15.235+0530][gc,heap     ] GC(21) Old regions: 15->16
[2024-07-21T00:38:15.235+0530][gc,heap     ] GC(21) Archive regions: 2->2
[2024-07-21T00:38:15.235+0530][gc,heap     ] GC(21) Humongous regions: 131->131
[2024-07-21T00:38:15.235+0530][gc,metaspace] GC(21) Metaspace: 38920K(39424K)->38920K(39424K) NonClass: 34562K(34816K)->34562K(34816K) Class: 4357K(4608K)->4357K(4608K)
[2024-07-21T00:38:15.235+0530][gc          ] GC(21) Pause Young (Normal) (G1 Evacuation Pause) 759M->148M(1024M) 1.164ms
[2024-07-21T00:38:15.235+0530][gc,cpu      ] GC(21) User=0.01s Sys=0.00s Real=0.01s
[2024-07-21T00:39:00.144+0530][gc,start    ] GC(22) Pause Young (Normal) (G1 Evacuation Pause)
[2024-07-21T00:39:00.144+0530][gc,task     ] GC(22) Using 13 workers of 13 for evacuation
[2024-07-21T00:39:00.145+0530][gc,phases   ] GC(22)   Pre Evacuate Collection Set: 0.1ms
[2024-07-21T00:39:00.145+0530][gc,phases   ] GC(22)   Merge Heap Roots: 0.1ms
[2024-07-21T00:39:00.145+0530][gc,phases   ] GC(22)   Evacuate Collection Set: 0.5ms
[2024-07-21T00:39:00.145+0530][gc,phases   ] GC(22)   Post Evacuate Collection Set: 0.3ms
[2024-07-21T00:39:00.145+0530][gc,phases   ] GC(22)   Other: 0.1ms
[2024-07-21T00:39:00.145+0530][gc,heap     ] GC(22) Eden regions: 612->0(613)
[2024-07-21T00:39:00.145+0530][gc,heap     ] GC(22) Survivor regions: 2->1(77)
[2024-07-21T00:39:00.145+0530][gc,heap     ] GC(22) Old regions: 16->16
[2024-07-21T00:39:00.145+0530][gc,heap     ] GC(22) Archive regions: 2->2
[2024-07-21T00:39:00.145+0530][gc,heap     ] GC(22) Humongous regions: 131->131
[2024-07-21T00:39:00.145+0530][gc,metaspace] GC(22) Metaspace: 38950K(39424K)->38950K(39424K) NonClass: 34592K(34816K)->34592K(34816K) Class: 4357K(4608K)->4357K(4608K)
[2024-07-21T00:39:00.145+0530][gc          ] GC(22) Pause Young (Normal) (G1 Evacuation Pause) 760M->148M(1024M) 1.138ms
[2024-07-21T00:39:00.145+0530][gc,cpu      ] GC(22) User=0.01s Sys=0.00s Real=0.00s
[2024-07-21T00:39:30.308+0530][gc,start    ] GC(23) Pause Young (Normal) (G1 Evacuation Pause)
[2024-07-21T00:39:30.308+0530][gc,task     ] GC(23) Using 13 workers of 13 for evacuation
[2024-07-21T00:39:30.309+0530][gc,phases   ] GC(23)   Pre Evacuate Collection Set: 0.1ms
[2024-07-21T00:39:30.309+0530][gc,phases   ] GC(23)   Merge Heap Roots: 0.1ms
[2024-07-21T00:39:30.309+0530][gc,phases   ] GC(23)   Evacuate Collection Set: 0.4ms
[2024-07-21T00:39:30.309+0530][gc,phases   ] GC(23)   Post Evacuate Collection Set: 0.3ms
[2024-07-21T00:39:30.309+0530][gc,phases   ] GC(23)   Other: 0.1ms
[2024-07-21T00:39:30.309+0530][gc,heap     ] GC(23) Eden regions: 613->0(612)
[2024-07-21T00:39:30.309+0530][gc,heap     ] GC(23) Survivor regions: 1->2(77)
[2024-07-21T00:39:30.309+0530][gc,heap     ] GC(23) Old regions: 16->16
[2024-07-21T00:39:30.309+0530][gc,heap     ] GC(23) Archive regions: 2->2
[2024-07-21T00:39:30.309+0530][gc,heap     ] GC(23) Humongous regions: 131->131
[2024-07-21T00:39:30.309+0530][gc,metaspace] GC(23) Metaspace: 38964K(39424K)->38964K(39424K) NonClass: 34607K(34816K)->34607K(34816K) Class: 4357K(4608K)->4357K(4608K)
[2024-07-21T00:39:30.309+0530][gc          ] GC(23) Pause Young (Normal) (G1 Evacuation Pause) 761M->148M(1024M) 1.056ms
[2024-07-21T00:39:30.309+0530][gc,cpu      ] GC(23) User=0.00s Sys=0.00s Real=0.00s
[2024-07-21T00:40:15.212+0530][gc,start    ] GC(24) Pause Young (Normal) (G1 Evacuation Pause)
[2024-07-21T00:40:15.212+0530][gc,task     ] GC(24) Using 13 workers of 13 for evacuation
[2024-07-21T00:40:15.213+0530][gc,phases   ] GC(24)   Pre Evacuate Collection Set: 0.1ms
[2024-07-21T00:40:15.213+0530][gc,phases   ] GC(24)   Merge Heap Roots: 0.2ms
[2024-07-21T00:40:15.213+0530][gc,phases   ] GC(24)   Evacuate Collection Set: 0.4ms
[2024-07-21T00:40:15.213+0530][gc,phases   ] GC(24)   Post Evacuate Collection Set: 0.3ms
[2024-07-21T00:40:15.213+0530][gc,phases   ] GC(24)   Other: 0.1ms
[2024-07-21T00:40:15.213+0530][gc,heap     ] GC(24) Eden regions: 612->0(613)
[2024-07-21T00:40:15.213+0530][gc,heap     ] GC(24) Survivor regions: 2->1(77)
[2024-07-21T00:40:15.213+0530][gc,heap     ] GC(24) Old regions: 16->16
[2024-07-21T00:40:15.213+0530][gc,heap     ] GC(24) Archive regions: 2->2
[2024-07-21T00:40:15.213+0530][gc,heap     ] GC(24) Humongous regions: 131->131
[2024-07-21T00:40:15.213+0530][gc,metaspace] GC(24) Metaspace: 38974K(39424K)->38974K(39424K) NonClass: 34617K(34816K)->34617K(34816K) Class: 4357K(4608K)->4357K(4608K)
[2024-07-21T00:40:15.213+0530][gc          ] GC(24) Pause Young (Normal) (G1 Evacuation Pause) 760M->148M(1024M) 1.080ms
[2024-07-21T00:40:15.213+0530][gc,cpu      ] GC(24) User=0.01s Sys=0.00s Real=0.00s
[2024-07-21T00:41:00.127+0530][gc,start    ] GC(25) Pause Young (Normal) (G1 Evacuation Pause)
[2024-07-21T00:41:00.127+0530][gc,task     ] GC(25) Using 13 workers of 13 for evacuation
[2024-07-21T00:41:00.127+0530][gc,phases   ] GC(25)   Pre Evacuate Collection Set: 0.1ms
[2024-07-21T00:41:00.127+0530][gc,phases   ] GC(25)   Merge Heap Roots: 0.1ms
[2024-07-21T00:41:00.127+0530][gc,phases   ] GC(25)   Evacuate Collection Set: 0.4ms
[2024-07-21T00:41:00.128+0530][gc,phases   ] GC(25)   Post Evacuate Collection Set: 0.3ms
[2024-07-21T00:41:00.128+0530][gc,phases   ] GC(25)   Other: 0.1ms
[2024-07-21T00:41:00.128+0530][gc,heap     ] GC(25) Eden regions: 613->0(613)
[2024-07-21T00:41:00.128+0530][gc,heap     ] GC(25) Survivor regions: 1->1(77)
[2024-07-21T00:41:00.128+0530][gc,heap     ] GC(25) Old regions: 16->17
[2024-07-21T00:41:00.128+0530][gc,heap     ] GC(25) Archive regions: 2->2
[2024-07-21T00:41:00.128+0530][gc,heap     ] GC(25) Humongous regions: 131->131
[2024-07-21T00:41:00.128+0530][gc,metaspace] GC(25) Metaspace: 39025K(39424K)->39025K(39424K) NonClass: 34659K(34816K)->34659K(34816K) Class: 4366K(4608K)->4366K(4608K)
[2024-07-21T00:41:00.128+0530][gc          ] GC(25) Pause Young (Normal) (G1 Evacuation Pause) 761M->148M(1024M) 0.999ms
[2024-07-21T00:41:00.128+0530][gc,cpu      ] GC(25) User=0.00s Sys=0.00s Real=0.00s
[2024-07-21T00:41:30.287+0530][gc,start    ] GC(26) Pause Young (Normal) (G1 Evacuation Pause)
[2024-07-21T00:41:30.287+0530][gc,task     ] GC(26) Using 13 workers of 13 for evacuation
[2024-07-21T00:41:30.287+0530][gc,phases   ] GC(26)   Pre Evacuate Collection Set: 0.1ms
[2024-07-21T00:41:30.287+0530][gc,phases   ] GC(26)   Merge Heap Roots: 0.1ms
[2024-07-21T00:41:30.287+0530][gc,phases   ] GC(26)   Evacuate Collection Set: 0.3ms
[2024-07-21T00:41:30.287+0530][gc,phases   ] GC(26)   Post Evacuate Collection Set: 0.2ms
[2024-07-21T00:41:30.287+0530][gc,phases   ] GC(26)   Other: 0.1ms
[2024-07-21T00:41:30.287+0530][gc,heap     ] GC(26) Eden regions: 613->0(613)
[2024-07-21T00:41:30.287+0530][gc,heap     ] GC(26) Survivor regions: 1->1(77)
[2024-07-21T00:41:30.287+0530][gc,heap     ] GC(26) Old regions: 17->17
[2024-07-21T00:41:30.287+0530][gc,heap     ] GC(26) Archive regions: 2->2
[2024-07-21T00:41:30.287+0530][gc,heap     ] GC(26) Humongous regions: 131->131
[2024-07-21T00:41:30.287+0530][gc,metaspace] GC(26) Metaspace: 39048K(39488K)->39048K(39488K) NonClass: 34682K(34880K)->34682K(34880K) Class: 4366K(4608K)->4366K(4608K)
[2024-07-21T00:41:30.287+0530][gc          ] GC(26) Pause Young (Normal) (G1 Evacuation Pause) 761M->148M(1024M) 0.796ms
[2024-07-21T00:41:30.287+0530][gc,cpu      ] GC(26) User=0.00s Sys=0.00s Real=0.00s
[2024-07-21T00:42:15.182+0530][gc,start    ] GC(27) Pause Young (Normal) (G1 Evacuation Pause)
[2024-07-21T00:42:15.182+0530][gc,task     ] GC(27) Using 13 workers of 13 for evacuation
[2024-07-21T00:42:15.182+0530][gc,phases   ] GC(27)   Pre Evacuate Collection Set: 0.1ms
[2024-07-21T00:42:15.182+0530][gc,phases   ] GC(27)   Merge Heap Roots: 0.2ms
[2024-07-21T00:42:15.182+0530][gc,phases   ] GC(27)   Evacuate Collection Set: 0.3ms
[2024-07-21T00:42:15.182+0530][gc,phases   ] GC(27)   Post Evacuate Collection Set: 0.3ms
[2024-07-21T00:42:15.183+0530][gc,phases   ] GC(27)   Other: 0.1ms
[2024-07-21T00:42:15.183+0530][gc,heap     ] GC(27) Eden regions: 613->0(613)
[2024-07-21T00:42:15.183+0530][gc,heap     ] GC(27) Survivor regions: 1->1(77)
[2024-07-21T00:42:15.183+0530][gc,heap     ] GC(27) Old regions: 17->17
[2024-07-21T00:42:15.183+0530][gc,heap     ] GC(27) Archive regions: 2->2
[2024-07-21T00:42:15.183+0530][gc,heap     ] GC(27) Humongous regions: 131->131
[2024-07-21T00:42:15.183+0530][gc,metaspace] GC(27) Metaspace: 39054K(39488K)->39054K(39488K) NonClass: 34688K(34880K)->34688K(34880K) Class: 4366K(4608K)->4366K(4608K)
[2024-07-21T00:42:15.183+0530][gc          ] GC(27) Pause Young (Normal) (G1 Evacuation Pause) 761M->148M(1024M) 1.005ms
[2024-07-21T00:42:15.183+0530][gc,cpu      ] GC(27) User=0.01s Sys=0.00s Real=0.00s
[2024-07-21T00:42:45.342+0530][gc,start    ] GC(28) Pause Young (Normal) (G1 Evacuation Pause)
[2024-07-21T00:42:45.342+0530][gc,task     ] GC(28) Using 13 workers of 13 for evacuation
[2024-07-21T00:42:45.343+0530][gc,phases   ] GC(28)   Pre Evacuate Collection Set: 0.1ms
[2024-07-21T00:42:45.343+0530][gc,phases   ] GC(28)   Merge Heap Roots: 0.1ms
[2024-07-21T00:42:45.343+0530][gc,phases   ] GC(28)   Evacuate Collection Set: 0.3ms
[2024-07-21T00:42:45.343+0530][gc,phases   ] GC(28)   Post Evacuate Collection Set: 0.3ms
[2024-07-21T00:42:45.343+0530][gc,phases   ] GC(28)   Other: 0.1ms
[2024-07-21T00:42:45.343+0530][gc,heap     ] GC(28) Eden regions: 613->0(613)
[2024-07-21T00:42:45.343+0530][gc,heap     ] GC(28) Survivor regions: 1->1(77)
[2024-07-21T00:42:45.343+0530][gc,heap     ] GC(28) Old regions: 17->17
[2024-07-21T00:42:45.343+0530][gc,heap     ] GC(28) Archive regions: 2->2
[2024-07-21T00:42:45.343+0530][gc,heap     ] GC(28) Humongous regions: 131->131
[2024-07-21T00:42:45.343+0530][gc,metaspace] GC(28) Metaspace: 39064K(39488K)->39064K(39488K) NonClass: 34698K(34880K)->34698K(34880K) Class: 4366K(4608K)->4366K(4608K)
[2024-07-21T00:42:45.343+0530][gc          ] GC(28) Pause Young (Normal) (G1 Evacuation Pause) 761M->148M(1024M) 0.887ms
[2024-07-21T00:42:45.343+0530][gc,cpu      ] GC(28) User=0.00s Sys=0.00s Real=0.00s
[2024-07-21T00:43:30.267+0530][gc,start    ] GC(29) Pause Young (Normal) (G1 Evacuation Pause)
[2024-07-21T00:43:30.267+0530][gc,task     ] GC(29) Using 13 workers of 13 for evacuation
[2024-07-21T00:43:30.268+0530][gc,phases   ] GC(29)   Pre Evacuate Collection Set: 0.1ms
[2024-07-21T00:43:30.268+0530][gc,phases   ] GC(29)   Merge Heap Roots: 0.1ms
[2024-07-21T00:43:30.268+0530][gc,phases   ] GC(29)   Evacuate Collection Set: 0.3ms
[2024-07-21T00:43:30.268+0530][gc,phases   ] GC(29)   Post Evacuate Collection Set: 0.4ms
[2024-07-21T00:43:30.268+0530][gc,phases   ] GC(29)   Other: 0.1ms
[2024-07-21T00:43:30.268+0530][gc,heap     ] GC(29) Eden regions: 613->0(613)
[2024-07-21T00:43:30.268+0530][gc,heap     ] GC(29) Survivor regions: 1->1(77)
[2024-07-21T00:43:30.268+0530][gc,heap     ] GC(29) Old regions: 17->17
[2024-07-21T00:43:30.268+0530][gc,heap     ] GC(29) Archive regions: 2->2
[2024-07-21T00:43:30.268+0530][gc,heap     ] GC(29) Humongous regions: 131->131
[2024-07-21T00:43:30.268+0530][gc,metaspace] GC(29) Metaspace: 39082K(39552K)->39082K(39552K) NonClass: 34716K(34944K)->34716K(34944K) Class: 4366K(4608K)->4366K(4608K)
[2024-07-21T00:43:30.268+0530][gc          ] GC(29) Pause Young (Normal) (G1 Evacuation Pause) 761M->148M(1024M) 0.975ms
[2024-07-21T00:43:30.268+0530][gc,cpu      ] GC(29) User=0.01s Sys=0.00s Real=0.00s
[2024-07-21T00:44:15.180+0530][gc,start    ] GC(30) Pause Young (Normal) (G1 Evacuation Pause)
[2024-07-21T00:44:15.180+0530][gc,task     ] GC(30) Using 13 workers of 13 for evacuation
[2024-07-21T00:44:15.181+0530][gc,phases   ] GC(30)   Pre Evacuate Collection Set: 0.1ms
[2024-07-21T00:44:15.181+0530][gc,phases   ] GC(30)   Merge Heap Roots: 0.2ms
[2024-07-21T00:44:15.181+0530][gc,phases   ] GC(30)   Evacuate Collection Set: 0.3ms
[2024-07-21T00:44:15.181+0530][gc,phases   ] GC(30)   Post Evacuate Collection Set: 0.4ms
[2024-07-21T00:44:15.181+0530][gc,phases   ] GC(30)   Other: 0.1ms
[2024-07-21T00:44:15.181+0530][gc,heap     ] GC(30) Eden regions: 613->0(613)
[2024-07-21T00:44:15.181+0530][gc,heap     ] GC(30) Survivor regions: 1->1(77)
[2024-07-21T00:44:15.181+0530][gc,heap     ] GC(30) Old regions: 17->17
[2024-07-21T00:44:15.181+0530][gc,heap     ] GC(30) Archive regions: 2->2
[2024-07-21T00:44:15.181+0530][gc,heap     ] GC(30) Humongous regions: 131->131
[2024-07-21T00:44:15.181+0530][gc,metaspace] GC(30) Metaspace: 39085K(39552K)->39085K(39552K) NonClass: 34718K(34944K)->34718K(34944K) Class: 4366K(4608K)->4366K(4608K)
[2024-07-21T00:44:15.181+0530][gc          ] GC(30) Pause Young (Normal) (G1 Evacuation Pause) 761M->148M(1024M) 1.152ms
[2024-07-21T00:44:15.181+0530][gc,cpu      ] GC(30) User=0.01s Sys=0.00s Real=0.00s
[2024-07-21T00:44:45.344+0530][gc,start    ] GC(31) Pause Young (Normal) (G1 Evacuation Pause)
[2024-07-21T00:44:45.344+0530][gc,task     ] GC(31) Using 13 workers of 13 for evacuation
[2024-07-21T00:44:45.345+0530][gc,phases   ] GC(31)   Pre Evacuate Collection Set: 0.1ms
[2024-07-21T00:44:45.345+0530][gc,phases   ] GC(31)   Merge Heap Roots: 0.2ms
[2024-07-21T00:44:45.345+0530][gc,phases   ] GC(31)   Evacuate Collection Set: 0.3ms
[2024-07-21T00:44:45.345+0530][gc,phases   ] GC(31)   Post Evacuate Collection Set: 0.5ms
[2024-07-21T00:44:45.345+0530][gc,phases   ] GC(31)   Other: 0.1ms
[2024-07-21T00:44:45.345+0530][gc,heap     ] GC(31) Eden regions: 613->0(613)
[2024-07-21T00:44:45.345+0530][gc,heap     ] GC(31) Survivor regions: 1->1(77)
[2024-07-21T00:44:45.345+0530][gc,heap     ] GC(31) Old regions: 17->17
[2024-07-21T00:44:45.345+0530][gc,heap     ] GC(31) Archive regions: 2->2
[2024-07-21T00:44:45.345+0530][gc,heap     ] GC(31) Humongous regions: 131->131
[2024-07-21T00:44:45.345+0530][gc,metaspace] GC(31) Metaspace: 39085K(39552K)->39085K(39552K) NonClass: 34718K(34944K)->34718K(34944K) Class: 4366K(4608K)->4366K(4608K)
[2024-07-21T00:44:45.345+0530][gc          ] GC(31) Pause Young (Normal) (G1 Evacuation Pause) 761M->148M(1024M) 1.154ms
[2024-07-21T00:44:45.345+0530][gc,cpu      ] GC(31) User=0.00s Sys=0.00s Real=0.00s
[2024-07-21T00:45:30.251+0530][gc,start    ] GC(32) Pause Young (Normal) (G1 Evacuation Pause)
[2024-07-21T00:45:30.251+0530][gc,task     ] GC(32) Using 13 workers of 13 for evacuation
[2024-07-21T00:45:30.251+0530][gc,phases   ] GC(32)   Pre Evacuate Collection Set: 0.1ms
[2024-07-21T00:45:30.251+0530][gc,phases   ] GC(32)   Merge Heap Roots: 0.1ms
[2024-07-21T00:45:30.251+0530][gc,phases   ] GC(32)   Evacuate Collection Set: 0.2ms
[2024-07-21T00:45:30.251+0530][gc,phases   ] GC(32)   Post Evacuate Collection Set: 0.2ms
[2024-07-21T00:45:30.251+0530][gc,phases   ] GC(32)   Other: 0.1ms
[2024-07-21T00:45:30.251+0530][gc,heap     ] GC(32) Eden regions: 613->0(613)
[2024-07-21T00:45:30.251+0530][gc,heap     ] GC(32) Survivor regions: 1->1(77)
[2024-07-21T00:45:30.251+0530][gc,heap     ] GC(32) Old regions: 17->17
[2024-07-21T00:45:30.251+0530][gc,heap     ] GC(32) Archive regions: 2->2
[2024-07-21T00:45:30.251+0530][gc,heap     ] GC(32) Humongous regions: 131->131
[2024-07-21T00:45:30.251+0530][gc,metaspace] GC(32) Metaspace: 39094K(39552K)->39094K(39552K) NonClass: 34728K(34944K)->34728K(34944K) Class: 4366K(4608K)->4366K(4608K)
[2024-07-21T00:45:30.251+0530][gc          ] GC(32) Pause Young (Normal) (G1 Evacuation Pause) 761M->148M(1024M) 0.757ms
[2024-07-21T00:45:30.251+0530][gc,cpu      ] GC(32) User=0.00s Sys=0.00s Real=0.00s
[2024-07-21T00:46:15.161+0530][gc,start    ] GC(33) Pause Young (Normal) (G1 Evacuation Pause)
[2024-07-21T00:46:15.161+0530][gc,task     ] GC(33) Using 13 workers of 13 for evacuation
[2024-07-21T00:46:15.162+0530][gc,phases   ] GC(33)   Pre Evacuate Collection Set: 0.1ms
[2024-07-21T00:46:15.162+0530][gc,phases   ] GC(33)   Merge Heap Roots: 0.2ms
[2024-07-21T00:46:15.162+0530][gc,phases   ] GC(33)   Evacuate Collection Set: 0.2ms
[2024-07-21T00:46:15.162+0530][gc,phases   ] GC(33)   Post Evacuate Collection Set: 0.3ms
[2024-07-21T00:46:15.162+0530][gc,phases   ] GC(33)   Other: 0.1ms
[2024-07-21T00:46:15.162+0530][gc,heap     ] GC(33) Eden regions: 613->0(613)
[2024-07-21T00:46:15.162+0530][gc,heap     ] GC(33) Survivor regions: 1->1(77)
[2024-07-21T00:46:15.162+0530][gc,heap     ] GC(33) Old regions: 17->17
[2024-07-21T00:46:15.162+0530][gc,heap     ] GC(33) Archive regions: 2->2
[2024-07-21T00:46:15.162+0530][gc,heap     ] GC(33) Humongous regions: 131->131
[2024-07-21T00:46:15.162+0530][gc,metaspace] GC(33) Metaspace: 39106K(39552K)->39106K(39552K) NonClass: 34739K(34944K)->34739K(34944K) Class: 4366K(4608K)->4366K(4608K)
[2024-07-21T00:46:15.162+0530][gc          ] GC(33) Pause Young (Normal) (G1 Evacuation Pause) 761M->148M(1024M) 0.906ms
[2024-07-21T00:46:15.162+0530][gc,cpu      ] GC(33) User=0.00s Sys=0.00s Real=0.00s
[2024-07-21T00:46:45.321+0530][gc,start    ] GC(34) Pause Young (Normal) (G1 Evacuation Pause)
[2024-07-21T00:46:45.321+0530][gc,task     ] GC(34) Using 13 workers of 13 for evacuation
[2024-07-21T00:46:45.322+0530][gc,phases   ] GC(34)   Pre Evacuate Collection Set: 0.1ms
[2024-07-21T00:46:45.322+0530][gc,phases   ] GC(34)   Merge Heap Roots: 0.2ms
[2024-07-21T00:46:45.322+0530][gc,phases   ] GC(34)   Evacuate Collection Set: 0.3ms
[2024-07-21T00:46:45.322+0530][gc,phases   ] GC(34)   Post Evacuate Collection Set: 0.4ms
[2024-07-21T00:46:45.322+0530][gc,phases   ] GC(34)   Other: 0.1ms
[2024-07-21T00:46:45.322+0530][gc,heap     ] GC(34) Eden regions: 613->0(613)
[2024-07-21T00:46:45.322+0530][gc,heap     ] GC(34) Survivor regions: 1->1(77)
[2024-07-21T00:46:45.322+0530][gc,heap     ] GC(34) Old regions: 17->17
[2024-07-21T00:46:45.322+0530][gc,heap     ] GC(34) Archive regions: 2->2
[2024-07-21T00:46:45.322+0530][gc,heap     ] GC(34) Humongous regions: 131->131
[2024-07-21T00:46:45.322+0530][gc,metaspace] GC(34) Metaspace: 39125K(39552K)->39125K(39552K) NonClass: 34759K(34944K)->34759K(34944K) Class: 4366K(4608K)->4366K(4608K)
[2024-07-21T00:46:45.322+0530][gc          ] GC(34) Pause Young (Normal) (G1 Evacuation Pause) 761M->148M(1024M) 1.123ms
[2024-07-21T00:46:45.322+0530][gc,cpu      ] GC(34) User=0.00s Sys=0.00s Real=0.00s
[2024-07-21T00:47:30.233+0530][gc,start    ] GC(35) Pause Young (Normal) (G1 Evacuation Pause)
[2024-07-21T00:47:30.233+0530][gc,task     ] GC(35) Using 13 workers of 13 for evacuation
[2024-07-21T00:47:30.234+0530][gc,phases   ] GC(35)   Pre Evacuate Collection Set: 0.1ms
[2024-07-21T00:47:30.234+0530][gc,phases   ] GC(35)   Merge Heap Roots: 0.2ms
[2024-07-21T00:47:30.234+0530][gc,phases   ] GC(35)   Evacuate Collection Set: 0.2ms
[2024-07-21T00:47:30.234+0530][gc,phases   ] GC(35)   Post Evacuate Collection Set: 0.3ms
[2024-07-21T00:47:30.234+0530][gc,phases   ] GC(35)   Other: 0.1ms
[2024-07-21T00:47:30.234+0530][gc,heap     ] GC(35) Eden regions: 613->0(613)
[2024-07-21T00:47:30.234+0530][gc,heap     ] GC(35) Survivor regions: 1->1(77)
[2024-07-21T00:47:30.234+0530][gc,heap     ] GC(35) Old regions: 17->17
[2024-07-21T00:47:30.234+0530][gc,heap     ] GC(35) Archive regions: 2->2
[2024-07-21T00:47:30.234+0530][gc,heap     ] GC(35) Humongous regions: 131->131
[2024-07-21T00:47:30.234+0530][gc,metaspace] GC(35) Metaspace: 39125K(39552K)->39125K(39552K) NonClass: 34759K(34944K)->34759K(34944K) Class: 4366K(4608K)->4366K(4608K)
[2024-07-21T00:47:30.234+0530][gc          ] GC(35) Pause Young (Normal) (G1 Evacuation Pause) 761M->148M(1024M) 0.869ms
[2024-07-21T00:47:30.234+0530][gc,cpu      ] GC(35) User=0.01s Sys=0.00s Real=0.00s
[2024-07-21T00:48:15.127+0530][gc,start    ] GC(36) Pause Young (Normal) (G1 Evacuation Pause)
[2024-07-21T00:48:15.127+0530][gc,task     ] GC(36) Using 13 workers of 13 for evacuation
[2024-07-21T00:48:15.127+0530][gc,phases   ] GC(36)   Pre Evacuate Collection Set: 0.1ms
[2024-07-21T00:48:15.127+0530][gc,phases   ] GC(36)   Merge Heap Roots: 0.1ms
[2024-07-21T00:48:15.127+0530][gc,phases   ] GC(36)   Evacuate Collection Set: 0.2ms
[2024-07-21T00:48:15.127+0530][gc,phases   ] GC(36)   Post Evacuate Collection Set: 0.3ms
[2024-07-21T00:48:15.127+0530][gc,phases   ] GC(36)   Other: 0.1ms
[2024-07-21T00:48:15.127+0530][gc,heap     ] GC(36) Eden regions: 613->0(613)
[2024-07-21T00:48:15.127+0530][gc,heap     ] GC(36) Survivor regions: 1->1(77)
[2024-07-21T00:48:15.127+0530][gc,heap     ] GC(36) Old regions: 17->17
[2024-07-21T00:48:15.127+0530][gc,heap     ] GC(36) Archive regions: 2->2
[2024-07-21T00:48:15.127+0530][gc,heap     ] GC(36) Humongous regions: 131->131
[2024-07-21T00:48:15.127+0530][gc,metaspace] GC(36) Metaspace: 39131K(39552K)->39131K(39552K) NonClass: 34765K(34944K)->34765K(34944K) Class: 4366K(4608K)->4366K(4608K)
[2024-07-21T00:48:15.127+0530][gc          ] GC(36) Pause Young (Normal) (G1 Evacuation Pause) 761M->148M(1024M) 0.763ms
[2024-07-21T00:48:15.127+0530][gc,cpu      ] GC(36) User=0.01s Sys=0.00s Real=0.00s
[2024-07-21T00:48:45.300+0530][gc,start    ] GC(37) Pause Young (Normal) (G1 Evacuation Pause)
[2024-07-21T00:48:45.300+0530][gc,task     ] GC(37) Using 13 workers of 13 for evacuation
[2024-07-21T00:48:45.301+0530][gc,phases   ] GC(37)   Pre Evacuate Collection Set: 0.1ms
[2024-07-21T00:48:45.301+0530][gc,phases   ] GC(37)   Merge Heap Roots: 0.1ms
[2024-07-21T00:48:45.301+0530][gc,phases   ] GC(37)   Evacuate Collection Set: 0.2ms
[2024-07-21T00:48:45.301+0530][gc,phases   ] GC(37)   Post Evacuate Collection Set: 0.3ms
[2024-07-21T00:48:45.301+0530][gc,phases   ] GC(37)   Other: 0.1ms
[2024-07-21T00:48:45.301+0530][gc,heap     ] GC(37) Eden regions: 613->0(613)
[2024-07-21T00:48:45.301+0530][gc,heap     ] GC(37) Survivor regions: 1->1(77)
[2024-07-21T00:48:45.301+0530][gc,heap     ] GC(37) Old regions: 17->17
[2024-07-21T00:48:45.301+0530][gc,heap     ] GC(37) Archive regions: 2->2
[2024-07-21T00:48:45.301+0530][gc,heap     ] GC(37) Humongous regions: 131->131
[2024-07-21T00:48:45.301+0530][gc,metaspace] GC(37) Metaspace: 39132K(39552K)->39132K(39552K) NonClass: 34766K(34944K)->34766K(34944K) Class: 4366K(4608K)->4366K(4608K)
[2024-07-21T00:48:45.301+0530][gc          ] GC(37) Pause Young (Normal) (G1 Evacuation Pause) 761M->148M(1024M) 0.936ms
[2024-07-21T00:48:45.301+0530][gc,cpu      ] GC(37) User=0.00s Sys=0.00s Real=0.00s
[2024-07-21T00:49:30.209+0530][gc,start    ] GC(38) Pause Young (Normal) (G1 Evacuation Pause)
[2024-07-21T00:49:30.209+0530][gc,task     ] GC(38) Using 13 workers of 13 for evacuation
[2024-07-21T00:49:30.209+0530][gc,phases   ] GC(38)   Pre Evacuate Collection Set: 0.1ms
[2024-07-21T00:49:30.209+0530][gc,phases   ] GC(38)   Merge Heap Roots: 0.1ms
[2024-07-21T00:49:30.209+0530][gc,phases   ] GC(38)   Evacuate Collection Set: 0.2ms
[2024-07-21T00:49:30.209+0530][gc,phases   ] GC(38)   Post Evacuate Collection Set: 0.3ms
[2024-07-21T00:49:30.209+0530][gc,phases   ] GC(38)   Other: 0.1ms
[2024-07-21T00:49:30.209+0530][gc,heap     ] GC(38) Eden regions: 613->0(613)
[2024-07-21T00:49:30.209+0530][gc,heap     ] GC(38) Survivor regions: 1->1(77)
[2024-07-21T00:49:30.209+0530][gc,heap     ] GC(38) Old regions: 17->17
[2024-07-21T00:49:30.209+0530][gc,heap     ] GC(38) Archive regions: 2->2
[2024-07-21T00:49:30.209+0530][gc,heap     ] GC(38) Humongous regions: 131->131
[2024-07-21T00:49:30.209+0530][gc,metaspace] GC(38) Metaspace: 39134K(39552K)->39134K(39552K) NonClass: 34767K(34944K)->34767K(34944K) Class: 4366K(4608K)->4366K(4608K)
[2024-07-21T00:49:30.209+0530][gc          ] GC(38) Pause Young (Normal) (G1 Evacuation Pause) 761M->148M(1024M) 0.872ms
[2024-07-21T00:49:30.209+0530][gc,cpu      ] GC(38) User=0.01s Sys=0.00s Real=0.00s
[2024-07-21T00:50:15.124+0530][gc,start    ] GC(39) Pause Young (Normal) (G1 Evacuation Pause)
[2024-07-21T00:50:15.124+0530][gc,task     ] GC(39) Using 13 workers of 13 for evacuation
[2024-07-21T00:50:15.124+0530][gc,phases   ] GC(39)   Pre Evacuate Collection Set: 0.1ms
[2024-07-21T00:50:15.124+0530][gc,phases   ] GC(39)   Merge Heap Roots: 0.2ms
[2024-07-21T00:50:15.125+0530][gc,phases   ] GC(39)   Evacuate Collection Set: 0.3ms
[2024-07-21T00:50:15.125+0530][gc,phases   ] GC(39)   Post Evacuate Collection Set: 0.3ms
[2024-07-21T00:50:15.125+0530][gc,phases   ] GC(39)   Other: 0.2ms
[2024-07-21T00:50:15.125+0530][gc,heap     ] GC(39) Eden regions: 613->0(613)
[2024-07-21T00:50:15.125+0530][gc,heap     ] GC(39) Survivor regions: 1->1(77)
[2024-07-21T00:50:15.125+0530][gc,heap     ] GC(39) Old regions: 17->17
[2024-07-21T00:50:15.125+0530][gc,heap     ] GC(39) Archive regions: 2->2
[2024-07-21T00:50:15.125+0530][gc,heap     ] GC(39) Humongous regions: 131->131
[2024-07-21T00:50:15.125+0530][gc,metaspace] GC(39) Metaspace: 39152K(39616K)->39152K(39616K) NonClass: 34786K(35008K)->34786K(35008K) Class: 4366K(4608K)->4366K(4608K)
[2024-07-21T00:50:15.125+0530][gc          ] GC(39) Pause Young (Normal) (G1 Evacuation Pause) 761M->148M(1024M) 1.084ms
[2024-07-21T00:50:15.125+0530][gc,cpu      ] GC(39) User=0.00s Sys=0.00s Real=0.00s
[2024-07-21T00:50:45.284+0530][gc,start    ] GC(40) Pause Young (Normal) (G1 Evacuation Pause)
[2024-07-21T00:50:45.284+0530][gc,task     ] GC(40) Using 13 workers of 13 for evacuation
[2024-07-21T00:50:45.285+0530][gc,phases   ] GC(40)   Pre Evacuate Collection Set: 0.1ms
[2024-07-21T00:50:45.285+0530][gc,phases   ] GC(40)   Merge Heap Roots: 0.1ms
[2024-07-21T00:50:45.285+0530][gc,phases   ] GC(40)   Evacuate Collection Set: 0.3ms
[2024-07-21T00:50:45.285+0530][gc,phases   ] GC(40)   Post Evacuate Collection Set: 0.3ms
[2024-07-21T00:50:45.285+0530][gc,phases   ] GC(40)   Other: 0.1ms
[2024-07-21T00:50:45.285+0530][gc,heap     ] GC(40) Eden regions: 613->0(613)
[2024-07-21T00:50:45.285+0530][gc,heap     ] GC(40) Survivor regions: 1->1(77)
[2024-07-21T00:50:45.285+0530][gc,heap     ] GC(40) Old regions: 17->17
[2024-07-21T00:50:45.285+0530][gc,heap     ] GC(40) Archive regions: 2->2
[2024-07-21T00:50:45.285+0530][gc,heap     ] GC(40) Humongous regions: 131->131
[2024-07-21T00:50:45.285+0530][gc,metaspace] GC(40) Metaspace: 39156K(39616K)->39156K(39616K) NonClass: 34789K(35008K)->34789K(35008K) Class: 4366K(4608K)->4366K(4608K)
[2024-07-21T00:50:45.285+0530][gc          ] GC(40) Pause Young (Normal) (G1 Evacuation Pause) 761M->148M(1024M) 0.900ms
[2024-07-21T00:50:45.285+0530][gc,cpu      ] GC(40) User=0.00s Sys=0.00s Real=0.00s
[2024-07-21T00:51:30.196+0530][gc,start    ] GC(41) Pause Young (Normal) (G1 Evacuation Pause)
[2024-07-21T00:51:30.196+0530][gc,task     ] GC(41) Using 13 workers of 13 for evacuation
[2024-07-21T00:51:30.196+0530][gc,phases   ] GC(41)   Pre Evacuate Collection Set: 0.1ms
[2024-07-21T00:51:30.196+0530][gc,phases   ] GC(41)   Merge Heap Roots: 0.1ms
[2024-07-21T00:51:30.196+0530][gc,phases   ] GC(41)   Evacuate Collection Set: 0.2ms
[2024-07-21T00:51:30.196+0530][gc,phases   ] GC(41)   Post Evacuate Collection Set: 0.3ms
[2024-07-21T00:51:30.196+0530][gc,phases   ] GC(41)   Other: 0.1ms
[2024-07-21T00:51:30.196+0530][gc,heap     ] GC(41) Eden regions: 613->0(613)
[2024-07-21T00:51:30.196+0530][gc,heap     ] GC(41) Survivor regions: 1->1(77)
[2024-07-21T00:51:30.196+0530][gc,heap     ] GC(41) Old regions: 17->17
[2024-07-21T00:51:30.196+0530][gc,heap     ] GC(41) Archive regions: 2->2
[2024-07-21T00:51:30.196+0530][gc,heap     ] GC(41) Humongous regions: 131->131
[2024-07-21T00:51:30.196+0530][gc,metaspace] GC(41) Metaspace: 39163K(39616K)->39163K(39616K) NonClass: 34797K(35008K)->34797K(35008K) Class: 4366K(4608K)->4366K(4608K)
[2024-07-21T00:51:30.196+0530][gc          ] GC(41) Pause Young (Normal) (G1 Evacuation Pause) 761M->148M(1024M) 0.733ms
[2024-07-21T00:51:30.196+0530][gc,cpu      ] GC(41) User=0.00s Sys=0.00s Real=0.00s
[2024-07-21T00:52:00.357+0530][gc,start    ] GC(42) Pause Young (Normal) (G1 Evacuation Pause)
[2024-07-21T00:52:00.357+0530][gc,task     ] GC(42) Using 13 workers of 13 for evacuation
[2024-07-21T00:52:00.358+0530][gc,phases   ] GC(42)   Pre Evacuate Collection Set: 0.1ms
[2024-07-21T00:52:00.358+0530][gc,phases   ] GC(42)   Merge Heap Roots: 0.1ms
[2024-07-21T00:52:00.358+0530][gc,phases   ] GC(42)   Evacuate Collection Set: 0.3ms
[2024-07-21T00:52:00.358+0530][gc,phases   ] GC(42)   Post Evacuate Collection Set: 0.4ms
[2024-07-21T00:52:00.358+0530][gc,phases   ] GC(42)   Other: 0.1ms
[2024-07-21T00:52:00.358+0530][gc,heap     ] GC(42) Eden regions: 613->0(613)
[2024-07-21T00:52:00.358+0530][gc,heap     ] GC(42) Survivor regions: 1->1(77)
[2024-07-21T00:52:00.358+0530][gc,heap     ] GC(42) Old regions: 17->17
[2024-07-21T00:52:00.358+0530][gc,heap     ] GC(42) Archive regions: 2->2
[2024-07-21T00:52:00.358+0530][gc,heap     ] GC(42) Humongous regions: 131->131
[2024-07-21T00:52:00.358+0530][gc,metaspace] GC(42) Metaspace: 39218K(39680K)->39218K(39680K) NonClass: 34851K(35072K)->34851K(35072K) Class: 4366K(4608K)->4366K(4608K)
[2024-07-21T00:52:00.358+0530][gc          ] GC(42) Pause Young (Normal) (G1 Evacuation Pause) 761M->148M(1024M) 1.041ms
[2024-07-21T00:52:00.358+0530][gc,cpu      ] GC(42) User=0.01s Sys=0.00s Real=0.00s
[2024-07-21T00:52:45.263+0530][gc,start    ] GC(43) Pause Young (Normal) (G1 Evacuation Pause)
[2024-07-21T00:52:45.264+0530][gc,task     ] GC(43) Using 13 workers of 13 for evacuation
[2024-07-21T00:52:45.264+0530][gc,phases   ] GC(43)   Pre Evacuate Collection Set: 0.1ms
[2024-07-21T00:52:45.264+0530][gc,phases   ] GC(43)   Merge Heap Roots: 0.1ms
[2024-07-21T00:52:45.264+0530][gc,phases   ] GC(43)   Evacuate Collection Set: 0.2ms
[2024-07-21T00:52:45.264+0530][gc,phases   ] GC(43)   Post Evacuate Collection Set: 0.3ms
[2024-07-21T00:52:45.264+0530][gc,phases   ] GC(43)   Other: 0.1ms
[2024-07-21T00:52:45.264+0530][gc,heap     ] GC(43) Eden regions: 613->0(613)
[2024-07-21T00:52:45.264+0530][gc,heap     ] GC(43) Survivor regions: 1->1(77)
[2024-07-21T00:52:45.264+0530][gc,heap     ] GC(43) Old regions: 17->17
[2024-07-21T00:52:45.264+0530][gc,heap     ] GC(43) Archive regions: 2->2
[2024-07-21T00:52:45.264+0530][gc,heap     ] GC(43) Humongous regions: 131->131
[2024-07-21T00:52:45.264+0530][gc,metaspace] GC(43) Metaspace: 39231K(39680K)->39231K(39680K) NonClass: 34865K(35072K)->34865K(35072K) Class: 4366K(4608K)->4366K(4608K)
[2024-07-21T00:52:45.264+0530][gc          ] GC(43) Pause Young (Normal) (G1 Evacuation Pause) 761M->148M(1024M) 0.952ms
[2024-07-21T00:52:45.264+0530][gc,cpu      ] GC(43) User=0.00s Sys=0.00s Real=0.00s
[2024-07-21T00:53:30.162+0530][gc,start    ] GC(44) Pause Young (Normal) (G1 Evacuation Pause)
[2024-07-21T00:53:30.162+0530][gc,task     ] GC(44) Using 13 workers of 13 for evacuation
[2024-07-21T00:53:30.162+0530][gc,phases   ] GC(44)   Pre Evacuate Collection Set: 0.1ms
[2024-07-21T00:53:30.163+0530][gc,phases   ] GC(44)   Merge Heap Roots: 0.1ms
[2024-07-21T00:53:30.163+0530][gc,phases   ] GC(44)   Evacuate Collection Set: 0.2ms
[2024-07-21T00:53:30.163+0530][gc,phases   ] GC(44)   Post Evacuate Collection Set: 0.2ms
[2024-07-21T00:53:30.163+0530][gc,phases   ] GC(44)   Other: 0.1ms
[2024-07-21T00:53:30.163+0530][gc,heap     ] GC(44) Eden regions: 613->0(613)
[2024-07-21T00:53:30.163+0530][gc,heap     ] GC(44) Survivor regions: 1->1(77)
[2024-07-21T00:53:30.163+0530][gc,heap     ] GC(44) Old regions: 17->17
[2024-07-21T00:53:30.163+0530][gc,heap     ] GC(44) Archive regions: 2->2
[2024-07-21T00:53:30.163+0530][gc,heap     ] GC(44) Humongous regions: 131->131
[2024-07-21T00:53:30.163+0530][gc,metaspace] GC(44) Metaspace: 39240K(39744K)->39240K(39744K) NonClass: 34873K(35136K)->34873K(35136K) Class: 4366K(4608K)->4366K(4608K)
[2024-07-21T00:53:30.163+0530][gc          ] GC(44) Pause Young (Normal) (G1 Evacuation Pause) 761M->148M(1024M) 0.658ms
[2024-07-21T00:53:30.163+0530][gc,cpu      ] GC(44) User=0.01s Sys=0.00s Real=0.00s
[2024-07-21T00:54:00.337+0530][gc,start    ] GC(45) Pause Young (Normal) (G1 Evacuation Pause)
[2024-07-21T00:54:00.337+0530][gc,task     ] GC(45) Using 13 workers of 13 for evacuation
[2024-07-21T00:54:00.338+0530][gc,phases   ] GC(45)   Pre Evacuate Collection Set: 0.1ms
[2024-07-21T00:54:00.338+0530][gc,phases   ] GC(45)   Merge Heap Roots: 0.1ms
[2024-07-21T00:54:00.338+0530][gc,phases   ] GC(45)   Evacuate Collection Set: 0.2ms
[2024-07-21T00:54:00.338+0530][gc,phases   ] GC(45)   Post Evacuate Collection Set: 0.4ms
[2024-07-21T00:54:00.338+0530][gc,phases   ] GC(45)   Other: 0.1ms
[2024-07-21T00:54:00.338+0530][gc,heap     ] GC(45) Eden regions: 613->0(613)
[2024-07-21T00:54:00.338+0530][gc,heap     ] GC(45) Survivor regions: 1->1(77)
[2024-07-21T00:54:00.338+0530][gc,heap     ] GC(45) Old regions: 17->17
[2024-07-21T00:54:00.338+0530][gc,heap     ] GC(45) Archive regions: 2->2
[2024-07-21T00:54:00.338+0530][gc,heap     ] GC(45) Humongous regions: 131->131
[2024-07-21T00:54:00.338+0530][gc,metaspace] GC(45) Metaspace: 39248K(39744K)->39248K(39744K) NonClass: 34881K(35136K)->34881K(35136K) Class: 4366K(4608K)->4366K(4608K)
[2024-07-21T00:54:00.338+0530][gc          ] GC(45) Pause Young (Normal) (G1 Evacuation Pause) 761M->148M(1024M) 0.973ms
[2024-07-21T00:54:00.338+0530][gc,cpu      ] GC(45) User=0.00s Sys=0.00s Real=0.00s
[2024-07-21T00:54:45.245+0530][gc,start    ] GC(46) Pause Young (Normal) (G1 Evacuation Pause)
[2024-07-21T00:54:45.245+0530][gc,task     ] GC(46) Using 13 workers of 13 for evacuation
[2024-07-21T00:54:45.245+0530][gc,phases   ] GC(46)   Pre Evacuate Collection Set: 0.1ms
[2024-07-21T00:54:45.246+0530][gc,phases   ] GC(46)   Merge Heap Roots: 0.2ms
[2024-07-21T00:54:45.246+0530][gc,phases   ] GC(46)   Evacuate Collection Set: 0.2ms
[2024-07-21T00:54:45.246+0530][gc,phases   ] GC(46)   Post Evacuate Collection Set: 0.3ms
[2024-07-21T00:54:45.246+0530][gc,phases   ] GC(46)   Other: 0.1ms
[2024-07-21T00:54:45.246+0530][gc,heap     ] GC(46) Eden regions: 613->0(613)
[2024-07-21T00:54:45.246+0530][gc,heap     ] GC(46) Survivor regions: 1->1(77)
[2024-07-21T00:54:45.246+0530][gc,heap     ] GC(46) Old regions: 17->17
[2024-07-21T00:54:45.246+0530][gc,heap     ] GC(46) Archive regions: 2->2
[2024-07-21T00:54:45.246+0530][gc,heap     ] GC(46) Humongous regions: 131->131
[2024-07-21T00:54:45.246+0530][gc,metaspace] GC(46) Metaspace: 39250K(39744K)->39250K(39744K) NonClass: 34883K(35136K)->34883K(35136K) Class: 4366K(4608K)->4366K(4608K)
[2024-07-21T00:54:45.246+0530][gc          ] GC(46) Pause Young (Normal) (G1 Evacuation Pause) 761M->148M(1024M) 0.881ms
[2024-07-21T00:54:45.246+0530][gc,cpu      ] GC(46) User=0.00s Sys=0.00s Real=0.00s
[2024-07-21T00:55:30.152+0530][gc,start    ] GC(47) Pause Young (Normal) (G1 Evacuation Pause)
[2024-07-21T00:55:30.152+0530][gc,task     ] GC(47) Using 13 workers of 13 for evacuation
[2024-07-21T00:55:30.153+0530][gc,phases   ] GC(47)   Pre Evacuate Collection Set: 0.1ms
[2024-07-21T00:55:30.153+0530][gc,phases   ] GC(47)   Merge Heap Roots: 0.1ms
[2024-07-21T00:55:30.153+0530][gc,phases   ] GC(47)   Evacuate Collection Set: 0.3ms
[2024-07-21T00:55:30.153+0530][gc,phases   ] GC(47)   Post Evacuate Collection Set: 0.5ms
[2024-07-21T00:55:30.153+0530][gc,phases   ] GC(47)   Other: 0.1ms
[2024-07-21T00:55:30.153+0530][gc,heap     ] GC(47) Eden regions: 613->0(613)
[2024-07-21T00:55:30.153+0530][gc,heap     ] GC(47) Survivor regions: 1->1(77)
[2024-07-21T00:55:30.153+0530][gc,heap     ] GC(47) Old regions: 17->17
[2024-07-21T00:55:30.153+0530][gc,heap     ] GC(47) Archive regions: 2->2
[2024-07-21T00:55:30.153+0530][gc,heap     ] GC(47) Humongous regions: 131->131
[2024-07-21T00:55:30.153+0530][gc,metaspace] GC(47) Metaspace: 39255K(39744K)->39255K(39744K) NonClass: 34889K(35136K)->34889K(35136K) Class: 4366K(4608K)->4366K(4608K)
[2024-07-21T00:55:30.153+0530][gc          ] GC(47) Pause Young (Normal) (G1 Evacuation Pause) 761M->148M(1024M) 1.153ms
[2024-07-21T00:55:30.153+0530][gc,cpu      ] GC(47) User=0.01s Sys=0.00s Real=0.00s
[2024-07-21T00:56:00.326+0530][gc,start    ] GC(48) Pause Young (Normal) (G1 Evacuation Pause)
[2024-07-21T00:56:00.326+0530][gc,task     ] GC(48) Using 13 workers of 13 for evacuation
[2024-07-21T00:56:00.327+0530][gc,phases   ] GC(48)   Pre Evacuate Collection Set: 0.1ms
[2024-07-21T00:56:00.327+0530][gc,phases   ] GC(48)   Merge Heap Roots: 0.2ms
[2024-07-21T00:56:00.327+0530][gc,phases   ] GC(48)   Evacuate Collection Set: 0.3ms
[2024-07-21T00:56:00.327+0530][gc,phases   ] GC(48)   Post Evacuate Collection Set: 0.2ms
[2024-07-21T00:56:00.327+0530][gc,phases   ] GC(48)   Other: 0.1ms
[2024-07-21T00:56:00.327+0530][gc,heap     ] GC(48) Eden regions: 613->0(613)
[2024-07-21T00:56:00.327+0530][gc,heap     ] GC(48) Survivor regions: 1->1(77)
[2024-07-21T00:56:00.327+0530][gc,heap     ] GC(48) Old regions: 17->17
[2024-07-21T00:56:00.327+0530][gc,heap     ] GC(48) Archive regions: 2->2
[2024-07-21T00:56:00.327+0530][gc,heap     ] GC(48) Humongous regions: 131->131
[2024-07-21T00:56:00.327+0530][gc,metaspace] GC(48) Metaspace: 39261K(39744K)->39261K(39744K) NonClass: 34894K(35136K)->34894K(35136K) Class: 4366K(4608K)->4366K(4608K)
[2024-07-21T00:56:00.327+0530][gc          ] GC(48) Pause Young (Normal) (G1 Evacuation Pause) 761M->148M(1024M) 0.894ms
[2024-07-21T00:56:00.327+0530][gc,cpu      ] GC(48) User=0.01s Sys=0.00s Real=0.00s
[2024-07-21T00:56:45.230+0530][gc,start    ] GC(49) Pause Young (Normal) (G1 Evacuation Pause)
[2024-07-21T00:56:45.230+0530][gc,task     ] GC(49) Using 13 workers of 13 for evacuation
[2024-07-21T00:56:45.231+0530][gc,phases   ] GC(49)   Pre Evacuate Collection Set: 0.1ms
[2024-07-21T00:56:45.231+0530][gc,phases   ] GC(49)   Merge Heap Roots: 0.1ms
[2024-07-21T00:56:45.231+0530][gc,phases   ] GC(49)   Evacuate Collection Set: 0.2ms
[2024-07-21T00:56:45.231+0530][gc,phases   ] GC(49)   Post Evacuate Collection Set: 0.3ms
[2024-07-21T00:56:45.231+0530][gc,phases   ] GC(49)   Other: 0.1ms
[2024-07-21T00:56:45.231+0530][gc,heap     ] GC(49) Eden regions: 613->0(613)
[2024-07-21T00:56:45.231+0530][gc,heap     ] GC(49) Survivor regions: 1->1(77)
[2024-07-21T00:56:45.231+0530][gc,heap     ] GC(49) Old regions: 17->17
[2024-07-21T00:56:45.231+0530][gc,heap     ] GC(49) Archive regions: 2->2
[2024-07-21T00:56:45.231+0530][gc,heap     ] GC(49) Humongous regions: 131->131
[2024-07-21T00:56:45.231+0530][gc,metaspace] GC(49) Metaspace: 39287K(39744K)->39287K(39744K) NonClass: 34921K(35136K)->34921K(35136K) Class: 4366K(4608K)->4366K(4608K)
[2024-07-21T00:56:45.231+0530][gc          ] GC(49) Pause Young (Normal) (G1 Evacuation Pause) 761M->148M(1024M) 0.751ms
[2024-07-21T00:56:45.231+0530][gc,cpu      ] GC(49) User=0.00s Sys=0.00s Real=0.00s
[2024-07-21T00:57:27.648+0530][gc,heap,exit] Heap
[2024-07-21T00:57:27.648+0530][gc,heap,exit]  garbage-first heap   total 1048576K, used 772972K [0x00000000c0000000, 0x0000000100000000)
[2024-07-21T00:57:27.648+0530][gc,heap,exit]   region size 1024K, 607 young (621568K), 1 survivors (1024K)
[2024-07-21T00:57:27.648+0530][gc,heap,exit]  Metaspace       used 40167K, committed 40576K, reserved 1114112K
[2024-07-21T00:57:27.648+0530][gc,heap,exit]   class space    used 4534K, committed 4736K, reserved 1048576K
