[2024-07-21T07:43:53.016+0530][gc] Using G1
[2024-07-21T07:43:53.023+0530][gc,init] Version: 17.0.11+9-Ubuntu-122.04.1 (release)
[2024-07-21T07:43:53.023+0530][gc,init] CPUs: 16 total, 16 available
[2024-07-21T07:43:53.023+0530][gc,init] Memory: 31911M
[2024-07-21T07:43:53.023+0530][gc,init] Large Page Support: Disabled
[2024-07-21T07:43:53.023+0530][gc,init] NUMA Support: Disabled
[2024-07-21T07:43:53.023+0530][gc,init] Compressed Oops: Enabled (32-bit)
[2024-07-21T07:43:53.023+0530][gc,init] Heap Region Size: 1M
[2024-07-21T07:43:53.023+0530][gc,init] Heap Min Capacity: 1G
[2024-07-21T07:43:53.023+0530][gc,init] Heap Initial Capacity: 1G
[2024-07-21T07:43:53.023+0530][gc,init] Heap Max Capacity: 1G
[2024-07-21T07:43:53.023+0530][gc,init] Pre-touch: Disabled
[2024-07-21T07:43:53.023+0530][gc,init] Parallel Workers: 13
[2024-07-21T07:43:53.023+0530][gc,init] Concurrent Workers: 3
[2024-07-21T07:43:53.023+0530][gc,init] Concurrent Refinement Workers: 13
[2024-07-21T07:43:53.023+0530][gc,init] Periodic GC: Disabled
[2024-07-21T07:43:53.026+0530][gc,metaspace] CDS archive(s) mapped at: [0x00007ce72f000000-0x00007ce72fbc7000-0x00007ce72fbc7000), size 12349440, SharedBaseAddress: 0x00007ce72f000000, ArchiveRelocationMode: 1.
[2024-07-21T07:43:53.026+0530][gc,metaspace] Compressed class space mapped at: 0x00007ce730000000-0x00007ce770000000, reserved size: 1073741824
[2024-07-21T07:43:53.026+0530][gc,metaspace] Narrow klass base: 0x00007ce72f000000, Narrow klass shift: 0, Narrow klass range: 0x100000000
[2024-07-21T07:43:53.175+0530][gc,heap,exit] Heap
[2024-07-21T07:43:53.175+0530][gc,heap,exit]  garbage-first heap   total 1048576K, used 15280K [0x00000000c0000000, 0x0000000100000000)
[2024-07-21T07:43:53.175+0530][gc,heap,exit]   region size 1024K, 14 young (14336K), 0 survivors (0K)
[2024-07-21T07:43:53.175+0530][gc,heap,exit]  Metaspace       used 4332K, committed 4480K, reserved 1114112K
[2024-07-21T07:43:53.175+0530][gc,heap,exit]   class space    used 494K, committed 576K, reserved 1048576K
