[2024-07-21T00:07:46.207+0530][gc] Using G1
[2024-07-21T00:07:46.228+0530][gc,init] Version: 17.0.11+9-Ubuntu-122.04.1 (release)
[2024-07-21T00:07:46.228+0530][gc,init] CPUs: 16 total, 16 available
[2024-07-21T00:07:46.228+0530][gc,init] Memory: 31911M
[2024-07-21T00:07:46.228+0530][gc,init] Large Page Support: Disabled
[2024-07-21T00:07:46.228+0530][gc,init] NUMA Support: Disabled
[2024-07-21T00:07:46.228+0530][gc,init] Compressed Oops: Enabled (32-bit)
[2024-07-21T00:07:46.228+0530][gc,init] Heap Region Size: 1M
[2024-07-21T00:07:46.228+0530][gc,init] Heap Min Capacity: 1G
[2024-07-21T00:07:46.228+0530][gc,init] Heap Initial Capacity: 1G
[2024-07-21T00:07:46.228+0530][gc,init] Heap Max Capacity: 1G
[2024-07-21T00:07:46.228+0530][gc,init] Pre-touch: Disabled
[2024-07-21T00:07:46.228+0530][gc,init] Parallel Workers: 13
[2024-07-21T00:07:46.228+0530][gc,init] Concurrent Workers: 3
[2024-07-21T00:07:46.228+0530][gc,init] Concurrent Refinement Workers: 13
[2024-07-21T00:07:46.228+0530][gc,init] Periodic GC: Disabled
[2024-07-21T00:07:46.233+0530][gc,metaspace] CDS archive(s) mapped at: [0x0000718e57000000-0x0000718e57bc7000-0x0000718e57bc7000), size 12349440, SharedBaseAddress: 0x0000718e57000000, ArchiveRelocationMode: 1.
[2024-07-21T00:07:46.233+0530][gc,metaspace] Compressed class space mapped at: 0x0000718e58000000-0x0000718e98000000, reserved size: 1073741824
[2024-07-21T00:07:46.233+0530][gc,metaspace] Narrow klass base: 0x0000718e57000000, Narrow klass shift: 0, Narrow klass range: 0x100000000
[2024-07-21T00:07:46.737+0530][gc,start    ] GC(0) Pause Young (Normal) (G1 Evacuation Pause)
[2024-07-21T00:07:46.738+0530][gc,task     ] GC(0) Using 13 workers of 13 for evacuation
[2024-07-21T00:07:46.740+0530][gc,phases   ] GC(0)   Pre Evacuate Collection Set: 0.0ms
[2024-07-21T00:07:46.740+0530][gc,phases   ] GC(0)   Merge Heap Roots: 0.0ms
[2024-07-21T00:07:46.740+0530][gc,phases   ] GC(0)   Evacuate Collection Set: 1.6ms
[2024-07-21T00:07:46.740+0530][gc,phases   ] GC(0)   Post Evacuate Collection Set: 0.2ms
[2024-07-21T00:07:46.740+0530][gc,phases   ] GC(0)   Other: 0.7ms
[2024-07-21T00:07:46.740+0530][gc,heap     ] GC(0) Eden regions: 51->0(44)
[2024-07-21T00:07:46.740+0530][gc,heap     ] GC(0) Survivor regions: 0->7(7)
[2024-07-21T00:07:46.740+0530][gc,heap     ] GC(0) Old regions: 0->2
[2024-07-21T00:07:46.740+0530][gc,heap     ] GC(0) Archive regions: 2->2
[2024-07-21T00:07:46.740+0530][gc,heap     ] GC(0) Humongous regions: 0->0
[2024-07-21T00:07:46.740+0530][gc,metaspace] GC(0) Metaspace: 17462K(17664K)->17462K(17664K) NonClass: 15351K(15488K)->15351K(15488K) Class: 2111K(2176K)->2111K(2176K)
[2024-07-21T00:07:46.740+0530][gc          ] GC(0) Pause Young (Normal) (G1 Evacuation Pause) 51M->8M(1024M) 2.634ms
[2024-07-21T00:07:46.740+0530][gc,cpu      ] GC(0) User=0.00s Sys=0.03s Real=0.00s
[2024-07-21T00:07:46.818+0530][gc,start    ] GC(1) Pause Young (Concurrent Start) (Metadata GC Threshold)
[2024-07-21T00:07:46.818+0530][gc,task     ] GC(1) Using 13 workers of 13 for evacuation
[2024-07-21T00:07:46.819+0530][gc,phases   ] GC(1)   Pre Evacuate Collection Set: 0.1ms
[2024-07-21T00:07:46.819+0530][gc,phases   ] GC(1)   Merge Heap Roots: 0.0ms
[2024-07-21T00:07:46.819+0530][gc,phases   ] GC(1)   Evacuate Collection Set: 1.2ms
[2024-07-21T00:07:46.819+0530][gc,phases   ] GC(1)   Post Evacuate Collection Set: 0.1ms
[2024-07-21T00:07:46.819+0530][gc,phases   ] GC(1)   Other: 0.1ms
[2024-07-21T00:07:46.819+0530][gc,heap     ] GC(1) Eden regions: 14->0(49)
[2024-07-21T00:07:46.819+0530][gc,heap     ] GC(1) Survivor regions: 7->2(7)
[2024-07-21T00:07:46.819+0530][gc,heap     ] GC(1) Old regions: 2->8
[2024-07-21T00:07:46.819+0530][gc,heap     ] GC(1) Archive regions: 2->2
[2024-07-21T00:07:46.819+0530][gc,heap     ] GC(1) Humongous regions: 0->0
[2024-07-21T00:07:46.819+0530][gc,metaspace] GC(1) Metaspace: 21262K(21504K)->21262K(21504K) NonClass: 18723K(18816K)->18723K(18816K) Class: 2538K(2688K)->2538K(2688K)
[2024-07-21T00:07:46.819+0530][gc          ] GC(1) Pause Young (Concurrent Start) (Metadata GC Threshold) 22M->10M(1024M) 1.622ms
[2024-07-21T00:07:46.819+0530][gc,cpu      ] GC(1) User=0.01s Sys=0.00s Real=0.00s
[2024-07-21T00:07:46.819+0530][gc          ] GC(2) Concurrent Mark Cycle
[2024-07-21T00:07:46.819+0530][gc,marking  ] GC(2) Concurrent Clear Claimed Marks
[2024-07-21T00:07:46.819+0530][gc,marking  ] GC(2) Concurrent Clear Claimed Marks 0.008ms
[2024-07-21T00:07:46.819+0530][gc,marking  ] GC(2) Concurrent Scan Root Regions
[2024-07-21T00:07:46.820+0530][gc,marking  ] GC(2) Concurrent Scan Root Regions 0.879ms
[2024-07-21T00:07:46.820+0530][gc,marking  ] GC(2) Concurrent Mark
[2024-07-21T00:07:46.820+0530][gc,marking  ] GC(2) Concurrent Mark From Roots
[2024-07-21T00:07:46.820+0530][gc,task     ] GC(2) Using 3 workers of 3 for marking
[2024-07-21T00:07:46.821+0530][gc,marking  ] GC(2) Concurrent Mark From Roots 0.911ms
[2024-07-21T00:07:46.821+0530][gc,marking  ] GC(2) Concurrent Preclean
[2024-07-21T00:07:46.821+0530][gc,marking  ] GC(2) Concurrent Preclean 0.056ms
[2024-07-21T00:07:46.821+0530][gc,start    ] GC(2) Pause Remark
[2024-07-21T00:07:46.822+0530][gc          ] GC(2) Pause Remark 11M->11M(1024M) 0.654ms
[2024-07-21T00:07:46.822+0530][gc,cpu      ] GC(2) User=0.01s Sys=0.00s Real=0.00s
[2024-07-21T00:07:46.822+0530][gc,marking  ] GC(2) Concurrent Mark 1.937ms
[2024-07-21T00:07:46.822+0530][gc,marking  ] GC(2) Concurrent Rebuild Remembered Sets
[2024-07-21T00:07:46.822+0530][gc,marking  ] GC(2) Concurrent Rebuild Remembered Sets 0.004ms
[2024-07-21T00:07:46.822+0530][gc,start    ] GC(2) Pause Cleanup
[2024-07-21T00:07:46.822+0530][gc          ] GC(2) Pause Cleanup 11M->11M(1024M) 0.005ms
[2024-07-21T00:07:46.822+0530][gc,cpu      ] GC(2) User=0.00s Sys=0.00s Real=0.00s
[2024-07-21T00:07:46.822+0530][gc,marking  ] GC(2) Concurrent Cleanup for Next Mark
[2024-07-21T00:07:46.824+0530][gc,marking  ] GC(2) Concurrent Cleanup for Next Mark 1.723ms
[2024-07-21T00:07:46.824+0530][gc          ] GC(2) Concurrent Mark Cycle 4.715ms
[2024-07-21T00:07:47.182+0530][gc,start    ] GC(3) Pause Young (Normal) (G1 Evacuation Pause)
[2024-07-21T00:07:47.182+0530][gc,task     ] GC(3) Using 13 workers of 13 for evacuation
[2024-07-21T00:07:47.184+0530][gc,phases   ] GC(3)   Pre Evacuate Collection Set: 0.1ms
[2024-07-21T00:07:47.184+0530][gc,phases   ] GC(3)   Merge Heap Roots: 0.0ms
[2024-07-21T00:07:47.184+0530][gc,phases   ] GC(3)   Evacuate Collection Set: 2.0ms
[2024-07-21T00:07:47.184+0530][gc,phases   ] GC(3)   Post Evacuate Collection Set: 0.2ms
[2024-07-21T00:07:47.184+0530][gc,phases   ] GC(3)   Other: 0.1ms
[2024-07-21T00:07:47.184+0530][gc,heap     ] GC(3) Eden regions: 49->0(44)
[2024-07-21T00:07:47.184+0530][gc,heap     ] GC(3) Survivor regions: 2->7(7)
[2024-07-21T00:07:47.184+0530][gc,heap     ] GC(3) Old regions: 8->8
[2024-07-21T00:07:47.184+0530][gc,heap     ] GC(3) Archive regions: 2->2
[2024-07-21T00:07:47.184+0530][gc,heap     ] GC(3) Humongous regions: 129->129
[2024-07-21T00:07:47.184+0530][gc,metaspace] GC(3) Metaspace: 32305K(32512K)->32305K(32512K) NonClass: 28666K(28800K)->28666K(28800K) Class: 3638K(3712K)->3638K(3712K)
[2024-07-21T00:07:47.184+0530][gc          ] GC(3) Pause Young (Normal) (G1 Evacuation Pause) 188M->143M(1024M) 2.442ms
[2024-07-21T00:07:47.184+0530][gc,cpu      ] GC(3) User=0.03s Sys=0.00s Real=0.01s
[2024-07-21T00:07:47.243+0530][gc,start    ] GC(4) Pause Young (Concurrent Start) (Metadata GC Threshold)
[2024-07-21T00:07:47.243+0530][gc,task     ] GC(4) Using 13 workers of 13 for evacuation
[2024-07-21T00:07:47.245+0530][gc,phases   ] GC(4)   Pre Evacuate Collection Set: 0.1ms
[2024-07-21T00:07:47.245+0530][gc,phases   ] GC(4)   Merge Heap Roots: 0.0ms
[2024-07-21T00:07:47.245+0530][gc,phases   ] GC(4)   Evacuate Collection Set: 1.5ms
[2024-07-21T00:07:47.245+0530][gc,phases   ] GC(4)   Post Evacuate Collection Set: 0.1ms
[2024-07-21T00:07:47.245+0530][gc,phases   ] GC(4)   Other: 0.1ms
[2024-07-21T00:07:47.245+0530][gc,heap     ] GC(4) Eden regions: 14->0(49)
[2024-07-21T00:07:47.245+0530][gc,heap     ] GC(4) Survivor regions: 7->2(7)
[2024-07-21T00:07:47.245+0530][gc,heap     ] GC(4) Old regions: 8->14
[2024-07-21T00:07:47.245+0530][gc,heap     ] GC(4) Archive regions: 2->2
[2024-07-21T00:07:47.245+0530][gc,heap     ] GC(4) Humongous regions: 129->129
[2024-07-21T00:07:47.245+0530][gc,metaspace] GC(4) Metaspace: 35713K(35968K)->35713K(35968K) NonClass: 31734K(31872K)->31734K(31872K) Class: 3978K(4096K)->3978K(4096K)
[2024-07-21T00:07:47.245+0530][gc          ] GC(4) Pause Young (Concurrent Start) (Metadata GC Threshold) 157M->145M(1024M) 1.931ms
[2024-07-21T00:07:47.245+0530][gc,cpu      ] GC(4) User=0.02s Sys=0.00s Real=0.01s
[2024-07-21T00:07:47.245+0530][gc          ] GC(5) Concurrent Mark Cycle
[2024-07-21T00:07:47.245+0530][gc,marking  ] GC(5) Concurrent Clear Claimed Marks
[2024-07-21T00:07:47.245+0530][gc,marking  ] GC(5) Concurrent Clear Claimed Marks 0.017ms
[2024-07-21T00:07:47.245+0530][gc,marking  ] GC(5) Concurrent Scan Root Regions
[2024-07-21T00:07:47.246+0530][gc,marking  ] GC(5) Concurrent Scan Root Regions 1.135ms
[2024-07-21T00:07:47.246+0530][gc,marking  ] GC(5) Concurrent Mark
[2024-07-21T00:07:47.246+0530][gc,marking  ] GC(5) Concurrent Mark From Roots
[2024-07-21T00:07:47.246+0530][gc,task     ] GC(5) Using 3 workers of 3 for marking
[2024-07-21T00:07:47.249+0530][gc,marking  ] GC(5) Concurrent Mark From Roots 2.575ms
[2024-07-21T00:07:47.249+0530][gc,marking  ] GC(5) Concurrent Preclean
[2024-07-21T00:07:47.249+0530][gc,marking  ] GC(5) Concurrent Preclean 0.135ms
[2024-07-21T00:07:47.249+0530][gc,start    ] GC(5) Pause Remark
[2024-07-21T00:07:47.250+0530][gc          ] GC(5) Pause Remark 146M->146M(1024M) 0.802ms
[2024-07-21T00:07:47.250+0530][gc,cpu      ] GC(5) User=0.01s Sys=0.00s Real=0.00s
[2024-07-21T00:07:47.250+0530][gc,marking  ] GC(5) Concurrent Mark 3.728ms
[2024-07-21T00:07:47.250+0530][gc,marking  ] GC(5) Concurrent Rebuild Remembered Sets
[2024-07-21T00:07:47.252+0530][gc,marking  ] GC(5) Concurrent Rebuild Remembered Sets 2.202ms
[2024-07-21T00:07:47.252+0530][gc,start    ] GC(5) Pause Cleanup
[2024-07-21T00:07:47.252+0530][gc          ] GC(5) Pause Cleanup 147M->147M(1024M) 0.140ms
[2024-07-21T00:07:47.252+0530][gc,cpu      ] GC(5) User=0.00s Sys=0.00s Real=0.00s
[2024-07-21T00:07:47.252+0530][gc,marking  ] GC(5) Concurrent Cleanup for Next Mark
[2024-07-21T00:07:47.255+0530][gc,marking  ] GC(5) Concurrent Cleanup for Next Mark 2.137ms
[2024-07-21T00:07:47.255+0530][gc          ] GC(5) Concurrent Mark Cycle 9.615ms
[2024-07-21T00:07:59.540+0530][gc,start    ] GC(6) Pause Young (Normal) (G1 Evacuation Pause)
[2024-07-21T00:07:59.540+0530][gc,task     ] GC(6) Using 13 workers of 13 for evacuation
[2024-07-21T00:07:59.541+0530][gc,phases   ] GC(6)   Pre Evacuate Collection Set: 0.1ms
[2024-07-21T00:07:59.541+0530][gc,phases   ] GC(6)   Merge Heap Roots: 0.0ms
[2024-07-21T00:07:59.541+0530][gc,phases   ] GC(6)   Evacuate Collection Set: 0.7ms
[2024-07-21T00:07:59.541+0530][gc,phases   ] GC(6)   Post Evacuate Collection Set: 0.2ms
[2024-07-21T00:07:59.541+0530][gc,phases   ] GC(6)   Other: 0.1ms
[2024-07-21T00:07:59.541+0530][gc,heap     ] GC(6) Eden regions: 49->0(48)
[2024-07-21T00:07:59.541+0530][gc,heap     ] GC(6) Survivor regions: 2->3(7)
[2024-07-21T00:07:59.541+0530][gc,heap     ] GC(6) Old regions: 14->14
[2024-07-21T00:07:59.541+0530][gc,heap     ] GC(6) Archive regions: 2->2
[2024-07-21T00:07:59.541+0530][gc,heap     ] GC(6) Humongous regions: 131->131
[2024-07-21T00:07:59.541+0530][gc,metaspace] GC(6) Metaspace: 38156K(38464K)->38156K(38464K) NonClass: 33810K(33984K)->33810K(33984K) Class: 4345K(4480K)->4345K(4480K)
[2024-07-21T00:07:59.541+0530][gc          ] GC(6) Pause Young (Normal) (G1 Evacuation Pause) 196M->147M(1024M) 1.124ms
[2024-07-21T00:07:59.541+0530][gc,cpu      ] GC(6) User=0.01s Sys=0.00s Real=0.00s
[2024-07-21T00:07:59.615+0530][gc,start    ] GC(7) Pause Young (Normal) (G1 Evacuation Pause)
[2024-07-21T00:07:59.615+0530][gc,task     ] GC(7) Using 13 workers of 13 for evacuation
[2024-07-21T00:07:59.616+0530][gc,phases   ] GC(7)   Pre Evacuate Collection Set: 0.1ms
[2024-07-21T00:07:59.616+0530][gc,phases   ] GC(7)   Merge Heap Roots: 0.0ms
[2024-07-21T00:07:59.616+0530][gc,phases   ] GC(7)   Evacuate Collection Set: 0.7ms
[2024-07-21T00:07:59.616+0530][gc,phases   ] GC(7)   Post Evacuate Collection Set: 0.2ms
[2024-07-21T00:07:59.616+0530][gc,phases   ] GC(7)   Other: 0.1ms
[2024-07-21T00:07:59.616+0530][gc,heap     ] GC(7) Eden regions: 48->0(48)
[2024-07-21T00:07:59.616+0530][gc,heap     ] GC(7) Survivor regions: 3->3(7)
[2024-07-21T00:07:59.616+0530][gc,heap     ] GC(7) Old regions: 14->14
[2024-07-21T00:07:59.616+0530][gc,heap     ] GC(7) Archive regions: 2->2
[2024-07-21T00:07:59.616+0530][gc,heap     ] GC(7) Humongous regions: 131->131
[2024-07-21T00:07:59.616+0530][gc,metaspace] GC(7) Metaspace: 38443K(38784K)->38443K(38784K) NonClass: 34066K(34240K)->34066K(34240K) Class: 4377K(4544K)->4377K(4544K)
[2024-07-21T00:07:59.616+0530][gc          ] GC(7) Pause Young (Normal) (G1 Evacuation Pause) 195M->147M(1024M) 1.160ms
[2024-07-21T00:07:59.616+0530][gc,cpu      ] GC(7) User=0.02s Sys=0.00s Real=0.01s
[2024-07-21T00:07:59.682+0530][gc,start    ] GC(8) Pause Young (Normal) (G1 Evacuation Pause)
[2024-07-21T00:07:59.682+0530][gc,task     ] GC(8) Using 13 workers of 13 for evacuation
[2024-07-21T00:07:59.683+0530][gc,phases   ] GC(8)   Pre Evacuate Collection Set: 0.1ms
[2024-07-21T00:07:59.683+0530][gc,phases   ] GC(8)   Merge Heap Roots: 0.0ms
[2024-07-21T00:07:59.683+0530][gc,phases   ] GC(8)   Evacuate Collection Set: 0.6ms
[2024-07-21T00:07:59.683+0530][gc,phases   ] GC(8)   Post Evacuate Collection Set: 0.1ms
[2024-07-21T00:07:59.683+0530][gc,phases   ] GC(8)   Other: 0.1ms
[2024-07-21T00:07:59.683+0530][gc,heap     ] GC(8) Eden regions: 48->0(65)
[2024-07-21T00:07:59.683+0530][gc,heap     ] GC(8) Survivor regions: 3->3(7)
[2024-07-21T00:07:59.683+0530][gc,heap     ] GC(8) Old regions: 14->14
[2024-07-21T00:07:59.683+0530][gc,heap     ] GC(8) Archive regions: 2->2
[2024-07-21T00:07:59.683+0530][gc,heap     ] GC(8) Humongous regions: 131->131
[2024-07-21T00:07:59.683+0530][gc,metaspace] GC(8) Metaspace: 38548K(38912K)->38548K(38912K) NonClass: 34152K(34368K)->34152K(34368K) Class: 4395K(4544K)->4395K(4544K)
[2024-07-21T00:07:59.683+0530][gc          ] GC(8) Pause Young (Normal) (G1 Evacuation Pause) 195M->148M(1024M) 0.965ms
[2024-07-21T00:07:59.683+0530][gc,cpu      ] GC(8) User=0.00s Sys=0.00s Real=0.00s
[2024-07-21T00:07:59.767+0530][gc,start    ] GC(9) Pause Young (Normal) (G1 Evacuation Pause)
[2024-07-21T00:07:59.767+0530][gc,task     ] GC(9) Using 13 workers of 13 for evacuation
[2024-07-21T00:07:59.768+0530][gc,phases   ] GC(9)   Pre Evacuate Collection Set: 0.1ms
[2024-07-21T00:07:59.768+0530][gc,phases   ] GC(9)   Merge Heap Roots: 0.0ms
[2024-07-21T00:07:59.768+0530][gc,phases   ] GC(9)   Evacuate Collection Set: 0.8ms
[2024-07-21T00:07:59.768+0530][gc,phases   ] GC(9)   Post Evacuate Collection Set: 0.2ms
[2024-07-21T00:07:59.768+0530][gc,phases   ] GC(9)   Other: 0.1ms
[2024-07-21T00:07:59.768+0530][gc,heap     ] GC(9) Eden regions: 65->0(378)
[2024-07-21T00:07:59.768+0530][gc,heap     ] GC(9) Survivor regions: 3->3(9)
[2024-07-21T00:07:59.768+0530][gc,heap     ] GC(9) Old regions: 14->14
[2024-07-21T00:07:59.768+0530][gc,heap     ] GC(9) Archive regions: 2->2
[2024-07-21T00:07:59.768+0530][gc,heap     ] GC(9) Humongous regions: 131->131
[2024-07-21T00:07:59.768+0530][gc,metaspace] GC(9) Metaspace: 38595K(38912K)->38595K(38912K) NonClass: 34188K(34368K)->34188K(34368K) Class: 4406K(4544K)->4406K(4544K)
[2024-07-21T00:07:59.768+0530][gc          ] GC(9) Pause Young (Normal) (G1 Evacuation Pause) 213M->148M(1024M) 1.252ms
[2024-07-21T00:07:59.768+0530][gc,cpu      ] GC(9) User=0.01s Sys=0.01s Real=0.00s
[2024-07-21T00:08:21.684+0530][gc,start    ] GC(10) Pause Young (Normal) (G1 Evacuation Pause)
[2024-07-21T00:08:21.684+0530][gc,task     ] GC(10) Using 13 workers of 13 for evacuation
[2024-07-21T00:08:21.685+0530][gc,phases   ] GC(10)   Pre Evacuate Collection Set: 0.1ms
[2024-07-21T00:08:21.685+0530][gc,phases   ] GC(10)   Merge Heap Roots: 0.2ms
[2024-07-21T00:08:21.685+0530][gc,phases   ] GC(10)   Evacuate Collection Set: 0.7ms
[2024-07-21T00:08:21.685+0530][gc,phases   ] GC(10)   Post Evacuate Collection Set: 0.3ms
[2024-07-21T00:08:21.685+0530][gc,phases   ] GC(10)   Other: 0.1ms
[2024-07-21T00:08:21.685+0530][gc,heap     ] GC(10) Eden regions: 378->0(611)
[2024-07-21T00:08:21.685+0530][gc,heap     ] GC(10) Survivor regions: 3->3(48)
[2024-07-21T00:08:21.685+0530][gc,heap     ] GC(10) Old regions: 14->14
[2024-07-21T00:08:21.685+0530][gc,heap     ] GC(10) Archive regions: 2->2
[2024-07-21T00:08:21.685+0530][gc,heap     ] GC(10) Humongous regions: 131->131
[2024-07-21T00:08:21.685+0530][gc,metaspace] GC(10) Metaspace: 39185K(39552K)->39185K(39552K) NonClass: 34698K(34880K)->34698K(34880K) Class: 4487K(4672K)->4487K(4672K)
[2024-07-21T00:08:21.685+0530][gc          ] GC(10) Pause Young (Normal) (G1 Evacuation Pause) 526M->148M(1024M) 1.425ms
[2024-07-21T00:08:21.685+0530][gc,cpu      ] GC(10) User=0.01s Sys=0.00s Real=0.00s
[2024-07-21T00:08:23.403+0530][gc,start    ] GC(11) Pause Young (Normal) (G1 Evacuation Pause)
[2024-07-21T00:08:23.403+0530][gc,task     ] GC(11) Using 13 workers of 13 for evacuation
[2024-07-21T00:08:23.404+0530][gc,phases   ] GC(11)   Pre Evacuate Collection Set: 0.1ms
[2024-07-21T00:08:23.404+0530][gc,phases   ] GC(11)   Merge Heap Roots: 0.1ms
[2024-07-21T00:08:23.404+0530][gc,phases   ] GC(11)   Evacuate Collection Set: 0.6ms
[2024-07-21T00:08:23.404+0530][gc,phases   ] GC(11)   Post Evacuate Collection Set: 0.3ms
[2024-07-21T00:08:23.404+0530][gc,phases   ] GC(11)   Other: 0.1ms
[2024-07-21T00:08:23.404+0530][gc,heap     ] GC(11) Eden regions: 611->0(610)
[2024-07-21T00:08:23.404+0530][gc,heap     ] GC(11) Survivor regions: 3->4(77)
[2024-07-21T00:08:23.404+0530][gc,heap     ] GC(11) Old regions: 14->14
[2024-07-21T00:08:23.404+0530][gc,heap     ] GC(11) Archive regions: 2->2
[2024-07-21T00:08:23.404+0530][gc,heap     ] GC(11) Humongous regions: 131->131
[2024-07-21T00:08:23.404+0530][gc,metaspace] GC(11) Metaspace: 39232K(39616K)->39232K(39616K) NonClass: 34745K(34944K)->34745K(34944K) Class: 4487K(4672K)->4487K(4672K)
[2024-07-21T00:08:23.404+0530][gc          ] GC(11) Pause Young (Normal) (G1 Evacuation Pause) 759M->148M(1024M) 1.246ms
[2024-07-21T00:08:23.404+0530][gc,cpu      ] GC(11) User=0.01s Sys=0.00s Real=0.01s
[2024-07-21T00:08:29.147+0530][gc,start    ] GC(12) Pause Young (Normal) (G1 Evacuation Pause)
[2024-07-21T00:08:29.147+0530][gc,task     ] GC(12) Using 13 workers of 13 for evacuation
[2024-07-21T00:08:29.149+0530][gc,phases   ] GC(12)   Pre Evacuate Collection Set: 0.1ms
[2024-07-21T00:08:29.149+0530][gc,phases   ] GC(12)   Merge Heap Roots: 0.1ms
[2024-07-21T00:08:29.149+0530][gc,phases   ] GC(12)   Evacuate Collection Set: 0.9ms
[2024-07-21T00:08:29.149+0530][gc,phases   ] GC(12)   Post Evacuate Collection Set: 0.4ms
[2024-07-21T00:08:29.149+0530][gc,phases   ] GC(12)   Other: 0.1ms
[2024-07-21T00:08:29.149+0530][gc,heap     ] GC(12) Eden regions: 610->0(610)
[2024-07-21T00:08:29.149+0530][gc,heap     ] GC(12) Survivor regions: 4->4(77)
[2024-07-21T00:08:29.149+0530][gc,heap     ] GC(12) Old regions: 14->14
[2024-07-21T00:08:29.149+0530][gc,heap     ] GC(12) Archive regions: 2->2
[2024-07-21T00:08:29.149+0530][gc,heap     ] GC(12) Humongous regions: 131->131
[2024-07-21T00:08:29.149+0530][gc,metaspace] GC(12) Metaspace: 39321K(39744K)->39321K(39744K) NonClass: 34831K(35072K)->34831K(35072K) Class: 4490K(4672K)->4490K(4672K)
[2024-07-21T00:08:29.149+0530][gc          ] GC(12) Pause Young (Normal) (G1 Evacuation Pause) 758M->148M(1024M) 1.640ms
[2024-07-21T00:08:29.149+0530][gc,cpu      ] GC(12) User=0.02s Sys=0.00s Real=0.00s
[2024-07-21T00:08:44.712+0530][gc,start    ] GC(13) Pause Young (Normal) (G1 Evacuation Pause)
[2024-07-21T00:08:44.713+0530][gc,task     ] GC(13) Using 13 workers of 13 for evacuation
[2024-07-21T00:08:44.714+0530][gc,phases   ] GC(13)   Pre Evacuate Collection Set: 0.1ms
[2024-07-21T00:08:44.714+0530][gc,phases   ] GC(13)   Merge Heap Roots: 0.2ms
[2024-07-21T00:08:44.714+0530][gc,phases   ] GC(13)   Evacuate Collection Set: 0.7ms
[2024-07-21T00:08:44.714+0530][gc,phases   ] GC(13)   Post Evacuate Collection Set: 0.3ms
[2024-07-21T00:08:44.714+0530][gc,phases   ] GC(13)   Other: 0.1ms
[2024-07-21T00:08:44.714+0530][gc,heap     ] GC(13) Eden regions: 610->0(610)
[2024-07-21T00:08:44.714+0530][gc,heap     ] GC(13) Survivor regions: 4->4(77)
[2024-07-21T00:08:44.714+0530][gc,heap     ] GC(13) Old regions: 14->14
[2024-07-21T00:08:44.714+0530][gc,heap     ] GC(13) Archive regions: 2->2
[2024-07-21T00:08:44.714+0530][gc,heap     ] GC(13) Humongous regions: 131->131
[2024-07-21T00:08:44.714+0530][gc,metaspace] GC(13) Metaspace: 39372K(39744K)->39372K(39744K) NonClass: 34879K(35072K)->34879K(35072K) Class: 4493K(4672K)->4493K(4672K)
[2024-07-21T00:08:44.714+0530][gc          ] GC(13) Pause Young (Normal) (G1 Evacuation Pause) 758M->148M(1024M) 1.472ms
[2024-07-21T00:08:44.714+0530][gc,cpu      ] GC(13) User=0.01s Sys=0.00s Real=0.00s
[2024-07-21T00:08:48.663+0530][gc,start    ] GC(14) Pause Young (Normal) (G1 Evacuation Pause)
[2024-07-21T00:08:48.663+0530][gc,task     ] GC(14) Using 13 workers of 13 for evacuation
[2024-07-21T00:08:48.664+0530][gc,phases   ] GC(14)   Pre Evacuate Collection Set: 0.1ms
[2024-07-21T00:08:48.664+0530][gc,phases   ] GC(14)   Merge Heap Roots: 0.1ms
[2024-07-21T00:08:48.664+0530][gc,phases   ] GC(14)   Evacuate Collection Set: 0.8ms
[2024-07-21T00:08:48.664+0530][gc,phases   ] GC(14)   Post Evacuate Collection Set: 0.4ms
[2024-07-21T00:08:48.664+0530][gc,phases   ] GC(14)   Other: 0.1ms
[2024-07-21T00:08:48.664+0530][gc,heap     ] GC(14) Eden regions: 610->0(611)
[2024-07-21T00:08:48.664+0530][gc,heap     ] GC(14) Survivor regions: 4->3(77)
[2024-07-21T00:08:48.664+0530][gc,heap     ] GC(14) Old regions: 14->14
[2024-07-21T00:08:48.664+0530][gc,heap     ] GC(14) Archive regions: 2->2
[2024-07-21T00:08:48.664+0530][gc,heap     ] GC(14) Humongous regions: 131->131
[2024-07-21T00:08:48.664+0530][gc,metaspace] GC(14) Metaspace: 39398K(39744K)->39398K(39744K) NonClass: 34904K(35072K)->34904K(35072K) Class: 4493K(4672K)->4493K(4672K)
[2024-07-21T00:08:48.664+0530][gc          ] GC(14) Pause Young (Normal) (G1 Evacuation Pause) 758M->148M(1024M) 1.517ms
[2024-07-21T00:08:48.664+0530][gc,cpu      ] GC(14) User=0.01s Sys=0.00s Real=0.01s
[2024-07-21T00:09:14.480+0530][gc,start    ] GC(15) Pause Young (Normal) (G1 Evacuation Pause)
[2024-07-21T00:09:14.480+0530][gc,task     ] GC(15) Using 13 workers of 13 for evacuation
[2024-07-21T00:09:14.482+0530][gc,phases   ] GC(15)   Pre Evacuate Collection Set: 0.1ms
[2024-07-21T00:09:14.482+0530][gc,phases   ] GC(15)   Merge Heap Roots: 0.1ms
[2024-07-21T00:09:14.482+0530][gc,phases   ] GC(15)   Evacuate Collection Set: 0.7ms
[2024-07-21T00:09:14.482+0530][gc,phases   ] GC(15)   Post Evacuate Collection Set: 0.3ms
[2024-07-21T00:09:14.482+0530][gc,phases   ] GC(15)   Other: 0.1ms
[2024-07-21T00:09:14.482+0530][gc,heap     ] GC(15) Eden regions: 611->0(611)
[2024-07-21T00:09:14.482+0530][gc,heap     ] GC(15) Survivor regions: 3->3(77)
[2024-07-21T00:09:14.482+0530][gc,heap     ] GC(15) Old regions: 14->14
[2024-07-21T00:09:14.482+0530][gc,heap     ] GC(15) Archive regions: 2->2
[2024-07-21T00:09:14.482+0530][gc,heap     ] GC(15) Humongous regions: 131->131
[2024-07-21T00:09:14.482+0530][gc,metaspace] GC(15) Metaspace: 39496K(39872K)->39496K(39872K) NonClass: 34993K(35200K)->34993K(35200K) Class: 4503K(4672K)->4503K(4672K)
[2024-07-21T00:09:14.482+0530][gc          ] GC(15) Pause Young (Normal) (G1 Evacuation Pause) 759M->148M(1024M) 1.362ms
[2024-07-21T00:09:14.482+0530][gc,cpu      ] GC(15) User=0.01s Sys=0.00s Real=0.00s
[2024-07-21T00:09:44.630+0530][gc,start    ] GC(16) Pause Young (Normal) (G1 Evacuation Pause)
[2024-07-21T00:09:44.630+0530][gc,task     ] GC(16) Using 13 workers of 13 for evacuation
[2024-07-21T00:09:44.632+0530][gc,phases   ] GC(16)   Pre Evacuate Collection Set: 0.1ms
[2024-07-21T00:09:44.632+0530][gc,phases   ] GC(16)   Merge Heap Roots: 0.1ms
[2024-07-21T00:09:44.632+0530][gc,phases   ] GC(16)   Evacuate Collection Set: 0.9ms
[2024-07-21T00:09:44.632+0530][gc,phases   ] GC(16)   Post Evacuate Collection Set: 0.4ms
[2024-07-21T00:09:44.632+0530][gc,phases   ] GC(16)   Other: 0.1ms
[2024-07-21T00:09:44.632+0530][gc,heap     ] GC(16) Eden regions: 611->0(610)
[2024-07-21T00:09:44.632+0530][gc,heap     ] GC(16) Survivor regions: 3->4(77)
[2024-07-21T00:09:44.632+0530][gc,heap     ] GC(16) Old regions: 14->14
[2024-07-21T00:09:44.632+0530][gc,heap     ] GC(16) Archive regions: 2->2
[2024-07-21T00:09:44.632+0530][gc,heap     ] GC(16) Humongous regions: 131->131
[2024-07-21T00:09:44.632+0530][gc,metaspace] GC(16) Metaspace: 39610K(40064K)->39610K(40064K) NonClass: 35087K(35328K)->35087K(35328K) Class: 4522K(4736K)->4522K(4736K)
[2024-07-21T00:09:44.632+0530][gc          ] GC(16) Pause Young (Normal) (G1 Evacuation Pause) 759M->148M(1024M) 1.560ms
[2024-07-21T00:09:44.632+0530][gc,cpu      ] GC(16) User=0.01s Sys=0.00s Real=0.00s
[2024-07-21T00:10:29.517+0530][gc,start    ] GC(17) Pause Young (Normal) (G1 Evacuation Pause)
[2024-07-21T00:10:29.517+0530][gc,task     ] GC(17) Using 13 workers of 13 for evacuation
[2024-07-21T00:10:29.518+0530][gc,phases   ] GC(17)   Pre Evacuate Collection Set: 0.1ms
[2024-07-21T00:10:29.518+0530][gc,phases   ] GC(17)   Merge Heap Roots: 0.1ms
[2024-07-21T00:10:29.518+0530][gc,phases   ] GC(17)   Evacuate Collection Set: 0.7ms
[2024-07-21T00:10:29.518+0530][gc,phases   ] GC(17)   Post Evacuate Collection Set: 0.3ms
[2024-07-21T00:10:29.518+0530][gc,phases   ] GC(17)   Other: 0.1ms
[2024-07-21T00:10:29.518+0530][gc,heap     ] GC(17) Eden regions: 610->0(611)
[2024-07-21T00:10:29.518+0530][gc,heap     ] GC(17) Survivor regions: 4->3(77)
[2024-07-21T00:10:29.518+0530][gc,heap     ] GC(17) Old regions: 14->14
[2024-07-21T00:10:29.518+0530][gc,heap     ] GC(17) Archive regions: 2->2
[2024-07-21T00:10:29.518+0530][gc,heap     ] GC(17) Humongous regions: 131->131
[2024-07-21T00:10:29.518+0530][gc,metaspace] GC(17) Metaspace: 39638K(40064K)->39638K(40064K) NonClass: 35116K(35328K)->35116K(35328K) Class: 4522K(4736K)->4522K(4736K)
[2024-07-21T00:10:29.518+0530][gc          ] GC(17) Pause Young (Normal) (G1 Evacuation Pause) 758M->148M(1024M) 1.302ms
[2024-07-21T00:10:29.518+0530][gc,cpu      ] GC(17) User=0.01s Sys=0.00s Real=0.00s
[2024-07-21T00:10:59.657+0530][gc,start    ] GC(18) Pause Young (Normal) (G1 Evacuation Pause)
[2024-07-21T00:10:59.657+0530][gc,task     ] GC(18) Using 13 workers of 13 for evacuation
[2024-07-21T00:10:59.658+0530][gc,phases   ] GC(18)   Pre Evacuate Collection Set: 0.1ms
[2024-07-21T00:10:59.658+0530][gc,phases   ] GC(18)   Merge Heap Roots: 0.1ms
[2024-07-21T00:10:59.658+0530][gc,phases   ] GC(18)   Evacuate Collection Set: 0.7ms
[2024-07-21T00:10:59.658+0530][gc,phases   ] GC(18)   Post Evacuate Collection Set: 0.3ms
[2024-07-21T00:10:59.658+0530][gc,phases   ] GC(18)   Other: 0.1ms
[2024-07-21T00:10:59.658+0530][gc,heap     ] GC(18) Eden regions: 611->0(610)
[2024-07-21T00:10:59.658+0530][gc,heap     ] GC(18) Survivor regions: 3->4(77)
[2024-07-21T00:10:59.658+0530][gc,heap     ] GC(18) Old regions: 14->14
[2024-07-21T00:10:59.658+0530][gc,heap     ] GC(18) Archive regions: 2->2
[2024-07-21T00:10:59.658+0530][gc,heap     ] GC(18) Humongous regions: 131->131
[2024-07-21T00:10:59.658+0530][gc,metaspace] GC(18) Metaspace: 39673K(40128K)->39673K(40128K) NonClass: 35150K(35392K)->35150K(35392K) Class: 4522K(4736K)->4522K(4736K)
[2024-07-21T00:10:59.658+0530][gc          ] GC(18) Pause Young (Normal) (G1 Evacuation Pause) 759M->148M(1024M) 1.408ms
[2024-07-21T00:10:59.658+0530][gc,cpu      ] GC(18) User=0.01s Sys=0.00s Real=0.00s
[2024-07-21T00:11:44.535+0530][gc,start    ] GC(19) Pause Young (Normal) (G1 Evacuation Pause)
[2024-07-21T00:11:44.535+0530][gc,task     ] GC(19) Using 13 workers of 13 for evacuation
[2024-07-21T00:11:44.536+0530][gc,phases   ] GC(19)   Pre Evacuate Collection Set: 0.1ms
[2024-07-21T00:11:44.536+0530][gc,phases   ] GC(19)   Merge Heap Roots: 0.1ms
[2024-07-21T00:11:44.536+0530][gc,phases   ] GC(19)   Evacuate Collection Set: 0.7ms
[2024-07-21T00:11:44.536+0530][gc,phases   ] GC(19)   Post Evacuate Collection Set: 0.4ms
[2024-07-21T00:11:44.536+0530][gc,phases   ] GC(19)   Other: 0.1ms
[2024-07-21T00:11:44.536+0530][gc,heap     ] GC(19) Eden regions: 610->0(610)
[2024-07-21T00:11:44.536+0530][gc,heap     ] GC(19) Survivor regions: 4->4(77)
[2024-07-21T00:11:44.536+0530][gc,heap     ] GC(19) Old regions: 14->14
[2024-07-21T00:11:44.536+0530][gc,heap     ] GC(19) Archive regions: 2->2
[2024-07-21T00:11:44.536+0530][gc,heap     ] GC(19) Humongous regions: 131->131
[2024-07-21T00:11:44.536+0530][gc,metaspace] GC(19) Metaspace: 39699K(40128K)->39699K(40128K) NonClass: 35176K(35392K)->35176K(35392K) Class: 4522K(4736K)->4522K(4736K)
[2024-07-21T00:11:44.536+0530][gc          ] GC(19) Pause Young (Normal) (G1 Evacuation Pause) 758M->148M(1024M) 1.363ms
[2024-07-21T00:11:44.536+0530][gc,cpu      ] GC(19) User=0.01s Sys=0.00s Real=0.01s
[2024-07-21T00:12:14.674+0530][gc,start    ] GC(20) Pause Young (Normal) (G1 Evacuation Pause)
[2024-07-21T00:12:14.674+0530][gc,task     ] GC(20) Using 13 workers of 13 for evacuation
[2024-07-21T00:12:14.675+0530][gc,phases   ] GC(20)   Pre Evacuate Collection Set: 0.1ms
[2024-07-21T00:12:14.675+0530][gc,phases   ] GC(20)   Merge Heap Roots: 0.2ms
[2024-07-21T00:12:14.675+0530][gc,phases   ] GC(20)   Evacuate Collection Set: 0.7ms
[2024-07-21T00:12:14.675+0530][gc,phases   ] GC(20)   Post Evacuate Collection Set: 0.3ms
[2024-07-21T00:12:14.675+0530][gc,phases   ] GC(20)   Other: 0.1ms
[2024-07-21T00:12:14.675+0530][gc,heap     ] GC(20) Eden regions: 610->0(611)
[2024-07-21T00:12:14.675+0530][gc,heap     ] GC(20) Survivor regions: 4->3(77)
[2024-07-21T00:12:14.675+0530][gc,heap     ] GC(20) Old regions: 14->15
[2024-07-21T00:12:14.675+0530][gc,heap     ] GC(20) Archive regions: 2->2
[2024-07-21T00:12:14.675+0530][gc,heap     ] GC(20) Humongous regions: 131->131
[2024-07-21T00:12:14.675+0530][gc,metaspace] GC(20) Metaspace: 39711K(40128K)->39711K(40128K) NonClass: 35188K(35392K)->35188K(35392K) Class: 4522K(4736K)->4522K(4736K)
[2024-07-21T00:12:14.675+0530][gc          ] GC(20) Pause Young (Normal) (G1 Evacuation Pause) 758M->148M(1024M) 1.408ms
[2024-07-21T00:12:14.675+0530][gc,cpu      ] GC(20) User=0.01s Sys=0.00s Real=0.00s
[2024-07-21T00:13:14.570+0530][gc,start    ] GC(21) Pause Young (Normal) (G1 Evacuation Pause)
[2024-07-21T00:13:14.570+0530][gc,task     ] GC(21) Using 13 workers of 13 for evacuation
[2024-07-21T00:13:14.571+0530][gc,phases   ] GC(21)   Pre Evacuate Collection Set: 0.1ms
[2024-07-21T00:13:14.571+0530][gc,phases   ] GC(21)   Merge Heap Roots: 0.1ms
[2024-07-21T00:13:14.571+0530][gc,phases   ] GC(21)   Evacuate Collection Set: 0.7ms
[2024-07-21T00:13:14.571+0530][gc,phases   ] GC(21)   Post Evacuate Collection Set: 0.3ms
[2024-07-21T00:13:14.571+0530][gc,phases   ] GC(21)   Other: 0.1ms
[2024-07-21T00:13:14.571+0530][gc,heap     ] GC(21) Eden regions: 611->0(612)
[2024-07-21T00:13:14.571+0530][gc,heap     ] GC(21) Survivor regions: 3->2(77)
[2024-07-21T00:13:14.571+0530][gc,heap     ] GC(21) Old regions: 15->16
[2024-07-21T00:13:14.571+0530][gc,heap     ] GC(21) Archive regions: 2->2
[2024-07-21T00:13:14.571+0530][gc,heap     ] GC(21) Humongous regions: 131->131
[2024-07-21T00:13:14.571+0530][gc,metaspace] GC(21) Metaspace: 39730K(40128K)->39730K(40128K) NonClass: 35207K(35392K)->35207K(35392K) Class: 4523K(4736K)->4523K(4736K)
[2024-07-21T00:13:14.571+0530][gc          ] GC(21) Pause Young (Normal) (G1 Evacuation Pause) 759M->148M(1024M) 1.321ms
[2024-07-21T00:13:14.571+0530][gc,cpu      ] GC(21) User=0.01s Sys=0.00s Real=0.00s
[2024-07-21T00:13:59.477+0530][gc,start    ] GC(22) Pause Young (Normal) (G1 Evacuation Pause)
[2024-07-21T00:13:59.477+0530][gc,task     ] GC(22) Using 13 workers of 13 for evacuation
[2024-07-21T00:13:59.478+0530][gc,phases   ] GC(22)   Pre Evacuate Collection Set: 0.1ms
[2024-07-21T00:13:59.478+0530][gc,phases   ] GC(22)   Merge Heap Roots: 0.1ms
[2024-07-21T00:13:59.478+0530][gc,phases   ] GC(22)   Evacuate Collection Set: 0.4ms
[2024-07-21T00:13:59.478+0530][gc,phases   ] GC(22)   Post Evacuate Collection Set: 0.3ms
[2024-07-21T00:13:59.478+0530][gc,phases   ] GC(22)   Other: 0.1ms
[2024-07-21T00:13:59.478+0530][gc,heap     ] GC(22) Eden regions: 612->0(613)
[2024-07-21T00:13:59.478+0530][gc,heap     ] GC(22) Survivor regions: 2->1(77)
[2024-07-21T00:13:59.478+0530][gc,heap     ] GC(22) Old regions: 16->16
[2024-07-21T00:13:59.478+0530][gc,heap     ] GC(22) Archive regions: 2->2
[2024-07-21T00:13:59.478+0530][gc,heap     ] GC(22) Humongous regions: 131->131
[2024-07-21T00:13:59.478+0530][gc,metaspace] GC(22) Metaspace: 39746K(40128K)->39746K(40128K) NonClass: 35223K(35392K)->35223K(35392K) Class: 4523K(4736K)->4523K(4736K)
[2024-07-21T00:13:59.478+0530][gc          ] GC(22) Pause Young (Normal) (G1 Evacuation Pause) 760M->148M(1024M) 1.006ms
[2024-07-21T00:13:59.478+0530][gc,cpu      ] GC(22) User=0.01s Sys=0.00s Real=0.00s
[2024-07-21T00:14:29.607+0530][gc,start    ] GC(23) Pause Young (Normal) (G1 Evacuation Pause)
[2024-07-21T00:14:29.607+0530][gc,task     ] GC(23) Using 13 workers of 13 for evacuation
[2024-07-21T00:14:29.608+0530][gc,phases   ] GC(23)   Pre Evacuate Collection Set: 0.1ms
[2024-07-21T00:14:29.608+0530][gc,phases   ] GC(23)   Merge Heap Roots: 0.1ms
[2024-07-21T00:14:29.608+0530][gc,phases   ] GC(23)   Evacuate Collection Set: 0.4ms
[2024-07-21T00:14:29.608+0530][gc,phases   ] GC(23)   Post Evacuate Collection Set: 0.3ms
[2024-07-21T00:14:29.608+0530][gc,phases   ] GC(23)   Other: 0.1ms
[2024-07-21T00:14:29.608+0530][gc,heap     ] GC(23) Eden regions: 613->0(613)
[2024-07-21T00:14:29.608+0530][gc,heap     ] GC(23) Survivor regions: 1->1(77)
[2024-07-21T00:14:29.608+0530][gc,heap     ] GC(23) Old regions: 16->17
[2024-07-21T00:14:29.608+0530][gc,heap     ] GC(23) Archive regions: 2->2
[2024-07-21T00:14:29.608+0530][gc,heap     ] GC(23) Humongous regions: 131->131
[2024-07-21T00:14:29.608+0530][gc,metaspace] GC(23) Metaspace: 39759K(40192K)->39759K(40192K) NonClass: 35236K(35456K)->35236K(35456K) Class: 4523K(4736K)->4523K(4736K)
[2024-07-21T00:14:29.608+0530][gc          ] GC(23) Pause Young (Normal) (G1 Evacuation Pause) 761M->148M(1024M) 1.026ms
[2024-07-21T00:14:29.608+0530][gc,cpu      ] GC(23) User=0.00s Sys=0.01s Real=0.00s
[2024-07-21T00:15:14.519+0530][gc,start    ] GC(24) Pause Young (Normal) (G1 Evacuation Pause)
[2024-07-21T00:15:14.519+0530][gc,task     ] GC(24) Using 13 workers of 13 for evacuation
[2024-07-21T00:15:14.520+0530][gc,phases   ] GC(24)   Pre Evacuate Collection Set: 0.1ms
[2024-07-21T00:15:14.520+0530][gc,phases   ] GC(24)   Merge Heap Roots: 0.1ms
[2024-07-21T00:15:14.520+0530][gc,phases   ] GC(24)   Evacuate Collection Set: 0.4ms
[2024-07-21T00:15:14.520+0530][gc,phases   ] GC(24)   Post Evacuate Collection Set: 0.3ms
[2024-07-21T00:15:14.520+0530][gc,phases   ] GC(24)   Other: 0.1ms
[2024-07-21T00:15:14.520+0530][gc,heap     ] GC(24) Eden regions: 613->0(613)
[2024-07-21T00:15:14.520+0530][gc,heap     ] GC(24) Survivor regions: 1->1(77)
[2024-07-21T00:15:14.520+0530][gc,heap     ] GC(24) Old regions: 17->17
[2024-07-21T00:15:14.520+0530][gc,heap     ] GC(24) Archive regions: 2->2
[2024-07-21T00:15:14.520+0530][gc,heap     ] GC(24) Humongous regions: 131->131
[2024-07-21T00:15:14.520+0530][gc,metaspace] GC(24) Metaspace: 39775K(40192K)->39775K(40192K) NonClass: 35252K(35456K)->35252K(35456K) Class: 4523K(4736K)->4523K(4736K)
[2024-07-21T00:15:14.520+0530][gc          ] GC(24) Pause Young (Normal) (G1 Evacuation Pause) 761M->148M(1024M) 1.074ms
[2024-07-21T00:15:14.520+0530][gc,cpu      ] GC(24) User=0.01s Sys=0.00s Real=0.00s
[2024-07-21T00:15:44.458+0530][gc,start    ] GC(25) Pause Young (Normal) (G1 Evacuation Pause)
[2024-07-21T00:15:44.458+0530][gc,task     ] GC(25) Using 13 workers of 13 for evacuation
[2024-07-21T00:15:44.460+0530][gc,phases   ] GC(25)   Pre Evacuate Collection Set: 0.1ms
[2024-07-21T00:15:44.460+0530][gc,phases   ] GC(25)   Merge Heap Roots: 0.1ms
[2024-07-21T00:15:44.460+0530][gc,phases   ] GC(25)   Evacuate Collection Set: 1.1ms
[2024-07-21T00:15:44.460+0530][gc,phases   ] GC(25)   Post Evacuate Collection Set: 0.5ms
[2024-07-21T00:15:44.460+0530][gc,phases   ] GC(25)   Other: 0.1ms
[2024-07-21T00:15:44.460+0530][gc,heap     ] GC(25) Eden regions: 613->0(612)
[2024-07-21T00:15:44.460+0530][gc,heap     ] GC(25) Survivor regions: 1->2(77)
[2024-07-21T00:15:44.460+0530][gc,heap     ] GC(25) Old regions: 17->17
[2024-07-21T00:15:44.460+0530][gc,heap     ] GC(25) Archive regions: 2->2
[2024-07-21T00:15:44.460+0530][gc,heap     ] GC(25) Humongous regions: 131->131
[2024-07-21T00:15:44.460+0530][gc,metaspace] GC(25) Metaspace: 43643K(44224K)->43643K(44224K) NonClass: 38582K(38848K)->38582K(38848K) Class: 5061K(5376K)->5061K(5376K)
[2024-07-21T00:15:44.460+0530][gc          ] GC(25) Pause Young (Normal) (G1 Evacuation Pause) 761M->150M(1024M) 1.975ms
[2024-07-21T00:15:44.460+0530][gc,cpu      ] GC(25) User=0.03s Sys=0.01s Real=0.00s
[2024-07-21T00:15:59.654+0530][gc,start    ] GC(26) Pause Young (Normal) (G1 Evacuation Pause)
[2024-07-21T00:15:59.654+0530][gc,task     ] GC(26) Using 13 workers of 13 for evacuation
[2024-07-21T00:15:59.656+0530][gc,phases   ] GC(26)   Pre Evacuate Collection Set: 0.1ms
[2024-07-21T00:15:59.656+0530][gc,phases   ] GC(26)   Merge Heap Roots: 0.2ms
[2024-07-21T00:15:59.656+0530][gc,phases   ] GC(26)   Evacuate Collection Set: 0.7ms
[2024-07-21T00:15:59.656+0530][gc,phases   ] GC(26)   Post Evacuate Collection Set: 0.3ms
[2024-07-21T00:15:59.656+0530][gc,phases   ] GC(26)   Other: 0.1ms
[2024-07-21T00:15:59.656+0530][gc,heap     ] GC(26) Eden regions: 612->0(611)
[2024-07-21T00:15:59.656+0530][gc,heap     ] GC(26) Survivor regions: 2->3(77)
[2024-07-21T00:15:59.656+0530][gc,heap     ] GC(26) Old regions: 17->17
[2024-07-21T00:15:59.656+0530][gc,heap     ] GC(26) Archive regions: 2->2
[2024-07-21T00:15:59.656+0530][gc,heap     ] GC(26) Humongous regions: 131->131
[2024-07-21T00:15:59.656+0530][gc,metaspace] GC(26) Metaspace: 43749K(44352K)->43749K(44352K) NonClass: 38668K(38976K)->38668K(38976K) Class: 5081K(5376K)->5081K(5376K)
[2024-07-21T00:15:59.656+0530][gc          ] GC(26) Pause Young (Normal) (G1 Evacuation Pause) 762M->150M(1024M) 1.405ms
[2024-07-21T00:15:59.656+0530][gc,cpu      ] GC(26) User=0.01s Sys=0.00s Real=0.01s
[2024-07-21T00:16:23.399+0530][gc,start    ] GC(27) Pause Young (Normal) (G1 Evacuation Pause)
[2024-07-21T00:16:23.399+0530][gc,task     ] GC(27) Using 13 workers of 13 for evacuation
[2024-07-21T00:16:23.400+0530][gc,phases   ] GC(27)   Pre Evacuate Collection Set: 0.1ms
[2024-07-21T00:16:23.400+0530][gc,phases   ] GC(27)   Merge Heap Roots: 0.1ms
[2024-07-21T00:16:23.400+0530][gc,phases   ] GC(27)   Evacuate Collection Set: 0.7ms
[2024-07-21T00:16:23.400+0530][gc,phases   ] GC(27)   Post Evacuate Collection Set: 0.3ms
[2024-07-21T00:16:23.400+0530][gc,phases   ] GC(27)   Other: 0.1ms
[2024-07-21T00:16:23.400+0530][gc,heap     ] GC(27) Eden regions: 611->0(612)
[2024-07-21T00:16:23.400+0530][gc,heap     ] GC(27) Survivor regions: 3->2(77)
[2024-07-21T00:16:23.400+0530][gc,heap     ] GC(27) Old regions: 17->17
[2024-07-21T00:16:23.400+0530][gc,heap     ] GC(27) Archive regions: 2->2
[2024-07-21T00:16:23.400+0530][gc,heap     ] GC(27) Humongous regions: 131->131
[2024-07-21T00:16:23.400+0530][gc,metaspace] GC(27) Metaspace: 43768K(44352K)->43768K(44352K) NonClass: 38685K(38976K)->38685K(38976K) Class: 5082K(5376K)->5082K(5376K)
[2024-07-21T00:16:23.400+0530][gc          ] GC(27) Pause Young (Normal) (G1 Evacuation Pause) 761M->150M(1024M) 1.318ms
[2024-07-21T00:16:23.400+0530][gc,cpu      ] GC(27) User=0.01s Sys=0.00s Real=0.00s
[2024-07-21T00:16:44.557+0530][gc,start    ] GC(28) Pause Young (Normal) (G1 Evacuation Pause)
[2024-07-21T00:16:44.557+0530][gc,task     ] GC(28) Using 13 workers of 13 for evacuation
[2024-07-21T00:16:44.558+0530][gc,phases   ] GC(28)   Pre Evacuate Collection Set: 0.1ms
[2024-07-21T00:16:44.558+0530][gc,phases   ] GC(28)   Merge Heap Roots: 0.1ms
[2024-07-21T00:16:44.558+0530][gc,phases   ] GC(28)   Evacuate Collection Set: 0.7ms
[2024-07-21T00:16:44.558+0530][gc,phases   ] GC(28)   Post Evacuate Collection Set: 0.3ms
[2024-07-21T00:16:44.558+0530][gc,phases   ] GC(28)   Other: 0.1ms
[2024-07-21T00:16:44.558+0530][gc,heap     ] GC(28) Eden regions: 612->0(611)
[2024-07-21T00:16:44.558+0530][gc,heap     ] GC(28) Survivor regions: 2->3(77)
[2024-07-21T00:16:44.558+0530][gc,heap     ] GC(28) Old regions: 17->17
[2024-07-21T00:16:44.558+0530][gc,heap     ] GC(28) Archive regions: 2->2
[2024-07-21T00:16:44.558+0530][gc,heap     ] GC(28) Humongous regions: 131->131
[2024-07-21T00:16:44.558+0530][gc,metaspace] GC(28) Metaspace: 43786K(44352K)->43786K(44352K) NonClass: 38704K(38976K)->38704K(38976K) Class: 5082K(5376K)->5082K(5376K)
[2024-07-21T00:16:44.558+0530][gc          ] GC(28) Pause Young (Normal) (G1 Evacuation Pause) 762M->150M(1024M) 1.406ms
[2024-07-21T00:16:44.558+0530][gc,cpu      ] GC(28) User=0.01s Sys=0.00s Real=0.00s
[2024-07-21T00:17:01.898+0530][gc,start    ] GC(29) Pause Young (Normal) (G1 Evacuation Pause)
[2024-07-21T00:17:01.898+0530][gc,task     ] GC(29) Using 13 workers of 13 for evacuation
[2024-07-21T00:17:01.900+0530][gc,phases   ] GC(29)   Pre Evacuate Collection Set: 0.1ms
[2024-07-21T00:17:01.900+0530][gc,phases   ] GC(29)   Merge Heap Roots: 0.1ms
[2024-07-21T00:17:01.900+0530][gc,phases   ] GC(29)   Evacuate Collection Set: 0.5ms
[2024-07-21T00:17:01.900+0530][gc,phases   ] GC(29)   Post Evacuate Collection Set: 0.3ms
[2024-07-21T00:17:01.900+0530][gc,phases   ] GC(29)   Other: 0.1ms
[2024-07-21T00:17:01.900+0530][gc,heap     ] GC(29) Eden regions: 611->0(612)
[2024-07-21T00:17:01.900+0530][gc,heap     ] GC(29) Survivor regions: 3->2(77)
[2024-07-21T00:17:01.900+0530][gc,heap     ] GC(29) Old regions: 17->17
[2024-07-21T00:17:01.900+0530][gc,heap     ] GC(29) Archive regions: 2->2
[2024-07-21T00:17:01.900+0530][gc,heap     ] GC(29) Humongous regions: 131->131
[2024-07-21T00:17:01.900+0530][gc,metaspace] GC(29) Metaspace: 43797K(44416K)->43797K(44416K) NonClass: 38714K(39040K)->38714K(39040K) Class: 5083K(5376K)->5083K(5376K)
[2024-07-21T00:17:01.900+0530][gc          ] GC(29) Pause Young (Normal) (G1 Evacuation Pause) 761M->150M(1024M) 1.163ms
[2024-07-21T00:17:01.900+0530][gc,cpu      ] GC(29) User=0.01s Sys=0.00s Real=0.00s
[2024-07-21T00:17:29.481+0530][gc,start    ] GC(30) Pause Young (Normal) (G1 Evacuation Pause)
[2024-07-21T00:17:29.481+0530][gc,task     ] GC(30) Using 13 workers of 13 for evacuation
[2024-07-21T00:17:29.482+0530][gc,phases   ] GC(30)   Pre Evacuate Collection Set: 0.1ms
[2024-07-21T00:17:29.483+0530][gc,phases   ] GC(30)   Merge Heap Roots: 0.1ms
[2024-07-21T00:17:29.483+0530][gc,phases   ] GC(30)   Evacuate Collection Set: 0.8ms
[2024-07-21T00:17:29.483+0530][gc,phases   ] GC(30)   Post Evacuate Collection Set: 0.3ms
[2024-07-21T00:17:29.483+0530][gc,phases   ] GC(30)   Other: 0.1ms
[2024-07-21T00:17:29.483+0530][gc,heap     ] GC(30) Eden regions: 612->0(612)
[2024-07-21T00:17:29.483+0530][gc,heap     ] GC(30) Survivor regions: 2->2(77)
[2024-07-21T00:17:29.483+0530][gc,heap     ] GC(30) Old regions: 17->17
[2024-07-21T00:17:29.483+0530][gc,heap     ] GC(30) Archive regions: 2->2
[2024-07-21T00:17:29.483+0530][gc,heap     ] GC(30) Humongous regions: 131->131
[2024-07-21T00:17:29.483+0530][gc,metaspace] GC(30) Metaspace: 43799K(44416K)->43799K(44416K) NonClass: 38716K(39040K)->38716K(39040K) Class: 5083K(5376K)->5083K(5376K)
[2024-07-21T00:17:29.483+0530][gc          ] GC(30) Pause Young (Normal) (G1 Evacuation Pause) 762M->150M(1024M) 1.454ms
[2024-07-21T00:17:29.483+0530][gc,cpu      ] GC(30) User=0.01s Sys=0.00s Real=0.00s
[2024-07-21T00:17:44.652+0530][gc,start    ] GC(31) Pause Young (Normal) (G1 Evacuation Pause)
[2024-07-21T00:17:44.652+0530][gc,task     ] GC(31) Using 13 workers of 13 for evacuation
[2024-07-21T00:17:44.654+0530][gc,phases   ] GC(31)   Pre Evacuate Collection Set: 0.1ms
[2024-07-21T00:17:44.654+0530][gc,phases   ] GC(31)   Merge Heap Roots: 0.1ms
[2024-07-21T00:17:44.654+0530][gc,phases   ] GC(31)   Evacuate Collection Set: 0.9ms
[2024-07-21T00:17:44.654+0530][gc,phases   ] GC(31)   Post Evacuate Collection Set: 0.3ms
[2024-07-21T00:17:44.654+0530][gc,phases   ] GC(31)   Other: 0.1ms
[2024-07-21T00:17:44.654+0530][gc,heap     ] GC(31) Eden regions: 612->0(611)
[2024-07-21T00:17:44.654+0530][gc,heap     ] GC(31) Survivor regions: 2->3(77)
[2024-07-21T00:17:44.654+0530][gc,heap     ] GC(31) Old regions: 17->17
[2024-07-21T00:17:44.654+0530][gc,heap     ] GC(31) Archive regions: 2->2
[2024-07-21T00:17:44.654+0530][gc,heap     ] GC(31) Humongous regions: 131->131
[2024-07-21T00:17:44.654+0530][gc,metaspace] GC(31) Metaspace: 43801K(44416K)->43801K(44416K) NonClass: 38718K(39040K)->38718K(39040K) Class: 5083K(5376K)->5083K(5376K)
[2024-07-21T00:17:44.654+0530][gc          ] GC(31) Pause Young (Normal) (G1 Evacuation Pause) 762M->150M(1024M) 1.624ms
[2024-07-21T00:17:44.654+0530][gc,cpu      ] GC(31) User=0.01s Sys=0.01s Real=0.00s
[2024-07-21T00:18:14.528+0530][gc,start    ] GC(32) Pause Young (Normal) (G1 Evacuation Pause)
[2024-07-21T00:18:14.528+0530][gc,task     ] GC(32) Using 13 workers of 13 for evacuation
[2024-07-21T00:18:14.529+0530][gc,phases   ] GC(32)   Pre Evacuate Collection Set: 0.1ms
[2024-07-21T00:18:14.529+0530][gc,phases   ] GC(32)   Merge Heap Roots: 0.1ms
[2024-07-21T00:18:14.529+0530][gc,phases   ] GC(32)   Evacuate Collection Set: 0.8ms
[2024-07-21T00:18:14.529+0530][gc,phases   ] GC(32)   Post Evacuate Collection Set: 0.4ms
[2024-07-21T00:18:14.529+0530][gc,phases   ] GC(32)   Other: 0.1ms
[2024-07-21T00:18:14.529+0530][gc,heap     ] GC(32) Eden regions: 611->0(612)
[2024-07-21T00:18:14.529+0530][gc,heap     ] GC(32) Survivor regions: 3->2(77)
[2024-07-21T00:18:14.529+0530][gc,heap     ] GC(32) Old regions: 17->17
[2024-07-21T00:18:14.529+0530][gc,heap     ] GC(32) Archive regions: 2->2
[2024-07-21T00:18:14.529+0530][gc,heap     ] GC(32) Humongous regions: 131->131
[2024-07-21T00:18:14.529+0530][gc,metaspace] GC(32) Metaspace: 43873K(44416K)->43873K(44416K) NonClass: 38777K(39040K)->38777K(39040K) Class: 5096K(5376K)->5096K(5376K)
[2024-07-21T00:18:14.529+0530][gc          ] GC(32) Pause Young (Normal) (G1 Evacuation Pause) 761M->150M(1024M) 1.525ms
[2024-07-21T00:18:14.529+0530][gc,cpu      ] GC(32) User=0.01s Sys=0.01s Real=0.00s
[2024-07-21T00:18:44.673+0530][gc,start    ] GC(33) Pause Young (Normal) (G1 Evacuation Pause)
[2024-07-21T00:18:44.673+0530][gc,task     ] GC(33) Using 13 workers of 13 for evacuation
[2024-07-21T00:18:44.674+0530][gc,phases   ] GC(33)   Pre Evacuate Collection Set: 0.1ms
[2024-07-21T00:18:44.674+0530][gc,phases   ] GC(33)   Merge Heap Roots: 0.1ms
[2024-07-21T00:18:44.674+0530][gc,phases   ] GC(33)   Evacuate Collection Set: 0.8ms
[2024-07-21T00:18:44.674+0530][gc,phases   ] GC(33)   Post Evacuate Collection Set: 0.3ms
[2024-07-21T00:18:44.674+0530][gc,phases   ] GC(33)   Other: 0.1ms
[2024-07-21T00:18:44.674+0530][gc,heap     ] GC(33) Eden regions: 612->0(611)
[2024-07-21T00:18:44.674+0530][gc,heap     ] GC(33) Survivor regions: 2->3(77)
[2024-07-21T00:18:44.674+0530][gc,heap     ] GC(33) Old regions: 17->17
[2024-07-21T00:18:44.674+0530][gc,heap     ] GC(33) Archive regions: 2->2
[2024-07-21T00:18:44.674+0530][gc,heap     ] GC(33) Humongous regions: 131->131
[2024-07-21T00:18:44.674+0530][gc,metaspace] GC(33) Metaspace: 43932K(44480K)->43932K(44480K) NonClass: 38827K(39104K)->38827K(39104K) Class: 5104K(5376K)->5104K(5376K)
[2024-07-21T00:18:44.674+0530][gc          ] GC(33) Pause Young (Normal) (G1 Evacuation Pause) 762M->150M(1024M) 1.495ms
[2024-07-21T00:18:44.674+0530][gc,cpu      ] GC(33) User=0.01s Sys=0.00s Real=0.00s
[2024-07-21T00:24:29.524+0530][gc,start    ] GC(34) Pause Young (Normal) (G1 Evacuation Pause)
[2024-07-21T00:24:29.524+0530][gc,task     ] GC(34) Using 13 workers of 13 for evacuation
[2024-07-21T00:24:29.525+0530][gc,phases   ] GC(34)   Pre Evacuate Collection Set: 0.1ms
[2024-07-21T00:24:29.525+0530][gc,phases   ] GC(34)   Merge Heap Roots: 0.2ms
[2024-07-21T00:24:29.525+0530][gc,phases   ] GC(34)   Evacuate Collection Set: 0.8ms
[2024-07-21T00:24:29.525+0530][gc,phases   ] GC(34)   Post Evacuate Collection Set: 0.3ms
[2024-07-21T00:24:29.525+0530][gc,phases   ] GC(34)   Other: 0.1ms
[2024-07-21T00:24:29.525+0530][gc,heap     ] GC(34) Eden regions: 611->0(611)
[2024-07-21T00:24:29.525+0530][gc,heap     ] GC(34) Survivor regions: 3->3(77)
[2024-07-21T00:24:29.525+0530][gc,heap     ] GC(34) Old regions: 17->17
[2024-07-21T00:24:29.525+0530][gc,heap     ] GC(34) Archive regions: 2->2
[2024-07-21T00:24:29.525+0530][gc,heap     ] GC(34) Humongous regions: 131->131
[2024-07-21T00:24:29.525+0530][gc,metaspace] GC(34) Metaspace: 43968K(44480K)->43968K(44480K) NonClass: 38863K(39104K)->38863K(39104K) Class: 5104K(5376K)->5104K(5376K)
[2024-07-21T00:24:29.525+0530][gc          ] GC(34) Pause Young (Normal) (G1 Evacuation Pause) 761M->150M(1024M) 1.604ms
[2024-07-21T00:24:29.525+0530][gc,cpu      ] GC(34) User=0.01s Sys=0.00s Real=0.00s
[2024-07-21T00:24:59.678+0530][gc,start    ] GC(35) Pause Young (Normal) (G1 Evacuation Pause)
[2024-07-21T00:24:59.678+0530][gc,task     ] GC(35) Using 13 workers of 13 for evacuation
[2024-07-21T00:24:59.679+0530][gc,phases   ] GC(35)   Pre Evacuate Collection Set: 0.1ms
[2024-07-21T00:24:59.679+0530][gc,phases   ] GC(35)   Merge Heap Roots: 0.1ms
[2024-07-21T00:24:59.680+0530][gc,phases   ] GC(35)   Evacuate Collection Set: 0.7ms
[2024-07-21T00:24:59.680+0530][gc,phases   ] GC(35)   Post Evacuate Collection Set: 0.3ms
[2024-07-21T00:24:59.680+0530][gc,phases   ] GC(35)   Other: 0.1ms
[2024-07-21T00:24:59.680+0530][gc,heap     ] GC(35) Eden regions: 611->0(611)
[2024-07-21T00:24:59.680+0530][gc,heap     ] GC(35) Survivor regions: 3->3(77)
[2024-07-21T00:24:59.680+0530][gc,heap     ] GC(35) Old regions: 17->17
[2024-07-21T00:24:59.680+0530][gc,heap     ] GC(35) Archive regions: 2->2
[2024-07-21T00:24:59.680+0530][gc,heap     ] GC(35) Humongous regions: 131->131
[2024-07-21T00:24:59.680+0530][gc,metaspace] GC(35) Metaspace: 43977K(44544K)->43977K(44544K) NonClass: 38873K(39168K)->38873K(39168K) Class: 5104K(5376K)->5104K(5376K)
[2024-07-21T00:24:59.680+0530][gc          ] GC(35) Pause Young (Normal) (G1 Evacuation Pause) 761M->150M(1024M) 1.354ms
[2024-07-21T00:24:59.680+0530][gc,cpu      ] GC(35) User=0.01s Sys=0.00s Real=0.00s
[2024-07-21T00:25:44.527+0530][gc,start    ] GC(36) Pause Young (Normal) (G1 Evacuation Pause)
[2024-07-21T00:25:44.527+0530][gc,task     ] GC(36) Using 13 workers of 13 for evacuation
[2024-07-21T00:25:44.529+0530][gc,phases   ] GC(36)   Pre Evacuate Collection Set: 0.1ms
[2024-07-21T00:25:44.529+0530][gc,phases   ] GC(36)   Merge Heap Roots: 0.2ms
[2024-07-21T00:25:44.529+0530][gc,phases   ] GC(36)   Evacuate Collection Set: 0.7ms
[2024-07-21T00:25:44.529+0530][gc,phases   ] GC(36)   Post Evacuate Collection Set: 0.4ms
[2024-07-21T00:25:44.529+0530][gc,phases   ] GC(36)   Other: 0.1ms
[2024-07-21T00:25:44.529+0530][gc,heap     ] GC(36) Eden regions: 611->0(612)
[2024-07-21T00:25:44.529+0530][gc,heap     ] GC(36) Survivor regions: 3->2(77)
[2024-07-21T00:25:44.529+0530][gc,heap     ] GC(36) Old regions: 17->17
[2024-07-21T00:25:44.529+0530][gc,heap     ] GC(36) Archive regions: 2->2
[2024-07-21T00:25:44.529+0530][gc,heap     ] GC(36) Humongous regions: 131->131
[2024-07-21T00:25:44.529+0530][gc,metaspace] GC(36) Metaspace: 44001K(44544K)->44001K(44544K) NonClass: 38892K(39168K)->38892K(39168K) Class: 5108K(5376K)->5108K(5376K)
[2024-07-21T00:25:44.529+0530][gc          ] GC(36) Pause Young (Normal) (G1 Evacuation Pause) 761M->150M(1024M) 1.510ms
[2024-07-21T00:25:44.529+0530][gc,cpu      ] GC(36) User=0.00s Sys=0.00s Real=0.00s
[2024-07-21T00:26:14.669+0530][gc,start    ] GC(37) Pause Young (Normal) (G1 Evacuation Pause)
[2024-07-21T00:26:14.669+0530][gc,task     ] GC(37) Using 13 workers of 13 for evacuation
[2024-07-21T00:26:14.670+0530][gc,phases   ] GC(37)   Pre Evacuate Collection Set: 0.1ms
[2024-07-21T00:26:14.670+0530][gc,phases   ] GC(37)   Merge Heap Roots: 0.1ms
[2024-07-21T00:26:14.670+0530][gc,phases   ] GC(37)   Evacuate Collection Set: 0.7ms
[2024-07-21T00:26:14.670+0530][gc,phases   ] GC(37)   Post Evacuate Collection Set: 0.3ms
[2024-07-21T00:26:14.670+0530][gc,phases   ] GC(37)   Other: 0.1ms
[2024-07-21T00:26:14.670+0530][gc,heap     ] GC(37) Eden regions: 612->0(611)
[2024-07-21T00:26:14.670+0530][gc,heap     ] GC(37) Survivor regions: 2->3(77)
[2024-07-21T00:26:14.670+0530][gc,heap     ] GC(37) Old regions: 17->17
[2024-07-21T00:26:14.670+0530][gc,heap     ] GC(37) Archive regions: 2->2
[2024-07-21T00:26:14.670+0530][gc,heap     ] GC(37) Humongous regions: 131->131
[2024-07-21T00:26:14.670+0530][gc,metaspace] GC(37) Metaspace: 44007K(44608K)->44007K(44608K) NonClass: 38898K(39232K)->38898K(39232K) Class: 5108K(5376K)->5108K(5376K)
[2024-07-21T00:26:14.670+0530][gc          ] GC(37) Pause Young (Normal) (G1 Evacuation Pause) 762M->150M(1024M) 1.350ms
[2024-07-21T00:26:14.670+0530][gc,cpu      ] GC(37) User=0.01s Sys=0.00s Real=0.00s
[2024-07-21T00:26:59.532+0530][gc,start    ] GC(38) Pause Young (Normal) (G1 Evacuation Pause)
[2024-07-21T00:26:59.532+0530][gc,task     ] GC(38) Using 13 workers of 13 for evacuation
[2024-07-21T00:26:59.534+0530][gc,phases   ] GC(38)   Pre Evacuate Collection Set: 0.1ms
[2024-07-21T00:26:59.534+0530][gc,phases   ] GC(38)   Merge Heap Roots: 0.2ms
[2024-07-21T00:26:59.534+0530][gc,phases   ] GC(38)   Evacuate Collection Set: 0.8ms
[2024-07-21T00:26:59.534+0530][gc,phases   ] GC(38)   Post Evacuate Collection Set: 0.4ms
[2024-07-21T00:26:59.534+0530][gc,phases   ] GC(38)   Other: 0.1ms
[2024-07-21T00:26:59.534+0530][gc,heap     ] GC(38) Eden regions: 611->0(611)
[2024-07-21T00:26:59.534+0530][gc,heap     ] GC(38) Survivor regions: 3->3(77)
[2024-07-21T00:26:59.534+0530][gc,heap     ] GC(38) Old regions: 17->17
[2024-07-21T00:26:59.534+0530][gc,heap     ] GC(38) Archive regions: 2->2
[2024-07-21T00:26:59.534+0530][gc,heap     ] GC(38) Humongous regions: 131->131
[2024-07-21T00:26:59.534+0530][gc,metaspace] GC(38) Metaspace: 44021K(44608K)->44021K(44608K) NonClass: 38912K(39232K)->38912K(39232K) Class: 5108K(5376K)->5108K(5376K)
[2024-07-21T00:26:59.534+0530][gc          ] GC(38) Pause Young (Normal) (G1 Evacuation Pause) 761M->150M(1024M) 1.611ms
[2024-07-21T00:26:59.534+0530][gc,cpu      ] GC(38) User=0.00s Sys=0.00s Real=0.00s
[2024-07-21T00:27:29.663+0530][gc,start    ] GC(39) Pause Young (Normal) (G1 Evacuation Pause)
[2024-07-21T00:27:29.663+0530][gc,task     ] GC(39) Using 13 workers of 13 for evacuation
[2024-07-21T00:27:29.664+0530][gc,phases   ] GC(39)   Pre Evacuate Collection Set: 0.1ms
[2024-07-21T00:27:29.664+0530][gc,phases   ] GC(39)   Merge Heap Roots: 0.1ms
[2024-07-21T00:27:29.664+0530][gc,phases   ] GC(39)   Evacuate Collection Set: 0.7ms
[2024-07-21T00:27:29.664+0530][gc,phases   ] GC(39)   Post Evacuate Collection Set: 0.4ms
[2024-07-21T00:27:29.664+0530][gc,phases   ] GC(39)   Other: 0.1ms
[2024-07-21T00:27:29.664+0530][gc,heap     ] GC(39) Eden regions: 611->0(611)
[2024-07-21T00:27:29.664+0530][gc,heap     ] GC(39) Survivor regions: 3->3(77)
[2024-07-21T00:27:29.664+0530][gc,heap     ] GC(39) Old regions: 17->17
[2024-07-21T00:27:29.664+0530][gc,heap     ] GC(39) Archive regions: 2->2
[2024-07-21T00:27:29.664+0530][gc,heap     ] GC(39) Humongous regions: 131->131
[2024-07-21T00:27:29.664+0530][gc,metaspace] GC(39) Metaspace: 44031K(44608K)->44031K(44608K) NonClass: 38922K(39232K)->38922K(39232K) Class: 5108K(5376K)->5108K(5376K)
[2024-07-21T00:27:29.664+0530][gc          ] GC(39) Pause Young (Normal) (G1 Evacuation Pause) 761M->150M(1024M) 1.350ms
[2024-07-21T00:27:29.665+0530][gc,cpu      ] GC(39) User=0.01s Sys=0.00s Real=0.01s
[2024-07-21T00:27:43.883+0530][gc,heap,exit] Heap
[2024-07-21T00:27:43.883+0530][gc,heap,exit]  garbage-first heap   total 1048576K, used 209393K [0x00000000c0000000, 0x0000000100000000)
[2024-07-21T00:27:43.883+0530][gc,heap,exit]   region size 1024K, 57 young (58368K), 3 survivors (3072K)
[2024-07-21T00:27:43.883+0530][gc,heap,exit]  Metaspace       used 44936K, committed 45504K, reserved 1114112K
[2024-07-21T00:27:43.883+0530][gc,heap,exit]   class space    used 5297K, committed 5568K, reserved 1048576K
