[2024-07-21T00:07:50.838+0530][gc] Using G1
[2024-07-21T00:07:50.844+0530][gc,init] Version: 17.0.11+9-Ubuntu-122.04.1 (release)
[2024-07-21T00:07:50.844+0530][gc,init] CPUs: 16 total, 16 available
[2024-07-21T00:07:50.844+0530][gc,init] Memory: 31911M
[2024-07-21T00:07:50.844+0530][gc,init] Large Page Support: Disabled
[2024-07-21T00:07:50.844+0530][gc,init] NUMA Support: Disabled
[2024-07-21T00:07:50.844+0530][gc,init] Compressed Oops: Enabled (32-bit)
[2024-07-21T00:07:50.844+0530][gc,init] Heap Region Size: 1M
[2024-07-21T00:07:50.844+0530][gc,init] Heap Min Capacity: 1G
[2024-07-21T00:07:50.844+0530][gc,init] Heap Initial Capacity: 1G
[2024-07-21T00:07:50.844+0530][gc,init] Heap Max Capacity: 1G
[2024-07-21T00:07:50.844+0530][gc,init] Pre-touch: Disabled
[2024-07-21T00:07:50.844+0530][gc,init] Parallel Workers: 13
[2024-07-21T00:07:50.844+0530][gc,init] Concurrent Workers: 3
[2024-07-21T00:07:50.844+0530][gc,init] Concurrent Refinement Workers: 13
[2024-07-21T00:07:50.844+0530][gc,init] Periodic GC: Disabled
[2024-07-21T00:07:50.848+0530][gc,metaspace] CDS archive(s) mapped at: [0x000079f277000000-0x000079f277bc7000-0x000079f277bc7000), size 12349440, SharedBaseAddress: 0x000079f277000000, ArchiveRelocationMode: 1.
[2024-07-21T00:07:50.848+0530][gc,metaspace] Compressed class space mapped at: 0x000079f278000000-0x000079f2b8000000, reserved size: 1073741824
[2024-07-21T00:07:50.848+0530][gc,metaspace] Narrow klass base: 0x000079f277000000, Narrow klass shift: 0, Narrow klass range: 0x100000000
[2024-07-21T00:07:51.333+0530][gc,start    ] GC(0) Pause Young (Normal) (G1 Evacuation Pause)
[2024-07-21T00:07:51.334+0530][gc,task     ] GC(0) Using 13 workers of 13 for evacuation
[2024-07-21T00:07:51.336+0530][gc,phases   ] GC(0)   Pre Evacuate Collection Set: 0.1ms
[2024-07-21T00:07:51.336+0530][gc,phases   ] GC(0)   Merge Heap Roots: 0.0ms
[2024-07-21T00:07:51.336+0530][gc,phases   ] GC(0)   Evacuate Collection Set: 1.8ms
[2024-07-21T00:07:51.336+0530][gc,phases   ] GC(0)   Post Evacuate Collection Set: 0.3ms
[2024-07-21T00:07:51.336+0530][gc,phases   ] GC(0)   Other: 0.7ms
[2024-07-21T00:07:51.336+0530][gc,heap     ] GC(0) Eden regions: 51->0(44)
[2024-07-21T00:07:51.336+0530][gc,heap     ] GC(0) Survivor regions: 0->7(7)
[2024-07-21T00:07:51.336+0530][gc,heap     ] GC(0) Old regions: 0->1
[2024-07-21T00:07:51.336+0530][gc,heap     ] GC(0) Archive regions: 2->2
[2024-07-21T00:07:51.336+0530][gc,heap     ] GC(0) Humongous regions: 0->0
[2024-07-21T00:07:51.336+0530][gc,metaspace] GC(0) Metaspace: 17441K(17664K)->17441K(17664K) NonClass: 15331K(15488K)->15331K(15488K) Class: 2109K(2176K)->2109K(2176K)
[2024-07-21T00:07:51.336+0530][gc          ] GC(0) Pause Young (Normal) (G1 Evacuation Pause) 51M->8M(1024M) 2.910ms
[2024-07-21T00:07:51.336+0530][gc,cpu      ] GC(0) User=0.01s Sys=0.01s Real=0.01s
[2024-07-21T00:07:51.410+0530][gc,start    ] GC(1) Pause Young (Concurrent Start) (Metadata GC Threshold)
[2024-07-21T00:07:51.410+0530][gc,task     ] GC(1) Using 13 workers of 13 for evacuation
[2024-07-21T00:07:51.411+0530][gc,phases   ] GC(1)   Pre Evacuate Collection Set: 0.0ms
[2024-07-21T00:07:51.411+0530][gc,phases   ] GC(1)   Merge Heap Roots: 0.0ms
[2024-07-21T00:07:51.411+0530][gc,phases   ] GC(1)   Evacuate Collection Set: 1.1ms
[2024-07-21T00:07:51.411+0530][gc,phases   ] GC(1)   Post Evacuate Collection Set: 0.2ms
[2024-07-21T00:07:51.411+0530][gc,phases   ] GC(1)   Other: 0.1ms
[2024-07-21T00:07:51.411+0530][gc,heap     ] GC(1) Eden regions: 14->0(49)
[2024-07-21T00:07:51.411+0530][gc,heap     ] GC(1) Survivor regions: 7->2(7)
[2024-07-21T00:07:51.411+0530][gc,heap     ] GC(1) Old regions: 1->8
[2024-07-21T00:07:51.412+0530][gc,heap     ] GC(1) Archive regions: 2->2
[2024-07-21T00:07:51.412+0530][gc,heap     ] GC(1) Humongous regions: 0->0
[2024-07-21T00:07:51.412+0530][gc,metaspace] GC(1) Metaspace: 21365K(21504K)->21365K(21504K) NonClass: 18807K(18880K)->18807K(18880K) Class: 2558K(2624K)->2558K(2624K)
[2024-07-21T00:07:51.412+0530][gc          ] GC(1) Pause Young (Concurrent Start) (Metadata GC Threshold) 22M->10M(1024M) 1.549ms
[2024-07-21T00:07:51.412+0530][gc,cpu      ] GC(1) User=0.01s Sys=0.00s Real=0.00s
[2024-07-21T00:07:51.412+0530][gc          ] GC(2) Concurrent Mark Cycle
[2024-07-21T00:07:51.412+0530][gc,marking  ] GC(2) Concurrent Clear Claimed Marks
[2024-07-21T00:07:51.412+0530][gc,marking  ] GC(2) Concurrent Clear Claimed Marks 0.009ms
[2024-07-21T00:07:51.412+0530][gc,marking  ] GC(2) Concurrent Scan Root Regions
[2024-07-21T00:07:51.412+0530][gc,marking  ] GC(2) Concurrent Scan Root Regions 0.914ms
[2024-07-21T00:07:51.413+0530][gc,marking  ] GC(2) Concurrent Mark
[2024-07-21T00:07:51.413+0530][gc,marking  ] GC(2) Concurrent Mark From Roots
[2024-07-21T00:07:51.413+0530][gc,task     ] GC(2) Using 3 workers of 3 for marking
[2024-07-21T00:07:51.413+0530][gc,marking  ] GC(2) Concurrent Mark From Roots 0.886ms
[2024-07-21T00:07:51.413+0530][gc,marking  ] GC(2) Concurrent Preclean
[2024-07-21T00:07:51.413+0530][gc,marking  ] GC(2) Concurrent Preclean 0.042ms
[2024-07-21T00:07:51.414+0530][gc,start    ] GC(2) Pause Remark
[2024-07-21T00:07:51.414+0530][gc          ] GC(2) Pause Remark 11M->11M(1024M) 0.645ms
[2024-07-21T00:07:51.414+0530][gc,cpu      ] GC(2) User=0.00s Sys=0.00s Real=0.00s
[2024-07-21T00:07:51.414+0530][gc,marking  ] GC(2) Concurrent Mark 1.697ms
[2024-07-21T00:07:51.414+0530][gc,marking  ] GC(2) Concurrent Rebuild Remembered Sets
[2024-07-21T00:07:51.414+0530][gc,marking  ] GC(2) Concurrent Rebuild Remembered Sets 0.003ms
[2024-07-21T00:07:51.414+0530][gc,start    ] GC(2) Pause Cleanup
[2024-07-21T00:07:51.414+0530][gc          ] GC(2) Pause Cleanup 11M->11M(1024M) 0.007ms
[2024-07-21T00:07:51.414+0530][gc,cpu      ] GC(2) User=0.00s Sys=0.00s Real=0.00s
[2024-07-21T00:07:51.414+0530][gc,marking  ] GC(2) Concurrent Cleanup for Next Mark
[2024-07-21T00:07:51.416+0530][gc,marking  ] GC(2) Concurrent Cleanup for Next Mark 1.810ms
[2024-07-21T00:07:51.416+0530][gc          ] GC(2) Concurrent Mark Cycle 4.586ms
[2024-07-21T00:07:51.772+0530][gc,start    ] GC(3) Pause Young (Normal) (G1 Evacuation Pause)
[2024-07-21T00:07:51.772+0530][gc,task     ] GC(3) Using 13 workers of 13 for evacuation
[2024-07-21T00:07:51.774+0530][gc,phases   ] GC(3)   Pre Evacuate Collection Set: 0.1ms
[2024-07-21T00:07:51.774+0530][gc,phases   ] GC(3)   Merge Heap Roots: 0.0ms
[2024-07-21T00:07:51.774+0530][gc,phases   ] GC(3)   Evacuate Collection Set: 1.2ms
[2024-07-21T00:07:51.774+0530][gc,phases   ] GC(3)   Post Evacuate Collection Set: 0.1ms
[2024-07-21T00:07:51.774+0530][gc,phases   ] GC(3)   Other: 0.1ms
[2024-07-21T00:07:51.774+0530][gc,heap     ] GC(3) Eden regions: 49->0(45)
[2024-07-21T00:07:51.774+0530][gc,heap     ] GC(3) Survivor regions: 2->6(7)
[2024-07-21T00:07:51.774+0530][gc,heap     ] GC(3) Old regions: 8->8
[2024-07-21T00:07:51.774+0530][gc,heap     ] GC(3) Archive regions: 2->2
[2024-07-21T00:07:51.774+0530][gc,heap     ] GC(3) Humongous regions: 129->129
[2024-07-21T00:07:51.774+0530][gc,metaspace] GC(3) Metaspace: 32535K(32832K)->32535K(32832K) NonClass: 28842K(28992K)->28842K(28992K) Class: 3693K(3840K)->3693K(3840K)
[2024-07-21T00:07:51.774+0530][gc          ] GC(3) Pause Young (Normal) (G1 Evacuation Pause) 188M->143M(1024M) 1.557ms
[2024-07-21T00:07:51.774+0530][gc,cpu      ] GC(3) User=0.02s Sys=0.00s Real=0.00s
[2024-07-21T00:07:51.875+0530][gc,start    ] GC(4) Pause Young (Concurrent Start) (Metadata GC Threshold)
[2024-07-21T00:07:51.875+0530][gc,task     ] GC(4) Using 13 workers of 13 for evacuation
[2024-07-21T00:07:51.877+0530][gc,phases   ] GC(4)   Pre Evacuate Collection Set: 0.1ms
[2024-07-21T00:07:51.877+0530][gc,phases   ] GC(4)   Merge Heap Roots: 0.0ms
[2024-07-21T00:07:51.877+0530][gc,phases   ] GC(4)   Evacuate Collection Set: 1.4ms
[2024-07-21T00:07:51.877+0530][gc,phases   ] GC(4)   Post Evacuate Collection Set: 0.2ms
[2024-07-21T00:07:51.877+0530][gc,phases   ] GC(4)   Other: 0.2ms
[2024-07-21T00:07:51.877+0530][gc,heap     ] GC(4) Eden regions: 14->0(49)
[2024-07-21T00:07:51.877+0530][gc,heap     ] GC(4) Survivor regions: 6->2(7)
[2024-07-21T00:07:51.877+0530][gc,heap     ] GC(4) Old regions: 8->14
[2024-07-21T00:07:51.877+0530][gc,heap     ] GC(4) Archive regions: 2->2
[2024-07-21T00:07:51.877+0530][gc,heap     ] GC(4) Humongous regions: 129->129
[2024-07-21T00:07:51.877+0530][gc,metaspace] GC(4) Metaspace: 35836K(36096K)->35836K(36096K) NonClass: 31867K(32000K)->31867K(32000K) Class: 3968K(4096K)->3968K(4096K)
[2024-07-21T00:07:51.877+0530][gc          ] GC(4) Pause Young (Concurrent Start) (Metadata GC Threshold) 157M->144M(1024M) 1.992ms
[2024-07-21T00:07:51.877+0530][gc,cpu      ] GC(4) User=0.02s Sys=0.01s Real=0.01s
[2024-07-21T00:07:51.877+0530][gc          ] GC(5) Concurrent Mark Cycle
[2024-07-21T00:07:51.877+0530][gc,marking  ] GC(5) Concurrent Clear Claimed Marks
[2024-07-21T00:07:51.877+0530][gc,marking  ] GC(5) Concurrent Clear Claimed Marks 0.012ms
[2024-07-21T00:07:51.877+0530][gc,marking  ] GC(5) Concurrent Scan Root Regions
[2024-07-21T00:07:51.878+0530][gc,marking  ] GC(5) Concurrent Scan Root Regions 1.204ms
[2024-07-21T00:07:51.878+0530][gc,marking  ] GC(5) Concurrent Mark
[2024-07-21T00:07:51.878+0530][gc,marking  ] GC(5) Concurrent Mark From Roots
[2024-07-21T00:07:51.878+0530][gc,task     ] GC(5) Using 3 workers of 3 for marking
[2024-07-21T00:07:51.881+0530][gc,marking  ] GC(5) Concurrent Mark From Roots 2.279ms
[2024-07-21T00:07:51.881+0530][gc,marking  ] GC(5) Concurrent Preclean
[2024-07-21T00:07:51.881+0530][gc,marking  ] GC(5) Concurrent Preclean 0.064ms
[2024-07-21T00:07:51.881+0530][gc,start    ] GC(5) Pause Remark
[2024-07-21T00:07:51.882+0530][gc          ] GC(5) Pause Remark 145M->145M(1024M) 0.684ms
[2024-07-21T00:07:51.882+0530][gc,cpu      ] GC(5) User=0.01s Sys=0.00s Real=0.00s
[2024-07-21T00:07:51.882+0530][gc,marking  ] GC(5) Concurrent Mark 3.203ms
[2024-07-21T00:07:51.882+0530][gc,marking  ] GC(5) Concurrent Rebuild Remembered Sets
[2024-07-21T00:07:51.883+0530][gc,marking  ] GC(5) Concurrent Rebuild Remembered Sets 1.731ms
[2024-07-21T00:07:51.883+0530][gc,start    ] GC(5) Pause Cleanup
[2024-07-21T00:07:51.884+0530][gc          ] GC(5) Pause Cleanup 146M->146M(1024M) 0.102ms
[2024-07-21T00:07:51.884+0530][gc,cpu      ] GC(5) User=0.00s Sys=0.00s Real=0.01s
[2024-07-21T00:07:51.884+0530][gc,marking  ] GC(5) Concurrent Cleanup for Next Mark
[2024-07-21T00:07:51.885+0530][gc,marking  ] GC(5) Concurrent Cleanup for Next Mark 1.869ms
[2024-07-21T00:07:51.886+0530][gc          ] GC(5) Concurrent Mark Cycle 8.405ms
[2024-07-21T00:07:56.336+0530][gc,start    ] GC(6) Pause Young (Normal) (G1 Evacuation Pause)
[2024-07-21T00:07:56.336+0530][gc,task     ] GC(6) Using 13 workers of 13 for evacuation
[2024-07-21T00:07:56.337+0530][gc,phases   ] GC(6)   Pre Evacuate Collection Set: 0.1ms
[2024-07-21T00:07:56.337+0530][gc,phases   ] GC(6)   Merge Heap Roots: 0.0ms
[2024-07-21T00:07:56.337+0530][gc,phases   ] GC(6)   Evacuate Collection Set: 0.6ms
[2024-07-21T00:07:56.337+0530][gc,phases   ] GC(6)   Post Evacuate Collection Set: 0.3ms
[2024-07-21T00:07:56.337+0530][gc,phases   ] GC(6)   Other: 0.1ms
[2024-07-21T00:07:56.337+0530][gc,heap     ] GC(6) Eden regions: 49->0(49)
[2024-07-21T00:07:56.337+0530][gc,heap     ] GC(6) Survivor regions: 2->2(7)
[2024-07-21T00:07:56.337+0530][gc,heap     ] GC(6) Old regions: 14->14
[2024-07-21T00:07:56.337+0530][gc,heap     ] GC(6) Archive regions: 2->2
[2024-07-21T00:07:56.337+0530][gc,heap     ] GC(6) Humongous regions: 131->131
[2024-07-21T00:07:56.337+0530][gc,metaspace] GC(6) Metaspace: 37151K(37440K)->37151K(37440K) NonClass: 33001K(33152K)->33001K(33152K) Class: 4149K(4288K)->4149K(4288K)
[2024-07-21T00:07:56.337+0530][gc          ] GC(6) Pause Young (Normal) (G1 Evacuation Pause) 195M->147M(1024M) 1.124ms
[2024-07-21T00:07:56.337+0530][gc,cpu      ] GC(6) User=0.00s Sys=0.00s Real=0.00s
[2024-07-21T00:07:56.404+0530][gc,start    ] GC(7) Pause Young (Normal) (G1 Evacuation Pause)
[2024-07-21T00:07:56.404+0530][gc,task     ] GC(7) Using 13 workers of 13 for evacuation
[2024-07-21T00:07:56.405+0530][gc,phases   ] GC(7)   Pre Evacuate Collection Set: 0.1ms
[2024-07-21T00:07:56.405+0530][gc,phases   ] GC(7)   Merge Heap Roots: 0.0ms
[2024-07-21T00:07:56.405+0530][gc,phases   ] GC(7)   Evacuate Collection Set: 0.5ms
[2024-07-21T00:07:56.405+0530][gc,phases   ] GC(7)   Post Evacuate Collection Set: 0.2ms
[2024-07-21T00:07:56.405+0530][gc,phases   ] GC(7)   Other: 0.1ms
[2024-07-21T00:07:56.405+0530][gc,heap     ] GC(7) Eden regions: 49->0(49)
[2024-07-21T00:07:56.405+0530][gc,heap     ] GC(7) Survivor regions: 2->2(7)
[2024-07-21T00:07:56.405+0530][gc,heap     ] GC(7) Old regions: 14->14
[2024-07-21T00:07:56.405+0530][gc,heap     ] GC(7) Archive regions: 2->2
[2024-07-21T00:07:56.405+0530][gc,heap     ] GC(7) Humongous regions: 131->131
[2024-07-21T00:07:56.405+0530][gc,metaspace] GC(7) Metaspace: 37422K(37696K)->37422K(37696K) NonClass: 33244K(33408K)->33244K(33408K) Class: 4177K(4288K)->4177K(4288K)
[2024-07-21T00:07:56.405+0530][gc          ] GC(7) Pause Young (Normal) (G1 Evacuation Pause) 196M->147M(1024M) 0.910ms
[2024-07-21T00:07:56.405+0530][gc,cpu      ] GC(7) User=0.01s Sys=0.00s Real=0.00s
[2024-07-21T00:07:56.470+0530][gc,start    ] GC(8) Pause Young (Normal) (G1 Evacuation Pause)
[2024-07-21T00:07:56.470+0530][gc,task     ] GC(8) Using 13 workers of 13 for evacuation
[2024-07-21T00:07:56.471+0530][gc,phases   ] GC(8)   Pre Evacuate Collection Set: 0.1ms
[2024-07-21T00:07:56.471+0530][gc,phases   ] GC(8)   Merge Heap Roots: 0.0ms
[2024-07-21T00:07:56.471+0530][gc,phases   ] GC(8)   Evacuate Collection Set: 0.5ms
[2024-07-21T00:07:56.471+0530][gc,phases   ] GC(8)   Post Evacuate Collection Set: 0.1ms
[2024-07-21T00:07:56.471+0530][gc,phases   ] GC(8)   Other: 0.1ms
[2024-07-21T00:07:56.471+0530][gc,heap     ] GC(8) Eden regions: 49->0(72)
[2024-07-21T00:07:56.471+0530][gc,heap     ] GC(8) Survivor regions: 2->3(7)
[2024-07-21T00:07:56.471+0530][gc,heap     ] GC(8) Old regions: 14->14
[2024-07-21T00:07:56.471+0530][gc,heap     ] GC(8) Archive regions: 2->2
[2024-07-21T00:07:56.471+0530][gc,heap     ] GC(8) Humongous regions: 131->131
[2024-07-21T00:07:56.471+0530][gc,metaspace] GC(8) Metaspace: 37526K(37824K)->37526K(37824K) NonClass: 33332K(33536K)->33332K(33536K) Class: 4194K(4288K)->4194K(4288K)
[2024-07-21T00:07:56.471+0530][gc          ] GC(8) Pause Young (Normal) (G1 Evacuation Pause) 196M->147M(1024M) 0.814ms
[2024-07-21T00:07:56.471+0530][gc,cpu      ] GC(8) User=0.00s Sys=0.00s Real=0.00s
[2024-07-21T00:07:56.570+0530][gc,start    ] GC(9) Pause Young (Normal) (G1 Evacuation Pause)
[2024-07-21T00:07:56.570+0530][gc,task     ] GC(9) Using 13 workers of 13 for evacuation
[2024-07-21T00:07:56.571+0530][gc,phases   ] GC(9)   Pre Evacuate Collection Set: 0.1ms
[2024-07-21T00:07:56.571+0530][gc,phases   ] GC(9)   Merge Heap Roots: 0.0ms
[2024-07-21T00:07:56.571+0530][gc,phases   ] GC(9)   Evacuate Collection Set: 0.6ms
[2024-07-21T00:07:56.571+0530][gc,phases   ] GC(9)   Post Evacuate Collection Set: 0.2ms
[2024-07-21T00:07:56.571+0530][gc,phases   ] GC(9)   Other: 0.1ms
[2024-07-21T00:07:56.571+0530][gc,heap     ] GC(9) Eden regions: 72->0(410)
[2024-07-21T00:07:56.571+0530][gc,heap     ] GC(9) Survivor regions: 3->3(10)
[2024-07-21T00:07:56.571+0530][gc,heap     ] GC(9) Old regions: 14->14
[2024-07-21T00:07:56.571+0530][gc,heap     ] GC(9) Archive regions: 2->2
[2024-07-21T00:07:56.571+0530][gc,heap     ] GC(9) Humongous regions: 131->131
[2024-07-21T00:07:56.571+0530][gc,metaspace] GC(9) Metaspace: 37597K(37888K)->37597K(37888K) NonClass: 33386K(33536K)->33386K(33536K) Class: 4210K(4352K)->4210K(4352K)
[2024-07-21T00:07:56.571+0530][gc          ] GC(9) Pause Young (Normal) (G1 Evacuation Pause) 219M->147M(1024M) 1.085ms
[2024-07-21T00:07:56.571+0530][gc,cpu      ] GC(9) User=0.01s Sys=0.00s Real=0.00s
[2024-07-21T00:08:26.449+0530][gc,start    ] GC(10) Pause Young (Normal) (G1 Evacuation Pause)
[2024-07-21T00:08:26.449+0530][gc,task     ] GC(10) Using 13 workers of 13 for evacuation
[2024-07-21T00:08:26.451+0530][gc,phases   ] GC(10)   Pre Evacuate Collection Set: 0.1ms
[2024-07-21T00:08:26.451+0530][gc,phases   ] GC(10)   Merge Heap Roots: 0.1ms
[2024-07-21T00:08:26.451+0530][gc,phases   ] GC(10)   Evacuate Collection Set: 0.7ms
[2024-07-21T00:08:26.451+0530][gc,phases   ] GC(10)   Post Evacuate Collection Set: 0.3ms
[2024-07-21T00:08:26.451+0530][gc,phases   ] GC(10)   Other: 0.1ms
[2024-07-21T00:08:26.451+0530][gc,heap     ] GC(10) Eden regions: 410->0(611)
[2024-07-21T00:08:26.451+0530][gc,heap     ] GC(10) Survivor regions: 3->3(52)
[2024-07-21T00:08:26.451+0530][gc,heap     ] GC(10) Old regions: 14->14
[2024-07-21T00:08:26.451+0530][gc,heap     ] GC(10) Archive regions: 2->2
[2024-07-21T00:08:26.451+0530][gc,heap     ] GC(10) Humongous regions: 131->131
[2024-07-21T00:08:26.451+0530][gc,metaspace] GC(10) Metaspace: 38215K(38592K)->38215K(38592K) NonClass: 33930K(34112K)->33930K(34112K) Class: 4285K(4480K)->4285K(4480K)
[2024-07-21T00:08:26.451+0530][gc          ] GC(10) Pause Young (Normal) (G1 Evacuation Pause) 557M->148M(1024M) 1.553ms
[2024-07-21T00:08:26.451+0530][gc,cpu      ] GC(10) User=0.01s Sys=0.00s Real=0.00s
[2024-07-21T00:08:39.159+0530][gc,start    ] GC(11) Pause Young (Normal) (G1 Evacuation Pause)
[2024-07-21T00:08:39.159+0530][gc,task     ] GC(11) Using 13 workers of 13 for evacuation
[2024-07-21T00:08:39.160+0530][gc,phases   ] GC(11)   Pre Evacuate Collection Set: 0.1ms
[2024-07-21T00:08:39.160+0530][gc,phases   ] GC(11)   Merge Heap Roots: 0.1ms
[2024-07-21T00:08:39.160+0530][gc,phases   ] GC(11)   Evacuate Collection Set: 0.7ms
[2024-07-21T00:08:39.160+0530][gc,phases   ] GC(11)   Post Evacuate Collection Set: 0.4ms
[2024-07-21T00:08:39.160+0530][gc,phases   ] GC(11)   Other: 0.1ms
[2024-07-21T00:08:39.160+0530][gc,heap     ] GC(11) Eden regions: 611->0(611)
[2024-07-21T00:08:39.160+0530][gc,heap     ] GC(11) Survivor regions: 3->3(77)
[2024-07-21T00:08:39.160+0530][gc,heap     ] GC(11) Old regions: 14->14
[2024-07-21T00:08:39.160+0530][gc,heap     ] GC(11) Archive regions: 2->2
[2024-07-21T00:08:39.160+0530][gc,heap     ] GC(11) Humongous regions: 131->131
[2024-07-21T00:08:39.160+0530][gc,metaspace] GC(11) Metaspace: 38287K(38656K)->38287K(38656K) NonClass: 34000K(34176K)->34000K(34176K) Class: 4287K(4480K)->4287K(4480K)
[2024-07-21T00:08:39.160+0530][gc          ] GC(11) Pause Young (Normal) (G1 Evacuation Pause) 759M->148M(1024M) 1.509ms
[2024-07-21T00:08:39.160+0530][gc,cpu      ] GC(11) User=0.00s Sys=0.01s Real=0.00s
[2024-07-21T00:08:39.991+0530][gc,start    ] GC(12) Pause Young (Normal) (G1 Evacuation Pause)
[2024-07-21T00:08:39.991+0530][gc,task     ] GC(12) Using 13 workers of 13 for evacuation
[2024-07-21T00:08:39.993+0530][gc,phases   ] GC(12)   Pre Evacuate Collection Set: 0.1ms
[2024-07-21T00:08:39.993+0530][gc,phases   ] GC(12)   Merge Heap Roots: 0.1ms
[2024-07-21T00:08:39.993+0530][gc,phases   ] GC(12)   Evacuate Collection Set: 0.9ms
[2024-07-21T00:08:39.993+0530][gc,phases   ] GC(12)   Post Evacuate Collection Set: 0.4ms
[2024-07-21T00:08:39.993+0530][gc,phases   ] GC(12)   Other: 0.1ms
[2024-07-21T00:08:39.993+0530][gc,heap     ] GC(12) Eden regions: 611->0(611)
[2024-07-21T00:08:39.993+0530][gc,heap     ] GC(12) Survivor regions: 3->3(77)
[2024-07-21T00:08:39.993+0530][gc,heap     ] GC(12) Old regions: 14->14
[2024-07-21T00:08:39.993+0530][gc,heap     ] GC(12) Archive regions: 2->2
[2024-07-21T00:08:39.993+0530][gc,heap     ] GC(12) Humongous regions: 131->131
[2024-07-21T00:08:39.993+0530][gc,metaspace] GC(12) Metaspace: 38383K(38720K)->38383K(38720K) NonClass: 34091K(34240K)->34091K(34240K) Class: 4292K(4480K)->4292K(4480K)
[2024-07-21T00:08:39.993+0530][gc          ] GC(12) Pause Young (Normal) (G1 Evacuation Pause) 759M->148M(1024M) 1.601ms
[2024-07-21T00:08:39.993+0530][gc,cpu      ] GC(12) User=0.00s Sys=0.01s Real=0.00s
[2024-07-21T00:08:40.582+0530][gc,start    ] GC(13) Pause Young (Normal) (G1 Evacuation Pause)
[2024-07-21T00:08:40.582+0530][gc,task     ] GC(13) Using 13 workers of 13 for evacuation
[2024-07-21T00:08:40.583+0530][gc,phases   ] GC(13)   Pre Evacuate Collection Set: 0.1ms
[2024-07-21T00:08:40.583+0530][gc,phases   ] GC(13)   Merge Heap Roots: 0.1ms
[2024-07-21T00:08:40.583+0530][gc,phases   ] GC(13)   Evacuate Collection Set: 0.6ms
[2024-07-21T00:08:40.583+0530][gc,phases   ] GC(13)   Post Evacuate Collection Set: 0.3ms
[2024-07-21T00:08:40.583+0530][gc,phases   ] GC(13)   Other: 0.1ms
[2024-07-21T00:08:40.583+0530][gc,heap     ] GC(13) Eden regions: 611->0(611)
[2024-07-21T00:08:40.583+0530][gc,heap     ] GC(13) Survivor regions: 3->3(77)
[2024-07-21T00:08:40.583+0530][gc,heap     ] GC(13) Old regions: 14->14
[2024-07-21T00:08:40.583+0530][gc,heap     ] GC(13) Archive regions: 2->2
[2024-07-21T00:08:40.583+0530][gc,heap     ] GC(13) Humongous regions: 133->133
[2024-07-21T00:08:40.583+0530][gc,metaspace] GC(13) Metaspace: 38429K(38784K)->38429K(38784K) NonClass: 34137K(34304K)->34137K(34304K) Class: 4292K(4480K)->4292K(4480K)
[2024-07-21T00:08:40.583+0530][gc          ] GC(13) Pause Young (Normal) (G1 Evacuation Pause) 761M->150M(1024M) 1.170ms
[2024-07-21T00:08:40.583+0530][gc,cpu      ] GC(13) User=0.02s Sys=0.01s Real=0.00s
[2024-07-21T00:08:41.268+0530][gc,start    ] GC(14) Pause Young (Normal) (G1 Evacuation Pause)
[2024-07-21T00:08:41.268+0530][gc,task     ] GC(14) Using 13 workers of 13 for evacuation
[2024-07-21T00:08:41.269+0530][gc,phases   ] GC(14)   Pre Evacuate Collection Set: 0.1ms
[2024-07-21T00:08:41.269+0530][gc,phases   ] GC(14)   Merge Heap Roots: 0.2ms
[2024-07-21T00:08:41.269+0530][gc,phases   ] GC(14)   Evacuate Collection Set: 0.6ms
[2024-07-21T00:08:41.269+0530][gc,phases   ] GC(14)   Post Evacuate Collection Set: 0.4ms
[2024-07-21T00:08:41.269+0530][gc,phases   ] GC(14)   Other: 0.1ms
[2024-07-21T00:08:41.269+0530][gc,heap     ] GC(14) Eden regions: 611->0(611)
[2024-07-21T00:08:41.269+0530][gc,heap     ] GC(14) Survivor regions: 3->3(77)
[2024-07-21T00:08:41.269+0530][gc,heap     ] GC(14) Old regions: 14->14
[2024-07-21T00:08:41.269+0530][gc,heap     ] GC(14) Archive regions: 2->2
[2024-07-21T00:08:41.269+0530][gc,heap     ] GC(14) Humongous regions: 133->133
[2024-07-21T00:08:41.269+0530][gc,metaspace] GC(14) Metaspace: 38448K(38784K)->38448K(38784K) NonClass: 34156K(34304K)->34156K(34304K) Class: 4292K(4480K)->4292K(4480K)
[2024-07-21T00:08:41.270+0530][gc          ] GC(14) Pause Young (Normal) (G1 Evacuation Pause) 761M->150M(1024M) 1.376ms
[2024-07-21T00:08:41.270+0530][gc,cpu      ] GC(14) User=0.01s Sys=0.00s Real=0.00s
[2024-07-21T00:09:11.416+0530][gc,start    ] GC(15) Pause Young (Normal) (G1 Evacuation Pause)
[2024-07-21T00:09:11.416+0530][gc,task     ] GC(15) Using 13 workers of 13 for evacuation
[2024-07-21T00:09:11.417+0530][gc,phases   ] GC(15)   Pre Evacuate Collection Set: 0.1ms
[2024-07-21T00:09:11.417+0530][gc,phases   ] GC(15)   Merge Heap Roots: 0.2ms
[2024-07-21T00:09:11.417+0530][gc,phases   ] GC(15)   Evacuate Collection Set: 0.7ms
[2024-07-21T00:09:11.417+0530][gc,phases   ] GC(15)   Post Evacuate Collection Set: 0.4ms
[2024-07-21T00:09:11.417+0530][gc,phases   ] GC(15)   Other: 0.1ms
[2024-07-21T00:09:11.417+0530][gc,heap     ] GC(15) Eden regions: 611->0(611)
[2024-07-21T00:09:11.417+0530][gc,heap     ] GC(15) Survivor regions: 3->3(77)
[2024-07-21T00:09:11.417+0530][gc,heap     ] GC(15) Old regions: 14->14
[2024-07-21T00:09:11.417+0530][gc,heap     ] GC(15) Archive regions: 2->2
[2024-07-21T00:09:11.417+0530][gc,heap     ] GC(15) Humongous regions: 133->133
[2024-07-21T00:09:11.417+0530][gc,metaspace] GC(15) Metaspace: 38634K(39104K)->38634K(39104K) NonClass: 34314K(34560K)->34314K(34560K) Class: 4319K(4544K)->4319K(4544K)
[2024-07-21T00:09:11.417+0530][gc          ] GC(15) Pause Young (Normal) (G1 Evacuation Pause) 761M->150M(1024M) 1.489ms
[2024-07-21T00:09:11.417+0530][gc,cpu      ] GC(15) User=0.00s Sys=0.00s Real=0.00s
[2024-07-21T00:09:56.321+0530][gc,start    ] GC(16) Pause Young (Normal) (G1 Evacuation Pause)
[2024-07-21T00:09:56.321+0530][gc,task     ] GC(16) Using 13 workers of 13 for evacuation
[2024-07-21T00:09:56.322+0530][gc,phases   ] GC(16)   Pre Evacuate Collection Set: 0.1ms
[2024-07-21T00:09:56.322+0530][gc,phases   ] GC(16)   Merge Heap Roots: 0.1ms
[2024-07-21T00:09:56.322+0530][gc,phases   ] GC(16)   Evacuate Collection Set: 0.7ms
[2024-07-21T00:09:56.322+0530][gc,phases   ] GC(16)   Post Evacuate Collection Set: 0.3ms
[2024-07-21T00:09:56.322+0530][gc,phases   ] GC(16)   Other: 0.1ms
[2024-07-21T00:09:56.322+0530][gc,heap     ] GC(16) Eden regions: 611->0(611)
[2024-07-21T00:09:56.322+0530][gc,heap     ] GC(16) Survivor regions: 3->3(77)
[2024-07-21T00:09:56.322+0530][gc,heap     ] GC(16) Old regions: 14->14
[2024-07-21T00:09:56.322+0530][gc,heap     ] GC(16) Archive regions: 2->2
[2024-07-21T00:09:56.322+0530][gc,heap     ] GC(16) Humongous regions: 133->133
[2024-07-21T00:09:56.322+0530][gc,metaspace] GC(16) Metaspace: 38686K(39104K)->38686K(39104K) NonClass: 34365K(34560K)->34365K(34560K) Class: 4321K(4544K)->4321K(4544K)
[2024-07-21T00:09:56.322+0530][gc          ] GC(16) Pause Young (Normal) (G1 Evacuation Pause) 761M->150M(1024M) 1.340ms
[2024-07-21T00:09:56.322+0530][gc,cpu      ] GC(16) User=0.00s Sys=0.00s Real=0.00s
[2024-07-21T00:10:26.477+0530][gc,start    ] GC(17) Pause Young (Normal) (G1 Evacuation Pause)
[2024-07-21T00:10:26.477+0530][gc,task     ] GC(17) Using 13 workers of 13 for evacuation
[2024-07-21T00:10:26.478+0530][gc,phases   ] GC(17)   Pre Evacuate Collection Set: 0.1ms
[2024-07-21T00:10:26.478+0530][gc,phases   ] GC(17)   Merge Heap Roots: 0.1ms
[2024-07-21T00:10:26.478+0530][gc,phases   ] GC(17)   Evacuate Collection Set: 0.6ms
[2024-07-21T00:10:26.478+0530][gc,phases   ] GC(17)   Post Evacuate Collection Set: 0.3ms
[2024-07-21T00:10:26.478+0530][gc,phases   ] GC(17)   Other: 0.1ms
[2024-07-21T00:10:26.478+0530][gc,heap     ] GC(17) Eden regions: 611->0(611)
[2024-07-21T00:10:26.478+0530][gc,heap     ] GC(17) Survivor regions: 3->3(77)
[2024-07-21T00:10:26.478+0530][gc,heap     ] GC(17) Old regions: 14->14
[2024-07-21T00:10:26.478+0530][gc,heap     ] GC(17) Archive regions: 2->2
[2024-07-21T00:10:26.478+0530][gc,heap     ] GC(17) Humongous regions: 133->133
[2024-07-21T00:10:26.478+0530][gc,metaspace] GC(17) Metaspace: 38721K(39104K)->38721K(39104K) NonClass: 34400K(34560K)->34400K(34560K) Class: 4321K(4544K)->4321K(4544K)
[2024-07-21T00:10:26.478+0530][gc          ] GC(17) Pause Young (Normal) (G1 Evacuation Pause) 761M->150M(1024M) 1.276ms
[2024-07-21T00:10:26.478+0530][gc,cpu      ] GC(17) User=0.01s Sys=0.00s Real=0.00s
[2024-07-21T00:11:11.366+0530][gc,start    ] GC(18) Pause Young (Normal) (G1 Evacuation Pause)
[2024-07-21T00:11:11.366+0530][gc,task     ] GC(18) Using 13 workers of 13 for evacuation
[2024-07-21T00:11:11.367+0530][gc,phases   ] GC(18)   Pre Evacuate Collection Set: 0.1ms
[2024-07-21T00:11:11.367+0530][gc,phases   ] GC(18)   Merge Heap Roots: 0.1ms
[2024-07-21T00:11:11.367+0530][gc,phases   ] GC(18)   Evacuate Collection Set: 0.6ms
[2024-07-21T00:11:11.367+0530][gc,phases   ] GC(18)   Post Evacuate Collection Set: 0.3ms
[2024-07-21T00:11:11.367+0530][gc,phases   ] GC(18)   Other: 0.1ms
[2024-07-21T00:11:11.367+0530][gc,heap     ] GC(18) Eden regions: 611->0(611)
[2024-07-21T00:11:11.367+0530][gc,heap     ] GC(18) Survivor regions: 3->3(77)
[2024-07-21T00:11:11.367+0530][gc,heap     ] GC(18) Old regions: 14->14
[2024-07-21T00:11:11.367+0530][gc,heap     ] GC(18) Archive regions: 2->2
[2024-07-21T00:11:11.367+0530][gc,heap     ] GC(18) Humongous regions: 133->133
[2024-07-21T00:11:11.367+0530][gc,metaspace] GC(18) Metaspace: 38748K(39168K)->38748K(39168K) NonClass: 34427K(34624K)->34427K(34624K) Class: 4321K(4544K)->4321K(4544K)
[2024-07-21T00:11:11.367+0530][gc          ] GC(18) Pause Young (Normal) (G1 Evacuation Pause) 761M->150M(1024M) 1.168ms
[2024-07-21T00:11:11.367+0530][gc,cpu      ] GC(18) User=0.01s Sys=0.00s Real=0.00s
[2024-07-21T00:11:56.287+0530][gc,start    ] GC(19) Pause Young (Normal) (G1 Evacuation Pause)
[2024-07-21T00:11:56.287+0530][gc,task     ] GC(19) Using 13 workers of 13 for evacuation
[2024-07-21T00:11:56.288+0530][gc,phases   ] GC(19)   Pre Evacuate Collection Set: 0.1ms
[2024-07-21T00:11:56.288+0530][gc,phases   ] GC(19)   Merge Heap Roots: 0.1ms
[2024-07-21T00:11:56.288+0530][gc,phases   ] GC(19)   Evacuate Collection Set: 0.6ms
[2024-07-21T00:11:56.288+0530][gc,phases   ] GC(19)   Post Evacuate Collection Set: 0.4ms
[2024-07-21T00:11:56.288+0530][gc,phases   ] GC(19)   Other: 0.1ms
[2024-07-21T00:11:56.288+0530][gc,heap     ] GC(19) Eden regions: 611->0(611)
[2024-07-21T00:11:56.288+0530][gc,heap     ] GC(19) Survivor regions: 3->3(77)
[2024-07-21T00:11:56.288+0530][gc,heap     ] GC(19) Old regions: 14->14
[2024-07-21T00:11:56.288+0530][gc,heap     ] GC(19) Archive regions: 2->2
[2024-07-21T00:11:56.288+0530][gc,heap     ] GC(19) Humongous regions: 133->133
[2024-07-21T00:11:56.288+0530][gc,metaspace] GC(19) Metaspace: 38775K(39232K)->38775K(39232K) NonClass: 34453K(34688K)->34453K(34688K) Class: 4321K(4544K)->4321K(4544K)
[2024-07-21T00:11:56.288+0530][gc          ] GC(19) Pause Young (Normal) (G1 Evacuation Pause) 761M->150M(1024M) 1.274ms
[2024-07-21T00:11:56.288+0530][gc,cpu      ] GC(19) User=0.01s Sys=0.00s Real=0.00s
[2024-07-21T00:12:45.306+0530][gc,start    ] GC(20) Pause Young (Normal) (G1 Evacuation Pause)
[2024-07-21T00:12:45.306+0530][gc,task     ] GC(20) Using 13 workers of 13 for evacuation
[2024-07-21T00:12:45.308+0530][gc,phases   ] GC(20)   Pre Evacuate Collection Set: 0.1ms
[2024-07-21T00:12:45.308+0530][gc,phases   ] GC(20)   Merge Heap Roots: 0.1ms
[2024-07-21T00:12:45.308+0530][gc,phases   ] GC(20)   Evacuate Collection Set: 0.7ms
[2024-07-21T00:12:45.308+0530][gc,phases   ] GC(20)   Post Evacuate Collection Set: 0.4ms
[2024-07-21T00:12:45.308+0530][gc,phases   ] GC(20)   Other: 0.1ms
[2024-07-21T00:12:45.308+0530][gc,heap     ] GC(20) Eden regions: 611->0(612)
[2024-07-21T00:12:45.308+0530][gc,heap     ] GC(20) Survivor regions: 3->2(77)
[2024-07-21T00:12:45.308+0530][gc,heap     ] GC(20) Old regions: 14->15
[2024-07-21T00:12:45.308+0530][gc,heap     ] GC(20) Archive regions: 2->2
[2024-07-21T00:12:45.308+0530][gc,heap     ] GC(20) Humongous regions: 133->133
[2024-07-21T00:12:45.308+0530][gc,metaspace] GC(20) Metaspace: 38791K(39232K)->38791K(39232K) NonClass: 34469K(34688K)->34469K(34688K) Class: 4322K(4544K)->4322K(4544K)
[2024-07-21T00:12:45.308+0530][gc          ] GC(20) Pause Young (Normal) (G1 Evacuation Pause) 761M->150M(1024M) 1.401ms
[2024-07-21T00:12:45.308+0530][gc,cpu      ] GC(20) User=0.01s Sys=0.00s Real=0.00s
[2024-07-21T00:13:30.198+0530][gc,start    ] GC(21) Pause Young (Normal) (G1 Evacuation Pause)
[2024-07-21T00:13:30.198+0530][gc,task     ] GC(21) Using 13 workers of 13 for evacuation
[2024-07-21T00:13:30.199+0530][gc,phases   ] GC(21)   Pre Evacuate Collection Set: 0.1ms
[2024-07-21T00:13:30.199+0530][gc,phases   ] GC(21)   Merge Heap Roots: 0.1ms
[2024-07-21T00:13:30.199+0530][gc,phases   ] GC(21)   Evacuate Collection Set: 0.7ms
[2024-07-21T00:13:30.199+0530][gc,phases   ] GC(21)   Post Evacuate Collection Set: 0.3ms
[2024-07-21T00:13:30.199+0530][gc,phases   ] GC(21)   Other: 0.1ms
[2024-07-21T00:13:30.199+0530][gc,heap     ] GC(21) Eden regions: 612->0(613)
[2024-07-21T00:13:30.199+0530][gc,heap     ] GC(21) Survivor regions: 2->1(77)
[2024-07-21T00:13:30.199+0530][gc,heap     ] GC(21) Old regions: 15->16
[2024-07-21T00:13:30.199+0530][gc,heap     ] GC(21) Archive regions: 2->2
[2024-07-21T00:13:30.199+0530][gc,heap     ] GC(21) Humongous regions: 133->133
[2024-07-21T00:13:30.199+0530][gc,metaspace] GC(21) Metaspace: 38796K(39232K)->38796K(39232K) NonClass: 34473K(34688K)->34473K(34688K) Class: 4322K(4544K)->4322K(4544K)
[2024-07-21T00:13:30.199+0530][gc          ] GC(21) Pause Young (Normal) (G1 Evacuation Pause) 762M->150M(1024M) 1.363ms
[2024-07-21T00:13:30.199+0530][gc,cpu      ] GC(21) User=0.00s Sys=0.00s Real=0.00s
[2024-07-21T00:14:15.121+0530][gc,start    ] GC(22) Pause Young (Normal) (G1 Evacuation Pause)
[2024-07-21T00:14:15.121+0530][gc,task     ] GC(22) Using 13 workers of 13 for evacuation
[2024-07-21T00:14:15.122+0530][gc,phases   ] GC(22)   Pre Evacuate Collection Set: 0.1ms
[2024-07-21T00:14:15.122+0530][gc,phases   ] GC(22)   Merge Heap Roots: 0.1ms
[2024-07-21T00:14:15.122+0530][gc,phases   ] GC(22)   Evacuate Collection Set: 0.5ms
[2024-07-21T00:14:15.122+0530][gc,phases   ] GC(22)   Post Evacuate Collection Set: 0.3ms
[2024-07-21T00:14:15.122+0530][gc,phases   ] GC(22)   Other: 0.1ms
[2024-07-21T00:14:15.122+0530][gc,heap     ] GC(22) Eden regions: 613->0(613)
[2024-07-21T00:14:15.122+0530][gc,heap     ] GC(22) Survivor regions: 1->1(77)
[2024-07-21T00:14:15.122+0530][gc,heap     ] GC(22) Old regions: 16->16
[2024-07-21T00:14:15.122+0530][gc,heap     ] GC(22) Archive regions: 2->2
[2024-07-21T00:14:15.122+0530][gc,heap     ] GC(22) Humongous regions: 133->133
[2024-07-21T00:14:15.122+0530][gc,metaspace] GC(22) Metaspace: 38813K(39232K)->38813K(39232K) NonClass: 34490K(34688K)->34490K(34688K) Class: 4322K(4544K)->4322K(4544K)
[2024-07-21T00:14:15.122+0530][gc          ] GC(22) Pause Young (Normal) (G1 Evacuation Pause) 763M->150M(1024M) 1.234ms
[2024-07-21T00:14:15.122+0530][gc,cpu      ] GC(22) User=0.01s Sys=0.00s Real=0.00s
[2024-07-21T00:14:45.275+0530][gc,start    ] GC(23) Pause Young (Normal) (G1 Evacuation Pause)
[2024-07-21T00:14:45.275+0530][gc,task     ] GC(23) Using 13 workers of 13 for evacuation
[2024-07-21T00:14:45.275+0530][gc,phases   ] GC(23)   Pre Evacuate Collection Set: 0.1ms
[2024-07-21T00:14:45.275+0530][gc,phases   ] GC(23)   Merge Heap Roots: 0.1ms
[2024-07-21T00:14:45.275+0530][gc,phases   ] GC(23)   Evacuate Collection Set: 0.3ms
[2024-07-21T00:14:45.275+0530][gc,phases   ] GC(23)   Post Evacuate Collection Set: 0.2ms
[2024-07-21T00:14:45.275+0530][gc,phases   ] GC(23)   Other: 0.1ms
[2024-07-21T00:14:45.275+0530][gc,heap     ] GC(23) Eden regions: 613->0(613)
[2024-07-21T00:14:45.275+0530][gc,heap     ] GC(23) Survivor regions: 1->1(77)
[2024-07-21T00:14:45.275+0530][gc,heap     ] GC(23) Old regions: 16->16
[2024-07-21T00:14:45.275+0530][gc,heap     ] GC(23) Archive regions: 2->2
[2024-07-21T00:14:45.275+0530][gc,heap     ] GC(23) Humongous regions: 133->133
[2024-07-21T00:14:45.275+0530][gc,metaspace] GC(23) Metaspace: 38845K(39232K)->38845K(39232K) NonClass: 34523K(34688K)->34523K(34688K) Class: 4322K(4544K)->4322K(4544K)
[2024-07-21T00:14:45.275+0530][gc          ] GC(23) Pause Young (Normal) (G1 Evacuation Pause) 763M->150M(1024M) 0.860ms
[2024-07-21T00:14:45.276+0530][gc,cpu      ] GC(23) User=0.00s Sys=0.00s Real=0.01s
[2024-07-21T00:15:30.193+0530][gc,start    ] GC(24) Pause Young (Normal) (G1 Evacuation Pause)
[2024-07-21T00:15:30.193+0530][gc,task     ] GC(24) Using 13 workers of 13 for evacuation
[2024-07-21T00:15:30.194+0530][gc,phases   ] GC(24)   Pre Evacuate Collection Set: 0.1ms
[2024-07-21T00:15:30.194+0530][gc,phases   ] GC(24)   Merge Heap Roots: 0.2ms
[2024-07-21T00:15:30.194+0530][gc,phases   ] GC(24)   Evacuate Collection Set: 0.4ms
[2024-07-21T00:15:30.194+0530][gc,phases   ] GC(24)   Post Evacuate Collection Set: 0.3ms
[2024-07-21T00:15:30.194+0530][gc,phases   ] GC(24)   Other: 0.1ms
[2024-07-21T00:15:30.194+0530][gc,heap     ] GC(24) Eden regions: 613->0(613)
[2024-07-21T00:15:30.194+0530][gc,heap     ] GC(24) Survivor regions: 1->1(77)
[2024-07-21T00:15:30.194+0530][gc,heap     ] GC(24) Old regions: 16->16
[2024-07-21T00:15:30.194+0530][gc,heap     ] GC(24) Archive regions: 2->2
[2024-07-21T00:15:30.194+0530][gc,heap     ] GC(24) Humongous regions: 133->133
[2024-07-21T00:15:30.194+0530][gc,metaspace] GC(24) Metaspace: 38858K(39232K)->38858K(39232K) NonClass: 34536K(34688K)->34536K(34688K) Class: 4322K(4544K)->4322K(4544K)
[2024-07-21T00:15:30.194+0530][gc          ] GC(24) Pause Young (Normal) (G1 Evacuation Pause) 763M->150M(1024M) 1.113ms
[2024-07-21T00:15:30.194+0530][gc,cpu      ] GC(24) User=0.01s Sys=0.00s Real=0.00s
[2024-07-21T00:16:00.357+0530][gc,start    ] GC(25) Pause Young (Normal) (G1 Evacuation Pause)
[2024-07-21T00:16:00.357+0530][gc,task     ] GC(25) Using 13 workers of 13 for evacuation
[2024-07-21T00:16:00.358+0530][gc,phases   ] GC(25)   Pre Evacuate Collection Set: 0.1ms
[2024-07-21T00:16:00.358+0530][gc,phases   ] GC(25)   Merge Heap Roots: 0.1ms
[2024-07-21T00:16:00.358+0530][gc,phases   ] GC(25)   Evacuate Collection Set: 0.4ms
[2024-07-21T00:16:00.358+0530][gc,phases   ] GC(25)   Post Evacuate Collection Set: 0.3ms
[2024-07-21T00:16:00.358+0530][gc,phases   ] GC(25)   Other: 0.1ms
[2024-07-21T00:16:00.358+0530][gc,heap     ] GC(25) Eden regions: 613->0(613)
[2024-07-21T00:16:00.358+0530][gc,heap     ] GC(25) Survivor regions: 1->1(77)
[2024-07-21T00:16:00.358+0530][gc,heap     ] GC(25) Old regions: 16->16
[2024-07-21T00:16:00.358+0530][gc,heap     ] GC(25) Archive regions: 2->2
[2024-07-21T00:16:00.358+0530][gc,heap     ] GC(25) Humongous regions: 133->133
[2024-07-21T00:16:00.358+0530][gc,metaspace] GC(25) Metaspace: 39002K(39424K)->39002K(39424K) NonClass: 34655K(34880K)->34655K(34880K) Class: 4346K(4544K)->4346K(4544K)
[2024-07-21T00:16:00.358+0530][gc          ] GC(25) Pause Young (Normal) (G1 Evacuation Pause) 763M->150M(1024M) 1.040ms
[2024-07-21T00:16:00.358+0530][gc,cpu      ] GC(25) User=0.00s Sys=0.00s Real=0.00s
[2024-07-21T00:16:45.250+0530][gc,start    ] GC(26) Pause Young (Normal) (G1 Evacuation Pause)
[2024-07-21T00:16:45.250+0530][gc,task     ] GC(26) Using 13 workers of 13 for evacuation
[2024-07-21T00:16:45.251+0530][gc,phases   ] GC(26)   Pre Evacuate Collection Set: 0.1ms
[2024-07-21T00:16:45.251+0530][gc,phases   ] GC(26)   Merge Heap Roots: 0.2ms
[2024-07-21T00:16:45.251+0530][gc,phases   ] GC(26)   Evacuate Collection Set: 0.3ms
[2024-07-21T00:16:45.251+0530][gc,phases   ] GC(26)   Post Evacuate Collection Set: 0.3ms
[2024-07-21T00:16:45.251+0530][gc,phases   ] GC(26)   Other: 0.1ms
[2024-07-21T00:16:45.251+0530][gc,heap     ] GC(26) Eden regions: 613->0(613)
[2024-07-21T00:16:45.251+0530][gc,heap     ] GC(26) Survivor regions: 1->1(77)
[2024-07-21T00:16:45.251+0530][gc,heap     ] GC(26) Old regions: 16->17
[2024-07-21T00:16:45.251+0530][gc,heap     ] GC(26) Archive regions: 2->2
[2024-07-21T00:16:45.251+0530][gc,heap     ] GC(26) Humongous regions: 133->133
[2024-07-21T00:16:45.251+0530][gc,metaspace] GC(26) Metaspace: 39028K(39424K)->39028K(39424K) NonClass: 34682K(34880K)->34682K(34880K) Class: 4346K(4544K)->4346K(4544K)
[2024-07-21T00:16:45.251+0530][gc          ] GC(26) Pause Young (Normal) (G1 Evacuation Pause) 763M->150M(1024M) 0.985ms
[2024-07-21T00:16:45.251+0530][gc,cpu      ] GC(26) User=0.01s Sys=0.00s Real=0.00s
[2024-07-21T00:17:30.156+0530][gc,start    ] GC(27) Pause Young (Normal) (G1 Evacuation Pause)
[2024-07-21T00:17:30.156+0530][gc,task     ] GC(27) Using 13 workers of 13 for evacuation
[2024-07-21T00:17:30.157+0530][gc,phases   ] GC(27)   Pre Evacuate Collection Set: 0.1ms
[2024-07-21T00:17:30.157+0530][gc,phases   ] GC(27)   Merge Heap Roots: 0.1ms
[2024-07-21T00:17:30.157+0530][gc,phases   ] GC(27)   Evacuate Collection Set: 0.3ms
[2024-07-21T00:17:30.157+0530][gc,phases   ] GC(27)   Post Evacuate Collection Set: 0.3ms
[2024-07-21T00:17:30.157+0530][gc,phases   ] GC(27)   Other: 0.1ms
[2024-07-21T00:17:30.157+0530][gc,heap     ] GC(27) Eden regions: 613->0(613)
[2024-07-21T00:17:30.157+0530][gc,heap     ] GC(27) Survivor regions: 1->1(77)
[2024-07-21T00:17:30.157+0530][gc,heap     ] GC(27) Old regions: 17->17
[2024-07-21T00:17:30.157+0530][gc,heap     ] GC(27) Archive regions: 2->2
[2024-07-21T00:17:30.157+0530][gc,heap     ] GC(27) Humongous regions: 133->133
[2024-07-21T00:17:30.157+0530][gc,metaspace] GC(27) Metaspace: 39033K(39424K)->39033K(39424K) NonClass: 34687K(34880K)->34687K(34880K) Class: 4346K(4544K)->4346K(4544K)
[2024-07-21T00:17:30.157+0530][gc          ] GC(27) Pause Young (Normal) (G1 Evacuation Pause) 763M->150M(1024M) 1.064ms
[2024-07-21T00:17:30.157+0530][gc,cpu      ] GC(27) User=0.01s Sys=0.00s Real=0.00s
[2024-07-21T00:18:00.321+0530][gc,start    ] GC(28) Pause Young (Normal) (G1 Evacuation Pause)
[2024-07-21T00:18:00.321+0530][gc,task     ] GC(28) Using 13 workers of 13 for evacuation
[2024-07-21T00:18:00.322+0530][gc,phases   ] GC(28)   Pre Evacuate Collection Set: 0.1ms
[2024-07-21T00:18:00.322+0530][gc,phases   ] GC(28)   Merge Heap Roots: 0.1ms
[2024-07-21T00:18:00.322+0530][gc,phases   ] GC(28)   Evacuate Collection Set: 0.3ms
[2024-07-21T00:18:00.322+0530][gc,phases   ] GC(28)   Post Evacuate Collection Set: 0.3ms
[2024-07-21T00:18:00.322+0530][gc,phases   ] GC(28)   Other: 0.1ms
[2024-07-21T00:18:00.322+0530][gc,heap     ] GC(28) Eden regions: 613->0(613)
[2024-07-21T00:18:00.322+0530][gc,heap     ] GC(28) Survivor regions: 1->1(77)
[2024-07-21T00:18:00.322+0530][gc,heap     ] GC(28) Old regions: 17->17
[2024-07-21T00:18:00.322+0530][gc,heap     ] GC(28) Archive regions: 2->2
[2024-07-21T00:18:00.322+0530][gc,heap     ] GC(28) Humongous regions: 133->133
[2024-07-21T00:18:00.322+0530][gc,metaspace] GC(28) Metaspace: 39043K(39424K)->39043K(39424K) NonClass: 34696K(34880K)->34696K(34880K) Class: 4346K(4544K)->4346K(4544K)
[2024-07-21T00:18:00.322+0530][gc          ] GC(28) Pause Young (Normal) (G1 Evacuation Pause) 763M->150M(1024M) 0.960ms
[2024-07-21T00:18:00.322+0530][gc,cpu      ] GC(28) User=0.01s Sys=0.00s Real=0.00s
[2024-07-21T00:18:45.234+0530][gc,start    ] GC(29) Pause Young (Normal) (G1 Evacuation Pause)
[2024-07-21T00:18:45.234+0530][gc,task     ] GC(29) Using 13 workers of 13 for evacuation
[2024-07-21T00:18:45.235+0530][gc,phases   ] GC(29)   Pre Evacuate Collection Set: 0.1ms
[2024-07-21T00:18:45.235+0530][gc,phases   ] GC(29)   Merge Heap Roots: 0.1ms
[2024-07-21T00:18:45.235+0530][gc,phases   ] GC(29)   Evacuate Collection Set: 0.3ms
[2024-07-21T00:18:45.235+0530][gc,phases   ] GC(29)   Post Evacuate Collection Set: 0.2ms
[2024-07-21T00:18:45.235+0530][gc,phases   ] GC(29)   Other: 0.1ms
[2024-07-21T00:18:45.235+0530][gc,heap     ] GC(29) Eden regions: 613->0(613)
[2024-07-21T00:18:45.235+0530][gc,heap     ] GC(29) Survivor regions: 1->1(77)
[2024-07-21T00:18:45.235+0530][gc,heap     ] GC(29) Old regions: 17->17
[2024-07-21T00:18:45.235+0530][gc,heap     ] GC(29) Archive regions: 2->2
[2024-07-21T00:18:45.235+0530][gc,heap     ] GC(29) Humongous regions: 133->133
[2024-07-21T00:18:45.235+0530][gc,metaspace] GC(29) Metaspace: 39112K(39488K)->39112K(39488K) NonClass: 34755K(34944K)->34755K(34944K) Class: 4356K(4544K)->4356K(4544K)
[2024-07-21T00:18:45.235+0530][gc          ] GC(29) Pause Young (Normal) (G1 Evacuation Pause) 763M->150M(1024M) 0.857ms
[2024-07-21T00:18:45.235+0530][gc,cpu      ] GC(29) User=0.00s Sys=0.00s Real=0.00s
[2024-07-21T00:19:45.132+0530][gc,start    ] GC(30) Pause Young (Normal) (G1 Evacuation Pause)
[2024-07-21T00:19:45.132+0530][gc,task     ] GC(30) Using 13 workers of 13 for evacuation
[2024-07-21T00:19:45.133+0530][gc,phases   ] GC(30)   Pre Evacuate Collection Set: 0.1ms
[2024-07-21T00:19:45.133+0530][gc,phases   ] GC(30)   Merge Heap Roots: 0.2ms
[2024-07-21T00:19:45.133+0530][gc,phases   ] GC(30)   Evacuate Collection Set: 0.3ms
[2024-07-21T00:19:45.133+0530][gc,phases   ] GC(30)   Post Evacuate Collection Set: 0.3ms
[2024-07-21T00:19:45.133+0530][gc,phases   ] GC(30)   Other: 0.1ms
[2024-07-21T00:19:45.133+0530][gc,heap     ] GC(30) Eden regions: 613->0(613)
[2024-07-21T00:19:45.133+0530][gc,heap     ] GC(30) Survivor regions: 1->1(77)
[2024-07-21T00:19:45.133+0530][gc,heap     ] GC(30) Old regions: 17->17
[2024-07-21T00:19:45.133+0530][gc,heap     ] GC(30) Archive regions: 2->2
[2024-07-21T00:19:45.133+0530][gc,heap     ] GC(30) Humongous regions: 133->133
[2024-07-21T00:19:45.133+0530][gc,metaspace] GC(30) Metaspace: 39118K(39488K)->39118K(39488K) NonClass: 34761K(34944K)->34761K(34944K) Class: 4356K(4544K)->4356K(4544K)
[2024-07-21T00:19:45.133+0530][gc          ] GC(30) Pause Young (Normal) (G1 Evacuation Pause) 763M->150M(1024M) 1.050ms
[2024-07-21T00:19:45.133+0530][gc,cpu      ] GC(30) User=0.00s Sys=0.00s Real=0.00s
[2024-07-21T00:20:15.291+0530][gc,start    ] GC(31) Pause Young (Normal) (G1 Evacuation Pause)
[2024-07-21T00:20:15.291+0530][gc,task     ] GC(31) Using 13 workers of 13 for evacuation
[2024-07-21T00:20:15.291+0530][gc,phases   ] GC(31)   Pre Evacuate Collection Set: 0.1ms
[2024-07-21T00:20:15.291+0530][gc,phases   ] GC(31)   Merge Heap Roots: 0.1ms
[2024-07-21T00:20:15.291+0530][gc,phases   ] GC(31)   Evacuate Collection Set: 0.3ms
[2024-07-21T00:20:15.291+0530][gc,phases   ] GC(31)   Post Evacuate Collection Set: 0.3ms
[2024-07-21T00:20:15.291+0530][gc,phases   ] GC(31)   Other: 0.1ms
[2024-07-21T00:20:15.291+0530][gc,heap     ] GC(31) Eden regions: 613->0(613)
[2024-07-21T00:20:15.291+0530][gc,heap     ] GC(31) Survivor regions: 1->1(77)
[2024-07-21T00:20:15.291+0530][gc,heap     ] GC(31) Old regions: 17->17
[2024-07-21T00:20:15.291+0530][gc,heap     ] GC(31) Archive regions: 2->2
[2024-07-21T00:20:15.291+0530][gc,heap     ] GC(31) Humongous regions: 133->133
[2024-07-21T00:20:15.291+0530][gc,metaspace] GC(31) Metaspace: 39118K(39488K)->39118K(39488K) NonClass: 34762K(34944K)->34762K(34944K) Class: 4356K(4544K)->4356K(4544K)
[2024-07-21T00:20:15.291+0530][gc          ] GC(31) Pause Young (Normal) (G1 Evacuation Pause) 763M->150M(1024M) 0.982ms
[2024-07-21T00:20:15.291+0530][gc,cpu      ] GC(31) User=0.00s Sys=0.00s Real=0.00s
[2024-07-21T00:21:00.195+0530][gc,start    ] GC(32) Pause Young (Normal) (G1 Evacuation Pause)
[2024-07-21T00:21:00.195+0530][gc,task     ] GC(32) Using 13 workers of 13 for evacuation
[2024-07-21T00:21:00.196+0530][gc,phases   ] GC(32)   Pre Evacuate Collection Set: 0.1ms
[2024-07-21T00:21:00.197+0530][gc,phases   ] GC(32)   Merge Heap Roots: 0.2ms
[2024-07-21T00:21:00.197+0530][gc,phases   ] GC(32)   Evacuate Collection Set: 0.3ms
[2024-07-21T00:21:00.197+0530][gc,phases   ] GC(32)   Post Evacuate Collection Set: 0.4ms
[2024-07-21T00:21:00.197+0530][gc,phases   ] GC(32)   Other: 0.1ms
[2024-07-21T00:21:00.197+0530][gc,heap     ] GC(32) Eden regions: 613->0(613)
[2024-07-21T00:21:00.197+0530][gc,heap     ] GC(32) Survivor regions: 1->1(77)
[2024-07-21T00:21:00.197+0530][gc,heap     ] GC(32) Old regions: 17->17
[2024-07-21T00:21:00.197+0530][gc,heap     ] GC(32) Archive regions: 2->2
[2024-07-21T00:21:00.197+0530][gc,heap     ] GC(32) Humongous regions: 133->133
[2024-07-21T00:21:00.197+0530][gc,metaspace] GC(32) Metaspace: 39120K(39488K)->39120K(39488K) NonClass: 34763K(34944K)->34763K(34944K) Class: 4356K(4544K)->4356K(4544K)
[2024-07-21T00:21:00.197+0530][gc          ] GC(32) Pause Young (Normal) (G1 Evacuation Pause) 763M->150M(1024M) 1.115ms
[2024-07-21T00:21:00.197+0530][gc,cpu      ] GC(32) User=0.00s Sys=0.00s Real=0.01s
[2024-07-21T00:21:45.103+0530][gc,start    ] GC(33) Pause Young (Normal) (G1 Evacuation Pause)
[2024-07-21T00:21:45.103+0530][gc,task     ] GC(33) Using 13 workers of 13 for evacuation
[2024-07-21T00:21:45.104+0530][gc,phases   ] GC(33)   Pre Evacuate Collection Set: 0.1ms
[2024-07-21T00:21:45.104+0530][gc,phases   ] GC(33)   Merge Heap Roots: 0.1ms
[2024-07-21T00:21:45.104+0530][gc,phases   ] GC(33)   Evacuate Collection Set: 0.2ms
[2024-07-21T00:21:45.104+0530][gc,phases   ] GC(33)   Post Evacuate Collection Set: 0.4ms
[2024-07-21T00:21:45.104+0530][gc,phases   ] GC(33)   Other: 0.1ms
[2024-07-21T00:21:45.104+0530][gc,heap     ] GC(33) Eden regions: 613->0(613)
[2024-07-21T00:21:45.104+0530][gc,heap     ] GC(33) Survivor regions: 1->1(77)
[2024-07-21T00:21:45.104+0530][gc,heap     ] GC(33) Old regions: 17->17
[2024-07-21T00:21:45.104+0530][gc,heap     ] GC(33) Archive regions: 2->2
[2024-07-21T00:21:45.104+0530][gc,heap     ] GC(33) Humongous regions: 133->133
[2024-07-21T00:21:45.104+0530][gc,metaspace] GC(33) Metaspace: 39129K(39488K)->39129K(39488K) NonClass: 34772K(34944K)->34772K(34944K) Class: 4356K(4544K)->4356K(4544K)
[2024-07-21T00:21:45.104+0530][gc          ] GC(33) Pause Young (Normal) (G1 Evacuation Pause) 763M->150M(1024M) 0.900ms
[2024-07-21T00:21:45.104+0530][gc,cpu      ] GC(33) User=0.00s Sys=0.00s Real=0.01s
[2024-07-21T00:22:15.286+0530][gc,start    ] GC(34) Pause Young (Normal) (G1 Evacuation Pause)
[2024-07-21T00:22:15.286+0530][gc,task     ] GC(34) Using 13 workers of 13 for evacuation
[2024-07-21T00:22:15.287+0530][gc,phases   ] GC(34)   Pre Evacuate Collection Set: 0.1ms
[2024-07-21T00:22:15.287+0530][gc,phases   ] GC(34)   Merge Heap Roots: 0.1ms
[2024-07-21T00:22:15.287+0530][gc,phases   ] GC(34)   Evacuate Collection Set: 0.3ms
[2024-07-21T00:22:15.287+0530][gc,phases   ] GC(34)   Post Evacuate Collection Set: 0.3ms
[2024-07-21T00:22:15.287+0530][gc,phases   ] GC(34)   Other: 0.1ms
[2024-07-21T00:22:15.287+0530][gc,heap     ] GC(34) Eden regions: 613->0(613)
[2024-07-21T00:22:15.287+0530][gc,heap     ] GC(34) Survivor regions: 1->1(77)
[2024-07-21T00:22:15.287+0530][gc,heap     ] GC(34) Old regions: 17->17
[2024-07-21T00:22:15.287+0530][gc,heap     ] GC(34) Archive regions: 2->2
[2024-07-21T00:22:15.287+0530][gc,heap     ] GC(34) Humongous regions: 133->133
[2024-07-21T00:22:15.287+0530][gc,metaspace] GC(34) Metaspace: 39150K(39488K)->39150K(39488K) NonClass: 34793K(34944K)->34793K(34944K) Class: 4356K(4544K)->4356K(4544K)
[2024-07-21T00:22:15.287+0530][gc          ] GC(34) Pause Young (Normal) (G1 Evacuation Pause) 763M->150M(1024M) 1.027ms
[2024-07-21T00:22:15.287+0530][gc,cpu      ] GC(34) User=0.00s Sys=0.00s Real=0.00s
[2024-07-21T00:23:00.186+0530][gc,start    ] GC(35) Pause Young (Normal) (G1 Evacuation Pause)
[2024-07-21T00:23:00.186+0530][gc,task     ] GC(35) Using 13 workers of 13 for evacuation
[2024-07-21T00:23:00.187+0530][gc,phases   ] GC(35)   Pre Evacuate Collection Set: 0.1ms
[2024-07-21T00:23:00.187+0530][gc,phases   ] GC(35)   Merge Heap Roots: 0.2ms
[2024-07-21T00:23:00.187+0530][gc,phases   ] GC(35)   Evacuate Collection Set: 0.3ms
[2024-07-21T00:23:00.187+0530][gc,phases   ] GC(35)   Post Evacuate Collection Set: 0.3ms
[2024-07-21T00:23:00.187+0530][gc,phases   ] GC(35)   Other: 0.1ms
[2024-07-21T00:23:00.187+0530][gc,heap     ] GC(35) Eden regions: 613->0(613)
[2024-07-21T00:23:00.187+0530][gc,heap     ] GC(35) Survivor regions: 1->1(77)
[2024-07-21T00:23:00.187+0530][gc,heap     ] GC(35) Old regions: 17->17
[2024-07-21T00:23:00.187+0530][gc,heap     ] GC(35) Archive regions: 2->2
[2024-07-21T00:23:00.187+0530][gc,heap     ] GC(35) Humongous regions: 133->133
[2024-07-21T00:23:00.187+0530][gc,metaspace] GC(35) Metaspace: 39157K(39552K)->39157K(39552K) NonClass: 34800K(35008K)->34800K(35008K) Class: 4356K(4544K)->4356K(4544K)
[2024-07-21T00:23:00.187+0530][gc          ] GC(35) Pause Young (Normal) (G1 Evacuation Pause) 763M->150M(1024M) 0.937ms
[2024-07-21T00:23:00.187+0530][gc,cpu      ] GC(35) User=0.01s Sys=0.00s Real=0.00s
[2024-07-21T00:23:30.335+0530][gc,start    ] GC(36) Pause Young (Normal) (G1 Evacuation Pause)
[2024-07-21T00:23:30.335+0530][gc,task     ] GC(36) Using 13 workers of 13 for evacuation
[2024-07-21T00:23:30.336+0530][gc,phases   ] GC(36)   Pre Evacuate Collection Set: 0.1ms
[2024-07-21T00:23:30.336+0530][gc,phases   ] GC(36)   Merge Heap Roots: 0.1ms
[2024-07-21T00:23:30.336+0530][gc,phases   ] GC(36)   Evacuate Collection Set: 0.3ms
[2024-07-21T00:23:30.336+0530][gc,phases   ] GC(36)   Post Evacuate Collection Set: 0.3ms
[2024-07-21T00:23:30.336+0530][gc,phases   ] GC(36)   Other: 0.1ms
[2024-07-21T00:23:30.336+0530][gc,heap     ] GC(36) Eden regions: 613->0(613)
[2024-07-21T00:23:30.336+0530][gc,heap     ] GC(36) Survivor regions: 1->1(77)
[2024-07-21T00:23:30.336+0530][gc,heap     ] GC(36) Old regions: 17->17
[2024-07-21T00:23:30.336+0530][gc,heap     ] GC(36) Archive regions: 2->2
[2024-07-21T00:23:30.336+0530][gc,heap     ] GC(36) Humongous regions: 133->133
[2024-07-21T00:23:30.336+0530][gc,metaspace] GC(36) Metaspace: 39161K(39552K)->39161K(39552K) NonClass: 34804K(35008K)->34804K(35008K) Class: 4356K(4544K)->4356K(4544K)
[2024-07-21T00:23:30.336+0530][gc          ] GC(36) Pause Young (Normal) (G1 Evacuation Pause) 763M->150M(1024M) 0.870ms
[2024-07-21T00:23:30.336+0530][gc,cpu      ] GC(36) User=0.01s Sys=0.00s Real=0.01s
[2024-07-21T00:24:15.253+0530][gc,start    ] GC(37) Pause Young (Normal) (G1 Evacuation Pause)
[2024-07-21T00:24:15.253+0530][gc,task     ] GC(37) Using 13 workers of 13 for evacuation
[2024-07-21T00:24:15.254+0530][gc,phases   ] GC(37)   Pre Evacuate Collection Set: 0.1ms
[2024-07-21T00:24:15.254+0530][gc,phases   ] GC(37)   Merge Heap Roots: 0.2ms
[2024-07-21T00:24:15.254+0530][gc,phases   ] GC(37)   Evacuate Collection Set: 0.3ms
[2024-07-21T00:24:15.254+0530][gc,phases   ] GC(37)   Post Evacuate Collection Set: 0.3ms
[2024-07-21T00:24:15.254+0530][gc,phases   ] GC(37)   Other: 0.1ms
[2024-07-21T00:24:15.254+0530][gc,heap     ] GC(37) Eden regions: 613->0(613)
[2024-07-21T00:24:15.254+0530][gc,heap     ] GC(37) Survivor regions: 1->1(77)
[2024-07-21T00:24:15.254+0530][gc,heap     ] GC(37) Old regions: 17->17
[2024-07-21T00:24:15.254+0530][gc,heap     ] GC(37) Archive regions: 2->2
[2024-07-21T00:24:15.254+0530][gc,heap     ] GC(37) Humongous regions: 133->133
[2024-07-21T00:24:15.254+0530][gc,metaspace] GC(37) Metaspace: 39166K(39552K)->39166K(39552K) NonClass: 34809K(35008K)->34809K(35008K) Class: 4356K(4544K)->4356K(4544K)
[2024-07-21T00:24:15.254+0530][gc          ] GC(37) Pause Young (Normal) (G1 Evacuation Pause) 763M->150M(1024M) 1.116ms
[2024-07-21T00:24:15.254+0530][gc,cpu      ] GC(37) User=0.00s Sys=0.00s Real=0.00s
[2024-07-21T00:25:00.162+0530][gc,start    ] GC(38) Pause Young (Normal) (G1 Evacuation Pause)
[2024-07-21T00:25:00.162+0530][gc,task     ] GC(38) Using 13 workers of 13 for evacuation
[2024-07-21T00:25:00.163+0530][gc,phases   ] GC(38)   Pre Evacuate Collection Set: 0.1ms
[2024-07-21T00:25:00.163+0530][gc,phases   ] GC(38)   Merge Heap Roots: 0.1ms
[2024-07-21T00:25:00.163+0530][gc,phases   ] GC(38)   Evacuate Collection Set: 0.2ms
[2024-07-21T00:25:00.163+0530][gc,phases   ] GC(38)   Post Evacuate Collection Set: 0.3ms
[2024-07-21T00:25:00.163+0530][gc,phases   ] GC(38)   Other: 0.1ms
[2024-07-21T00:25:00.163+0530][gc,heap     ] GC(38) Eden regions: 613->0(613)
[2024-07-21T00:25:00.163+0530][gc,heap     ] GC(38) Survivor regions: 1->1(77)
[2024-07-21T00:25:00.163+0530][gc,heap     ] GC(38) Old regions: 17->17
[2024-07-21T00:25:00.163+0530][gc,heap     ] GC(38) Archive regions: 2->2
[2024-07-21T00:25:00.163+0530][gc,heap     ] GC(38) Humongous regions: 133->133
[2024-07-21T00:25:00.163+0530][gc,metaspace] GC(38) Metaspace: 39167K(39552K)->39167K(39552K) NonClass: 34810K(35008K)->34810K(35008K) Class: 4356K(4544K)->4356K(4544K)
[2024-07-21T00:25:00.163+0530][gc          ] GC(38) Pause Young (Normal) (G1 Evacuation Pause) 763M->150M(1024M) 0.816ms
[2024-07-21T00:25:00.163+0530][gc,cpu      ] GC(38) User=0.01s Sys=0.00s Real=0.00s
[2024-07-21T00:25:30.320+0530][gc,start    ] GC(39) Pause Young (Normal) (G1 Evacuation Pause)
[2024-07-21T00:25:30.320+0530][gc,task     ] GC(39) Using 13 workers of 13 for evacuation
[2024-07-21T00:25:30.321+0530][gc,phases   ] GC(39)   Pre Evacuate Collection Set: 0.1ms
[2024-07-21T00:25:30.321+0530][gc,phases   ] GC(39)   Merge Heap Roots: 0.2ms
[2024-07-21T00:25:30.321+0530][gc,phases   ] GC(39)   Evacuate Collection Set: 0.3ms
[2024-07-21T00:25:30.321+0530][gc,phases   ] GC(39)   Post Evacuate Collection Set: 0.3ms
[2024-07-21T00:25:30.321+0530][gc,phases   ] GC(39)   Other: 0.1ms
[2024-07-21T00:25:30.321+0530][gc,heap     ] GC(39) Eden regions: 613->0(613)
[2024-07-21T00:25:30.321+0530][gc,heap     ] GC(39) Survivor regions: 1->1(77)
[2024-07-21T00:25:30.321+0530][gc,heap     ] GC(39) Old regions: 17->17
[2024-07-21T00:25:30.321+0530][gc,heap     ] GC(39) Archive regions: 2->2
[2024-07-21T00:25:30.321+0530][gc,heap     ] GC(39) Humongous regions: 133->133
[2024-07-21T00:25:30.321+0530][gc,metaspace] GC(39) Metaspace: 39169K(39552K)->39169K(39552K) NonClass: 34812K(35008K)->34812K(35008K) Class: 4356K(4544K)->4356K(4544K)
[2024-07-21T00:25:30.321+0530][gc          ] GC(39) Pause Young (Normal) (G1 Evacuation Pause) 763M->150M(1024M) 0.968ms
[2024-07-21T00:25:30.321+0530][gc,cpu      ] GC(39) User=0.00s Sys=0.00s Real=0.00s
[2024-07-21T00:26:15.216+0530][gc,start    ] GC(40) Pause Young (Normal) (G1 Evacuation Pause)
[2024-07-21T00:26:15.216+0530][gc,task     ] GC(40) Using 13 workers of 13 for evacuation
[2024-07-21T00:26:15.217+0530][gc,phases   ] GC(40)   Pre Evacuate Collection Set: 0.1ms
[2024-07-21T00:26:15.217+0530][gc,phases   ] GC(40)   Merge Heap Roots: 0.2ms
[2024-07-21T00:26:15.217+0530][gc,phases   ] GC(40)   Evacuate Collection Set: 0.3ms
[2024-07-21T00:26:15.217+0530][gc,phases   ] GC(40)   Post Evacuate Collection Set: 0.4ms
[2024-07-21T00:26:15.217+0530][gc,phases   ] GC(40)   Other: 0.1ms
[2024-07-21T00:26:15.217+0530][gc,heap     ] GC(40) Eden regions: 613->0(613)
[2024-07-21T00:26:15.217+0530][gc,heap     ] GC(40) Survivor regions: 1->1(77)
[2024-07-21T00:26:15.217+0530][gc,heap     ] GC(40) Old regions: 17->17
[2024-07-21T00:26:15.217+0530][gc,heap     ] GC(40) Archive regions: 2->2
[2024-07-21T00:26:15.217+0530][gc,heap     ] GC(40) Humongous regions: 133->133
[2024-07-21T00:26:15.217+0530][gc,metaspace] GC(40) Metaspace: 39172K(39616K)->39172K(39616K) NonClass: 34815K(35072K)->34815K(35072K) Class: 4356K(4544K)->4356K(4544K)
[2024-07-21T00:26:15.217+0530][gc          ] GC(40) Pause Young (Normal) (G1 Evacuation Pause) 763M->150M(1024M) 1.088ms
[2024-07-21T00:26:15.217+0530][gc,cpu      ] GC(40) User=0.00s Sys=0.00s Real=0.00s
[2024-07-21T00:27:00.137+0530][gc,start    ] GC(41) Pause Young (Normal) (G1 Evacuation Pause)
[2024-07-21T00:27:00.137+0530][gc,task     ] GC(41) Using 13 workers of 13 for evacuation
[2024-07-21T00:27:00.137+0530][gc,phases   ] GC(41)   Pre Evacuate Collection Set: 0.1ms
[2024-07-21T00:27:00.137+0530][gc,phases   ] GC(41)   Merge Heap Roots: 0.1ms
[2024-07-21T00:27:00.137+0530][gc,phases   ] GC(41)   Evacuate Collection Set: 0.3ms
[2024-07-21T00:27:00.137+0530][gc,phases   ] GC(41)   Post Evacuate Collection Set: 0.3ms
[2024-07-21T00:27:00.137+0530][gc,phases   ] GC(41)   Other: 0.1ms
[2024-07-21T00:27:00.137+0530][gc,heap     ] GC(41) Eden regions: 613->0(613)
[2024-07-21T00:27:00.137+0530][gc,heap     ] GC(41) Survivor regions: 1->1(77)
[2024-07-21T00:27:00.137+0530][gc,heap     ] GC(41) Old regions: 17->17
[2024-07-21T00:27:00.137+0530][gc,heap     ] GC(41) Archive regions: 2->2
[2024-07-21T00:27:00.137+0530][gc,heap     ] GC(41) Humongous regions: 133->133
[2024-07-21T00:27:00.137+0530][gc,metaspace] GC(41) Metaspace: 39178K(39616K)->39178K(39616K) NonClass: 34821K(35072K)->34821K(35072K) Class: 4356K(4544K)->4356K(4544K)
[2024-07-21T00:27:00.137+0530][gc          ] GC(41) Pause Young (Normal) (G1 Evacuation Pause) 763M->150M(1024M) 0.892ms
[2024-07-21T00:27:00.137+0530][gc,cpu      ] GC(41) User=0.01s Sys=0.00s Real=0.00s
[2024-07-21T00:27:30.294+0530][gc,start    ] GC(42) Pause Young (Normal) (G1 Evacuation Pause)
[2024-07-21T00:27:30.295+0530][gc,task     ] GC(42) Using 13 workers of 13 for evacuation
[2024-07-21T00:27:30.295+0530][gc,phases   ] GC(42)   Pre Evacuate Collection Set: 0.1ms
[2024-07-21T00:27:30.295+0530][gc,phases   ] GC(42)   Merge Heap Roots: 0.1ms
[2024-07-21T00:27:30.295+0530][gc,phases   ] GC(42)   Evacuate Collection Set: 0.2ms
[2024-07-21T00:27:30.295+0530][gc,phases   ] GC(42)   Post Evacuate Collection Set: 0.3ms
[2024-07-21T00:27:30.295+0530][gc,phases   ] GC(42)   Other: 0.1ms
[2024-07-21T00:27:30.295+0530][gc,heap     ] GC(42) Eden regions: 613->0(613)
[2024-07-21T00:27:30.295+0530][gc,heap     ] GC(42) Survivor regions: 1->1(77)
[2024-07-21T00:27:30.295+0530][gc,heap     ] GC(42) Old regions: 17->17
[2024-07-21T00:27:30.295+0530][gc,heap     ] GC(42) Archive regions: 2->2
[2024-07-21T00:27:30.295+0530][gc,heap     ] GC(42) Humongous regions: 133->133
[2024-07-21T00:27:30.295+0530][gc,metaspace] GC(42) Metaspace: 39241K(39616K)->39241K(39616K) NonClass: 34885K(35072K)->34885K(35072K) Class: 4356K(4544K)->4356K(4544K)
[2024-07-21T00:27:30.295+0530][gc          ] GC(42) Pause Young (Normal) (G1 Evacuation Pause) 763M->150M(1024M) 0.835ms
[2024-07-21T00:27:30.295+0530][gc,cpu      ] GC(42) User=0.00s Sys=0.00s Real=0.00s
[2024-07-21T00:27:56.378+0530][gc,heap,exit] Heap
[2024-07-21T00:27:56.378+0530][gc,heap,exit]  garbage-first heap   total 1048576K, used 486923K [0x00000000c0000000, 0x0000000100000000)
[2024-07-21T00:27:56.378+0530][gc,heap,exit]   region size 1024K, 326 young (333824K), 1 survivors (1024K)
[2024-07-21T00:27:56.378+0530][gc,heap,exit]  Metaspace       used 41446K, committed 41920K, reserved 1114112K
[2024-07-21T00:27:56.378+0530][gc,heap,exit]   class space    used 4858K, committed 5056K, reserved 1048576K
