[2024-07-21T07:46:50.881+0530][gc] Using G1
[2024-07-21T07:46:50.890+0530][gc,init] Version: 17.0.11+9-Ubuntu-122.04.1 (release)
[2024-07-21T07:46:50.890+0530][gc,init] CPUs: 16 total, 16 available
[2024-07-21T07:46:50.890+0530][gc,init] Memory: 31911M
[2024-07-21T07:46:50.890+0530][gc,init] Large Page Support: Disabled
[2024-07-21T07:46:50.890+0530][gc,init] NUMA Support: Disabled
[2024-07-21T07:46:50.890+0530][gc,init] Compressed Oops: Enabled (32-bit)
[2024-07-21T07:46:50.890+0530][gc,init] Heap Region Size: 1M
[2024-07-21T07:46:50.890+0530][gc,init] Heap Min Capacity: 1G
[2024-07-21T07:46:50.890+0530][gc,init] Heap Initial Capacity: 1G
[2024-07-21T07:46:50.890+0530][gc,init] Heap Max Capacity: 1G
[2024-07-21T07:46:50.890+0530][gc,init] Pre-touch: Disabled
[2024-07-21T07:46:50.890+0530][gc,init] Parallel Workers: 13
[2024-07-21T07:46:50.890+0530][gc,init] Concurrent Workers: 3
[2024-07-21T07:46:50.890+0530][gc,init] Concurrent Refinement Workers: 13
[2024-07-21T07:46:50.890+0530][gc,init] Periodic GC: Disabled
[2024-07-21T07:46:50.894+0530][gc,metaspace] CDS archive(s) mapped at: [0x00007f42f7000000-0x00007f42f7bc7000-0x00007f42f7bc7000), size 12349440, SharedBaseAddress: 0x00007f42f7000000, ArchiveRelocationMode: 1.
[2024-07-21T07:46:50.894+0530][gc,metaspace] Compressed class space mapped at: 0x00007f42f8000000-0x00007f4338000000, reserved size: 1073741824
[2024-07-21T07:46:50.894+0530][gc,metaspace] Narrow klass base: 0x00007f42f7000000, Narrow klass shift: 0, Narrow klass range: 0x100000000
[2024-07-21T07:46:51.367+0530][gc,start    ] GC(0) Pause Young (Normal) (G1 Evacuation Pause)
[2024-07-21T07:46:51.367+0530][gc,task     ] GC(0) Using 13 workers of 13 for evacuation
[2024-07-21T07:46:51.370+0530][gc,phases   ] GC(0)   Pre Evacuate Collection Set: 0.0ms
[2024-07-21T07:46:51.370+0530][gc,phases   ] GC(0)   Merge Heap Roots: 0.0ms
[2024-07-21T07:46:51.370+0530][gc,phases   ] GC(0)   Evacuate Collection Set: 1.9ms
[2024-07-21T07:46:51.370+0530][gc,phases   ] GC(0)   Post Evacuate Collection Set: 0.2ms
[2024-07-21T07:46:51.370+0530][gc,phases   ] GC(0)   Other: 0.6ms
[2024-07-21T07:46:51.370+0530][gc,heap     ] GC(0) Eden regions: 51->0(44)
[2024-07-21T07:46:51.370+0530][gc,heap     ] GC(0) Survivor regions: 0->7(7)
[2024-07-21T07:46:51.370+0530][gc,heap     ] GC(0) Old regions: 0->2
[2024-07-21T07:46:51.370+0530][gc,heap     ] GC(0) Archive regions: 2->2
[2024-07-21T07:46:51.370+0530][gc,heap     ] GC(0) Humongous regions: 0->0
[2024-07-21T07:46:51.370+0530][gc,metaspace] GC(0) Metaspace: 17270K(17408K)->17270K(17408K) NonClass: 15154K(15232K)->15154K(15232K) Class: 2116K(2176K)->2116K(2176K)
[2024-07-21T07:46:51.370+0530][gc          ] GC(0) Pause Young (Normal) (G1 Evacuation Pause) 51M->9M(1024M) 2.815ms
[2024-07-21T07:46:51.370+0530][gc,cpu      ] GC(0) User=0.02s Sys=0.00s Real=0.00s
[2024-07-21T07:46:51.452+0530][gc,start    ] GC(1) Pause Young (Concurrent Start) (Metadata GC Threshold)
[2024-07-21T07:46:51.452+0530][gc,task     ] GC(1) Using 13 workers of 13 for evacuation
[2024-07-21T07:46:51.454+0530][gc,phases   ] GC(1)   Pre Evacuate Collection Set: 0.1ms
[2024-07-21T07:46:51.454+0530][gc,phases   ] GC(1)   Merge Heap Roots: 0.0ms
[2024-07-21T07:46:51.454+0530][gc,phases   ] GC(1)   Evacuate Collection Set: 1.2ms
[2024-07-21T07:46:51.454+0530][gc,phases   ] GC(1)   Post Evacuate Collection Set: 0.2ms
[2024-07-21T07:46:51.454+0530][gc,phases   ] GC(1)   Other: 0.1ms
[2024-07-21T07:46:51.454+0530][gc,heap     ] GC(1) Eden regions: 14->0(49)
[2024-07-21T07:46:51.454+0530][gc,heap     ] GC(1) Survivor regions: 7->2(7)
[2024-07-21T07:46:51.454+0530][gc,heap     ] GC(1) Old regions: 2->9
[2024-07-21T07:46:51.454+0530][gc,heap     ] GC(1) Archive regions: 2->2
[2024-07-21T07:46:51.454+0530][gc,heap     ] GC(1) Humongous regions: 0->0
[2024-07-21T07:46:51.454+0530][gc,metaspace] GC(1) Metaspace: 21261K(21504K)->21261K(21504K) NonClass: 18711K(18816K)->18711K(18816K) Class: 2550K(2688K)->2550K(2688K)
[2024-07-21T07:46:51.454+0530][gc          ] GC(1) Pause Young (Concurrent Start) (Metadata GC Threshold) 22M->10M(1024M) 1.652ms
[2024-07-21T07:46:51.454+0530][gc,cpu      ] GC(1) User=0.02s Sys=0.00s Real=0.00s
[2024-07-21T07:46:51.454+0530][gc          ] GC(2) Concurrent Mark Cycle
[2024-07-21T07:46:51.454+0530][gc,marking  ] GC(2) Concurrent Clear Claimed Marks
[2024-07-21T07:46:51.454+0530][gc,marking  ] GC(2) Concurrent Clear Claimed Marks 0.009ms
[2024-07-21T07:46:51.454+0530][gc,marking  ] GC(2) Concurrent Scan Root Regions
[2024-07-21T07:46:51.455+0530][gc,marking  ] GC(2) Concurrent Scan Root Regions 1.002ms
[2024-07-21T07:46:51.455+0530][gc,marking  ] GC(2) Concurrent Mark
[2024-07-21T07:46:51.455+0530][gc,marking  ] GC(2) Concurrent Mark From Roots
[2024-07-21T07:46:51.455+0530][gc,task     ] GC(2) Using 3 workers of 3 for marking
[2024-07-21T07:46:51.456+0530][gc,marking  ] GC(2) Concurrent Mark From Roots 0.935ms
[2024-07-21T07:46:51.456+0530][gc,marking  ] GC(2) Concurrent Preclean
[2024-07-21T07:46:51.456+0530][gc,marking  ] GC(2) Concurrent Preclean 0.040ms
[2024-07-21T07:46:51.456+0530][gc,start    ] GC(2) Pause Remark
[2024-07-21T07:46:51.457+0530][gc          ] GC(2) Pause Remark 11M->11M(1024M) 0.638ms
[2024-07-21T07:46:51.457+0530][gc,cpu      ] GC(2) User=0.00s Sys=0.00s Real=0.00s
[2024-07-21T07:46:51.457+0530][gc,marking  ] GC(2) Concurrent Mark 2.113ms
[2024-07-21T07:46:51.457+0530][gc,marking  ] GC(2) Concurrent Rebuild Remembered Sets
[2024-07-21T07:46:51.458+0530][gc,marking  ] GC(2) Concurrent Rebuild Remembered Sets 0.813ms
[2024-07-21T07:46:51.458+0530][gc,start    ] GC(2) Pause Cleanup
[2024-07-21T07:46:51.458+0530][gc          ] GC(2) Pause Cleanup 11M->11M(1024M) 0.048ms
[2024-07-21T07:46:51.458+0530][gc,cpu      ] GC(2) User=0.00s Sys=0.00s Real=0.00s
[2024-07-21T07:46:51.458+0530][gc,marking  ] GC(2) Concurrent Cleanup for Next Mark
[2024-07-21T07:46:51.459+0530][gc,marking  ] GC(2) Concurrent Cleanup for Next Mark 1.621ms
[2024-07-21T07:46:51.459+0530][gc          ] GC(2) Concurrent Mark Cycle 5.778ms
[2024-07-21T07:46:51.806+0530][gc,start    ] GC(3) Pause Young (Normal) (GCLocker Initiated GC)
[2024-07-21T07:46:51.806+0530][gc,task     ] GC(3) Using 13 workers of 13 for evacuation
[2024-07-21T07:46:51.808+0530][gc,phases   ] GC(3)   Pre Evacuate Collection Set: 0.1ms
[2024-07-21T07:46:51.808+0530][gc,phases   ] GC(3)   Merge Heap Roots: 0.0ms
[2024-07-21T07:46:51.808+0530][gc,phases   ] GC(3)   Evacuate Collection Set: 1.5ms
[2024-07-21T07:46:51.808+0530][gc,phases   ] GC(3)   Post Evacuate Collection Set: 0.2ms
[2024-07-21T07:46:51.808+0530][gc,phases   ] GC(3)   Other: 0.1ms
[2024-07-21T07:46:51.808+0530][gc,heap     ] GC(3) Eden regions: 49->0(45)
[2024-07-21T07:46:51.808+0530][gc,heap     ] GC(3) Survivor regions: 2->6(7)
[2024-07-21T07:46:51.808+0530][gc,heap     ] GC(3) Old regions: 9->9
[2024-07-21T07:46:51.808+0530][gc,heap     ] GC(3) Archive regions: 2->2
[2024-07-21T07:46:51.808+0530][gc,heap     ] GC(3) Humongous regions: 129->129
[2024-07-21T07:46:51.808+0530][gc,metaspace] GC(3) Metaspace: 32130K(32384K)->32130K(32384K) NonClass: 28430K(28544K)->28430K(28544K) Class: 3699K(3840K)->3699K(3840K)
[2024-07-21T07:46:51.808+0530][gc          ] GC(3) Pause Young (Normal) (GCLocker Initiated GC) 188M->143M(1024M) 1.907ms
[2024-07-21T07:46:51.808+0530][gc,cpu      ] GC(3) User=0.01s Sys=0.00s Real=0.00s
[2024-07-21T07:46:51.899+0530][gc,start    ] GC(4) Pause Young (Concurrent Start) (Metadata GC Threshold)
[2024-07-21T07:46:51.899+0530][gc,task     ] GC(4) Using 13 workers of 13 for evacuation
[2024-07-21T07:46:51.901+0530][gc,phases   ] GC(4)   Pre Evacuate Collection Set: 0.1ms
[2024-07-21T07:46:51.901+0530][gc,phases   ] GC(4)   Merge Heap Roots: 0.0ms
[2024-07-21T07:46:51.901+0530][gc,phases   ] GC(4)   Evacuate Collection Set: 1.5ms
[2024-07-21T07:46:51.901+0530][gc,phases   ] GC(4)   Post Evacuate Collection Set: 0.2ms
[2024-07-21T07:46:51.901+0530][gc,phases   ] GC(4)   Other: 0.1ms
[2024-07-21T07:46:51.901+0530][gc,heap     ] GC(4) Eden regions: 15->0(49)
[2024-07-21T07:46:51.901+0530][gc,heap     ] GC(4) Survivor regions: 6->2(7)
[2024-07-21T07:46:51.901+0530][gc,heap     ] GC(4) Old regions: 9->14
[2024-07-21T07:46:51.901+0530][gc,heap     ] GC(4) Archive regions: 2->2
[2024-07-21T07:46:51.901+0530][gc,heap     ] GC(4) Humongous regions: 129->129
[2024-07-21T07:46:51.901+0530][gc,metaspace] GC(4) Metaspace: 35686K(35968K)->35686K(35968K) NonClass: 31728K(31872K)->31728K(31872K) Class: 3957K(4096K)->3957K(4096K)
[2024-07-21T07:46:51.901+0530][gc          ] GC(4) Pause Young (Concurrent Start) (Metadata GC Threshold) 158M->145M(1024M) 1.915ms
[2024-07-21T07:46:51.901+0530][gc,cpu      ] GC(4) User=0.01s Sys=0.00s Real=0.00s
[2024-07-21T07:46:51.901+0530][gc          ] GC(5) Concurrent Mark Cycle
[2024-07-21T07:46:51.901+0530][gc,marking  ] GC(5) Concurrent Clear Claimed Marks
[2024-07-21T07:46:51.901+0530][gc,marking  ] GC(5) Concurrent Clear Claimed Marks 0.018ms
[2024-07-21T07:46:51.901+0530][gc,marking  ] GC(5) Concurrent Scan Root Regions
[2024-07-21T07:46:51.902+0530][gc,marking  ] GC(5) Concurrent Scan Root Regions 1.215ms
[2024-07-21T07:46:51.902+0530][gc,marking  ] GC(5) Concurrent Mark
[2024-07-21T07:46:51.902+0530][gc,marking  ] GC(5) Concurrent Mark From Roots
[2024-07-21T07:46:51.902+0530][gc,task     ] GC(5) Using 3 workers of 3 for marking
[2024-07-21T07:46:51.905+0530][gc,marking  ] GC(5) Concurrent Mark From Roots 3.032ms
[2024-07-21T07:46:51.905+0530][gc,marking  ] GC(5) Concurrent Preclean
[2024-07-21T07:46:51.905+0530][gc,marking  ] GC(5) Concurrent Preclean 0.098ms
[2024-07-21T07:46:51.906+0530][gc,start    ] GC(5) Pause Remark
[2024-07-21T07:46:51.906+0530][gc          ] GC(5) Pause Remark 146M->146M(1024M) 0.637ms
[2024-07-21T07:46:51.906+0530][gc,cpu      ] GC(5) User=0.01s Sys=0.00s Real=0.00s
[2024-07-21T07:46:51.906+0530][gc,marking  ] GC(5) Concurrent Mark 3.955ms
[2024-07-21T07:46:51.906+0530][gc,marking  ] GC(5) Concurrent Rebuild Remembered Sets
[2024-07-21T07:46:51.906+0530][gc,marking  ] GC(5) Concurrent Rebuild Remembered Sets 0.005ms
[2024-07-21T07:46:51.906+0530][gc,start    ] GC(5) Pause Cleanup
[2024-07-21T07:46:51.906+0530][gc          ] GC(5) Pause Cleanup 146M->146M(1024M) 0.005ms
[2024-07-21T07:46:51.906+0530][gc,cpu      ] GC(5) User=0.00s Sys=0.00s Real=0.00s
[2024-07-21T07:46:51.906+0530][gc,marking  ] GC(5) Concurrent Cleanup for Next Mark
[2024-07-21T07:46:51.908+0530][gc,marking  ] GC(5) Concurrent Cleanup for Next Mark 1.968ms
[2024-07-21T07:46:51.908+0530][gc          ] GC(5) Concurrent Mark Cycle 7.306ms
[2024-07-21T07:46:53.515+0530][gc,start    ] GC(6) Pause Young (Normal) (G1 Evacuation Pause)
[2024-07-21T07:46:53.515+0530][gc,task     ] GC(6) Using 13 workers of 13 for evacuation
[2024-07-21T07:46:53.516+0530][gc,phases   ] GC(6)   Pre Evacuate Collection Set: 0.1ms
[2024-07-21T07:46:53.516+0530][gc,phases   ] GC(6)   Merge Heap Roots: 0.0ms
[2024-07-21T07:46:53.516+0530][gc,phases   ] GC(6)   Evacuate Collection Set: 0.6ms
[2024-07-21T07:46:53.516+0530][gc,phases   ] GC(6)   Post Evacuate Collection Set: 0.2ms
[2024-07-21T07:46:53.516+0530][gc,phases   ] GC(6)   Other: 0.1ms
[2024-07-21T07:46:53.516+0530][gc,heap     ] GC(6) Eden regions: 49->0(49)
[2024-07-21T07:46:53.516+0530][gc,heap     ] GC(6) Survivor regions: 2->2(7)
[2024-07-21T07:46:53.516+0530][gc,heap     ] GC(6) Old regions: 14->14
[2024-07-21T07:46:53.516+0530][gc,heap     ] GC(6) Archive regions: 2->2
[2024-07-21T07:46:53.516+0530][gc,heap     ] GC(6) Humongous regions: 129->129
[2024-07-21T07:46:53.516+0530][gc,metaspace] GC(6) Metaspace: 37542K(37824K)->37542K(37824K) NonClass: 33315K(33472K)->33315K(33472K) Class: 4226K(4352K)->4226K(4352K)
[2024-07-21T07:46:53.516+0530][gc          ] GC(6) Pause Young (Normal) (G1 Evacuation Pause) 194M->145M(1024M) 1.028ms
[2024-07-21T07:46:53.516+0530][gc,cpu      ] GC(6) User=0.01s Sys=0.00s Real=0.00s
[2024-07-21T07:46:53.583+0530][gc,start    ] GC(7) Pause Young (Normal) (G1 Evacuation Pause)
[2024-07-21T07:46:53.583+0530][gc,task     ] GC(7) Using 13 workers of 13 for evacuation
[2024-07-21T07:46:53.584+0530][gc,phases   ] GC(7)   Pre Evacuate Collection Set: 0.1ms
[2024-07-21T07:46:53.584+0530][gc,phases   ] GC(7)   Merge Heap Roots: 0.0ms
[2024-07-21T07:46:53.584+0530][gc,phases   ] GC(7)   Evacuate Collection Set: 0.5ms
[2024-07-21T07:46:53.584+0530][gc,phases   ] GC(7)   Post Evacuate Collection Set: 0.2ms
[2024-07-21T07:46:53.584+0530][gc,phases   ] GC(7)   Other: 0.1ms
[2024-07-21T07:46:53.584+0530][gc,heap     ] GC(7) Eden regions: 49->0(48)
[2024-07-21T07:46:53.584+0530][gc,heap     ] GC(7) Survivor regions: 2->3(7)
[2024-07-21T07:46:53.584+0530][gc,heap     ] GC(7) Old regions: 14->14
[2024-07-21T07:46:53.584+0530][gc,heap     ] GC(7) Archive regions: 2->2
[2024-07-21T07:46:53.584+0530][gc,heap     ] GC(7) Humongous regions: 129->129
[2024-07-21T07:46:53.584+0530][gc,metaspace] GC(7) Metaspace: 37889K(38208K)->37889K(38208K) NonClass: 33623K(33792K)->33623K(33792K) Class: 4266K(4416K)->4266K(4416K)
[2024-07-21T07:46:53.584+0530][gc          ] GC(7) Pause Young (Normal) (G1 Evacuation Pause) 194M->145M(1024M) 1.009ms
[2024-07-21T07:46:53.584+0530][gc,cpu      ] GC(7) User=0.01s Sys=0.00s Real=0.00s
[2024-07-21T07:46:53.648+0530][gc,start    ] GC(8) Pause Young (Normal) (G1 Evacuation Pause)
[2024-07-21T07:46:53.648+0530][gc,task     ] GC(8) Using 13 workers of 13 for evacuation
[2024-07-21T07:46:53.649+0530][gc,phases   ] GC(8)   Pre Evacuate Collection Set: 0.1ms
[2024-07-21T07:46:53.649+0530][gc,phases   ] GC(8)   Merge Heap Roots: 0.0ms
[2024-07-21T07:46:53.649+0530][gc,phases   ] GC(8)   Evacuate Collection Set: 0.5ms
[2024-07-21T07:46:53.649+0530][gc,phases   ] GC(8)   Post Evacuate Collection Set: 0.2ms
[2024-07-21T07:46:53.649+0530][gc,phases   ] GC(8)   Other: 0.1ms
[2024-07-21T07:46:53.649+0530][gc,heap     ] GC(8) Eden regions: 48->0(72)
[2024-07-21T07:46:53.649+0530][gc,heap     ] GC(8) Survivor regions: 3->3(7)
[2024-07-21T07:46:53.649+0530][gc,heap     ] GC(8) Old regions: 14->14
[2024-07-21T07:46:53.649+0530][gc,heap     ] GC(8) Archive regions: 2->2
[2024-07-21T07:46:53.649+0530][gc,heap     ] GC(8) Humongous regions: 129->129
[2024-07-21T07:46:53.649+0530][gc,metaspace] GC(8) Metaspace: 37990K(38336K)->37990K(38336K) NonClass: 33707K(33920K)->33707K(33920K) Class: 4283K(4416K)->4283K(4416K)
[2024-07-21T07:46:53.649+0530][gc          ] GC(8) Pause Young (Normal) (G1 Evacuation Pause) 193M->146M(1024M) 0.939ms
[2024-07-21T07:46:53.649+0530][gc,cpu      ] GC(8) User=0.01s Sys=0.00s Real=0.00s
[2024-07-21T07:46:53.748+0530][gc,start    ] GC(9) Pause Young (Normal) (G1 Evacuation Pause)
[2024-07-21T07:46:53.748+0530][gc,task     ] GC(9) Using 13 workers of 13 for evacuation
[2024-07-21T07:46:53.749+0530][gc,phases   ] GC(9)   Pre Evacuate Collection Set: 0.1ms
[2024-07-21T07:46:53.749+0530][gc,phases   ] GC(9)   Merge Heap Roots: 0.0ms
[2024-07-21T07:46:53.749+0530][gc,phases   ] GC(9)   Evacuate Collection Set: 0.6ms
[2024-07-21T07:46:53.749+0530][gc,phases   ] GC(9)   Post Evacuate Collection Set: 0.2ms
[2024-07-21T07:46:53.749+0530][gc,phases   ] GC(9)   Other: 0.1ms
[2024-07-21T07:46:53.749+0530][gc,heap     ] GC(9) Eden regions: 72->0(444)
[2024-07-21T07:46:53.749+0530][gc,heap     ] GC(9) Survivor regions: 3->3(10)
[2024-07-21T07:46:53.749+0530][gc,heap     ] GC(9) Old regions: 14->14
[2024-07-21T07:46:53.749+0530][gc,heap     ] GC(9) Archive regions: 2->2
[2024-07-21T07:46:53.749+0530][gc,heap     ] GC(9) Humongous regions: 129->129
[2024-07-21T07:46:53.749+0530][gc,metaspace] GC(9) Metaspace: 38068K(38400K)->38068K(38400K) NonClass: 33765K(33984K)->33765K(33984K) Class: 4302K(4416K)->4302K(4416K)
[2024-07-21T07:46:53.749+0530][gc          ] GC(9) Pause Young (Normal) (G1 Evacuation Pause) 218M->146M(1024M) 1.086ms
[2024-07-21T07:46:53.749+0530][gc,cpu      ] GC(9) User=0.02s Sys=0.00s Real=0.00s
[2024-07-21T07:47:23.670+0530][gc,start    ] GC(10) Pause Young (Normal) (G1 Evacuation Pause)
[2024-07-21T07:47:23.670+0530][gc,task     ] GC(10) Using 13 workers of 13 for evacuation
[2024-07-21T07:47:23.671+0530][gc,phases   ] GC(10)   Pre Evacuate Collection Set: 0.1ms
[2024-07-21T07:47:23.671+0530][gc,phases   ] GC(10)   Merge Heap Roots: 0.1ms
[2024-07-21T07:47:23.671+0530][gc,phases   ] GC(10)   Evacuate Collection Set: 1.2ms
[2024-07-21T07:47:23.671+0530][gc,phases   ] GC(10)   Post Evacuate Collection Set: 0.3ms
[2024-07-21T07:47:23.671+0530][gc,phases   ] GC(10)   Other: 0.2ms
[2024-07-21T07:47:23.671+0530][gc,heap     ] GC(10) Eden regions: 444->0(611)
[2024-07-21T07:47:23.671+0530][gc,heap     ] GC(10) Survivor regions: 3->3(56)
[2024-07-21T07:47:23.671+0530][gc,heap     ] GC(10) Old regions: 14->14
[2024-07-21T07:47:23.671+0530][gc,heap     ] GC(10) Archive regions: 2->2
[2024-07-21T07:47:23.671+0530][gc,heap     ] GC(10) Humongous regions: 129->129
[2024-07-21T07:47:23.671+0530][gc,metaspace] GC(10) Metaspace: 38802K(39104K)->38802K(39104K) NonClass: 34418K(34560K)->34418K(34560K) Class: 4383K(4544K)->4383K(4544K)
[2024-07-21T07:47:23.671+0530][gc          ] GC(10) Pause Young (Normal) (G1 Evacuation Pause) 590M->146M(1024M) 1.874ms
[2024-07-21T07:47:23.671+0530][gc,cpu      ] GC(10) User=0.01s Sys=0.00s Real=0.00s
[2024-07-21T07:47:53.548+0530][gc,start    ] GC(11) Pause Young (Normal) (G1 Evacuation Pause)
[2024-07-21T07:47:53.548+0530][gc,task     ] GC(11) Using 13 workers of 13 for evacuation
[2024-07-21T07:47:53.549+0530][gc,phases   ] GC(11)   Pre Evacuate Collection Set: 0.1ms
[2024-07-21T07:47:53.549+0530][gc,phases   ] GC(11)   Merge Heap Roots: 0.1ms
[2024-07-21T07:47:53.549+0530][gc,phases   ] GC(11)   Evacuate Collection Set: 0.6ms
[2024-07-21T07:47:53.549+0530][gc,phases   ] GC(11)   Post Evacuate Collection Set: 0.3ms
[2024-07-21T07:47:53.549+0530][gc,phases   ] GC(11)   Other: 0.1ms
[2024-07-21T07:47:53.549+0530][gc,heap     ] GC(11) Eden regions: 611->0(611)
[2024-07-21T07:47:53.549+0530][gc,heap     ] GC(11) Survivor regions: 3->3(77)
[2024-07-21T07:47:53.549+0530][gc,heap     ] GC(11) Old regions: 14->14
[2024-07-21T07:47:53.549+0530][gc,heap     ] GC(11) Archive regions: 2->2
[2024-07-21T07:47:53.549+0530][gc,heap     ] GC(11) Humongous regions: 129->129
[2024-07-21T07:47:53.549+0530][gc,metaspace] GC(11) Metaspace: 38905K(39232K)->38905K(39232K) NonClass: 34522K(34688K)->34522K(34688K) Class: 4383K(4544K)->4383K(4544K)
[2024-07-21T07:47:53.549+0530][gc          ] GC(11) Pause Young (Normal) (G1 Evacuation Pause) 757M->146M(1024M) 1.269ms
[2024-07-21T07:47:53.549+0530][gc,cpu      ] GC(11) User=0.01s Sys=0.00s Real=0.00s
[2024-07-21T07:48:38.456+0530][gc,start    ] GC(12) Pause Young (Normal) (G1 Evacuation Pause)
[2024-07-21T07:48:38.456+0530][gc,task     ] GC(12) Using 13 workers of 13 for evacuation
[2024-07-21T07:48:38.458+0530][gc,phases   ] GC(12)   Pre Evacuate Collection Set: 0.1ms
[2024-07-21T07:48:38.458+0530][gc,phases   ] GC(12)   Merge Heap Roots: 0.1ms
[2024-07-21T07:48:38.458+0530][gc,phases   ] GC(12)   Evacuate Collection Set: 0.7ms
[2024-07-21T07:48:38.458+0530][gc,phases   ] GC(12)   Post Evacuate Collection Set: 0.3ms
[2024-07-21T07:48:38.458+0530][gc,phases   ] GC(12)   Other: 0.1ms
[2024-07-21T07:48:38.458+0530][gc,heap     ] GC(12) Eden regions: 611->0(611)
[2024-07-21T07:48:38.458+0530][gc,heap     ] GC(12) Survivor regions: 3->3(77)
[2024-07-21T07:48:38.458+0530][gc,heap     ] GC(12) Old regions: 14->14
[2024-07-21T07:48:38.458+0530][gc,heap     ] GC(12) Archive regions: 2->2
[2024-07-21T07:48:38.458+0530][gc,heap     ] GC(12) Humongous regions: 129->129
[2024-07-21T07:48:38.458+0530][gc,metaspace] GC(12) Metaspace: 39018K(39360K)->39018K(39360K) NonClass: 34630K(34816K)->34630K(34816K) Class: 4388K(4544K)->4388K(4544K)
[2024-07-21T07:48:38.458+0530][gc          ] GC(12) Pause Young (Normal) (G1 Evacuation Pause) 757M->146M(1024M) 1.343ms
[2024-07-21T07:48:38.458+0530][gc,cpu      ] GC(12) User=0.01s Sys=0.00s Real=0.00s
[2024-07-21T07:49:08.615+0530][gc,start    ] GC(13) Pause Young (Normal) (G1 Evacuation Pause)
[2024-07-21T07:49:08.615+0530][gc,task     ] GC(13) Using 13 workers of 13 for evacuation
[2024-07-21T07:49:08.617+0530][gc,phases   ] GC(13)   Pre Evacuate Collection Set: 0.1ms
[2024-07-21T07:49:08.617+0530][gc,phases   ] GC(13)   Merge Heap Roots: 0.2ms
[2024-07-21T07:49:08.617+0530][gc,phases   ] GC(13)   Evacuate Collection Set: 0.7ms
[2024-07-21T07:49:08.617+0530][gc,phases   ] GC(13)   Post Evacuate Collection Set: 0.3ms
[2024-07-21T07:49:08.617+0530][gc,phases   ] GC(13)   Other: 0.2ms
[2024-07-21T07:49:08.617+0530][gc,heap     ] GC(13) Eden regions: 611->0(611)
[2024-07-21T07:49:08.617+0530][gc,heap     ] GC(13) Survivor regions: 3->3(77)
[2024-07-21T07:49:08.617+0530][gc,heap     ] GC(13) Old regions: 14->14
[2024-07-21T07:49:08.617+0530][gc,heap     ] GC(13) Archive regions: 2->2
[2024-07-21T07:49:08.617+0530][gc,heap     ] GC(13) Humongous regions: 129->129
[2024-07-21T07:49:08.617+0530][gc,metaspace] GC(13) Metaspace: 39092K(39424K)->39092K(39424K) NonClass: 34704K(34880K)->34704K(34880K) Class: 4388K(4544K)->4388K(4544K)
[2024-07-21T07:49:08.617+0530][gc          ] GC(13) Pause Young (Normal) (G1 Evacuation Pause) 757M->146M(1024M) 1.574ms
[2024-07-21T07:49:08.617+0530][gc,cpu      ] GC(13) User=0.01s Sys=0.00s Real=0.00s
[2024-07-21T07:49:53.537+0530][gc,start    ] GC(14) Pause Young (Normal) (G1 Evacuation Pause)
[2024-07-21T07:49:53.537+0530][gc,task     ] GC(14) Using 13 workers of 13 for evacuation
[2024-07-21T07:49:53.538+0530][gc,phases   ] GC(14)   Pre Evacuate Collection Set: 0.1ms
[2024-07-21T07:49:53.538+0530][gc,phases   ] GC(14)   Merge Heap Roots: 0.1ms
[2024-07-21T07:49:53.538+0530][gc,phases   ] GC(14)   Evacuate Collection Set: 0.7ms
[2024-07-21T07:49:53.538+0530][gc,phases   ] GC(14)   Post Evacuate Collection Set: 0.3ms
[2024-07-21T07:49:53.538+0530][gc,phases   ] GC(14)   Other: 0.1ms
[2024-07-21T07:49:53.538+0530][gc,heap     ] GC(14) Eden regions: 611->0(611)
[2024-07-21T07:49:53.538+0530][gc,heap     ] GC(14) Survivor regions: 3->3(77)
[2024-07-21T07:49:53.538+0530][gc,heap     ] GC(14) Old regions: 14->14
[2024-07-21T07:49:53.538+0530][gc,heap     ] GC(14) Archive regions: 2->2
[2024-07-21T07:49:53.538+0530][gc,heap     ] GC(14) Humongous regions: 129->129
[2024-07-21T07:49:53.538+0530][gc,metaspace] GC(14) Metaspace: 39120K(39424K)->39120K(39424K) NonClass: 34732K(34880K)->34732K(34880K) Class: 4388K(4544K)->4388K(4544K)
[2024-07-21T07:49:53.538+0530][gc          ] GC(14) Pause Young (Normal) (G1 Evacuation Pause) 757M->146M(1024M) 1.359ms
[2024-07-21T07:49:53.538+0530][gc,cpu      ] GC(14) User=0.01s Sys=0.00s Real=0.00s
[2024-07-21T07:50:38.447+0530][gc,start    ] GC(15) Pause Young (Normal) (G1 Evacuation Pause)
[2024-07-21T07:50:38.447+0530][gc,task     ] GC(15) Using 13 workers of 13 for evacuation
[2024-07-21T07:50:38.448+0530][gc,phases   ] GC(15)   Pre Evacuate Collection Set: 0.1ms
[2024-07-21T07:50:38.448+0530][gc,phases   ] GC(15)   Merge Heap Roots: 0.2ms
[2024-07-21T07:50:38.448+0530][gc,phases   ] GC(15)   Evacuate Collection Set: 0.9ms
[2024-07-21T07:50:38.448+0530][gc,phases   ] GC(15)   Post Evacuate Collection Set: 0.4ms
[2024-07-21T07:50:38.448+0530][gc,phases   ] GC(15)   Other: 0.1ms
[2024-07-21T07:50:38.448+0530][gc,heap     ] GC(15) Eden regions: 611->0(611)
[2024-07-21T07:50:38.448+0530][gc,heap     ] GC(15) Survivor regions: 3->3(77)
[2024-07-21T07:50:38.448+0530][gc,heap     ] GC(15) Old regions: 14->14
[2024-07-21T07:50:38.448+0530][gc,heap     ] GC(15) Archive regions: 2->2
[2024-07-21T07:50:38.448+0530][gc,heap     ] GC(15) Humongous regions: 129->129
[2024-07-21T07:50:38.448+0530][gc,metaspace] GC(15) Metaspace: 39314K(39744K)->39314K(39744K) NonClass: 34897K(35136K)->34897K(35136K) Class: 4417K(4608K)->4417K(4608K)
[2024-07-21T07:50:38.449+0530][gc          ] GC(15) Pause Young (Normal) (G1 Evacuation Pause) 757M->146M(1024M) 1.741ms
[2024-07-21T07:50:38.449+0530][gc,cpu      ] GC(15) User=0.01s Sys=0.00s Real=0.00s
[2024-07-21T07:51:08.621+0530][gc,start    ] GC(16) Pause Young (Normal) (G1 Evacuation Pause)
[2024-07-21T07:51:08.621+0530][gc,task     ] GC(16) Using 13 workers of 13 for evacuation
[2024-07-21T07:51:08.622+0530][gc,phases   ] GC(16)   Pre Evacuate Collection Set: 0.1ms
[2024-07-21T07:51:08.622+0530][gc,phases   ] GC(16)   Merge Heap Roots: 0.2ms
[2024-07-21T07:51:08.622+0530][gc,phases   ] GC(16)   Evacuate Collection Set: 0.6ms
[2024-07-21T07:51:08.622+0530][gc,phases   ] GC(16)   Post Evacuate Collection Set: 0.3ms
[2024-07-21T07:51:08.622+0530][gc,phases   ] GC(16)   Other: 0.1ms
[2024-07-21T07:51:08.622+0530][gc,heap     ] GC(16) Eden regions: 611->0(611)
[2024-07-21T07:51:08.622+0530][gc,heap     ] GC(16) Survivor regions: 3->3(77)
[2024-07-21T07:51:08.622+0530][gc,heap     ] GC(16) Old regions: 14->14
[2024-07-21T07:51:08.622+0530][gc,heap     ] GC(16) Archive regions: 2->2
[2024-07-21T07:51:08.622+0530][gc,heap     ] GC(16) Humongous regions: 129->129
[2024-07-21T07:51:08.622+0530][gc,metaspace] GC(16) Metaspace: 39344K(39744K)->39344K(39744K) NonClass: 34927K(35136K)->34927K(35136K) Class: 4417K(4608K)->4417K(4608K)
[2024-07-21T07:51:08.622+0530][gc          ] GC(16) Pause Young (Normal) (G1 Evacuation Pause) 757M->146M(1024M) 1.296ms
[2024-07-21T07:51:08.622+0530][gc,cpu      ] GC(16) User=0.01s Sys=0.00s Real=0.00s
[2024-07-21T07:51:53.533+0530][gc,start    ] GC(17) Pause Young (Normal) (G1 Evacuation Pause)
[2024-07-21T07:51:53.533+0530][gc,task     ] GC(17) Using 13 workers of 13 for evacuation
[2024-07-21T07:51:53.534+0530][gc,phases   ] GC(17)   Pre Evacuate Collection Set: 0.1ms
[2024-07-21T07:51:53.534+0530][gc,phases   ] GC(17)   Merge Heap Roots: 0.2ms
[2024-07-21T07:51:53.534+0530][gc,phases   ] GC(17)   Evacuate Collection Set: 0.6ms
[2024-07-21T07:51:53.534+0530][gc,phases   ] GC(17)   Post Evacuate Collection Set: 0.3ms
[2024-07-21T07:51:53.534+0530][gc,phases   ] GC(17)   Other: 0.1ms
[2024-07-21T07:51:53.534+0530][gc,heap     ] GC(17) Eden regions: 611->0(611)
[2024-07-21T07:51:53.534+0530][gc,heap     ] GC(17) Survivor regions: 3->3(77)
[2024-07-21T07:51:53.534+0530][gc,heap     ] GC(17) Old regions: 14->14
[2024-07-21T07:51:53.534+0530][gc,heap     ] GC(17) Archive regions: 2->2
[2024-07-21T07:51:53.534+0530][gc,heap     ] GC(17) Humongous regions: 129->129
[2024-07-21T07:51:53.534+0530][gc,metaspace] GC(17) Metaspace: 39363K(39744K)->39363K(39744K) NonClass: 34946K(35136K)->34946K(35136K) Class: 4417K(4608K)->4417K(4608K)
[2024-07-21T07:51:53.534+0530][gc          ] GC(17) Pause Young (Normal) (G1 Evacuation Pause) 757M->146M(1024M) 1.299ms
[2024-07-21T07:51:53.534+0530][gc,cpu      ] GC(17) User=0.01s Sys=0.00s Real=0.00s
[2024-07-21T07:52:38.446+0530][gc,start    ] GC(18) Pause Young (Normal) (G1 Evacuation Pause)
[2024-07-21T07:52:38.446+0530][gc,task     ] GC(18) Using 13 workers of 13 for evacuation
[2024-07-21T07:52:38.448+0530][gc,phases   ] GC(18)   Pre Evacuate Collection Set: 0.1ms
[2024-07-21T07:52:38.448+0530][gc,phases   ] GC(18)   Merge Heap Roots: 0.2ms
[2024-07-21T07:52:38.448+0530][gc,phases   ] GC(18)   Evacuate Collection Set: 0.7ms
[2024-07-21T07:52:38.448+0530][gc,phases   ] GC(18)   Post Evacuate Collection Set: 0.4ms
[2024-07-21T07:52:38.448+0530][gc,phases   ] GC(18)   Other: 0.1ms
[2024-07-21T07:52:38.448+0530][gc,heap     ] GC(18) Eden regions: 611->0(611)
[2024-07-21T07:52:38.448+0530][gc,heap     ] GC(18) Survivor regions: 3->3(77)
[2024-07-21T07:52:38.448+0530][gc,heap     ] GC(18) Old regions: 14->14
[2024-07-21T07:52:38.448+0530][gc,heap     ] GC(18) Archive regions: 2->2
[2024-07-21T07:52:38.448+0530][gc,heap     ] GC(18) Humongous regions: 129->129
[2024-07-21T07:52:38.448+0530][gc,metaspace] GC(18) Metaspace: 39388K(39808K)->39388K(39808K) NonClass: 34971K(35200K)->34971K(35200K) Class: 4417K(4608K)->4417K(4608K)
[2024-07-21T07:52:38.448+0530][gc          ] GC(18) Pause Young (Normal) (G1 Evacuation Pause) 757M->146M(1024M) 1.513ms
[2024-07-21T07:52:38.448+0530][gc,cpu      ] GC(18) User=0.00s Sys=0.00s Real=0.01s
[2024-07-21T07:53:08.611+0530][gc,start    ] GC(19) Pause Young (Normal) (G1 Evacuation Pause)
[2024-07-21T07:53:08.611+0530][gc,task     ] GC(19) Using 13 workers of 13 for evacuation
[2024-07-21T07:53:08.613+0530][gc,phases   ] GC(19)   Pre Evacuate Collection Set: 0.1ms
[2024-07-21T07:53:08.613+0530][gc,phases   ] GC(19)   Merge Heap Roots: 0.2ms
[2024-07-21T07:53:08.613+0530][gc,phases   ] GC(19)   Evacuate Collection Set: 0.7ms
[2024-07-21T07:53:08.613+0530][gc,phases   ] GC(19)   Post Evacuate Collection Set: 0.3ms
[2024-07-21T07:53:08.613+0530][gc,phases   ] GC(19)   Other: 0.1ms
[2024-07-21T07:53:08.613+0530][gc,heap     ] GC(19) Eden regions: 611->0(611)
[2024-07-21T07:53:08.613+0530][gc,heap     ] GC(19) Survivor regions: 3->3(77)
[2024-07-21T07:53:08.613+0530][gc,heap     ] GC(19) Old regions: 14->14
[2024-07-21T07:53:08.613+0530][gc,heap     ] GC(19) Archive regions: 2->2
[2024-07-21T07:53:08.613+0530][gc,heap     ] GC(19) Humongous regions: 129->129
[2024-07-21T07:53:08.613+0530][gc,metaspace] GC(19) Metaspace: 39408K(39808K)->39408K(39808K) NonClass: 34991K(35200K)->34991K(35200K) Class: 4417K(4608K)->4417K(4608K)
[2024-07-21T07:53:08.613+0530][gc          ] GC(19) Pause Young (Normal) (G1 Evacuation Pause) 757M->146M(1024M) 1.481ms
[2024-07-21T07:53:08.613+0530][gc,cpu      ] GC(19) User=0.01s Sys=0.00s Real=0.00s
[2024-07-21T07:53:53.544+0530][gc,start    ] GC(20) Pause Young (Normal) (G1 Evacuation Pause)
[2024-07-21T07:53:53.544+0530][gc,task     ] GC(20) Using 13 workers of 13 for evacuation
[2024-07-21T07:53:53.545+0530][gc,phases   ] GC(20)   Pre Evacuate Collection Set: 0.1ms
[2024-07-21T07:53:53.545+0530][gc,phases   ] GC(20)   Merge Heap Roots: 0.2ms
[2024-07-21T07:53:53.545+0530][gc,phases   ] GC(20)   Evacuate Collection Set: 0.7ms
[2024-07-21T07:53:53.545+0530][gc,phases   ] GC(20)   Post Evacuate Collection Set: 0.3ms
[2024-07-21T07:53:53.545+0530][gc,phases   ] GC(20)   Other: 0.1ms
[2024-07-21T07:53:53.545+0530][gc,heap     ] GC(20) Eden regions: 611->0(612)
[2024-07-21T07:53:53.545+0530][gc,heap     ] GC(20) Survivor regions: 3->2(77)
[2024-07-21T07:53:53.545+0530][gc,heap     ] GC(20) Old regions: 14->15
[2024-07-21T07:53:53.545+0530][gc,heap     ] GC(20) Archive regions: 2->2
[2024-07-21T07:53:53.545+0530][gc,heap     ] GC(20) Humongous regions: 129->129
[2024-07-21T07:53:53.545+0530][gc,metaspace] GC(20) Metaspace: 39434K(39808K)->39434K(39808K) NonClass: 35016K(35200K)->35016K(35200K) Class: 4417K(4608K)->4417K(4608K)
[2024-07-21T07:53:53.545+0530][gc          ] GC(20) Pause Young (Normal) (G1 Evacuation Pause) 757M->146M(1024M) 1.395ms
[2024-07-21T07:53:53.545+0530][gc,cpu      ] GC(20) User=0.01s Sys=0.00s Real=0.00s
[2024-07-21T07:54:38.471+0530][gc,start    ] GC(21) Pause Young (Normal) (G1 Evacuation Pause)
[2024-07-21T07:54:38.471+0530][gc,task     ] GC(21) Using 13 workers of 13 for evacuation
[2024-07-21T07:54:38.473+0530][gc,phases   ] GC(21)   Pre Evacuate Collection Set: 0.1ms
[2024-07-21T07:54:38.473+0530][gc,phases   ] GC(21)   Merge Heap Roots: 0.2ms
[2024-07-21T07:54:38.473+0530][gc,phases   ] GC(21)   Evacuate Collection Set: 0.6ms
[2024-07-21T07:54:38.473+0530][gc,phases   ] GC(21)   Post Evacuate Collection Set: 0.4ms
[2024-07-21T07:54:38.473+0530][gc,phases   ] GC(21)   Other: 0.1ms
[2024-07-21T07:54:38.473+0530][gc,heap     ] GC(21) Eden regions: 612->0(613)
[2024-07-21T07:54:38.473+0530][gc,heap     ] GC(21) Survivor regions: 2->1(77)
[2024-07-21T07:54:38.473+0530][gc,heap     ] GC(21) Old regions: 15->16
[2024-07-21T07:54:38.473+0530][gc,heap     ] GC(21) Archive regions: 2->2
[2024-07-21T07:54:38.473+0530][gc,heap     ] GC(21) Humongous regions: 129->129
[2024-07-21T07:54:38.473+0530][gc,metaspace] GC(21) Metaspace: 39458K(39808K)->39458K(39808K) NonClass: 35040K(35200K)->35040K(35200K) Class: 4417K(4608K)->4417K(4608K)
[2024-07-21T07:54:38.473+0530][gc          ] GC(21) Pause Young (Normal) (G1 Evacuation Pause) 758M->146M(1024M) 1.369ms
[2024-07-21T07:54:38.473+0530][gc,cpu      ] GC(21) User=0.01s Sys=0.00s Real=0.00s
[2024-07-21T07:55:08.628+0530][gc,start    ] GC(22) Pause Young (Normal) (G1 Evacuation Pause)
[2024-07-21T07:55:08.629+0530][gc,task     ] GC(22) Using 13 workers of 13 for evacuation
[2024-07-21T07:55:08.630+0530][gc,phases   ] GC(22)   Pre Evacuate Collection Set: 0.1ms
[2024-07-21T07:55:08.630+0530][gc,phases   ] GC(22)   Merge Heap Roots: 0.1ms
[2024-07-21T07:55:08.630+0530][gc,phases   ] GC(22)   Evacuate Collection Set: 0.5ms
[2024-07-21T07:55:08.630+0530][gc,phases   ] GC(22)   Post Evacuate Collection Set: 0.3ms
[2024-07-21T07:55:08.630+0530][gc,phases   ] GC(22)   Other: 0.1ms
[2024-07-21T07:55:08.630+0530][gc,heap     ] GC(22) Eden regions: 613->0(613)
[2024-07-21T07:55:08.630+0530][gc,heap     ] GC(22) Survivor regions: 1->1(77)
[2024-07-21T07:55:08.630+0530][gc,heap     ] GC(22) Old regions: 16->16
[2024-07-21T07:55:08.630+0530][gc,heap     ] GC(22) Archive regions: 2->2
[2024-07-21T07:55:08.630+0530][gc,heap     ] GC(22) Humongous regions: 129->129
[2024-07-21T07:55:08.630+0530][gc,metaspace] GC(22) Metaspace: 39470K(39872K)->39470K(39872K) NonClass: 35053K(35264K)->35053K(35264K) Class: 4417K(4608K)->4417K(4608K)
[2024-07-21T07:55:08.630+0530][gc          ] GC(22) Pause Young (Normal) (G1 Evacuation Pause) 759M->146M(1024M) 1.121ms
[2024-07-21T07:55:08.630+0530][gc,cpu      ] GC(22) User=0.01s Sys=0.00s Real=0.00s
[2024-07-21T07:55:53.571+0530][gc,start    ] GC(23) Pause Young (Normal) (G1 Evacuation Pause)
[2024-07-21T07:55:53.572+0530][gc,task     ] GC(23) Using 13 workers of 13 for evacuation
[2024-07-21T07:55:53.573+0530][gc,phases   ] GC(23)   Pre Evacuate Collection Set: 0.1ms
[2024-07-21T07:55:53.573+0530][gc,phases   ] GC(23)   Merge Heap Roots: 0.2ms
[2024-07-21T07:55:53.573+0530][gc,phases   ] GC(23)   Evacuate Collection Set: 0.4ms
[2024-07-21T07:55:53.573+0530][gc,phases   ] GC(23)   Post Evacuate Collection Set: 0.3ms
[2024-07-21T07:55:53.573+0530][gc,phases   ] GC(23)   Other: 0.1ms
[2024-07-21T07:55:53.573+0530][gc,heap     ] GC(23) Eden regions: 613->0(613)
[2024-07-21T07:55:53.573+0530][gc,heap     ] GC(23) Survivor regions: 1->1(77)
[2024-07-21T07:55:53.573+0530][gc,heap     ] GC(23) Old regions: 16->16
[2024-07-21T07:55:53.573+0530][gc,heap     ] GC(23) Archive regions: 2->2
[2024-07-21T07:55:53.573+0530][gc,heap     ] GC(23) Humongous regions: 129->129
[2024-07-21T07:55:53.573+0530][gc,metaspace] GC(23) Metaspace: 39485K(39872K)->39485K(39872K) NonClass: 35068K(35264K)->35068K(35264K) Class: 4417K(4608K)->4417K(4608K)
[2024-07-21T07:55:53.573+0530][gc          ] GC(23) Pause Young (Normal) (G1 Evacuation Pause) 759M->146M(1024M) 1.135ms
[2024-07-21T07:55:53.573+0530][gc,cpu      ] GC(23) User=0.00s Sys=0.00s Real=0.00s
[2024-07-21T07:56:38.477+0530][gc,start    ] GC(24) Pause Young (Normal) (G1 Evacuation Pause)
[2024-07-21T07:56:38.477+0530][gc,task     ] GC(24) Using 13 workers of 13 for evacuation
[2024-07-21T07:56:38.478+0530][gc,phases   ] GC(24)   Pre Evacuate Collection Set: 0.1ms
[2024-07-21T07:56:38.478+0530][gc,phases   ] GC(24)   Merge Heap Roots: 0.1ms
[2024-07-21T07:56:38.478+0530][gc,phases   ] GC(24)   Evacuate Collection Set: 0.5ms
[2024-07-21T07:56:38.478+0530][gc,phases   ] GC(24)   Post Evacuate Collection Set: 0.3ms
[2024-07-21T07:56:38.478+0530][gc,phases   ] GC(24)   Other: 0.1ms
[2024-07-21T07:56:38.478+0530][gc,heap     ] GC(24) Eden regions: 613->0(613)
[2024-07-21T07:56:38.478+0530][gc,heap     ] GC(24) Survivor regions: 1->1(77)
[2024-07-21T07:56:38.478+0530][gc,heap     ] GC(24) Old regions: 16->17
[2024-07-21T07:56:38.478+0530][gc,heap     ] GC(24) Archive regions: 2->2
[2024-07-21T07:56:38.478+0530][gc,heap     ] GC(24) Humongous regions: 129->129
[2024-07-21T07:56:38.478+0530][gc,metaspace] GC(24) Metaspace: 39486K(39872K)->39486K(39872K) NonClass: 35069K(35264K)->35069K(35264K) Class: 4417K(4608K)->4417K(4608K)
[2024-07-21T07:56:38.478+0530][gc          ] GC(24) Pause Young (Normal) (G1 Evacuation Pause) 759M->146M(1024M) 1.161ms
[2024-07-21T07:56:38.478+0530][gc,cpu      ] GC(24) User=0.01s Sys=0.00s Real=0.00s
[2024-07-21T07:57:08.655+0530][gc,start    ] GC(25) Pause Young (Normal) (G1 Evacuation Pause)
[2024-07-21T07:57:08.655+0530][gc,task     ] GC(25) Using 13 workers of 13 for evacuation
[2024-07-21T07:57:08.656+0530][gc,phases   ] GC(25)   Pre Evacuate Collection Set: 0.1ms
[2024-07-21T07:57:08.656+0530][gc,phases   ] GC(25)   Merge Heap Roots: 0.2ms
[2024-07-21T07:57:08.656+0530][gc,phases   ] GC(25)   Evacuate Collection Set: 0.4ms
[2024-07-21T07:57:08.656+0530][gc,phases   ] GC(25)   Post Evacuate Collection Set: 0.3ms
[2024-07-21T07:57:08.656+0530][gc,phases   ] GC(25)   Other: 0.1ms
[2024-07-21T07:57:08.656+0530][gc,heap     ] GC(25) Eden regions: 613->0(613)
[2024-07-21T07:57:08.656+0530][gc,heap     ] GC(25) Survivor regions: 1->1(77)
[2024-07-21T07:57:08.656+0530][gc,heap     ] GC(25) Old regions: 17->17
[2024-07-21T07:57:08.656+0530][gc,heap     ] GC(25) Archive regions: 2->2
[2024-07-21T07:57:08.656+0530][gc,heap     ] GC(25) Humongous regions: 129->129
[2024-07-21T07:57:08.656+0530][gc,metaspace] GC(25) Metaspace: 39509K(39936K)->39509K(39936K) NonClass: 35092K(35328K)->35092K(35328K) Class: 4417K(4608K)->4417K(4608K)
[2024-07-21T07:57:08.656+0530][gc          ] GC(25) Pause Young (Normal) (G1 Evacuation Pause) 759M->146M(1024M) 1.152ms
[2024-07-21T07:57:08.656+0530][gc,cpu      ] GC(25) User=0.01s Sys=0.00s Real=0.00s
[2024-07-21T07:57:57.463+0530][gc,start    ] GC(26) Pause Young (Normal) (G1 Evacuation Pause)
[2024-07-21T07:57:57.463+0530][gc,task     ] GC(26) Using 13 workers of 13 for evacuation
[2024-07-21T07:57:57.464+0530][gc,phases   ] GC(26)   Pre Evacuate Collection Set: 0.1ms
[2024-07-21T07:57:57.464+0530][gc,phases   ] GC(26)   Merge Heap Roots: 0.1ms
[2024-07-21T07:57:57.464+0530][gc,phases   ] GC(26)   Evacuate Collection Set: 0.3ms
[2024-07-21T07:57:57.464+0530][gc,phases   ] GC(26)   Post Evacuate Collection Set: 0.4ms
[2024-07-21T07:57:57.464+0530][gc,phases   ] GC(26)   Other: 0.1ms
[2024-07-21T07:57:57.464+0530][gc,heap     ] GC(26) Eden regions: 613->0(613)
[2024-07-21T07:57:57.464+0530][gc,heap     ] GC(26) Survivor regions: 1->1(77)
[2024-07-21T07:57:57.464+0530][gc,heap     ] GC(26) Old regions: 17->17
[2024-07-21T07:57:57.464+0530][gc,heap     ] GC(26) Archive regions: 2->2
[2024-07-21T07:57:57.464+0530][gc,heap     ] GC(26) Humongous regions: 129->129
[2024-07-21T07:57:57.464+0530][gc,metaspace] GC(26) Metaspace: 39531K(39936K)->39531K(39936K) NonClass: 35113K(35328K)->35113K(35328K) Class: 4417K(4608K)->4417K(4608K)
[2024-07-21T07:57:57.464+0530][gc          ] GC(26) Pause Young (Normal) (G1 Evacuation Pause) 759M->146M(1024M) 1.161ms
[2024-07-21T07:57:57.464+0530][gc,cpu      ] GC(26) User=0.01s Sys=0.00s Real=0.00s
[2024-07-21T07:58:42.388+0530][gc,start    ] GC(27) Pause Young (Normal) (G1 Evacuation Pause)
[2024-07-21T07:58:42.388+0530][gc,task     ] GC(27) Using 13 workers of 13 for evacuation
[2024-07-21T07:58:42.389+0530][gc,phases   ] GC(27)   Pre Evacuate Collection Set: 0.1ms
[2024-07-21T07:58:42.389+0530][gc,phases   ] GC(27)   Merge Heap Roots: 0.2ms
[2024-07-21T07:58:42.389+0530][gc,phases   ] GC(27)   Evacuate Collection Set: 0.3ms
[2024-07-21T07:58:42.389+0530][gc,phases   ] GC(27)   Post Evacuate Collection Set: 0.4ms
[2024-07-21T07:58:42.389+0530][gc,phases   ] GC(27)   Other: 0.1ms
[2024-07-21T07:58:42.389+0530][gc,heap     ] GC(27) Eden regions: 613->0(613)
[2024-07-21T07:58:42.389+0530][gc,heap     ] GC(27) Survivor regions: 1->1(77)
[2024-07-21T07:58:42.389+0530][gc,heap     ] GC(27) Old regions: 17->17
[2024-07-21T07:58:42.389+0530][gc,heap     ] GC(27) Archive regions: 2->2
[2024-07-21T07:58:42.389+0530][gc,heap     ] GC(27) Humongous regions: 129->129
[2024-07-21T07:58:42.389+0530][gc,metaspace] GC(27) Metaspace: 39561K(39936K)->39561K(39936K) NonClass: 35142K(35328K)->35142K(35328K) Class: 4418K(4608K)->4418K(4608K)
[2024-07-21T07:58:42.389+0530][gc          ] GC(27) Pause Young (Normal) (G1 Evacuation Pause) 759M->146M(1024M) 1.074ms
[2024-07-21T07:58:42.389+0530][gc,cpu      ] GC(27) User=0.01s Sys=0.00s Real=0.00s
[2024-07-21T07:59:12.566+0530][gc,start    ] GC(28) Pause Young (Normal) (G1 Evacuation Pause)
[2024-07-21T07:59:12.566+0530][gc,task     ] GC(28) Using 13 workers of 13 for evacuation
[2024-07-21T07:59:12.567+0530][gc,phases   ] GC(28)   Pre Evacuate Collection Set: 0.1ms
[2024-07-21T07:59:12.567+0530][gc,phases   ] GC(28)   Merge Heap Roots: 0.1ms
[2024-07-21T07:59:12.567+0530][gc,phases   ] GC(28)   Evacuate Collection Set: 0.3ms
[2024-07-21T07:59:12.567+0530][gc,phases   ] GC(28)   Post Evacuate Collection Set: 0.3ms
[2024-07-21T07:59:12.567+0530][gc,phases   ] GC(28)   Other: 0.1ms
[2024-07-21T07:59:12.567+0530][gc,heap     ] GC(28) Eden regions: 613->0(613)
[2024-07-21T07:59:12.567+0530][gc,heap     ] GC(28) Survivor regions: 1->1(77)
[2024-07-21T07:59:12.567+0530][gc,heap     ] GC(28) Old regions: 17->17
[2024-07-21T07:59:12.567+0530][gc,heap     ] GC(28) Archive regions: 2->2
[2024-07-21T07:59:12.567+0530][gc,heap     ] GC(28) Humongous regions: 129->129
[2024-07-21T07:59:12.567+0530][gc,metaspace] GC(28) Metaspace: 39614K(40000K)->39614K(40000K) NonClass: 35186K(35392K)->35186K(35392K) Class: 4428K(4608K)->4428K(4608K)
[2024-07-21T07:59:12.567+0530][gc          ] GC(28) Pause Young (Normal) (G1 Evacuation Pause) 759M->146M(1024M) 1.061ms
[2024-07-21T07:59:12.568+0530][gc,cpu      ] GC(28) User=0.00s Sys=0.00s Real=0.00s
[2024-07-21T07:59:57.490+0530][gc,start    ] GC(29) Pause Young (Normal) (G1 Evacuation Pause)
[2024-07-21T07:59:57.490+0530][gc,task     ] GC(29) Using 13 workers of 13 for evacuation
[2024-07-21T07:59:57.491+0530][gc,phases   ] GC(29)   Pre Evacuate Collection Set: 0.1ms
[2024-07-21T07:59:57.491+0530][gc,phases   ] GC(29)   Merge Heap Roots: 0.1ms
[2024-07-21T07:59:57.491+0530][gc,phases   ] GC(29)   Evacuate Collection Set: 0.3ms
[2024-07-21T07:59:57.491+0530][gc,phases   ] GC(29)   Post Evacuate Collection Set: 0.4ms
[2024-07-21T07:59:57.491+0530][gc,phases   ] GC(29)   Other: 0.1ms
[2024-07-21T07:59:57.491+0530][gc,heap     ] GC(29) Eden regions: 613->0(613)
[2024-07-21T07:59:57.491+0530][gc,heap     ] GC(29) Survivor regions: 1->1(77)
[2024-07-21T07:59:57.491+0530][gc,heap     ] GC(29) Old regions: 17->17
[2024-07-21T07:59:57.491+0530][gc,heap     ] GC(29) Archive regions: 2->2
[2024-07-21T07:59:57.491+0530][gc,heap     ] GC(29) Humongous regions: 129->129
[2024-07-21T07:59:57.491+0530][gc,metaspace] GC(29) Metaspace: 39632K(40000K)->39632K(40000K) NonClass: 35204K(35392K)->35204K(35392K) Class: 4428K(4608K)->4428K(4608K)
[2024-07-21T07:59:57.491+0530][gc          ] GC(29) Pause Young (Normal) (G1 Evacuation Pause) 759M->146M(1024M) 1.011ms
[2024-07-21T07:59:57.491+0530][gc,cpu      ] GC(29) User=0.00s Sys=0.01s Real=0.00s
[2024-07-21T08:00:42.415+0530][gc,start    ] GC(30) Pause Young (Normal) (G1 Evacuation Pause)
[2024-07-21T08:00:42.415+0530][gc,task     ] GC(30) Using 13 workers of 13 for evacuation
[2024-07-21T08:00:42.416+0530][gc,phases   ] GC(30)   Pre Evacuate Collection Set: 0.1ms
[2024-07-21T08:00:42.416+0530][gc,phases   ] GC(30)   Merge Heap Roots: 0.2ms
[2024-07-21T08:00:42.416+0530][gc,phases   ] GC(30)   Evacuate Collection Set: 0.3ms
[2024-07-21T08:00:42.416+0530][gc,phases   ] GC(30)   Post Evacuate Collection Set: 0.4ms
[2024-07-21T08:00:42.416+0530][gc,phases   ] GC(30)   Other: 0.1ms
[2024-07-21T08:00:42.416+0530][gc,heap     ] GC(30) Eden regions: 613->0(613)
[2024-07-21T08:00:42.416+0530][gc,heap     ] GC(30) Survivor regions: 1->1(77)
[2024-07-21T08:00:42.416+0530][gc,heap     ] GC(30) Old regions: 17->17
[2024-07-21T08:00:42.416+0530][gc,heap     ] GC(30) Archive regions: 2->2
[2024-07-21T08:00:42.416+0530][gc,heap     ] GC(30) Humongous regions: 129->129
[2024-07-21T08:00:42.416+0530][gc,metaspace] GC(30) Metaspace: 39637K(40000K)->39637K(40000K) NonClass: 35208K(35392K)->35208K(35392K) Class: 4428K(4608K)->4428K(4608K)
[2024-07-21T08:00:42.416+0530][gc          ] GC(30) Pause Young (Normal) (G1 Evacuation Pause) 759M->146M(1024M) 1.073ms
[2024-07-21T08:00:42.416+0530][gc,cpu      ] GC(30) User=0.00s Sys=0.00s Real=0.00s
[2024-07-21T08:01:27.345+0530][gc,start    ] GC(31) Pause Young (Normal) (G1 Evacuation Pause)
[2024-07-21T08:01:27.345+0530][gc,task     ] GC(31) Using 13 workers of 13 for evacuation
[2024-07-21T08:01:27.346+0530][gc,phases   ] GC(31)   Pre Evacuate Collection Set: 0.1ms
[2024-07-21T08:01:27.346+0530][gc,phases   ] GC(31)   Merge Heap Roots: 0.2ms
[2024-07-21T08:01:27.346+0530][gc,phases   ] GC(31)   Evacuate Collection Set: 0.3ms
[2024-07-21T08:01:27.346+0530][gc,phases   ] GC(31)   Post Evacuate Collection Set: 0.3ms
[2024-07-21T08:01:27.346+0530][gc,phases   ] GC(31)   Other: 0.1ms
[2024-07-21T08:01:27.346+0530][gc,heap     ] GC(31) Eden regions: 613->0(613)
[2024-07-21T08:01:27.346+0530][gc,heap     ] GC(31) Survivor regions: 1->1(77)
[2024-07-21T08:01:27.346+0530][gc,heap     ] GC(31) Old regions: 17->17
[2024-07-21T08:01:27.346+0530][gc,heap     ] GC(31) Archive regions: 2->2
[2024-07-21T08:01:27.346+0530][gc,heap     ] GC(31) Humongous regions: 129->129
[2024-07-21T08:01:27.346+0530][gc,metaspace] GC(31) Metaspace: 39638K(40000K)->39638K(40000K) NonClass: 35210K(35392K)->35210K(35392K) Class: 4428K(4608K)->4428K(4608K)
[2024-07-21T08:01:27.346+0530][gc          ] GC(31) Pause Young (Normal) (G1 Evacuation Pause) 759M->146M(1024M) 1.021ms
[2024-07-21T08:01:27.346+0530][gc,cpu      ] GC(31) User=0.01s Sys=0.00s Real=0.00s
[2024-07-21T08:01:57.523+0530][gc,start    ] GC(32) Pause Young (Normal) (G1 Evacuation Pause)
[2024-07-21T08:01:57.524+0530][gc,task     ] GC(32) Using 13 workers of 13 for evacuation
[2024-07-21T08:01:57.525+0530][gc,phases   ] GC(32)   Pre Evacuate Collection Set: 0.1ms
[2024-07-21T08:01:57.525+0530][gc,phases   ] GC(32)   Merge Heap Roots: 0.2ms
[2024-07-21T08:01:57.525+0530][gc,phases   ] GC(32)   Evacuate Collection Set: 0.4ms
[2024-07-21T08:01:57.525+0530][gc,phases   ] GC(32)   Post Evacuate Collection Set: 0.4ms
[2024-07-21T08:01:57.525+0530][gc,phases   ] GC(32)   Other: 0.1ms
[2024-07-21T08:01:57.525+0530][gc,heap     ] GC(32) Eden regions: 613->0(613)
[2024-07-21T08:01:57.525+0530][gc,heap     ] GC(32) Survivor regions: 1->1(77)
[2024-07-21T08:01:57.525+0530][gc,heap     ] GC(32) Old regions: 17->17
[2024-07-21T08:01:57.525+0530][gc,heap     ] GC(32) Archive regions: 2->2
[2024-07-21T08:01:57.525+0530][gc,heap     ] GC(32) Humongous regions: 129->129
[2024-07-21T08:01:57.525+0530][gc,metaspace] GC(32) Metaspace: 39642K(40000K)->39642K(40000K) NonClass: 35213K(35392K)->35213K(35392K) Class: 4428K(4608K)->4428K(4608K)
[2024-07-21T08:01:57.525+0530][gc          ] GC(32) Pause Young (Normal) (G1 Evacuation Pause) 759M->146M(1024M) 1.279ms
[2024-07-21T08:01:57.525+0530][gc,cpu      ] GC(32) User=0.01s Sys=0.00s Real=0.00s
[2024-07-21T08:02:42.448+0530][gc,start    ] GC(33) Pause Young (Normal) (G1 Evacuation Pause)
[2024-07-21T08:02:42.448+0530][gc,task     ] GC(33) Using 13 workers of 13 for evacuation
[2024-07-21T08:02:42.449+0530][gc,phases   ] GC(33)   Pre Evacuate Collection Set: 0.1ms
[2024-07-21T08:02:42.449+0530][gc,phases   ] GC(33)   Merge Heap Roots: 0.1ms
[2024-07-21T08:02:42.449+0530][gc,phases   ] GC(33)   Evacuate Collection Set: 0.3ms
[2024-07-21T08:02:42.449+0530][gc,phases   ] GC(33)   Post Evacuate Collection Set: 0.4ms
[2024-07-21T08:02:42.449+0530][gc,phases   ] GC(33)   Other: 0.1ms
[2024-07-21T08:02:42.449+0530][gc,heap     ] GC(33) Eden regions: 613->0(613)
[2024-07-21T08:02:42.449+0530][gc,heap     ] GC(33) Survivor regions: 1->1(77)
[2024-07-21T08:02:42.449+0530][gc,heap     ] GC(33) Old regions: 17->17
[2024-07-21T08:02:42.449+0530][gc,heap     ] GC(33) Archive regions: 2->2
[2024-07-21T08:02:42.449+0530][gc,heap     ] GC(33) Humongous regions: 129->129
[2024-07-21T08:02:42.449+0530][gc,metaspace] GC(33) Metaspace: 39674K(40064K)->39674K(40064K) NonClass: 35246K(35456K)->35246K(35456K) Class: 4428K(4608K)->4428K(4608K)
[2024-07-21T08:02:42.449+0530][gc          ] GC(33) Pause Young (Normal) (G1 Evacuation Pause) 759M->146M(1024M) 1.064ms
[2024-07-21T08:02:42.449+0530][gc,cpu      ] GC(33) User=0.00s Sys=0.00s Real=0.00s
[2024-07-21T08:03:27.371+0530][gc,start    ] GC(34) Pause Young (Normal) (G1 Evacuation Pause)
[2024-07-21T08:03:27.371+0530][gc,task     ] GC(34) Using 13 workers of 13 for evacuation
[2024-07-21T08:03:27.372+0530][gc,phases   ] GC(34)   Pre Evacuate Collection Set: 0.1ms
[2024-07-21T08:03:27.372+0530][gc,phases   ] GC(34)   Merge Heap Roots: 0.2ms
[2024-07-21T08:03:27.372+0530][gc,phases   ] GC(34)   Evacuate Collection Set: 0.3ms
[2024-07-21T08:03:27.372+0530][gc,phases   ] GC(34)   Post Evacuate Collection Set: 0.3ms
[2024-07-21T08:03:27.372+0530][gc,phases   ] GC(34)   Other: 0.1ms
[2024-07-21T08:03:27.372+0530][gc,heap     ] GC(34) Eden regions: 613->0(613)
[2024-07-21T08:03:27.372+0530][gc,heap     ] GC(34) Survivor regions: 1->1(77)
[2024-07-21T08:03:27.372+0530][gc,heap     ] GC(34) Old regions: 17->17
[2024-07-21T08:03:27.372+0530][gc,heap     ] GC(34) Archive regions: 2->2
[2024-07-21T08:03:27.372+0530][gc,heap     ] GC(34) Humongous regions: 129->129
[2024-07-21T08:03:27.372+0530][gc,metaspace] GC(34) Metaspace: 39680K(40064K)->39680K(40064K) NonClass: 35252K(35456K)->35252K(35456K) Class: 4428K(4608K)->4428K(4608K)
[2024-07-21T08:03:27.372+0530][gc          ] GC(34) Pause Young (Normal) (G1 Evacuation Pause) 759M->146M(1024M) 1.006ms
[2024-07-21T08:03:27.372+0530][gc,cpu      ] GC(34) User=0.00s Sys=0.00s Real=0.00s
[2024-07-21T08:03:57.556+0530][gc,start    ] GC(35) Pause Young (Normal) (G1 Evacuation Pause)
[2024-07-21T08:03:57.556+0530][gc,task     ] GC(35) Using 13 workers of 13 for evacuation
[2024-07-21T08:03:57.557+0530][gc,phases   ] GC(35)   Pre Evacuate Collection Set: 0.1ms
[2024-07-21T08:03:57.557+0530][gc,phases   ] GC(35)   Merge Heap Roots: 0.2ms
[2024-07-21T08:03:57.557+0530][gc,phases   ] GC(35)   Evacuate Collection Set: 0.3ms
[2024-07-21T08:03:57.557+0530][gc,phases   ] GC(35)   Post Evacuate Collection Set: 0.3ms
[2024-07-21T08:03:57.557+0530][gc,phases   ] GC(35)   Other: 0.1ms
[2024-07-21T08:03:57.557+0530][gc,heap     ] GC(35) Eden regions: 613->0(613)
[2024-07-21T08:03:57.557+0530][gc,heap     ] GC(35) Survivor regions: 1->1(77)
[2024-07-21T08:03:57.557+0530][gc,heap     ] GC(35) Old regions: 17->17
[2024-07-21T08:03:57.557+0530][gc,heap     ] GC(35) Archive regions: 2->2
[2024-07-21T08:03:57.557+0530][gc,heap     ] GC(35) Humongous regions: 129->129
[2024-07-21T08:03:57.557+0530][gc,metaspace] GC(35) Metaspace: 39682K(40064K)->39682K(40064K) NonClass: 35254K(35456K)->35254K(35456K) Class: 4428K(4608K)->4428K(4608K)
[2024-07-21T08:03:57.557+0530][gc          ] GC(35) Pause Young (Normal) (G1 Evacuation Pause) 759M->146M(1024M) 1.057ms
[2024-07-21T08:03:57.557+0530][gc,cpu      ] GC(35) User=0.00s Sys=0.00s Real=0.00s
[2024-07-21T08:04:42.454+0530][gc,start    ] GC(36) Pause Young (Normal) (G1 Evacuation Pause)
[2024-07-21T08:04:42.454+0530][gc,task     ] GC(36) Using 13 workers of 13 for evacuation
[2024-07-21T08:04:42.455+0530][gc,phases   ] GC(36)   Pre Evacuate Collection Set: 0.1ms
[2024-07-21T08:04:42.455+0530][gc,phases   ] GC(36)   Merge Heap Roots: 0.1ms
[2024-07-21T08:04:42.455+0530][gc,phases   ] GC(36)   Evacuate Collection Set: 0.2ms
[2024-07-21T08:04:42.455+0530][gc,phases   ] GC(36)   Post Evacuate Collection Set: 0.5ms
[2024-07-21T08:04:42.455+0530][gc,phases   ] GC(36)   Other: 0.1ms
[2024-07-21T08:04:42.455+0530][gc,heap     ] GC(36) Eden regions: 613->0(613)
[2024-07-21T08:04:42.455+0530][gc,heap     ] GC(36) Survivor regions: 1->1(77)
[2024-07-21T08:04:42.455+0530][gc,heap     ] GC(36) Old regions: 17->17
[2024-07-21T08:04:42.455+0530][gc,heap     ] GC(36) Archive regions: 2->2
[2024-07-21T08:04:42.455+0530][gc,heap     ] GC(36) Humongous regions: 129->129
[2024-07-21T08:04:42.455+0530][gc,metaspace] GC(36) Metaspace: 39690K(40064K)->39690K(40064K) NonClass: 35262K(35456K)->35262K(35456K) Class: 4428K(4608K)->4428K(4608K)
[2024-07-21T08:04:42.455+0530][gc          ] GC(36) Pause Young (Normal) (G1 Evacuation Pause) 759M->146M(1024M) 1.032ms
[2024-07-21T08:04:42.455+0530][gc,cpu      ] GC(36) User=0.00s Sys=0.00s Real=0.00s
[2024-07-21T08:05:27.378+0530][gc,start    ] GC(37) Pause Young (Normal) (G1 Evacuation Pause)
[2024-07-21T08:05:27.378+0530][gc,task     ] GC(37) Using 13 workers of 13 for evacuation
[2024-07-21T08:05:27.379+0530][gc,phases   ] GC(37)   Pre Evacuate Collection Set: 0.1ms
[2024-07-21T08:05:27.379+0530][gc,phases   ] GC(37)   Merge Heap Roots: 0.1ms
[2024-07-21T08:05:27.379+0530][gc,phases   ] GC(37)   Evacuate Collection Set: 0.3ms
[2024-07-21T08:05:27.379+0530][gc,phases   ] GC(37)   Post Evacuate Collection Set: 0.3ms
[2024-07-21T08:05:27.379+0530][gc,phases   ] GC(37)   Other: 0.1ms
[2024-07-21T08:05:27.379+0530][gc,heap     ] GC(37) Eden regions: 613->0(613)
[2024-07-21T08:05:27.379+0530][gc,heap     ] GC(37) Survivor regions: 1->1(77)
[2024-07-21T08:05:27.379+0530][gc,heap     ] GC(37) Old regions: 17->17
[2024-07-21T08:05:27.379+0530][gc,heap     ] GC(37) Archive regions: 2->2
[2024-07-21T08:05:27.379+0530][gc,heap     ] GC(37) Humongous regions: 129->129
[2024-07-21T08:05:27.379+0530][gc,metaspace] GC(37) Metaspace: 39693K(40064K)->39693K(40064K) NonClass: 35264K(35456K)->35264K(35456K) Class: 4428K(4608K)->4428K(4608K)
[2024-07-21T08:05:27.379+0530][gc          ] GC(37) Pause Young (Normal) (G1 Evacuation Pause) 759M->146M(1024M) 0.964ms
[2024-07-21T08:05:27.379+0530][gc,cpu      ] GC(37) User=0.00s Sys=0.00s Real=0.01s
[2024-07-21T08:05:57.557+0530][gc,start    ] GC(38) Pause Young (Normal) (G1 Evacuation Pause)
[2024-07-21T08:05:57.557+0530][gc,task     ] GC(38) Using 13 workers of 13 for evacuation
[2024-07-21T08:05:57.558+0530][gc,phases   ] GC(38)   Pre Evacuate Collection Set: 0.1ms
[2024-07-21T08:05:57.558+0530][gc,phases   ] GC(38)   Merge Heap Roots: 0.1ms
[2024-07-21T08:05:57.558+0530][gc,phases   ] GC(38)   Evacuate Collection Set: 0.2ms
[2024-07-21T08:05:57.558+0530][gc,phases   ] GC(38)   Post Evacuate Collection Set: 0.2ms
[2024-07-21T08:05:57.558+0530][gc,phases   ] GC(38)   Other: 0.1ms
[2024-07-21T08:05:57.558+0530][gc,heap     ] GC(38) Eden regions: 613->0(613)
[2024-07-21T08:05:57.558+0530][gc,heap     ] GC(38) Survivor regions: 1->1(77)
[2024-07-21T08:05:57.558+0530][gc,heap     ] GC(38) Old regions: 17->17
[2024-07-21T08:05:57.558+0530][gc,heap     ] GC(38) Archive regions: 2->2
[2024-07-21T08:05:57.558+0530][gc,heap     ] GC(38) Humongous regions: 129->129
[2024-07-21T08:05:57.558+0530][gc,metaspace] GC(38) Metaspace: 39696K(40128K)->39696K(40128K) NonClass: 35268K(35520K)->35268K(35520K) Class: 4428K(4608K)->4428K(4608K)
[2024-07-21T08:05:57.558+0530][gc          ] GC(38) Pause Young (Normal) (G1 Evacuation Pause) 759M->146M(1024M) 0.739ms
[2024-07-21T08:05:57.558+0530][gc,cpu      ] GC(38) User=0.00s Sys=0.00s Real=0.00s
[2024-07-21T08:06:42.494+0530][gc,start    ] GC(39) Pause Young (Normal) (G1 Evacuation Pause)
[2024-07-21T08:06:42.494+0530][gc,task     ] GC(39) Using 13 workers of 13 for evacuation
[2024-07-21T08:06:42.495+0530][gc,phases   ] GC(39)   Pre Evacuate Collection Set: 0.1ms
[2024-07-21T08:06:42.495+0530][gc,phases   ] GC(39)   Merge Heap Roots: 0.2ms
[2024-07-21T08:06:42.495+0530][gc,phases   ] GC(39)   Evacuate Collection Set: 0.2ms
[2024-07-21T08:06:42.495+0530][gc,phases   ] GC(39)   Post Evacuate Collection Set: 0.3ms
[2024-07-21T08:06:42.495+0530][gc,phases   ] GC(39)   Other: 0.1ms
[2024-07-21T08:06:42.495+0530][gc,heap     ] GC(39) Eden regions: 613->0(613)
[2024-07-21T08:06:42.495+0530][gc,heap     ] GC(39) Survivor regions: 1->1(77)
[2024-07-21T08:06:42.495+0530][gc,heap     ] GC(39) Old regions: 17->17
[2024-07-21T08:06:42.495+0530][gc,heap     ] GC(39) Archive regions: 2->2
[2024-07-21T08:06:42.495+0530][gc,heap     ] GC(39) Humongous regions: 129->129
[2024-07-21T08:06:42.495+0530][gc,metaspace] GC(39) Metaspace: 39715K(40128K)->39715K(40128K) NonClass: 35287K(35520K)->35287K(35520K) Class: 4428K(4608K)->4428K(4608K)
[2024-07-21T08:06:42.495+0530][gc          ] GC(39) Pause Young (Normal) (G1 Evacuation Pause) 759M->146M(1024M) 1.024ms
[2024-07-21T08:06:42.495+0530][gc,cpu      ] GC(39) User=0.01s Sys=0.00s Real=0.00s
[2024-07-21T08:07:27.411+0530][gc,start    ] GC(40) Pause Young (Normal) (G1 Evacuation Pause)
[2024-07-21T08:07:27.411+0530][gc,task     ] GC(40) Using 13 workers of 13 for evacuation
[2024-07-21T08:07:27.412+0530][gc,phases   ] GC(40)   Pre Evacuate Collection Set: 0.2ms
[2024-07-21T08:07:27.412+0530][gc,phases   ] GC(40)   Merge Heap Roots: 0.1ms
[2024-07-21T08:07:27.412+0530][gc,phases   ] GC(40)   Evacuate Collection Set: 0.3ms
[2024-07-21T08:07:27.412+0530][gc,phases   ] GC(40)   Post Evacuate Collection Set: 0.5ms
[2024-07-21T08:07:27.412+0530][gc,phases   ] GC(40)   Other: 0.1ms
[2024-07-21T08:07:27.412+0530][gc,heap     ] GC(40) Eden regions: 613->0(613)
[2024-07-21T08:07:27.412+0530][gc,heap     ] GC(40) Survivor regions: 1->1(77)
[2024-07-21T08:07:27.412+0530][gc,heap     ] GC(40) Old regions: 17->17
[2024-07-21T08:07:27.412+0530][gc,heap     ] GC(40) Archive regions: 2->2
[2024-07-21T08:07:27.412+0530][gc,heap     ] GC(40) Humongous regions: 129->129
[2024-07-21T08:07:27.412+0530][gc,metaspace] GC(40) Metaspace: 39719K(40128K)->39719K(40128K) NonClass: 35291K(35520K)->35291K(35520K) Class: 4428K(4608K)->4428K(4608K)
[2024-07-21T08:07:27.412+0530][gc          ] GC(40) Pause Young (Normal) (G1 Evacuation Pause) 759M->146M(1024M) 1.270ms
[2024-07-21T08:07:27.412+0530][gc,cpu      ] GC(40) User=0.01s Sys=0.00s Real=0.00s
[2024-07-21T08:08:12.326+0530][gc,start    ] GC(41) Pause Young (Normal) (G1 Evacuation Pause)
[2024-07-21T08:08:12.326+0530][gc,task     ] GC(41) Using 13 workers of 13 for evacuation
[2024-07-21T08:08:12.328+0530][gc,phases   ] GC(41)   Pre Evacuate Collection Set: 0.2ms
[2024-07-21T08:08:12.328+0530][gc,phases   ] GC(41)   Merge Heap Roots: 0.4ms
[2024-07-21T08:08:12.328+0530][gc,phases   ] GC(41)   Evacuate Collection Set: 0.8ms
[2024-07-21T08:08:12.328+0530][gc,phases   ] GC(41)   Post Evacuate Collection Set: 1.0ms
[2024-07-21T08:08:12.328+0530][gc,phases   ] GC(41)   Other: 0.3ms
[2024-07-21T08:08:12.328+0530][gc,heap     ] GC(41) Eden regions: 613->0(613)
[2024-07-21T08:08:12.328+0530][gc,heap     ] GC(41) Survivor regions: 1->1(77)
[2024-07-21T08:08:12.328+0530][gc,heap     ] GC(41) Old regions: 17->17
[2024-07-21T08:08:12.328+0530][gc,heap     ] GC(41) Archive regions: 2->2
[2024-07-21T08:08:12.328+0530][gc,heap     ] GC(41) Humongous regions: 129->129
[2024-07-21T08:08:12.328+0530][gc,metaspace] GC(41) Metaspace: 39773K(40128K)->39773K(40128K) NonClass: 35345K(35520K)->35345K(35520K) Class: 4428K(4608K)->4428K(4608K)
[2024-07-21T08:08:12.329+0530][gc          ] GC(41) Pause Young (Normal) (G1 Evacuation Pause) 759M->146M(1024M) 2.843ms
[2024-07-21T08:08:12.329+0530][gc,cpu      ] GC(41) User=0.02s Sys=0.00s Real=0.01s
[2024-07-21T08:08:42.520+0530][gc,start    ] GC(42) Pause Young (Normal) (G1 Evacuation Pause)
[2024-07-21T08:08:42.520+0530][gc,task     ] GC(42) Using 13 workers of 13 for evacuation
[2024-07-21T08:08:42.521+0530][gc,phases   ] GC(42)   Pre Evacuate Collection Set: 0.1ms
[2024-07-21T08:08:42.521+0530][gc,phases   ] GC(42)   Merge Heap Roots: 0.1ms
[2024-07-21T08:08:42.521+0530][gc,phases   ] GC(42)   Evacuate Collection Set: 0.2ms
[2024-07-21T08:08:42.521+0530][gc,phases   ] GC(42)   Post Evacuate Collection Set: 0.2ms
[2024-07-21T08:08:42.521+0530][gc,phases   ] GC(42)   Other: 0.1ms
[2024-07-21T08:08:42.521+0530][gc,heap     ] GC(42) Eden regions: 613->0(613)
[2024-07-21T08:08:42.521+0530][gc,heap     ] GC(42) Survivor regions: 1->1(77)
[2024-07-21T08:08:42.521+0530][gc,heap     ] GC(42) Old regions: 17->17
[2024-07-21T08:08:42.521+0530][gc,heap     ] GC(42) Archive regions: 2->2
[2024-07-21T08:08:42.521+0530][gc,heap     ] GC(42) Humongous regions: 129->129
[2024-07-21T08:08:42.521+0530][gc,metaspace] GC(42) Metaspace: 39779K(40128K)->39779K(40128K) NonClass: 35351K(35520K)->35351K(35520K) Class: 4428K(4608K)->4428K(4608K)
[2024-07-21T08:08:42.521+0530][gc          ] GC(42) Pause Young (Normal) (G1 Evacuation Pause) 759M->146M(1024M) 0.725ms
[2024-07-21T08:08:42.521+0530][gc,cpu      ] GC(42) User=0.01s Sys=0.00s Real=0.00s
[2024-07-21T08:09:27.420+0530][gc,start    ] GC(43) Pause Young (Normal) (G1 Evacuation Pause)
[2024-07-21T08:09:27.420+0530][gc,task     ] GC(43) Using 13 workers of 13 for evacuation
[2024-07-21T08:09:27.421+0530][gc,phases   ] GC(43)   Pre Evacuate Collection Set: 0.1ms
[2024-07-21T08:09:27.421+0530][gc,phases   ] GC(43)   Merge Heap Roots: 0.2ms
[2024-07-21T08:09:27.421+0530][gc,phases   ] GC(43)   Evacuate Collection Set: 0.3ms
[2024-07-21T08:09:27.421+0530][gc,phases   ] GC(43)   Post Evacuate Collection Set: 0.3ms
[2024-07-21T08:09:27.421+0530][gc,phases   ] GC(43)   Other: 0.1ms
[2024-07-21T08:09:27.421+0530][gc,heap     ] GC(43) Eden regions: 613->0(613)
[2024-07-21T08:09:27.421+0530][gc,heap     ] GC(43) Survivor regions: 1->1(77)
[2024-07-21T08:09:27.421+0530][gc,heap     ] GC(43) Old regions: 17->17
[2024-07-21T08:09:27.421+0530][gc,heap     ] GC(43) Archive regions: 2->2
[2024-07-21T08:09:27.421+0530][gc,heap     ] GC(43) Humongous regions: 129->129
[2024-07-21T08:09:27.421+0530][gc,metaspace] GC(43) Metaspace: 39790K(40128K)->39790K(40128K) NonClass: 35362K(35520K)->35362K(35520K) Class: 4428K(4608K)->4428K(4608K)
[2024-07-21T08:09:27.421+0530][gc          ] GC(43) Pause Young (Normal) (G1 Evacuation Pause) 759M->146M(1024M) 1.052ms
[2024-07-21T08:09:27.421+0530][gc,cpu      ] GC(43) User=0.00s Sys=0.00s Real=0.00s
[2024-07-21T08:10:12.364+0530][gc,start    ] GC(44) Pause Young (Normal) (G1 Evacuation Pause)
[2024-07-21T08:10:12.364+0530][gc,task     ] GC(44) Using 13 workers of 13 for evacuation
[2024-07-21T08:10:12.365+0530][gc,phases   ] GC(44)   Pre Evacuate Collection Set: 0.1ms
[2024-07-21T08:10:12.365+0530][gc,phases   ] GC(44)   Merge Heap Roots: 0.1ms
[2024-07-21T08:10:12.365+0530][gc,phases   ] GC(44)   Evacuate Collection Set: 0.2ms
[2024-07-21T08:10:12.365+0530][gc,phases   ] GC(44)   Post Evacuate Collection Set: 0.2ms
[2024-07-21T08:10:12.365+0530][gc,phases   ] GC(44)   Other: 0.1ms
[2024-07-21T08:10:12.365+0530][gc,heap     ] GC(44) Eden regions: 613->0(613)
[2024-07-21T08:10:12.365+0530][gc,heap     ] GC(44) Survivor regions: 1->1(77)
[2024-07-21T08:10:12.365+0530][gc,heap     ] GC(44) Old regions: 17->17
[2024-07-21T08:10:12.365+0530][gc,heap     ] GC(44) Archive regions: 2->2
[2024-07-21T08:10:12.365+0530][gc,heap     ] GC(44) Humongous regions: 129->129
[2024-07-21T08:10:12.365+0530][gc,metaspace] GC(44) Metaspace: 39792K(40128K)->39792K(40128K) NonClass: 35364K(35520K)->35364K(35520K) Class: 4428K(4608K)->4428K(4608K)
[2024-07-21T08:10:12.365+0530][gc          ] GC(44) Pause Young (Normal) (G1 Evacuation Pause) 759M->146M(1024M) 0.781ms
[2024-07-21T08:10:12.365+0530][gc,cpu      ] GC(44) User=0.01s Sys=0.00s Real=0.00s
[2024-07-21T08:10:42.525+0530][gc,start    ] GC(45) Pause Young (Normal) (G1 Evacuation Pause)
[2024-07-21T08:10:42.525+0530][gc,task     ] GC(45) Using 13 workers of 13 for evacuation
[2024-07-21T08:10:42.525+0530][gc,phases   ] GC(45)   Pre Evacuate Collection Set: 0.1ms
[2024-07-21T08:10:42.525+0530][gc,phases   ] GC(45)   Merge Heap Roots: 0.1ms
[2024-07-21T08:10:42.525+0530][gc,phases   ] GC(45)   Evacuate Collection Set: 0.2ms
[2024-07-21T08:10:42.525+0530][gc,phases   ] GC(45)   Post Evacuate Collection Set: 0.3ms
[2024-07-21T08:10:42.525+0530][gc,phases   ] GC(45)   Other: 0.1ms
[2024-07-21T08:10:42.525+0530][gc,heap     ] GC(45) Eden regions: 613->0(613)
[2024-07-21T08:10:42.525+0530][gc,heap     ] GC(45) Survivor regions: 1->1(77)
[2024-07-21T08:10:42.525+0530][gc,heap     ] GC(45) Old regions: 17->17
[2024-07-21T08:10:42.525+0530][gc,heap     ] GC(45) Archive regions: 2->2
[2024-07-21T08:10:42.525+0530][gc,heap     ] GC(45) Humongous regions: 129->129
[2024-07-21T08:10:42.525+0530][gc,metaspace] GC(45) Metaspace: 39798K(40128K)->39798K(40128K) NonClass: 35370K(35520K)->35370K(35520K) Class: 4428K(4608K)->4428K(4608K)
[2024-07-21T08:10:42.525+0530][gc          ] GC(45) Pause Young (Normal) (G1 Evacuation Pause) 759M->146M(1024M) 0.830ms
[2024-07-21T08:10:42.525+0530][gc,cpu      ] GC(45) User=0.01s Sys=0.00s Real=0.00s
[2024-07-21T08:11:27.436+0530][gc,start    ] GC(46) Pause Young (Normal) (G1 Evacuation Pause)
[2024-07-21T08:11:27.436+0530][gc,task     ] GC(46) Using 13 workers of 13 for evacuation
[2024-07-21T08:11:27.438+0530][gc,phases   ] GC(46)   Pre Evacuate Collection Set: 0.1ms
[2024-07-21T08:11:27.438+0530][gc,phases   ] GC(46)   Merge Heap Roots: 0.2ms
[2024-07-21T08:11:27.438+0530][gc,phases   ] GC(46)   Evacuate Collection Set: 0.3ms
[2024-07-21T08:11:27.438+0530][gc,phases   ] GC(46)   Post Evacuate Collection Set: 0.5ms
[2024-07-21T08:11:27.438+0530][gc,phases   ] GC(46)   Other: 0.1ms
[2024-07-21T08:11:27.438+0530][gc,heap     ] GC(46) Eden regions: 613->0(613)
[2024-07-21T08:11:27.438+0530][gc,heap     ] GC(46) Survivor regions: 1->1(77)
[2024-07-21T08:11:27.438+0530][gc,heap     ] GC(46) Old regions: 17->17
[2024-07-21T08:11:27.438+0530][gc,heap     ] GC(46) Archive regions: 2->2
[2024-07-21T08:11:27.438+0530][gc,heap     ] GC(46) Humongous regions: 129->129
[2024-07-21T08:11:27.438+0530][gc,metaspace] GC(46) Metaspace: 39808K(40192K)->39808K(40192K) NonClass: 35380K(35584K)->35380K(35584K) Class: 4428K(4608K)->4428K(4608K)
[2024-07-21T08:11:27.438+0530][gc          ] GC(46) Pause Young (Normal) (G1 Evacuation Pause) 759M->146M(1024M) 1.152ms
[2024-07-21T08:11:27.438+0530][gc,cpu      ] GC(46) User=0.00s Sys=0.00s Real=0.00s
[2024-07-21T08:12:12.372+0530][gc,start    ] GC(47) Pause Young (Normal) (G1 Evacuation Pause)
[2024-07-21T08:12:12.372+0530][gc,task     ] GC(47) Using 13 workers of 13 for evacuation
[2024-07-21T08:12:12.372+0530][gc,phases   ] GC(47)   Pre Evacuate Collection Set: 0.1ms
[2024-07-21T08:12:12.373+0530][gc,phases   ] GC(47)   Merge Heap Roots: 0.1ms
[2024-07-21T08:12:12.373+0530][gc,phases   ] GC(47)   Evacuate Collection Set: 0.2ms
[2024-07-21T08:12:12.373+0530][gc,phases   ] GC(47)   Post Evacuate Collection Set: 0.3ms
[2024-07-21T08:12:12.373+0530][gc,phases   ] GC(47)   Other: 0.1ms
[2024-07-21T08:12:12.373+0530][gc,heap     ] GC(47) Eden regions: 613->0(613)
[2024-07-21T08:12:12.373+0530][gc,heap     ] GC(47) Survivor regions: 1->1(77)
[2024-07-21T08:12:12.373+0530][gc,heap     ] GC(47) Old regions: 17->17
[2024-07-21T08:12:12.373+0530][gc,heap     ] GC(47) Archive regions: 2->2
[2024-07-21T08:12:12.373+0530][gc,heap     ] GC(47) Humongous regions: 129->129
[2024-07-21T08:12:12.373+0530][gc,metaspace] GC(47) Metaspace: 39816K(40256K)->39816K(40256K) NonClass: 35388K(35648K)->35388K(35648K) Class: 4428K(4608K)->4428K(4608K)
[2024-07-21T08:12:12.373+0530][gc          ] GC(47) Pause Young (Normal) (G1 Evacuation Pause) 759M->146M(1024M) 0.840ms
[2024-07-21T08:12:12.373+0530][gc,cpu      ] GC(47) User=0.01s Sys=0.00s Real=0.00s
[2024-07-21T08:12:42.533+0530][gc,start    ] GC(48) Pause Young (Normal) (G1 Evacuation Pause)
[2024-07-21T08:12:42.533+0530][gc,task     ] GC(48) Using 13 workers of 13 for evacuation
[2024-07-21T08:12:42.534+0530][gc,phases   ] GC(48)   Pre Evacuate Collection Set: 0.1ms
[2024-07-21T08:12:42.534+0530][gc,phases   ] GC(48)   Merge Heap Roots: 0.2ms
[2024-07-21T08:12:42.534+0530][gc,phases   ] GC(48)   Evacuate Collection Set: 0.2ms
[2024-07-21T08:12:42.534+0530][gc,phases   ] GC(48)   Post Evacuate Collection Set: 0.2ms
[2024-07-21T08:12:42.534+0530][gc,phases   ] GC(48)   Other: 0.1ms
[2024-07-21T08:12:42.534+0530][gc,heap     ] GC(48) Eden regions: 613->0(613)
[2024-07-21T08:12:42.534+0530][gc,heap     ] GC(48) Survivor regions: 1->1(77)
[2024-07-21T08:12:42.534+0530][gc,heap     ] GC(48) Old regions: 17->17
[2024-07-21T08:12:42.534+0530][gc,heap     ] GC(48) Archive regions: 2->2
[2024-07-21T08:12:42.534+0530][gc,heap     ] GC(48) Humongous regions: 129->129
[2024-07-21T08:12:42.534+0530][gc,metaspace] GC(48) Metaspace: 39837K(40256K)->39837K(40256K) NonClass: 35409K(35648K)->35409K(35648K) Class: 4428K(4608K)->4428K(4608K)
[2024-07-21T08:12:42.534+0530][gc          ] GC(48) Pause Young (Normal) (G1 Evacuation Pause) 759M->146M(1024M) 0.847ms
[2024-07-21T08:12:42.534+0530][gc,cpu      ] GC(48) User=0.00s Sys=0.00s Real=0.00s
[2024-07-21T08:13:27.464+0530][gc,start    ] GC(49) Pause Young (Normal) (G1 Evacuation Pause)
[2024-07-21T08:13:27.464+0530][gc,task     ] GC(49) Using 13 workers of 13 for evacuation
[2024-07-21T08:13:27.465+0530][gc,phases   ] GC(49)   Pre Evacuate Collection Set: 0.1ms
[2024-07-21T08:13:27.465+0530][gc,phases   ] GC(49)   Merge Heap Roots: 0.1ms
[2024-07-21T08:13:27.465+0530][gc,phases   ] GC(49)   Evacuate Collection Set: 0.2ms
[2024-07-21T08:13:27.465+0530][gc,phases   ] GC(49)   Post Evacuate Collection Set: 0.3ms
[2024-07-21T08:13:27.465+0530][gc,phases   ] GC(49)   Other: 0.1ms
[2024-07-21T08:13:27.465+0530][gc,heap     ] GC(49) Eden regions: 613->0(613)
[2024-07-21T08:13:27.465+0530][gc,heap     ] GC(49) Survivor regions: 1->1(77)
[2024-07-21T08:13:27.465+0530][gc,heap     ] GC(49) Old regions: 17->17
[2024-07-21T08:13:27.465+0530][gc,heap     ] GC(49) Archive regions: 2->2
[2024-07-21T08:13:27.465+0530][gc,heap     ] GC(49) Humongous regions: 129->129
[2024-07-21T08:13:27.465+0530][gc,metaspace] GC(49) Metaspace: 39850K(40256K)->39850K(40256K) NonClass: 35422K(35648K)->35422K(35648K) Class: 4428K(4608K)->4428K(4608K)
[2024-07-21T08:13:27.465+0530][gc          ] GC(49) Pause Young (Normal) (G1 Evacuation Pause) 759M->146M(1024M) 0.983ms
[2024-07-21T08:13:27.465+0530][gc,cpu      ] GC(49) User=0.00s Sys=0.00s Real=0.00s
[2024-07-21T08:14:12.399+0530][gc,start    ] GC(50) Pause Young (Normal) (G1 Evacuation Pause)
[2024-07-21T08:14:12.399+0530][gc,task     ] GC(50) Using 13 workers of 13 for evacuation
[2024-07-21T08:14:12.400+0530][gc,phases   ] GC(50)   Pre Evacuate Collection Set: 0.1ms
[2024-07-21T08:14:12.400+0530][gc,phases   ] GC(50)   Merge Heap Roots: 0.2ms
[2024-07-21T08:14:12.400+0530][gc,phases   ] GC(50)   Evacuate Collection Set: 0.2ms
[2024-07-21T08:14:12.400+0530][gc,phases   ] GC(50)   Post Evacuate Collection Set: 0.4ms
[2024-07-21T08:14:12.400+0530][gc,phases   ] GC(50)   Other: 0.1ms
[2024-07-21T08:14:12.400+0530][gc,heap     ] GC(50) Eden regions: 613->0(613)
[2024-07-21T08:14:12.400+0530][gc,heap     ] GC(50) Survivor regions: 1->1(77)
[2024-07-21T08:14:12.400+0530][gc,heap     ] GC(50) Old regions: 17->17
[2024-07-21T08:14:12.400+0530][gc,heap     ] GC(50) Archive regions: 2->2
[2024-07-21T08:14:12.400+0530][gc,heap     ] GC(50) Humongous regions: 129->129
[2024-07-21T08:14:12.400+0530][gc,metaspace] GC(50) Metaspace: 39858K(40256K)->39858K(40256K) NonClass: 35430K(35648K)->35430K(35648K) Class: 4428K(4608K)->4428K(4608K)
[2024-07-21T08:14:12.400+0530][gc          ] GC(50) Pause Young (Normal) (G1 Evacuation Pause) 759M->146M(1024M) 0.996ms
[2024-07-21T08:14:12.400+0530][gc,cpu      ] GC(50) User=0.01s Sys=0.00s Real=0.00s
[2024-07-21T08:14:42.574+0530][gc,start    ] GC(51) Pause Young (Normal) (G1 Evacuation Pause)
[2024-07-21T08:14:42.574+0530][gc,task     ] GC(51) Using 13 workers of 13 for evacuation
[2024-07-21T08:14:42.575+0530][gc,phases   ] GC(51)   Pre Evacuate Collection Set: 0.1ms
[2024-07-21T08:14:42.575+0530][gc,phases   ] GC(51)   Merge Heap Roots: 0.1ms
[2024-07-21T08:14:42.575+0530][gc,phases   ] GC(51)   Evacuate Collection Set: 0.3ms
[2024-07-21T08:14:42.575+0530][gc,phases   ] GC(51)   Post Evacuate Collection Set: 0.4ms
[2024-07-21T08:14:42.575+0530][gc,phases   ] GC(51)   Other: 0.1ms
[2024-07-21T08:14:42.575+0530][gc,heap     ] GC(51) Eden regions: 613->0(613)
[2024-07-21T08:14:42.575+0530][gc,heap     ] GC(51) Survivor regions: 1->1(77)
[2024-07-21T08:14:42.575+0530][gc,heap     ] GC(51) Old regions: 17->17
[2024-07-21T08:14:42.575+0530][gc,heap     ] GC(51) Archive regions: 2->2
[2024-07-21T08:14:42.575+0530][gc,heap     ] GC(51) Humongous regions: 129->129
[2024-07-21T08:14:42.575+0530][gc,metaspace] GC(51) Metaspace: 39860K(40256K)->39860K(40256K) NonClass: 35432K(35648K)->35432K(35648K) Class: 4428K(4608K)->4428K(4608K)
[2024-07-21T08:14:42.575+0530][gc          ] GC(51) Pause Young (Normal) (G1 Evacuation Pause) 759M->146M(1024M) 1.017ms
[2024-07-21T08:14:42.575+0530][gc,cpu      ] GC(51) User=0.01s Sys=0.00s Real=0.00s
[2024-07-21T08:15:27.483+0530][gc,start    ] GC(52) Pause Young (Normal) (G1 Evacuation Pause)
[2024-07-21T08:15:27.483+0530][gc,task     ] GC(52) Using 13 workers of 13 for evacuation
[2024-07-21T08:15:27.484+0530][gc,phases   ] GC(52)   Pre Evacuate Collection Set: 0.1ms
[2024-07-21T08:15:27.484+0530][gc,phases   ] GC(52)   Merge Heap Roots: 0.2ms
[2024-07-21T08:15:27.484+0530][gc,phases   ] GC(52)   Evacuate Collection Set: 0.3ms
[2024-07-21T08:15:27.484+0530][gc,phases   ] GC(52)   Post Evacuate Collection Set: 0.3ms
[2024-07-21T08:15:27.484+0530][gc,phases   ] GC(52)   Other: 0.1ms
[2024-07-21T08:15:27.484+0530][gc,heap     ] GC(52) Eden regions: 613->0(613)
[2024-07-21T08:15:27.484+0530][gc,heap     ] GC(52) Survivor regions: 1->1(77)
[2024-07-21T08:15:27.484+0530][gc,heap     ] GC(52) Old regions: 17->17
[2024-07-21T08:15:27.484+0530][gc,heap     ] GC(52) Archive regions: 2->2
[2024-07-21T08:15:27.484+0530][gc,heap     ] GC(52) Humongous regions: 129->129
[2024-07-21T08:15:27.484+0530][gc,metaspace] GC(52) Metaspace: 39864K(40256K)->39864K(40256K) NonClass: 35436K(35648K)->35436K(35648K) Class: 4428K(4608K)->4428K(4608K)
[2024-07-21T08:15:27.484+0530][gc          ] GC(52) Pause Young (Normal) (G1 Evacuation Pause) 759M->146M(1024M) 1.024ms
[2024-07-21T08:15:27.484+0530][gc,cpu      ] GC(52) User=0.01s Sys=0.00s Real=0.00s
[2024-07-21T08:16:12.418+0530][gc,start    ] GC(53) Pause Young (Normal) (G1 Evacuation Pause)
[2024-07-21T08:16:12.418+0530][gc,task     ] GC(53) Using 13 workers of 13 for evacuation
[2024-07-21T08:16:12.419+0530][gc,phases   ] GC(53)   Pre Evacuate Collection Set: 0.1ms
[2024-07-21T08:16:12.419+0530][gc,phases   ] GC(53)   Merge Heap Roots: 0.1ms
[2024-07-21T08:16:12.419+0530][gc,phases   ] GC(53)   Evacuate Collection Set: 0.2ms
[2024-07-21T08:16:12.419+0530][gc,phases   ] GC(53)   Post Evacuate Collection Set: 0.3ms
[2024-07-21T08:16:12.419+0530][gc,phases   ] GC(53)   Other: 0.1ms
[2024-07-21T08:16:12.419+0530][gc,heap     ] GC(53) Eden regions: 613->0(613)
[2024-07-21T08:16:12.419+0530][gc,heap     ] GC(53) Survivor regions: 1->1(77)
[2024-07-21T08:16:12.419+0530][gc,heap     ] GC(53) Old regions: 17->17
[2024-07-21T08:16:12.419+0530][gc,heap     ] GC(53) Archive regions: 2->2
[2024-07-21T08:16:12.419+0530][gc,heap     ] GC(53) Humongous regions: 129->129
[2024-07-21T08:16:12.419+0530][gc,metaspace] GC(53) Metaspace: 39866K(40256K)->39866K(40256K) NonClass: 35437K(35648K)->35437K(35648K) Class: 4428K(4608K)->4428K(4608K)
[2024-07-21T08:16:12.419+0530][gc          ] GC(53) Pause Young (Normal) (G1 Evacuation Pause) 759M->146M(1024M) 0.793ms
[2024-07-21T08:16:12.419+0530][gc,cpu      ] GC(53) User=0.01s Sys=0.00s Real=0.01s
[2024-07-21T08:16:57.333+0530][gc,start    ] GC(54) Pause Young (Normal) (G1 Evacuation Pause)
[2024-07-21T08:16:57.333+0530][gc,task     ] GC(54) Using 13 workers of 13 for evacuation
[2024-07-21T08:16:57.334+0530][gc,phases   ] GC(54)   Pre Evacuate Collection Set: 0.1ms
[2024-07-21T08:16:57.334+0530][gc,phases   ] GC(54)   Merge Heap Roots: 0.1ms
[2024-07-21T08:16:57.334+0530][gc,phases   ] GC(54)   Evacuate Collection Set: 0.2ms
[2024-07-21T08:16:57.334+0530][gc,phases   ] GC(54)   Post Evacuate Collection Set: 0.3ms
[2024-07-21T08:16:57.334+0530][gc,phases   ] GC(54)   Other: 0.1ms
[2024-07-21T08:16:57.334+0530][gc,heap     ] GC(54) Eden regions: 613->0(613)
[2024-07-21T08:16:57.334+0530][gc,heap     ] GC(54) Survivor regions: 1->1(77)
[2024-07-21T08:16:57.334+0530][gc,heap     ] GC(54) Old regions: 17->17
[2024-07-21T08:16:57.334+0530][gc,heap     ] GC(54) Archive regions: 2->2
[2024-07-21T08:16:57.334+0530][gc,heap     ] GC(54) Humongous regions: 129->129
[2024-07-21T08:16:57.334+0530][gc,metaspace] GC(54) Metaspace: 39868K(40256K)->39868K(40256K) NonClass: 35440K(35648K)->35440K(35648K) Class: 4428K(4608K)->4428K(4608K)
[2024-07-21T08:16:57.334+0530][gc          ] GC(54) Pause Young (Normal) (G1 Evacuation Pause) 759M->146M(1024M) 0.841ms
[2024-07-21T08:16:57.334+0530][gc,cpu      ] GC(54) User=0.00s Sys=0.00s Real=0.00s
[2024-07-21T08:17:27.503+0530][gc,start    ] GC(55) Pause Young (Normal) (G1 Evacuation Pause)
[2024-07-21T08:17:27.503+0530][gc,task     ] GC(55) Using 13 workers of 13 for evacuation
[2024-07-21T08:17:27.504+0530][gc,phases   ] GC(55)   Pre Evacuate Collection Set: 0.1ms
[2024-07-21T08:17:27.504+0530][gc,phases   ] GC(55)   Merge Heap Roots: 0.1ms
[2024-07-21T08:17:27.504+0530][gc,phases   ] GC(55)   Evacuate Collection Set: 0.3ms
[2024-07-21T08:17:27.504+0530][gc,phases   ] GC(55)   Post Evacuate Collection Set: 0.4ms
[2024-07-21T08:17:27.504+0530][gc,phases   ] GC(55)   Other: 0.1ms
[2024-07-21T08:17:27.504+0530][gc,heap     ] GC(55) Eden regions: 613->0(613)
[2024-07-21T08:17:27.504+0530][gc,heap     ] GC(55) Survivor regions: 1->1(77)
[2024-07-21T08:17:27.504+0530][gc,heap     ] GC(55) Old regions: 17->17
[2024-07-21T08:17:27.504+0530][gc,heap     ] GC(55) Archive regions: 2->2
[2024-07-21T08:17:27.504+0530][gc,heap     ] GC(55) Humongous regions: 129->129
[2024-07-21T08:17:27.504+0530][gc,metaspace] GC(55) Metaspace: 39878K(40256K)->39878K(40256K) NonClass: 35449K(35648K)->35449K(35648K) Class: 4428K(4608K)->4428K(4608K)
[2024-07-21T08:17:27.504+0530][gc          ] GC(55) Pause Young (Normal) (G1 Evacuation Pause) 759M->146M(1024M) 1.107ms
[2024-07-21T08:17:27.504+0530][gc,cpu      ] GC(55) User=0.00s Sys=0.00s Real=0.00s
[2024-07-21T08:18:12.427+0530][gc,start    ] GC(56) Pause Young (Normal) (G1 Evacuation Pause)
[2024-07-21T08:18:12.427+0530][gc,task     ] GC(56) Using 13 workers of 13 for evacuation
[2024-07-21T08:18:12.428+0530][gc,phases   ] GC(56)   Pre Evacuate Collection Set: 0.1ms
[2024-07-21T08:18:12.428+0530][gc,phases   ] GC(56)   Merge Heap Roots: 0.1ms
[2024-07-21T08:18:12.428+0530][gc,phases   ] GC(56)   Evacuate Collection Set: 0.2ms
[2024-07-21T08:18:12.428+0530][gc,phases   ] GC(56)   Post Evacuate Collection Set: 0.3ms
[2024-07-21T08:18:12.428+0530][gc,phases   ] GC(56)   Other: 0.1ms
[2024-07-21T08:18:12.428+0530][gc,heap     ] GC(56) Eden regions: 613->0(613)
[2024-07-21T08:18:12.428+0530][gc,heap     ] GC(56) Survivor regions: 1->1(77)
[2024-07-21T08:18:12.428+0530][gc,heap     ] GC(56) Old regions: 17->17
[2024-07-21T08:18:12.428+0530][gc,heap     ] GC(56) Archive regions: 2->2
[2024-07-21T08:18:12.428+0530][gc,heap     ] GC(56) Humongous regions: 129->129
[2024-07-21T08:18:12.428+0530][gc,metaspace] GC(56) Metaspace: 39932K(40256K)->39932K(40256K) NonClass: 35503K(35648K)->35503K(35648K) Class: 4428K(4608K)->4428K(4608K)
[2024-07-21T08:18:12.428+0530][gc          ] GC(56) Pause Young (Normal) (G1 Evacuation Pause) 759M->146M(1024M) 0.884ms
[2024-07-21T08:18:12.428+0530][gc,cpu      ] GC(56) User=0.00s Sys=0.00s Real=0.00s
[2024-07-21T08:18:57.350+0530][gc,start    ] GC(57) Pause Young (Normal) (G1 Evacuation Pause)
[2024-07-21T08:18:57.350+0530][gc,task     ] GC(57) Using 13 workers of 13 for evacuation
[2024-07-21T08:18:57.351+0530][gc,phases   ] GC(57)   Pre Evacuate Collection Set: 0.1ms
[2024-07-21T08:18:57.351+0530][gc,phases   ] GC(57)   Merge Heap Roots: 0.1ms
[2024-07-21T08:18:57.351+0530][gc,phases   ] GC(57)   Evacuate Collection Set: 0.2ms
[2024-07-21T08:18:57.351+0530][gc,phases   ] GC(57)   Post Evacuate Collection Set: 0.3ms
[2024-07-21T08:18:57.351+0530][gc,phases   ] GC(57)   Other: 0.1ms
[2024-07-21T08:18:57.351+0530][gc,heap     ] GC(57) Eden regions: 613->0(613)
[2024-07-21T08:18:57.351+0530][gc,heap     ] GC(57) Survivor regions: 1->1(77)
[2024-07-21T08:18:57.351+0530][gc,heap     ] GC(57) Old regions: 17->17
[2024-07-21T08:18:57.351+0530][gc,heap     ] GC(57) Archive regions: 2->2
[2024-07-21T08:18:57.351+0530][gc,heap     ] GC(57) Humongous regions: 129->129
[2024-07-21T08:18:57.351+0530][gc,metaspace] GC(57) Metaspace: 39999K(40384K)->39999K(40384K) NonClass: 35571K(35776K)->35571K(35776K) Class: 4428K(4608K)->4428K(4608K)
[2024-07-21T08:18:57.351+0530][gc          ] GC(57) Pause Young (Normal) (G1 Evacuation Pause) 759M->146M(1024M) 0.806ms
[2024-07-21T08:18:57.351+0530][gc,cpu      ] GC(57) User=0.01s Sys=0.00s Real=0.00s
[2024-07-21T08:19:27.532+0530][gc,start    ] GC(58) Pause Young (Normal) (G1 Evacuation Pause)
[2024-07-21T08:19:27.532+0530][gc,task     ] GC(58) Using 13 workers of 13 for evacuation
[2024-07-21T08:19:27.533+0530][gc,phases   ] GC(58)   Pre Evacuate Collection Set: 0.1ms
[2024-07-21T08:19:27.533+0530][gc,phases   ] GC(58)   Merge Heap Roots: 0.1ms
[2024-07-21T08:19:27.533+0530][gc,phases   ] GC(58)   Evacuate Collection Set: 0.3ms
[2024-07-21T08:19:27.533+0530][gc,phases   ] GC(58)   Post Evacuate Collection Set: 0.3ms
[2024-07-21T08:19:27.533+0530][gc,phases   ] GC(58)   Other: 0.1ms
[2024-07-21T08:19:27.533+0530][gc,heap     ] GC(58) Eden regions: 613->0(613)
[2024-07-21T08:19:27.533+0530][gc,heap     ] GC(58) Survivor regions: 1->1(77)
[2024-07-21T08:19:27.533+0530][gc,heap     ] GC(58) Old regions: 17->17
[2024-07-21T08:19:27.533+0530][gc,heap     ] GC(58) Archive regions: 2->2
[2024-07-21T08:19:27.533+0530][gc,heap     ] GC(58) Humongous regions: 129->129
[2024-07-21T08:19:27.533+0530][gc,metaspace] GC(58) Metaspace: 40000K(40384K)->40000K(40384K) NonClass: 35572K(35776K)->35572K(35776K) Class: 4428K(4608K)->4428K(4608K)
[2024-07-21T08:19:27.533+0530][gc          ] GC(58) Pause Young (Normal) (G1 Evacuation Pause) 759M->146M(1024M) 0.991ms
[2024-07-21T08:19:27.533+0530][gc,cpu      ] GC(58) User=0.00s Sys=0.00s Real=0.00s
[2024-07-21T08:20:12.445+0530][gc,start    ] GC(59) Pause Young (Normal) (G1 Evacuation Pause)
[2024-07-21T08:20:12.445+0530][gc,task     ] GC(59) Using 13 workers of 13 for evacuation
[2024-07-21T08:20:12.446+0530][gc,phases   ] GC(59)   Pre Evacuate Collection Set: 0.1ms
[2024-07-21T08:20:12.446+0530][gc,phases   ] GC(59)   Merge Heap Roots: 0.2ms
[2024-07-21T08:20:12.446+0530][gc,phases   ] GC(59)   Evacuate Collection Set: 0.2ms
[2024-07-21T08:20:12.446+0530][gc,phases   ] GC(59)   Post Evacuate Collection Set: 0.3ms
[2024-07-21T08:20:12.446+0530][gc,phases   ] GC(59)   Other: 0.1ms
[2024-07-21T08:20:12.446+0530][gc,heap     ] GC(59) Eden regions: 613->0(613)
[2024-07-21T08:20:12.446+0530][gc,heap     ] GC(59) Survivor regions: 1->1(77)
[2024-07-21T08:20:12.446+0530][gc,heap     ] GC(59) Old regions: 17->17
[2024-07-21T08:20:12.446+0530][gc,heap     ] GC(59) Archive regions: 2->2
[2024-07-21T08:20:12.446+0530][gc,heap     ] GC(59) Humongous regions: 129->129
[2024-07-21T08:20:12.446+0530][gc,metaspace] GC(59) Metaspace: 40000K(40384K)->40000K(40384K) NonClass: 35572K(35776K)->35572K(35776K) Class: 4428K(4608K)->4428K(4608K)
[2024-07-21T08:20:12.446+0530][gc          ] GC(59) Pause Young (Normal) (G1 Evacuation Pause) 759M->146M(1024M) 0.961ms
[2024-07-21T08:20:12.446+0530][gc,cpu      ] GC(59) User=0.01s Sys=0.00s Real=0.00s
[2024-07-21T08:20:57.370+0530][gc,start    ] GC(60) Pause Young (Normal) (G1 Evacuation Pause)
[2024-07-21T08:20:57.370+0530][gc,task     ] GC(60) Using 13 workers of 13 for evacuation
[2024-07-21T08:20:57.371+0530][gc,phases   ] GC(60)   Pre Evacuate Collection Set: 0.1ms
[2024-07-21T08:20:57.371+0530][gc,phases   ] GC(60)   Merge Heap Roots: 0.1ms
[2024-07-21T08:20:57.371+0530][gc,phases   ] GC(60)   Evacuate Collection Set: 0.2ms
[2024-07-21T08:20:57.371+0530][gc,phases   ] GC(60)   Post Evacuate Collection Set: 0.3ms
[2024-07-21T08:20:57.371+0530][gc,phases   ] GC(60)   Other: 0.1ms
[2024-07-21T08:20:57.371+0530][gc,heap     ] GC(60) Eden regions: 613->0(613)
[2024-07-21T08:20:57.371+0530][gc,heap     ] GC(60) Survivor regions: 1->1(77)
[2024-07-21T08:20:57.371+0530][gc,heap     ] GC(60) Old regions: 17->17
[2024-07-21T08:20:57.371+0530][gc,heap     ] GC(60) Archive regions: 2->2
[2024-07-21T08:20:57.371+0530][gc,heap     ] GC(60) Humongous regions: 129->129
[2024-07-21T08:20:57.371+0530][gc,metaspace] GC(60) Metaspace: 40008K(40384K)->40008K(40384K) NonClass: 35580K(35776K)->35580K(35776K) Class: 4428K(4608K)->4428K(4608K)
[2024-07-21T08:20:57.371+0530][gc          ] GC(60) Pause Young (Normal) (G1 Evacuation Pause) 759M->146M(1024M) 0.853ms
[2024-07-21T08:20:57.371+0530][gc,cpu      ] GC(60) User=0.01s Sys=0.00s Real=0.00s
[2024-07-21T08:21:27.540+0530][gc,start    ] GC(61) Pause Young (Normal) (G1 Evacuation Pause)
[2024-07-21T08:21:27.540+0530][gc,task     ] GC(61) Using 13 workers of 13 for evacuation
[2024-07-21T08:21:27.541+0530][gc,phases   ] GC(61)   Pre Evacuate Collection Set: 0.1ms
[2024-07-21T08:21:27.541+0530][gc,phases   ] GC(61)   Merge Heap Roots: 0.2ms
[2024-07-21T08:21:27.541+0530][gc,phases   ] GC(61)   Evacuate Collection Set: 0.3ms
[2024-07-21T08:21:27.541+0530][gc,phases   ] GC(61)   Post Evacuate Collection Set: 0.4ms
[2024-07-21T08:21:27.541+0530][gc,phases   ] GC(61)   Other: 0.1ms
[2024-07-21T08:21:27.541+0530][gc,heap     ] GC(61) Eden regions: 613->0(613)
[2024-07-21T08:21:27.541+0530][gc,heap     ] GC(61) Survivor regions: 1->1(77)
[2024-07-21T08:21:27.541+0530][gc,heap     ] GC(61) Old regions: 17->17
[2024-07-21T08:21:27.541+0530][gc,heap     ] GC(61) Archive regions: 2->2
[2024-07-21T08:21:27.541+0530][gc,heap     ] GC(61) Humongous regions: 129->129
[2024-07-21T08:21:27.541+0530][gc,metaspace] GC(61) Metaspace: 40009K(40384K)->40009K(40384K) NonClass: 35581K(35776K)->35581K(35776K) Class: 4428K(4608K)->4428K(4608K)
[2024-07-21T08:21:27.541+0530][gc          ] GC(61) Pause Young (Normal) (G1 Evacuation Pause) 759M->146M(1024M) 1.147ms
[2024-07-21T08:21:27.541+0530][gc,cpu      ] GC(61) User=0.01s Sys=0.00s Real=0.00s
[2024-07-21T08:22:12.464+0530][gc,start    ] GC(62) Pause Young (Normal) (G1 Evacuation Pause)
[2024-07-21T08:22:12.464+0530][gc,task     ] GC(62) Using 13 workers of 13 for evacuation
[2024-07-21T08:22:12.465+0530][gc,phases   ] GC(62)   Pre Evacuate Collection Set: 0.1ms
[2024-07-21T08:22:12.465+0530][gc,phases   ] GC(62)   Merge Heap Roots: 0.1ms
[2024-07-21T08:22:12.465+0530][gc,phases   ] GC(62)   Evacuate Collection Set: 0.3ms
[2024-07-21T08:22:12.465+0530][gc,phases   ] GC(62)   Post Evacuate Collection Set: 0.5ms
[2024-07-21T08:22:12.465+0530][gc,phases   ] GC(62)   Other: 0.1ms
[2024-07-21T08:22:12.465+0530][gc,heap     ] GC(62) Eden regions: 613->0(613)
[2024-07-21T08:22:12.465+0530][gc,heap     ] GC(62) Survivor regions: 1->1(77)
[2024-07-21T08:22:12.465+0530][gc,heap     ] GC(62) Old regions: 17->17
[2024-07-21T08:22:12.465+0530][gc,heap     ] GC(62) Archive regions: 2->2
[2024-07-21T08:22:12.465+0530][gc,heap     ] GC(62) Humongous regions: 129->129
[2024-07-21T08:22:12.465+0530][gc,metaspace] GC(62) Metaspace: 40010K(40384K)->40010K(40384K) NonClass: 35582K(35776K)->35582K(35776K) Class: 4428K(4608K)->4428K(4608K)
[2024-07-21T08:22:12.465+0530][gc          ] GC(62) Pause Young (Normal) (G1 Evacuation Pause) 759M->146M(1024M) 1.139ms
[2024-07-21T08:22:12.465+0530][gc,cpu      ] GC(62) User=0.01s Sys=0.00s Real=0.00s
[2024-07-21T08:22:57.391+0530][gc,start    ] GC(63) Pause Young (Normal) (G1 Evacuation Pause)
[2024-07-21T08:22:57.391+0530][gc,task     ] GC(63) Using 13 workers of 13 for evacuation
[2024-07-21T08:22:57.392+0530][gc,phases   ] GC(63)   Pre Evacuate Collection Set: 0.1ms
[2024-07-21T08:22:57.392+0530][gc,phases   ] GC(63)   Merge Heap Roots: 0.2ms
[2024-07-21T08:22:57.392+0530][gc,phases   ] GC(63)   Evacuate Collection Set: 0.3ms
[2024-07-21T08:22:57.392+0530][gc,phases   ] GC(63)   Post Evacuate Collection Set: 0.4ms
[2024-07-21T08:22:57.392+0530][gc,phases   ] GC(63)   Other: 0.1ms
[2024-07-21T08:22:57.392+0530][gc,heap     ] GC(63) Eden regions: 613->0(613)
[2024-07-21T08:22:57.392+0530][gc,heap     ] GC(63) Survivor regions: 1->1(77)
[2024-07-21T08:22:57.392+0530][gc,heap     ] GC(63) Old regions: 17->17
[2024-07-21T08:22:57.393+0530][gc,heap     ] GC(63) Archive regions: 2->2
[2024-07-21T08:22:57.393+0530][gc,heap     ] GC(63) Humongous regions: 129->129
[2024-07-21T08:22:57.393+0530][gc,metaspace] GC(63) Metaspace: 40011K(40384K)->40011K(40384K) NonClass: 35583K(35776K)->35583K(35776K) Class: 4428K(4608K)->4428K(4608K)
[2024-07-21T08:22:57.393+0530][gc          ] GC(63) Pause Young (Normal) (G1 Evacuation Pause) 759M->146M(1024M) 1.129ms
[2024-07-21T08:22:57.393+0530][gc,cpu      ] GC(63) User=0.00s Sys=0.00s Real=0.00s
[2024-07-21T08:23:27.578+0530][gc,start    ] GC(64) Pause Young (Normal) (G1 Evacuation Pause)
[2024-07-21T08:23:27.578+0530][gc,task     ] GC(64) Using 13 workers of 13 for evacuation
[2024-07-21T08:23:27.579+0530][gc,phases   ] GC(64)   Pre Evacuate Collection Set: 0.1ms
[2024-07-21T08:23:27.579+0530][gc,phases   ] GC(64)   Merge Heap Roots: 0.1ms
[2024-07-21T08:23:27.579+0530][gc,phases   ] GC(64)   Evacuate Collection Set: 0.2ms
[2024-07-21T08:23:27.579+0530][gc,phases   ] GC(64)   Post Evacuate Collection Set: 0.3ms
[2024-07-21T08:23:27.579+0530][gc,phases   ] GC(64)   Other: 0.1ms
[2024-07-21T08:23:27.579+0530][gc,heap     ] GC(64) Eden regions: 613->0(613)
[2024-07-21T08:23:27.579+0530][gc,heap     ] GC(64) Survivor regions: 1->1(77)
[2024-07-21T08:23:27.579+0530][gc,heap     ] GC(64) Old regions: 17->17
[2024-07-21T08:23:27.579+0530][gc,heap     ] GC(64) Archive regions: 2->2
[2024-07-21T08:23:27.579+0530][gc,heap     ] GC(64) Humongous regions: 129->129
[2024-07-21T08:23:27.579+0530][gc,metaspace] GC(64) Metaspace: 40011K(40384K)->40011K(40384K) NonClass: 35583K(35776K)->35583K(35776K) Class: 4428K(4608K)->4428K(4608K)
[2024-07-21T08:23:27.579+0530][gc          ] GC(64) Pause Young (Normal) (G1 Evacuation Pause) 759M->147M(1024M) 0.822ms
[2024-07-21T08:23:27.579+0530][gc,cpu      ] GC(64) User=0.01s Sys=0.00s Real=0.01s
[2024-07-21T08:24:12.485+0530][gc,start    ] GC(65) Pause Young (Normal) (G1 Evacuation Pause)
[2024-07-21T08:24:12.485+0530][gc,task     ] GC(65) Using 13 workers of 13 for evacuation
[2024-07-21T08:24:12.486+0530][gc,phases   ] GC(65)   Pre Evacuate Collection Set: 0.1ms
[2024-07-21T08:24:12.486+0530][gc,phases   ] GC(65)   Merge Heap Roots: 0.1ms
[2024-07-21T08:24:12.486+0530][gc,phases   ] GC(65)   Evacuate Collection Set: 0.2ms
[2024-07-21T08:24:12.486+0530][gc,phases   ] GC(65)   Post Evacuate Collection Set: 0.3ms
[2024-07-21T08:24:12.486+0530][gc,phases   ] GC(65)   Other: 0.1ms
[2024-07-21T08:24:12.486+0530][gc,heap     ] GC(65) Eden regions: 613->0(613)
[2024-07-21T08:24:12.486+0530][gc,heap     ] GC(65) Survivor regions: 1->1(77)
[2024-07-21T08:24:12.486+0530][gc,heap     ] GC(65) Old regions: 17->17
[2024-07-21T08:24:12.486+0530][gc,heap     ] GC(65) Archive regions: 2->2
[2024-07-21T08:24:12.486+0530][gc,heap     ] GC(65) Humongous regions: 129->129
[2024-07-21T08:24:12.486+0530][gc,metaspace] GC(65) Metaspace: 40012K(40384K)->40012K(40384K) NonClass: 35584K(35776K)->35584K(35776K) Class: 4428K(4608K)->4428K(4608K)
[2024-07-21T08:24:12.486+0530][gc          ] GC(65) Pause Young (Normal) (G1 Evacuation Pause) 760M->146M(1024M) 0.830ms
[2024-07-21T08:24:12.486+0530][gc,cpu      ] GC(65) User=0.00s Sys=0.00s Real=0.00s
[2024-07-21T08:24:57.426+0530][gc,start    ] GC(66) Pause Young (Normal) (G1 Evacuation Pause)
[2024-07-21T08:24:57.426+0530][gc,task     ] GC(66) Using 13 workers of 13 for evacuation
[2024-07-21T08:24:57.426+0530][gc,phases   ] GC(66)   Pre Evacuate Collection Set: 0.1ms
[2024-07-21T08:24:57.426+0530][gc,phases   ] GC(66)   Merge Heap Roots: 0.1ms
[2024-07-21T08:24:57.426+0530][gc,phases   ] GC(66)   Evacuate Collection Set: 0.2ms
[2024-07-21T08:24:57.426+0530][gc,phases   ] GC(66)   Post Evacuate Collection Set: 0.2ms
[2024-07-21T08:24:57.426+0530][gc,phases   ] GC(66)   Other: 0.1ms
[2024-07-21T08:24:57.426+0530][gc,heap     ] GC(66) Eden regions: 613->0(613)
[2024-07-21T08:24:57.426+0530][gc,heap     ] GC(66) Survivor regions: 1->1(77)
[2024-07-21T08:24:57.426+0530][gc,heap     ] GC(66) Old regions: 17->17
[2024-07-21T08:24:57.426+0530][gc,heap     ] GC(66) Archive regions: 2->2
[2024-07-21T08:24:57.426+0530][gc,heap     ] GC(66) Humongous regions: 129->129
[2024-07-21T08:24:57.426+0530][gc,metaspace] GC(66) Metaspace: 40012K(40384K)->40012K(40384K) NonClass: 35584K(35776K)->35584K(35776K) Class: 4428K(4608K)->4428K(4608K)
[2024-07-21T08:24:57.426+0530][gc          ] GC(66) Pause Young (Normal) (G1 Evacuation Pause) 759M->146M(1024M) 0.721ms
[2024-07-21T08:24:57.426+0530][gc,cpu      ] GC(66) User=0.00s Sys=0.00s Real=0.01s
[2024-07-21T08:25:42.338+0530][gc,start    ] GC(67) Pause Young (Normal) (G1 Evacuation Pause)
[2024-07-21T08:25:42.338+0530][gc,task     ] GC(67) Using 13 workers of 13 for evacuation
[2024-07-21T08:25:42.338+0530][gc,phases   ] GC(67)   Pre Evacuate Collection Set: 0.1ms
[2024-07-21T08:25:42.338+0530][gc,phases   ] GC(67)   Merge Heap Roots: 0.1ms
[2024-07-21T08:25:42.338+0530][gc,phases   ] GC(67)   Evacuate Collection Set: 0.2ms
[2024-07-21T08:25:42.338+0530][gc,phases   ] GC(67)   Post Evacuate Collection Set: 0.3ms
[2024-07-21T08:25:42.338+0530][gc,phases   ] GC(67)   Other: 0.1ms
[2024-07-21T08:25:42.338+0530][gc,heap     ] GC(67) Eden regions: 613->0(613)
[2024-07-21T08:25:42.338+0530][gc,heap     ] GC(67) Survivor regions: 1->1(77)
[2024-07-21T08:25:42.338+0530][gc,heap     ] GC(67) Old regions: 17->17
[2024-07-21T08:25:42.338+0530][gc,heap     ] GC(67) Archive regions: 2->2
[2024-07-21T08:25:42.338+0530][gc,heap     ] GC(67) Humongous regions: 129->129
[2024-07-21T08:25:42.338+0530][gc,metaspace] GC(67) Metaspace: 40013K(40384K)->40013K(40384K) NonClass: 35585K(35776K)->35585K(35776K) Class: 4428K(4608K)->4428K(4608K)
[2024-07-21T08:25:42.338+0530][gc          ] GC(67) Pause Young (Normal) (G1 Evacuation Pause) 759M->146M(1024M) 0.780ms
[2024-07-21T08:25:42.339+0530][gc,cpu      ] GC(67) User=0.01s Sys=0.00s Real=0.01s
[2024-07-21T08:26:12.506+0530][gc,start    ] GC(68) Pause Young (Normal) (G1 Evacuation Pause)
[2024-07-21T08:26:12.506+0530][gc,task     ] GC(68) Using 13 workers of 13 for evacuation
[2024-07-21T08:26:12.507+0530][gc,phases   ] GC(68)   Pre Evacuate Collection Set: 0.1ms
[2024-07-21T08:26:12.507+0530][gc,phases   ] GC(68)   Merge Heap Roots: 0.1ms
[2024-07-21T08:26:12.507+0530][gc,phases   ] GC(68)   Evacuate Collection Set: 0.3ms
[2024-07-21T08:26:12.507+0530][gc,phases   ] GC(68)   Post Evacuate Collection Set: 0.3ms
[2024-07-21T08:26:12.507+0530][gc,phases   ] GC(68)   Other: 0.1ms
[2024-07-21T08:26:12.507+0530][gc,heap     ] GC(68) Eden regions: 613->0(613)
[2024-07-21T08:26:12.507+0530][gc,heap     ] GC(68) Survivor regions: 1->1(77)
[2024-07-21T08:26:12.507+0530][gc,heap     ] GC(68) Old regions: 17->17
[2024-07-21T08:26:12.507+0530][gc,heap     ] GC(68) Archive regions: 2->2
[2024-07-21T08:26:12.507+0530][gc,heap     ] GC(68) Humongous regions: 129->129
[2024-07-21T08:26:12.507+0530][gc,metaspace] GC(68) Metaspace: 40056K(40448K)->40056K(40448K) NonClass: 35627K(35840K)->35627K(35840K) Class: 4428K(4608K)->4428K(4608K)
[2024-07-21T08:26:12.507+0530][gc          ] GC(68) Pause Young (Normal) (G1 Evacuation Pause) 759M->146M(1024M) 0.982ms
[2024-07-21T08:26:12.507+0530][gc,cpu      ] GC(68) User=0.00s Sys=0.00s Real=0.01s
[2024-07-21T08:26:57.448+0530][gc,start    ] GC(69) Pause Young (Normal) (G1 Evacuation Pause)
[2024-07-21T08:26:57.448+0530][gc,task     ] GC(69) Using 13 workers of 13 for evacuation
[2024-07-21T08:26:57.449+0530][gc,phases   ] GC(69)   Pre Evacuate Collection Set: 0.1ms
[2024-07-21T08:26:57.449+0530][gc,phases   ] GC(69)   Merge Heap Roots: 0.1ms
[2024-07-21T08:26:57.449+0530][gc,phases   ] GC(69)   Evacuate Collection Set: 0.2ms
[2024-07-21T08:26:57.449+0530][gc,phases   ] GC(69)   Post Evacuate Collection Set: 0.3ms
[2024-07-21T08:26:57.449+0530][gc,phases   ] GC(69)   Other: 0.1ms
[2024-07-21T08:26:57.449+0530][gc,heap     ] GC(69) Eden regions: 613->0(613)
[2024-07-21T08:26:57.449+0530][gc,heap     ] GC(69) Survivor regions: 1->1(77)
[2024-07-21T08:26:57.449+0530][gc,heap     ] GC(69) Old regions: 17->17
[2024-07-21T08:26:57.449+0530][gc,heap     ] GC(69) Archive regions: 2->2
[2024-07-21T08:26:57.449+0530][gc,heap     ] GC(69) Humongous regions: 129->129
[2024-07-21T08:26:57.449+0530][gc,metaspace] GC(69) Metaspace: 40057K(40448K)->40057K(40448K) NonClass: 35628K(35840K)->35628K(35840K) Class: 4428K(4608K)->4428K(4608K)
[2024-07-21T08:26:57.449+0530][gc          ] GC(69) Pause Young (Normal) (G1 Evacuation Pause) 759M->146M(1024M) 0.859ms
[2024-07-21T08:26:57.449+0530][gc,cpu      ] GC(69) User=0.01s Sys=0.00s Real=0.00s
[2024-07-21T08:27:42.366+0530][gc,start    ] GC(70) Pause Young (Normal) (G1 Evacuation Pause)
[2024-07-21T08:27:42.366+0530][gc,task     ] GC(70) Using 13 workers of 13 for evacuation
[2024-07-21T08:27:42.366+0530][gc,phases   ] GC(70)   Pre Evacuate Collection Set: 0.1ms
[2024-07-21T08:27:42.366+0530][gc,phases   ] GC(70)   Merge Heap Roots: 0.1ms
[2024-07-21T08:27:42.366+0530][gc,phases   ] GC(70)   Evacuate Collection Set: 0.2ms
[2024-07-21T08:27:42.366+0530][gc,phases   ] GC(70)   Post Evacuate Collection Set: 0.2ms
[2024-07-21T08:27:42.366+0530][gc,phases   ] GC(70)   Other: 0.1ms
[2024-07-21T08:27:42.366+0530][gc,heap     ] GC(70) Eden regions: 613->0(613)
[2024-07-21T08:27:42.366+0530][gc,heap     ] GC(70) Survivor regions: 1->1(77)
[2024-07-21T08:27:42.366+0530][gc,heap     ] GC(70) Old regions: 17->17
[2024-07-21T08:27:42.366+0530][gc,heap     ] GC(70) Archive regions: 2->2
[2024-07-21T08:27:42.366+0530][gc,heap     ] GC(70) Humongous regions: 129->129
[2024-07-21T08:27:42.366+0530][gc,metaspace] GC(70) Metaspace: 40064K(40448K)->40064K(40448K) NonClass: 35635K(35840K)->35635K(35840K) Class: 4428K(4608K)->4428K(4608K)
[2024-07-21T08:27:42.366+0530][gc          ] GC(70) Pause Young (Normal) (G1 Evacuation Pause) 759M->146M(1024M) 0.755ms
[2024-07-21T08:27:42.366+0530][gc,cpu      ] GC(70) User=0.00s Sys=0.00s Real=0.00s
[2024-07-21T08:28:12.542+0530][gc,start    ] GC(71) Pause Young (Normal) (G1 Evacuation Pause)
[2024-07-21T08:28:12.542+0530][gc,task     ] GC(71) Using 13 workers of 13 for evacuation
[2024-07-21T08:28:12.543+0530][gc,phases   ] GC(71)   Pre Evacuate Collection Set: 0.1ms
[2024-07-21T08:28:12.543+0530][gc,phases   ] GC(71)   Merge Heap Roots: 0.1ms
[2024-07-21T08:28:12.543+0530][gc,phases   ] GC(71)   Evacuate Collection Set: 0.3ms
[2024-07-21T08:28:12.543+0530][gc,phases   ] GC(71)   Post Evacuate Collection Set: 0.3ms
[2024-07-21T08:28:12.543+0530][gc,phases   ] GC(71)   Other: 0.1ms
[2024-07-21T08:28:12.543+0530][gc,heap     ] GC(71) Eden regions: 613->0(613)
[2024-07-21T08:28:12.543+0530][gc,heap     ] GC(71) Survivor regions: 1->1(77)
[2024-07-21T08:28:12.543+0530][gc,heap     ] GC(71) Old regions: 17->17
[2024-07-21T08:28:12.543+0530][gc,heap     ] GC(71) Archive regions: 2->2
[2024-07-21T08:28:12.543+0530][gc,heap     ] GC(71) Humongous regions: 129->129
[2024-07-21T08:28:12.543+0530][gc,metaspace] GC(71) Metaspace: 40065K(40448K)->40065K(40448K) NonClass: 35637K(35840K)->35637K(35840K) Class: 4428K(4608K)->4428K(4608K)
[2024-07-21T08:28:12.543+0530][gc          ] GC(71) Pause Young (Normal) (G1 Evacuation Pause) 759M->147M(1024M) 0.894ms
[2024-07-21T08:28:12.543+0530][gc,cpu      ] GC(71) User=0.00s Sys=0.00s Real=0.00s
[2024-07-21T08:28:57.466+0530][gc,start    ] GC(72) Pause Young (Normal) (G1 Evacuation Pause)
[2024-07-21T08:28:57.466+0530][gc,task     ] GC(72) Using 13 workers of 13 for evacuation
[2024-07-21T08:28:57.466+0530][gc,phases   ] GC(72)   Pre Evacuate Collection Set: 0.1ms
[2024-07-21T08:28:57.466+0530][gc,phases   ] GC(72)   Merge Heap Roots: 0.1ms
[2024-07-21T08:28:57.466+0530][gc,phases   ] GC(72)   Evacuate Collection Set: 0.2ms
[2024-07-21T08:28:57.466+0530][gc,phases   ] GC(72)   Post Evacuate Collection Set: 0.2ms
[2024-07-21T08:28:57.466+0530][gc,phases   ] GC(72)   Other: 0.1ms
[2024-07-21T08:28:57.466+0530][gc,heap     ] GC(72) Eden regions: 613->0(613)
[2024-07-21T08:28:57.466+0530][gc,heap     ] GC(72) Survivor regions: 1->1(77)
[2024-07-21T08:28:57.466+0530][gc,heap     ] GC(72) Old regions: 17->17
[2024-07-21T08:28:57.466+0530][gc,heap     ] GC(72) Archive regions: 2->2
[2024-07-21T08:28:57.466+0530][gc,heap     ] GC(72) Humongous regions: 129->129
[2024-07-21T08:28:57.466+0530][gc,metaspace] GC(72) Metaspace: 40067K(40448K)->40067K(40448K) NonClass: 35638K(35840K)->35638K(35840K) Class: 4428K(4608K)->4428K(4608K)
[2024-07-21T08:28:57.466+0530][gc          ] GC(72) Pause Young (Normal) (G1 Evacuation Pause) 760M->146M(1024M) 0.673ms
[2024-07-21T08:28:57.466+0530][gc,cpu      ] GC(72) User=0.01s Sys=0.00s Real=0.00s
[2024-07-21T08:29:42.382+0530][gc,start    ] GC(73) Pause Young (Normal) (G1 Evacuation Pause)
[2024-07-21T08:29:42.382+0530][gc,task     ] GC(73) Using 13 workers of 13 for evacuation
[2024-07-21T08:29:42.383+0530][gc,phases   ] GC(73)   Pre Evacuate Collection Set: 0.1ms
[2024-07-21T08:29:42.383+0530][gc,phases   ] GC(73)   Merge Heap Roots: 0.2ms
[2024-07-21T08:29:42.383+0530][gc,phases   ] GC(73)   Evacuate Collection Set: 0.2ms
[2024-07-21T08:29:42.383+0530][gc,phases   ] GC(73)   Post Evacuate Collection Set: 0.3ms
[2024-07-21T08:29:42.383+0530][gc,phases   ] GC(73)   Other: 0.1ms
[2024-07-21T08:29:42.383+0530][gc,heap     ] GC(73) Eden regions: 613->0(613)
[2024-07-21T08:29:42.383+0530][gc,heap     ] GC(73) Survivor regions: 1->1(77)
[2024-07-21T08:29:42.383+0530][gc,heap     ] GC(73) Old regions: 17->17
[2024-07-21T08:29:42.383+0530][gc,heap     ] GC(73) Archive regions: 2->2
[2024-07-21T08:29:42.383+0530][gc,heap     ] GC(73) Humongous regions: 129->129
[2024-07-21T08:29:42.383+0530][gc,metaspace] GC(73) Metaspace: 40086K(40448K)->40086K(40448K) NonClass: 35658K(35840K)->35658K(35840K) Class: 4428K(4608K)->4428K(4608K)
[2024-07-21T08:29:42.383+0530][gc          ] GC(73) Pause Young (Normal) (G1 Evacuation Pause) 759M->146M(1024M) 0.937ms
[2024-07-21T08:29:42.383+0530][gc,cpu      ] GC(73) User=0.01s Sys=0.00s Real=0.00s
[2024-07-21T08:30:12.558+0530][gc,start    ] GC(74) Pause Young (Normal) (G1 Evacuation Pause)
[2024-07-21T08:30:12.558+0530][gc,task     ] GC(74) Using 13 workers of 13 for evacuation
[2024-07-21T08:30:12.558+0530][gc,phases   ] GC(74)   Pre Evacuate Collection Set: 0.1ms
[2024-07-21T08:30:12.558+0530][gc,phases   ] GC(74)   Merge Heap Roots: 0.1ms
[2024-07-21T08:30:12.558+0530][gc,phases   ] GC(74)   Evacuate Collection Set: 0.2ms
[2024-07-21T08:30:12.558+0530][gc,phases   ] GC(74)   Post Evacuate Collection Set: 0.2ms
[2024-07-21T08:30:12.558+0530][gc,phases   ] GC(74)   Other: 0.1ms
[2024-07-21T08:30:12.558+0530][gc,heap     ] GC(74) Eden regions: 613->0(613)
[2024-07-21T08:30:12.558+0530][gc,heap     ] GC(74) Survivor regions: 1->1(77)
[2024-07-21T08:30:12.558+0530][gc,heap     ] GC(74) Old regions: 17->17
[2024-07-21T08:30:12.558+0530][gc,heap     ] GC(74) Archive regions: 2->2
[2024-07-21T08:30:12.558+0530][gc,heap     ] GC(74) Humongous regions: 129->129
[2024-07-21T08:30:12.558+0530][gc,metaspace] GC(74) Metaspace: 40088K(40448K)->40088K(40448K) NonClass: 35660K(35840K)->35660K(35840K) Class: 4428K(4608K)->4428K(4608K)
[2024-07-21T08:30:12.558+0530][gc          ] GC(74) Pause Young (Normal) (G1 Evacuation Pause) 759M->147M(1024M) 0.754ms
[2024-07-21T08:30:12.558+0530][gc,cpu      ] GC(74) User=0.01s Sys=0.00s Real=0.01s
[2024-07-21T08:30:57.472+0530][gc,start    ] GC(75) Pause Young (Normal) (G1 Evacuation Pause)
[2024-07-21T08:30:57.472+0530][gc,task     ] GC(75) Using 13 workers of 13 for evacuation
[2024-07-21T08:30:57.472+0530][gc,phases   ] GC(75)   Pre Evacuate Collection Set: 0.1ms
[2024-07-21T08:30:57.473+0530][gc,phases   ] GC(75)   Merge Heap Roots: 0.2ms
[2024-07-21T08:30:57.473+0530][gc,phases   ] GC(75)   Evacuate Collection Set: 0.2ms
[2024-07-21T08:30:57.473+0530][gc,phases   ] GC(75)   Post Evacuate Collection Set: 0.3ms
[2024-07-21T08:30:57.473+0530][gc,phases   ] GC(75)   Other: 0.1ms
[2024-07-21T08:30:57.473+0530][gc,heap     ] GC(75) Eden regions: 613->0(613)
[2024-07-21T08:30:57.473+0530][gc,heap     ] GC(75) Survivor regions: 1->1(77)
[2024-07-21T08:30:57.473+0530][gc,heap     ] GC(75) Old regions: 17->17
[2024-07-21T08:30:57.473+0530][gc,heap     ] GC(75) Archive regions: 2->2
[2024-07-21T08:30:57.473+0530][gc,heap     ] GC(75) Humongous regions: 129->129
[2024-07-21T08:30:57.473+0530][gc,metaspace] GC(75) Metaspace: 40090K(40448K)->40090K(40448K) NonClass: 35661K(35840K)->35661K(35840K) Class: 4428K(4608K)->4428K(4608K)
[2024-07-21T08:30:57.473+0530][gc          ] GC(75) Pause Young (Normal) (G1 Evacuation Pause) 760M->146M(1024M) 0.927ms
[2024-07-21T08:30:57.473+0530][gc,cpu      ] GC(75) User=0.00s Sys=0.00s Real=0.00s
[2024-07-21T08:31:42.393+0530][gc,start    ] GC(76) Pause Young (Normal) (G1 Evacuation Pause)
[2024-07-21T08:31:42.393+0530][gc,task     ] GC(76) Using 13 workers of 13 for evacuation
[2024-07-21T08:31:42.394+0530][gc,phases   ] GC(76)   Pre Evacuate Collection Set: 0.1ms
[2024-07-21T08:31:42.394+0530][gc,phases   ] GC(76)   Merge Heap Roots: 0.1ms
[2024-07-21T08:31:42.394+0530][gc,phases   ] GC(76)   Evacuate Collection Set: 0.2ms
[2024-07-21T08:31:42.394+0530][gc,phases   ] GC(76)   Post Evacuate Collection Set: 0.2ms
[2024-07-21T08:31:42.394+0530][gc,phases   ] GC(76)   Other: 0.1ms
[2024-07-21T08:31:42.394+0530][gc,heap     ] GC(76) Eden regions: 613->0(613)
[2024-07-21T08:31:42.394+0530][gc,heap     ] GC(76) Survivor regions: 1->1(77)
[2024-07-21T08:31:42.394+0530][gc,heap     ] GC(76) Old regions: 17->17
[2024-07-21T08:31:42.394+0530][gc,heap     ] GC(76) Archive regions: 2->2
[2024-07-21T08:31:42.394+0530][gc,heap     ] GC(76) Humongous regions: 129->129
[2024-07-21T08:31:42.394+0530][gc,metaspace] GC(76) Metaspace: 40093K(40448K)->40093K(40448K) NonClass: 35665K(35840K)->35665K(35840K) Class: 4428K(4608K)->4428K(4608K)
[2024-07-21T08:31:42.394+0530][gc          ] GC(76) Pause Young (Normal) (G1 Evacuation Pause) 759M->146M(1024M) 0.766ms
[2024-07-21T08:31:42.394+0530][gc,cpu      ] GC(76) User=0.00s Sys=0.00s Real=0.00s
[2024-07-21T08:32:12.566+0530][gc,start    ] GC(77) Pause Young (Normal) (G1 Evacuation Pause)
[2024-07-21T08:32:12.566+0530][gc,task     ] GC(77) Using 13 workers of 13 for evacuation
[2024-07-21T08:32:12.567+0530][gc,phases   ] GC(77)   Pre Evacuate Collection Set: 0.1ms
[2024-07-21T08:32:12.567+0530][gc,phases   ] GC(77)   Merge Heap Roots: 0.1ms
[2024-07-21T08:32:12.567+0530][gc,phases   ] GC(77)   Evacuate Collection Set: 0.2ms
[2024-07-21T08:32:12.567+0530][gc,phases   ] GC(77)   Post Evacuate Collection Set: 0.3ms
[2024-07-21T08:32:12.567+0530][gc,phases   ] GC(77)   Other: 0.1ms
[2024-07-21T08:32:12.567+0530][gc,heap     ] GC(77) Eden regions: 613->0(613)
[2024-07-21T08:32:12.567+0530][gc,heap     ] GC(77) Survivor regions: 1->1(77)
[2024-07-21T08:32:12.567+0530][gc,heap     ] GC(77) Old regions: 17->17
[2024-07-21T08:32:12.567+0530][gc,heap     ] GC(77) Archive regions: 2->2
[2024-07-21T08:32:12.567+0530][gc,heap     ] GC(77) Humongous regions: 129->129
[2024-07-21T08:32:12.567+0530][gc,metaspace] GC(77) Metaspace: 40105K(40448K)->40105K(40448K) NonClass: 35676K(35840K)->35676K(35840K) Class: 4428K(4608K)->4428K(4608K)
[2024-07-21T08:32:12.567+0530][gc          ] GC(77) Pause Young (Normal) (G1 Evacuation Pause) 759M->147M(1024M) 0.902ms
[2024-07-21T08:32:12.567+0530][gc,cpu      ] GC(77) User=0.01s Sys=0.00s Real=0.01s
[2024-07-21T08:32:57.500+0530][gc,start    ] GC(78) Pause Young (Normal) (G1 Evacuation Pause)
[2024-07-21T08:32:57.500+0530][gc,task     ] GC(78) Using 13 workers of 13 for evacuation
[2024-07-21T08:32:57.501+0530][gc,phases   ] GC(78)   Pre Evacuate Collection Set: 0.1ms
[2024-07-21T08:32:57.501+0530][gc,phases   ] GC(78)   Merge Heap Roots: 0.1ms
[2024-07-21T08:32:57.501+0530][gc,phases   ] GC(78)   Evacuate Collection Set: 0.2ms
[2024-07-21T08:32:57.501+0530][gc,phases   ] GC(78)   Post Evacuate Collection Set: 0.2ms
[2024-07-21T08:32:57.501+0530][gc,phases   ] GC(78)   Other: 0.1ms
[2024-07-21T08:32:57.501+0530][gc,heap     ] GC(78) Eden regions: 613->0(613)
[2024-07-21T08:32:57.501+0530][gc,heap     ] GC(78) Survivor regions: 1->1(77)
[2024-07-21T08:32:57.501+0530][gc,heap     ] GC(78) Old regions: 17->17
[2024-07-21T08:32:57.501+0530][gc,heap     ] GC(78) Archive regions: 2->2
[2024-07-21T08:32:57.501+0530][gc,heap     ] GC(78) Humongous regions: 129->129
[2024-07-21T08:32:57.501+0530][gc,metaspace] GC(78) Metaspace: 40105K(40448K)->40105K(40448K) NonClass: 35677K(35840K)->35677K(35840K) Class: 4428K(4608K)->4428K(4608K)
[2024-07-21T08:32:57.501+0530][gc          ] GC(78) Pause Young (Normal) (G1 Evacuation Pause) 760M->146M(1024M) 0.726ms
[2024-07-21T08:32:57.501+0530][gc,cpu      ] GC(78) User=0.00s Sys=0.00s Real=0.00s
[2024-07-21T08:33:42.415+0530][gc,start    ] GC(79) Pause Young (Normal) (G1 Evacuation Pause)
[2024-07-21T08:33:42.416+0530][gc,task     ] GC(79) Using 13 workers of 13 for evacuation
[2024-07-21T08:33:42.417+0530][gc,phases   ] GC(79)   Pre Evacuate Collection Set: 0.1ms
[2024-07-21T08:33:42.417+0530][gc,phases   ] GC(79)   Merge Heap Roots: 0.2ms
[2024-07-21T08:33:42.417+0530][gc,phases   ] GC(79)   Evacuate Collection Set: 0.3ms
[2024-07-21T08:33:42.417+0530][gc,phases   ] GC(79)   Post Evacuate Collection Set: 0.4ms
[2024-07-21T08:33:42.417+0530][gc,phases   ] GC(79)   Other: 0.1ms
[2024-07-21T08:33:42.417+0530][gc,heap     ] GC(79) Eden regions: 613->0(613)
[2024-07-21T08:33:42.417+0530][gc,heap     ] GC(79) Survivor regions: 1->1(77)
[2024-07-21T08:33:42.417+0530][gc,heap     ] GC(79) Old regions: 17->17
[2024-07-21T08:33:42.417+0530][gc,heap     ] GC(79) Archive regions: 2->2
[2024-07-21T08:33:42.417+0530][gc,heap     ] GC(79) Humongous regions: 129->129
[2024-07-21T08:33:42.417+0530][gc,metaspace] GC(79) Metaspace: 40107K(40448K)->40107K(40448K) NonClass: 35679K(35840K)->35679K(35840K) Class: 4428K(4608K)->4428K(4608K)
[2024-07-21T08:33:42.417+0530][gc          ] GC(79) Pause Young (Normal) (G1 Evacuation Pause) 759M->146M(1024M) 1.088ms
[2024-07-21T08:33:42.417+0530][gc,cpu      ] GC(79) User=0.01s Sys=0.00s Real=0.00s
[2024-07-21T08:34:27.342+0530][gc,start    ] GC(80) Pause Young (Normal) (G1 Evacuation Pause)
[2024-07-21T08:34:27.342+0530][gc,task     ] GC(80) Using 13 workers of 13 for evacuation
[2024-07-21T08:34:27.343+0530][gc,phases   ] GC(80)   Pre Evacuate Collection Set: 0.1ms
[2024-07-21T08:34:27.343+0530][gc,phases   ] GC(80)   Merge Heap Roots: 0.1ms
[2024-07-21T08:34:27.343+0530][gc,phases   ] GC(80)   Evacuate Collection Set: 0.3ms
[2024-07-21T08:34:27.343+0530][gc,phases   ] GC(80)   Post Evacuate Collection Set: 0.4ms
[2024-07-21T08:34:27.343+0530][gc,phases   ] GC(80)   Other: 0.1ms
[2024-07-21T08:34:27.343+0530][gc,heap     ] GC(80) Eden regions: 613->0(613)
[2024-07-21T08:34:27.343+0530][gc,heap     ] GC(80) Survivor regions: 1->1(77)
[2024-07-21T08:34:27.343+0530][gc,heap     ] GC(80) Old regions: 17->17
[2024-07-21T08:34:27.343+0530][gc,heap     ] GC(80) Archive regions: 2->2
[2024-07-21T08:34:27.343+0530][gc,heap     ] GC(80) Humongous regions: 129->129
[2024-07-21T08:34:27.343+0530][gc,metaspace] GC(80) Metaspace: 40156K(40576K)->40156K(40576K) NonClass: 35727K(35968K)->35727K(35968K) Class: 4428K(4608K)->4428K(4608K)
[2024-07-21T08:34:27.343+0530][gc          ] GC(80) Pause Young (Normal) (G1 Evacuation Pause) 759M->146M(1024M) 1.014ms
[2024-07-21T08:34:27.343+0530][gc,cpu      ] GC(80) User=0.00s Sys=0.00s Real=0.00s
[2024-07-21T08:34:57.516+0530][gc,start    ] GC(81) Pause Young (Normal) (G1 Evacuation Pause)
[2024-07-21T08:34:57.516+0530][gc,task     ] GC(81) Using 13 workers of 13 for evacuation
[2024-07-21T08:34:57.517+0530][gc,phases   ] GC(81)   Pre Evacuate Collection Set: 0.1ms
[2024-07-21T08:34:57.517+0530][gc,phases   ] GC(81)   Merge Heap Roots: 0.1ms
[2024-07-21T08:34:57.517+0530][gc,phases   ] GC(81)   Evacuate Collection Set: 0.3ms
[2024-07-21T08:34:57.517+0530][gc,phases   ] GC(81)   Post Evacuate Collection Set: 0.5ms
[2024-07-21T08:34:57.517+0530][gc,phases   ] GC(81)   Other: 0.1ms
[2024-07-21T08:34:57.517+0530][gc,heap     ] GC(81) Eden regions: 613->0(613)
[2024-07-21T08:34:57.517+0530][gc,heap     ] GC(81) Survivor regions: 1->1(77)
[2024-07-21T08:34:57.517+0530][gc,heap     ] GC(81) Old regions: 17->17
[2024-07-21T08:34:57.517+0530][gc,heap     ] GC(81) Archive regions: 2->2
[2024-07-21T08:34:57.517+0530][gc,heap     ] GC(81) Humongous regions: 129->129
[2024-07-21T08:34:57.517+0530][gc,metaspace] GC(81) Metaspace: 40157K(40576K)->40157K(40576K) NonClass: 35729K(35968K)->35729K(35968K) Class: 4428K(4608K)->4428K(4608K)
[2024-07-21T08:34:57.517+0530][gc          ] GC(81) Pause Young (Normal) (G1 Evacuation Pause) 759M->147M(1024M) 1.141ms
[2024-07-21T08:34:57.517+0530][gc,cpu      ] GC(81) User=0.01s Sys=0.00s Real=0.00s
[2024-07-21T08:35:42.440+0530][gc,start    ] GC(82) Pause Young (Normal) (G1 Evacuation Pause)
[2024-07-21T08:35:42.440+0530][gc,task     ] GC(82) Using 13 workers of 13 for evacuation
[2024-07-21T08:35:42.441+0530][gc,phases   ] GC(82)   Pre Evacuate Collection Set: 0.1ms
[2024-07-21T08:35:42.441+0530][gc,phases   ] GC(82)   Merge Heap Roots: 0.1ms
[2024-07-21T08:35:42.441+0530][gc,phases   ] GC(82)   Evacuate Collection Set: 0.3ms
[2024-07-21T08:35:42.441+0530][gc,phases   ] GC(82)   Post Evacuate Collection Set: 0.3ms
[2024-07-21T08:35:42.441+0530][gc,phases   ] GC(82)   Other: 0.1ms
[2024-07-21T08:35:42.441+0530][gc,heap     ] GC(82) Eden regions: 613->0(613)
[2024-07-21T08:35:42.441+0530][gc,heap     ] GC(82) Survivor regions: 1->1(77)
[2024-07-21T08:35:42.441+0530][gc,heap     ] GC(82) Old regions: 17->17
[2024-07-21T08:35:42.441+0530][gc,heap     ] GC(82) Archive regions: 2->2
[2024-07-21T08:35:42.441+0530][gc,heap     ] GC(82) Humongous regions: 129->129
[2024-07-21T08:35:42.441+0530][gc,metaspace] GC(82) Metaspace: 40158K(40576K)->40158K(40576K) NonClass: 35730K(35968K)->35730K(35968K) Class: 4428K(4608K)->4428K(4608K)
[2024-07-21T08:35:42.441+0530][gc          ] GC(82) Pause Young (Normal) (G1 Evacuation Pause) 760M->146M(1024M) 0.966ms
[2024-07-21T08:35:42.441+0530][gc,cpu      ] GC(82) User=0.00s Sys=0.00s Real=0.00s
[2024-07-21T08:36:27.369+0530][gc,start    ] GC(83) Pause Young (Normal) (G1 Evacuation Pause)
[2024-07-21T08:36:27.369+0530][gc,task     ] GC(83) Using 13 workers of 13 for evacuation
[2024-07-21T08:36:27.369+0530][gc,phases   ] GC(83)   Pre Evacuate Collection Set: 0.1ms
[2024-07-21T08:36:27.369+0530][gc,phases   ] GC(83)   Merge Heap Roots: 0.1ms
[2024-07-21T08:36:27.369+0530][gc,phases   ] GC(83)   Evacuate Collection Set: 0.2ms
[2024-07-21T08:36:27.369+0530][gc,phases   ] GC(83)   Post Evacuate Collection Set: 0.3ms
[2024-07-21T08:36:27.369+0530][gc,phases   ] GC(83)   Other: 0.1ms
[2024-07-21T08:36:27.369+0530][gc,heap     ] GC(83) Eden regions: 613->0(613)
[2024-07-21T08:36:27.369+0530][gc,heap     ] GC(83) Survivor regions: 1->1(77)
[2024-07-21T08:36:27.369+0530][gc,heap     ] GC(83) Old regions: 17->17
[2024-07-21T08:36:27.369+0530][gc,heap     ] GC(83) Archive regions: 2->2
[2024-07-21T08:36:27.369+0530][gc,heap     ] GC(83) Humongous regions: 129->129
[2024-07-21T08:36:27.369+0530][gc,metaspace] GC(83) Metaspace: 40185K(40576K)->40185K(40576K) NonClass: 35757K(35968K)->35757K(35968K) Class: 4428K(4608K)->4428K(4608K)
[2024-07-21T08:36:27.369+0530][gc          ] GC(83) Pause Young (Normal) (G1 Evacuation Pause) 759M->146M(1024M) 0.770ms
[2024-07-21T08:36:27.369+0530][gc,cpu      ] GC(83) User=0.00s Sys=0.00s Real=0.00s
[2024-07-21T08:36:57.546+0530][gc,start    ] GC(84) Pause Young (Normal) (G1 Evacuation Pause)
[2024-07-21T08:36:57.546+0530][gc,task     ] GC(84) Using 13 workers of 13 for evacuation
[2024-07-21T08:36:57.547+0530][gc,phases   ] GC(84)   Pre Evacuate Collection Set: 0.1ms
[2024-07-21T08:36:57.547+0530][gc,phases   ] GC(84)   Merge Heap Roots: 0.1ms
[2024-07-21T08:36:57.547+0530][gc,phases   ] GC(84)   Evacuate Collection Set: 0.3ms
[2024-07-21T08:36:57.547+0530][gc,phases   ] GC(84)   Post Evacuate Collection Set: 0.4ms
[2024-07-21T08:36:57.547+0530][gc,phases   ] GC(84)   Other: 0.1ms
[2024-07-21T08:36:57.547+0530][gc,heap     ] GC(84) Eden regions: 613->0(613)
[2024-07-21T08:36:57.547+0530][gc,heap     ] GC(84) Survivor regions: 1->1(77)
[2024-07-21T08:36:57.547+0530][gc,heap     ] GC(84) Old regions: 17->17
[2024-07-21T08:36:57.547+0530][gc,heap     ] GC(84) Archive regions: 2->2
[2024-07-21T08:36:57.547+0530][gc,heap     ] GC(84) Humongous regions: 129->129
[2024-07-21T08:36:57.547+0530][gc,metaspace] GC(84) Metaspace: 40185K(40576K)->40185K(40576K) NonClass: 35757K(35968K)->35757K(35968K) Class: 4428K(4608K)->4428K(4608K)
[2024-07-21T08:36:57.547+0530][gc          ] GC(84) Pause Young (Normal) (G1 Evacuation Pause) 759M->147M(1024M) 1.025ms
[2024-07-21T08:36:57.547+0530][gc,cpu      ] GC(84) User=0.00s Sys=0.00s Real=0.00s
[2024-07-21T08:37:42.459+0530][gc,start    ] GC(85) Pause Young (Normal) (G1 Evacuation Pause)
[2024-07-21T08:37:42.459+0530][gc,task     ] GC(85) Using 13 workers of 13 for evacuation
[2024-07-21T08:37:42.460+0530][gc,phases   ] GC(85)   Pre Evacuate Collection Set: 0.1ms
[2024-07-21T08:37:42.460+0530][gc,phases   ] GC(85)   Merge Heap Roots: 0.2ms
[2024-07-21T08:37:42.460+0530][gc,phases   ] GC(85)   Evacuate Collection Set: 0.2ms
[2024-07-21T08:37:42.460+0530][gc,phases   ] GC(85)   Post Evacuate Collection Set: 0.4ms
[2024-07-21T08:37:42.460+0530][gc,phases   ] GC(85)   Other: 0.1ms
[2024-07-21T08:37:42.460+0530][gc,heap     ] GC(85) Eden regions: 613->0(613)
[2024-07-21T08:37:42.460+0530][gc,heap     ] GC(85) Survivor regions: 1->1(77)
[2024-07-21T08:37:42.460+0530][gc,heap     ] GC(85) Old regions: 17->17
[2024-07-21T08:37:42.460+0530][gc,heap     ] GC(85) Archive regions: 2->2
[2024-07-21T08:37:42.460+0530][gc,heap     ] GC(85) Humongous regions: 129->129
[2024-07-21T08:37:42.460+0530][gc,metaspace] GC(85) Metaspace: 40193K(40576K)->40193K(40576K) NonClass: 35765K(35968K)->35765K(35968K) Class: 4428K(4608K)->4428K(4608K)
[2024-07-21T08:37:42.460+0530][gc          ] GC(85) Pause Young (Normal) (G1 Evacuation Pause) 760M->146M(1024M) 1.011ms
[2024-07-21T08:37:42.460+0530][gc,cpu      ] GC(85) User=0.00s Sys=0.00s Real=0.00s
[2024-07-21T08:38:27.382+0530][gc,start    ] GC(86) Pause Young (Normal) (G1 Evacuation Pause)
[2024-07-21T08:38:27.382+0530][gc,task     ] GC(86) Using 13 workers of 13 for evacuation
[2024-07-21T08:38:27.382+0530][gc,phases   ] GC(86)   Pre Evacuate Collection Set: 0.1ms
[2024-07-21T08:38:27.382+0530][gc,phases   ] GC(86)   Merge Heap Roots: 0.1ms
[2024-07-21T08:38:27.382+0530][gc,phases   ] GC(86)   Evacuate Collection Set: 0.2ms
[2024-07-21T08:38:27.382+0530][gc,phases   ] GC(86)   Post Evacuate Collection Set: 0.2ms
[2024-07-21T08:38:27.382+0530][gc,phases   ] GC(86)   Other: 0.1ms
[2024-07-21T08:38:27.382+0530][gc,heap     ] GC(86) Eden regions: 613->0(613)
[2024-07-21T08:38:27.382+0530][gc,heap     ] GC(86) Survivor regions: 1->1(77)
[2024-07-21T08:38:27.382+0530][gc,heap     ] GC(86) Old regions: 17->17
[2024-07-21T08:38:27.382+0530][gc,heap     ] GC(86) Archive regions: 2->2
[2024-07-21T08:38:27.382+0530][gc,heap     ] GC(86) Humongous regions: 129->129
[2024-07-21T08:38:27.382+0530][gc,metaspace] GC(86) Metaspace: 40200K(40576K)->40200K(40576K) NonClass: 35771K(35968K)->35771K(35968K) Class: 4428K(4608K)->4428K(4608K)
[2024-07-21T08:38:27.382+0530][gc          ] GC(86) Pause Young (Normal) (G1 Evacuation Pause) 759M->146M(1024M) 0.634ms
[2024-07-21T08:38:27.382+0530][gc,cpu      ] GC(86) User=0.01s Sys=0.00s Real=0.00s
[2024-07-21T08:38:57.564+0530][gc,start    ] GC(87) Pause Young (Normal) (G1 Evacuation Pause)
[2024-07-21T08:38:57.564+0530][gc,task     ] GC(87) Using 13 workers of 13 for evacuation
[2024-07-21T08:38:57.565+0530][gc,phases   ] GC(87)   Pre Evacuate Collection Set: 0.1ms
[2024-07-21T08:38:57.565+0530][gc,phases   ] GC(87)   Merge Heap Roots: 0.2ms
[2024-07-21T08:38:57.565+0530][gc,phases   ] GC(87)   Evacuate Collection Set: 0.2ms
[2024-07-21T08:38:57.565+0530][gc,phases   ] GC(87)   Post Evacuate Collection Set: 0.2ms
[2024-07-21T08:38:57.565+0530][gc,phases   ] GC(87)   Other: 0.1ms
[2024-07-21T08:38:57.565+0530][gc,heap     ] GC(87) Eden regions: 613->0(613)
[2024-07-21T08:38:57.565+0530][gc,heap     ] GC(87) Survivor regions: 1->1(77)
[2024-07-21T08:38:57.565+0530][gc,heap     ] GC(87) Old regions: 17->17
[2024-07-21T08:38:57.565+0530][gc,heap     ] GC(87) Archive regions: 2->2
[2024-07-21T08:38:57.565+0530][gc,heap     ] GC(87) Humongous regions: 129->129
[2024-07-21T08:38:57.565+0530][gc,metaspace] GC(87) Metaspace: 40202K(40576K)->40202K(40576K) NonClass: 35774K(35968K)->35774K(35968K) Class: 4428K(4608K)->4428K(4608K)
[2024-07-21T08:38:57.565+0530][gc          ] GC(87) Pause Young (Normal) (G1 Evacuation Pause) 759M->147M(1024M) 0.883ms
[2024-07-21T08:38:57.565+0530][gc,cpu      ] GC(87) User=0.01s Sys=0.00s Real=0.00s
[2024-07-21T08:39:42.478+0530][gc,start    ] GC(88) Pause Young (Normal) (G1 Evacuation Pause)
[2024-07-21T08:39:42.478+0530][gc,task     ] GC(88) Using 13 workers of 13 for evacuation
[2024-07-21T08:39:42.479+0530][gc,phases   ] GC(88)   Pre Evacuate Collection Set: 0.1ms
[2024-07-21T08:39:42.479+0530][gc,phases   ] GC(88)   Merge Heap Roots: 0.1ms
[2024-07-21T08:39:42.479+0530][gc,phases   ] GC(88)   Evacuate Collection Set: 0.2ms
[2024-07-21T08:39:42.479+0530][gc,phases   ] GC(88)   Post Evacuate Collection Set: 0.3ms
[2024-07-21T08:39:42.479+0530][gc,phases   ] GC(88)   Other: 0.1ms
[2024-07-21T08:39:42.479+0530][gc,heap     ] GC(88) Eden regions: 613->0(613)
[2024-07-21T08:39:42.479+0530][gc,heap     ] GC(88) Survivor regions: 1->1(77)
[2024-07-21T08:39:42.479+0530][gc,heap     ] GC(88) Old regions: 17->17
[2024-07-21T08:39:42.479+0530][gc,heap     ] GC(88) Archive regions: 2->2
[2024-07-21T08:39:42.479+0530][gc,heap     ] GC(88) Humongous regions: 129->129
[2024-07-21T08:39:42.479+0530][gc,metaspace] GC(88) Metaspace: 40214K(40576K)->40214K(40576K) NonClass: 35786K(35968K)->35786K(35968K) Class: 4428K(4608K)->4428K(4608K)
[2024-07-21T08:39:42.479+0530][gc          ] GC(88) Pause Young (Normal) (G1 Evacuation Pause) 760M->147M(1024M) 0.860ms
[2024-07-21T08:39:42.479+0530][gc,cpu      ] GC(88) User=0.00s Sys=0.00s Real=0.01s
[2024-07-21T08:40:27.415+0530][gc,start    ] GC(89) Pause Young (Normal) (G1 Evacuation Pause)
[2024-07-21T08:40:27.415+0530][gc,task     ] GC(89) Using 13 workers of 13 for evacuation
[2024-07-21T08:40:27.416+0530][gc,phases   ] GC(89)   Pre Evacuate Collection Set: 0.1ms
[2024-07-21T08:40:27.416+0530][gc,phases   ] GC(89)   Merge Heap Roots: 0.1ms
[2024-07-21T08:40:27.416+0530][gc,phases   ] GC(89)   Evacuate Collection Set: 0.2ms
[2024-07-21T08:40:27.416+0530][gc,phases   ] GC(89)   Post Evacuate Collection Set: 0.3ms
[2024-07-21T08:40:27.416+0530][gc,phases   ] GC(89)   Other: 0.1ms
[2024-07-21T08:40:27.416+0530][gc,heap     ] GC(89) Eden regions: 613->0(613)
[2024-07-21T08:40:27.416+0530][gc,heap     ] GC(89) Survivor regions: 1->1(77)
[2024-07-21T08:40:27.416+0530][gc,heap     ] GC(89) Old regions: 17->17
[2024-07-21T08:40:27.416+0530][gc,heap     ] GC(89) Archive regions: 2->2
[2024-07-21T08:40:27.416+0530][gc,heap     ] GC(89) Humongous regions: 129->129
[2024-07-21T08:40:27.416+0530][gc,metaspace] GC(89) Metaspace: 40214K(40576K)->40214K(40576K) NonClass: 35786K(35968K)->35786K(35968K) Class: 4428K(4608K)->4428K(4608K)
[2024-07-21T08:40:27.416+0530][gc          ] GC(89) Pause Young (Normal) (G1 Evacuation Pause) 760M->146M(1024M) 0.889ms
[2024-07-21T08:40:27.416+0530][gc,cpu      ] GC(89) User=0.01s Sys=0.00s Real=0.00s
[2024-07-21T08:41:12.332+0530][gc,start    ] GC(90) Pause Young (Normal) (G1 Evacuation Pause)
[2024-07-21T08:41:12.332+0530][gc,task     ] GC(90) Using 13 workers of 13 for evacuation
[2024-07-21T08:41:12.334+0530][gc,phases   ] GC(90)   Pre Evacuate Collection Set: 0.3ms
[2024-07-21T08:41:12.334+0530][gc,phases   ] GC(90)   Merge Heap Roots: 0.3ms
[2024-07-21T08:41:12.334+0530][gc,phases   ] GC(90)   Evacuate Collection Set: 0.6ms
[2024-07-21T08:41:12.334+0530][gc,phases   ] GC(90)   Post Evacuate Collection Set: 0.7ms
[2024-07-21T08:41:12.334+0530][gc,phases   ] GC(90)   Other: 0.3ms
[2024-07-21T08:41:12.334+0530][gc,heap     ] GC(90) Eden regions: 613->0(613)
[2024-07-21T08:41:12.334+0530][gc,heap     ] GC(90) Survivor regions: 1->1(77)
[2024-07-21T08:41:12.334+0530][gc,heap     ] GC(90) Old regions: 17->17
[2024-07-21T08:41:12.334+0530][gc,heap     ] GC(90) Archive regions: 2->2
[2024-07-21T08:41:12.334+0530][gc,heap     ] GC(90) Humongous regions: 129->129
[2024-07-21T08:41:12.334+0530][gc,metaspace] GC(90) Metaspace: 40214K(40576K)->40214K(40576K) NonClass: 35786K(35968K)->35786K(35968K) Class: 4428K(4608K)->4428K(4608K)
[2024-07-21T08:41:12.334+0530][gc          ] GC(90) Pause Young (Normal) (G1 Evacuation Pause) 759M->146M(1024M) 2.454ms
[2024-07-21T08:41:12.334+0530][gc,cpu      ] GC(90) User=0.01s Sys=0.00s Real=0.00s
[2024-07-21T08:41:42.513+0530][gc,start    ] GC(91) Pause Young (Normal) (G1 Evacuation Pause)
[2024-07-21T08:41:42.513+0530][gc,task     ] GC(91) Using 13 workers of 13 for evacuation
[2024-07-21T08:41:42.514+0530][gc,phases   ] GC(91)   Pre Evacuate Collection Set: 0.1ms
[2024-07-21T08:41:42.514+0530][gc,phases   ] GC(91)   Merge Heap Roots: 0.2ms
[2024-07-21T08:41:42.514+0530][gc,phases   ] GC(91)   Evacuate Collection Set: 0.2ms
[2024-07-21T08:41:42.514+0530][gc,phases   ] GC(91)   Post Evacuate Collection Set: 0.2ms
[2024-07-21T08:41:42.514+0530][gc,phases   ] GC(91)   Other: 0.1ms
[2024-07-21T08:41:42.514+0530][gc,heap     ] GC(91) Eden regions: 613->0(613)
[2024-07-21T08:41:42.514+0530][gc,heap     ] GC(91) Survivor regions: 1->1(77)
[2024-07-21T08:41:42.514+0530][gc,heap     ] GC(91) Old regions: 17->17
[2024-07-21T08:41:42.514+0530][gc,heap     ] GC(91) Archive regions: 2->2
[2024-07-21T08:41:42.514+0530][gc,heap     ] GC(91) Humongous regions: 129->129
[2024-07-21T08:41:42.514+0530][gc,metaspace] GC(91) Metaspace: 40214K(40576K)->40214K(40576K) NonClass: 35786K(35968K)->35786K(35968K) Class: 4428K(4608K)->4428K(4608K)
[2024-07-21T08:41:42.514+0530][gc          ] GC(91) Pause Young (Normal) (G1 Evacuation Pause) 759M->147M(1024M) 0.806ms
[2024-07-21T08:41:42.514+0530][gc,cpu      ] GC(91) User=0.00s Sys=0.00s Real=0.00s
[2024-07-21T08:42:27.428+0530][gc,start    ] GC(92) Pause Young (Normal) (G1 Evacuation Pause)
[2024-07-21T08:42:27.428+0530][gc,task     ] GC(92) Using 13 workers of 13 for evacuation
[2024-07-21T08:42:27.429+0530][gc,phases   ] GC(92)   Pre Evacuate Collection Set: 0.1ms
[2024-07-21T08:42:27.429+0530][gc,phases   ] GC(92)   Merge Heap Roots: 0.2ms
[2024-07-21T08:42:27.429+0530][gc,phases   ] GC(92)   Evacuate Collection Set: 0.2ms
[2024-07-21T08:42:27.429+0530][gc,phases   ] GC(92)   Post Evacuate Collection Set: 0.3ms
[2024-07-21T08:42:27.429+0530][gc,phases   ] GC(92)   Other: 0.1ms
[2024-07-21T08:42:27.429+0530][gc,heap     ] GC(92) Eden regions: 613->0(613)
[2024-07-21T08:42:27.429+0530][gc,heap     ] GC(92) Survivor regions: 1->1(77)
[2024-07-21T08:42:27.429+0530][gc,heap     ] GC(92) Old regions: 17->17
[2024-07-21T08:42:27.429+0530][gc,heap     ] GC(92) Archive regions: 2->2
[2024-07-21T08:42:27.429+0530][gc,heap     ] GC(92) Humongous regions: 129->129
[2024-07-21T08:42:27.429+0530][gc,metaspace] GC(92) Metaspace: 40214K(40576K)->40214K(40576K) NonClass: 35786K(35968K)->35786K(35968K) Class: 4428K(4608K)->4428K(4608K)
[2024-07-21T08:42:27.429+0530][gc          ] GC(92) Pause Young (Normal) (G1 Evacuation Pause) 760M->146M(1024M) 0.915ms
[2024-07-21T08:42:27.429+0530][gc,cpu      ] GC(92) User=0.01s Sys=0.00s Real=0.00s
[2024-07-21T08:43:12.361+0530][gc,start    ] GC(93) Pause Young (Normal) (G1 Evacuation Pause)
[2024-07-21T08:43:12.361+0530][gc,task     ] GC(93) Using 13 workers of 13 for evacuation
[2024-07-21T08:43:12.361+0530][gc,phases   ] GC(93)   Pre Evacuate Collection Set: 0.1ms
[2024-07-21T08:43:12.361+0530][gc,phases   ] GC(93)   Merge Heap Roots: 0.1ms
[2024-07-21T08:43:12.361+0530][gc,phases   ] GC(93)   Evacuate Collection Set: 0.2ms
[2024-07-21T08:43:12.361+0530][gc,phases   ] GC(93)   Post Evacuate Collection Set: 0.3ms
[2024-07-21T08:43:12.361+0530][gc,phases   ] GC(93)   Other: 0.1ms
[2024-07-21T08:43:12.361+0530][gc,heap     ] GC(93) Eden regions: 613->0(613)
[2024-07-21T08:43:12.361+0530][gc,heap     ] GC(93) Survivor regions: 1->1(77)
[2024-07-21T08:43:12.361+0530][gc,heap     ] GC(93) Old regions: 17->17
[2024-07-21T08:43:12.361+0530][gc,heap     ] GC(93) Archive regions: 2->2
[2024-07-21T08:43:12.361+0530][gc,heap     ] GC(93) Humongous regions: 129->129
[2024-07-21T08:43:12.361+0530][gc,metaspace] GC(93) Metaspace: 40217K(40576K)->40217K(40576K) NonClass: 35787K(35968K)->35787K(35968K) Class: 4429K(4608K)->4429K(4608K)
[2024-07-21T08:43:12.361+0530][gc          ] GC(93) Pause Young (Normal) (G1 Evacuation Pause) 759M->146M(1024M) 0.827ms
[2024-07-21T08:43:12.361+0530][gc,cpu      ] GC(93) User=0.00s Sys=0.00s Real=0.00s
[2024-07-21T08:43:42.533+0530][gc,start    ] GC(94) Pause Young (Normal) (G1 Evacuation Pause)
[2024-07-21T08:43:42.533+0530][gc,task     ] GC(94) Using 13 workers of 13 for evacuation
[2024-07-21T08:43:42.534+0530][gc,phases   ] GC(94)   Pre Evacuate Collection Set: 0.1ms
[2024-07-21T08:43:42.534+0530][gc,phases   ] GC(94)   Merge Heap Roots: 0.1ms
[2024-07-21T08:43:42.534+0530][gc,phases   ] GC(94)   Evacuate Collection Set: 0.3ms
[2024-07-21T08:43:42.534+0530][gc,phases   ] GC(94)   Post Evacuate Collection Set: 0.2ms
[2024-07-21T08:43:42.534+0530][gc,phases   ] GC(94)   Other: 0.1ms
[2024-07-21T08:43:42.534+0530][gc,heap     ] GC(94) Eden regions: 613->0(613)
[2024-07-21T08:43:42.534+0530][gc,heap     ] GC(94) Survivor regions: 1->1(77)
[2024-07-21T08:43:42.534+0530][gc,heap     ] GC(94) Old regions: 17->17
[2024-07-21T08:43:42.534+0530][gc,heap     ] GC(94) Archive regions: 2->2
[2024-07-21T08:43:42.534+0530][gc,heap     ] GC(94) Humongous regions: 129->129
[2024-07-21T08:43:42.534+0530][gc,metaspace] GC(94) Metaspace: 40217K(40576K)->40217K(40576K) NonClass: 35788K(35968K)->35788K(35968K) Class: 4429K(4608K)->4429K(4608K)
[2024-07-21T08:43:42.534+0530][gc          ] GC(94) Pause Young (Normal) (G1 Evacuation Pause) 759M->147M(1024M) 0.799ms
[2024-07-21T08:43:42.534+0530][gc,cpu      ] GC(94) User=0.01s Sys=0.00s Real=0.00s
[2024-07-21T08:44:27.444+0530][gc,start    ] GC(95) Pause Young (Normal) (G1 Evacuation Pause)
[2024-07-21T08:44:27.444+0530][gc,task     ] GC(95) Using 13 workers of 13 for evacuation
[2024-07-21T08:44:27.445+0530][gc,phases   ] GC(95)   Pre Evacuate Collection Set: 0.1ms
[2024-07-21T08:44:27.445+0530][gc,phases   ] GC(95)   Merge Heap Roots: 0.2ms
[2024-07-21T08:44:27.445+0530][gc,phases   ] GC(95)   Evacuate Collection Set: 0.3ms
[2024-07-21T08:44:27.445+0530][gc,phases   ] GC(95)   Post Evacuate Collection Set: 0.4ms
[2024-07-21T08:44:27.445+0530][gc,phases   ] GC(95)   Other: 0.1ms
[2024-07-21T08:44:27.445+0530][gc,heap     ] GC(95) Eden regions: 613->0(613)
[2024-07-21T08:44:27.445+0530][gc,heap     ] GC(95) Survivor regions: 1->1(77)
[2024-07-21T08:44:27.445+0530][gc,heap     ] GC(95) Old regions: 17->17
[2024-07-21T08:44:27.445+0530][gc,heap     ] GC(95) Archive regions: 2->2
[2024-07-21T08:44:27.445+0530][gc,heap     ] GC(95) Humongous regions: 129->129
[2024-07-21T08:44:27.445+0530][gc,metaspace] GC(95) Metaspace: 40221K(40576K)->40221K(40576K) NonClass: 35791K(35968K)->35791K(35968K) Class: 4429K(4608K)->4429K(4608K)
[2024-07-21T08:44:27.445+0530][gc          ] GC(95) Pause Young (Normal) (G1 Evacuation Pause) 760M->147M(1024M) 1.093ms
[2024-07-21T08:44:27.445+0530][gc,cpu      ] GC(95) User=0.01s Sys=0.00s Real=0.00s
[2024-07-21T08:45:12.369+0530][gc,start    ] GC(96) Pause Young (Normal) (G1 Evacuation Pause)
[2024-07-21T08:45:12.369+0530][gc,task     ] GC(96) Using 13 workers of 13 for evacuation
[2024-07-21T08:45:12.369+0530][gc,phases   ] GC(96)   Pre Evacuate Collection Set: 0.1ms
[2024-07-21T08:45:12.369+0530][gc,phases   ] GC(96)   Merge Heap Roots: 0.2ms
[2024-07-21T08:45:12.369+0530][gc,phases   ] GC(96)   Evacuate Collection Set: 0.2ms
[2024-07-21T08:45:12.369+0530][gc,phases   ] GC(96)   Post Evacuate Collection Set: 0.3ms
[2024-07-21T08:45:12.369+0530][gc,phases   ] GC(96)   Other: 0.1ms
[2024-07-21T08:45:12.369+0530][gc,heap     ] GC(96) Eden regions: 613->0(613)
[2024-07-21T08:45:12.369+0530][gc,heap     ] GC(96) Survivor regions: 1->1(77)
[2024-07-21T08:45:12.369+0530][gc,heap     ] GC(96) Old regions: 17->17
[2024-07-21T08:45:12.369+0530][gc,heap     ] GC(96) Archive regions: 2->2
[2024-07-21T08:45:12.369+0530][gc,heap     ] GC(96) Humongous regions: 129->129
[2024-07-21T08:45:12.370+0530][gc,metaspace] GC(96) Metaspace: 40223K(40576K)->40223K(40576K) NonClass: 35794K(35968K)->35794K(35968K) Class: 4429K(4608K)->4429K(4608K)
[2024-07-21T08:45:12.370+0530][gc          ] GC(96) Pause Young (Normal) (G1 Evacuation Pause) 760M->146M(1024M) 0.892ms
[2024-07-21T08:45:12.370+0530][gc,cpu      ] GC(96) User=0.00s Sys=0.00s Real=0.00s
[2024-07-21T08:45:42.542+0530][gc,start    ] GC(97) Pause Young (Normal) (G1 Evacuation Pause)
[2024-07-21T08:45:42.542+0530][gc,task     ] GC(97) Using 13 workers of 13 for evacuation
[2024-07-21T08:45:42.543+0530][gc,phases   ] GC(97)   Pre Evacuate Collection Set: 0.2ms
[2024-07-21T08:45:42.544+0530][gc,phases   ] GC(97)   Merge Heap Roots: 0.1ms
[2024-07-21T08:45:42.544+0530][gc,phases   ] GC(97)   Evacuate Collection Set: 0.4ms
[2024-07-21T08:45:42.544+0530][gc,phases   ] GC(97)   Post Evacuate Collection Set: 0.5ms
[2024-07-21T08:45:42.544+0530][gc,phases   ] GC(97)   Other: 0.2ms
[2024-07-21T08:45:42.544+0530][gc,heap     ] GC(97) Eden regions: 613->0(613)
[2024-07-21T08:45:42.544+0530][gc,heap     ] GC(97) Survivor regions: 1->1(77)
[2024-07-21T08:45:42.544+0530][gc,heap     ] GC(97) Old regions: 17->17
[2024-07-21T08:45:42.544+0530][gc,heap     ] GC(97) Archive regions: 2->2
[2024-07-21T08:45:42.544+0530][gc,heap     ] GC(97) Humongous regions: 129->129
[2024-07-21T08:45:42.544+0530][gc,metaspace] GC(97) Metaspace: 40224K(40576K)->40224K(40576K) NonClass: 35795K(35968K)->35795K(35968K) Class: 4429K(4608K)->4429K(4608K)
[2024-07-21T08:45:42.544+0530][gc          ] GC(97) Pause Young (Normal) (G1 Evacuation Pause) 759M->147M(1024M) 1.390ms
[2024-07-21T08:45:42.544+0530][gc,cpu      ] GC(97) User=0.00s Sys=0.00s Real=0.00s
[2024-07-21T08:46:27.479+0530][gc,start    ] GC(98) Pause Young (Normal) (G1 Evacuation Pause)
[2024-07-21T08:46:27.479+0530][gc,task     ] GC(98) Using 13 workers of 13 for evacuation
[2024-07-21T08:46:27.480+0530][gc,phases   ] GC(98)   Pre Evacuate Collection Set: 0.1ms
[2024-07-21T08:46:27.480+0530][gc,phases   ] GC(98)   Merge Heap Roots: 0.1ms
[2024-07-21T08:46:27.480+0530][gc,phases   ] GC(98)   Evacuate Collection Set: 0.2ms
[2024-07-21T08:46:27.480+0530][gc,phases   ] GC(98)   Post Evacuate Collection Set: 0.3ms
[2024-07-21T08:46:27.480+0530][gc,phases   ] GC(98)   Other: 0.1ms
[2024-07-21T08:46:27.480+0530][gc,heap     ] GC(98) Eden regions: 613->0(613)
[2024-07-21T08:46:27.480+0530][gc,heap     ] GC(98) Survivor regions: 1->1(77)
[2024-07-21T08:46:27.480+0530][gc,heap     ] GC(98) Old regions: 17->17
[2024-07-21T08:46:27.480+0530][gc,heap     ] GC(98) Archive regions: 2->2
[2024-07-21T08:46:27.480+0530][gc,heap     ] GC(98) Humongous regions: 129->129
[2024-07-21T08:46:27.480+0530][gc,metaspace] GC(98) Metaspace: 40229K(40576K)->40229K(40576K) NonClass: 35800K(35968K)->35800K(35968K) Class: 4429K(4608K)->4429K(4608K)
[2024-07-21T08:46:27.480+0530][gc          ] GC(98) Pause Young (Normal) (G1 Evacuation Pause) 760M->147M(1024M) 0.777ms
[2024-07-21T08:46:27.480+0530][gc,cpu      ] GC(98) User=0.01s Sys=0.00s Real=0.00s
[2024-07-21T08:47:12.402+0530][gc,start    ] GC(99) Pause Young (Normal) (G1 Evacuation Pause)
[2024-07-21T08:47:12.402+0530][gc,task     ] GC(99) Using 13 workers of 13 for evacuation
[2024-07-21T08:47:12.402+0530][gc,phases   ] GC(99)   Pre Evacuate Collection Set: 0.1ms
[2024-07-21T08:47:12.402+0530][gc,phases   ] GC(99)   Merge Heap Roots: 0.1ms
[2024-07-21T08:47:12.402+0530][gc,phases   ] GC(99)   Evacuate Collection Set: 0.2ms
[2024-07-21T08:47:12.402+0530][gc,phases   ] GC(99)   Post Evacuate Collection Set: 0.3ms
[2024-07-21T08:47:12.402+0530][gc,phases   ] GC(99)   Other: 0.1ms
[2024-07-21T08:47:12.402+0530][gc,heap     ] GC(99) Eden regions: 613->0(613)
[2024-07-21T08:47:12.402+0530][gc,heap     ] GC(99) Survivor regions: 1->1(77)
[2024-07-21T08:47:12.402+0530][gc,heap     ] GC(99) Old regions: 17->17
[2024-07-21T08:47:12.402+0530][gc,heap     ] GC(99) Archive regions: 2->2
[2024-07-21T08:47:12.402+0530][gc,heap     ] GC(99) Humongous regions: 129->129
[2024-07-21T08:47:12.402+0530][gc,metaspace] GC(99) Metaspace: 40248K(40576K)->40248K(40576K) NonClass: 35814K(35968K)->35814K(35968K) Class: 4433K(4608K)->4433K(4608K)
[2024-07-21T08:47:12.403+0530][gc          ] GC(99) Pause Young (Normal) (G1 Evacuation Pause) 760M->147M(1024M) 0.912ms
[2024-07-21T08:47:12.403+0530][gc,cpu      ] GC(99) User=0.00s Sys=0.00s Real=0.00s
[2024-07-21T08:47:42.563+0530][gc,start    ] GC(100) Pause Young (Normal) (G1 Evacuation Pause)
[2024-07-21T08:47:42.563+0530][gc,task     ] GC(100) Using 13 workers of 13 for evacuation
[2024-07-21T08:47:42.564+0530][gc,phases   ] GC(100)   Pre Evacuate Collection Set: 0.1ms
[2024-07-21T08:47:42.564+0530][gc,phases   ] GC(100)   Merge Heap Roots: 0.2ms
[2024-07-21T08:47:42.564+0530][gc,phases   ] GC(100)   Evacuate Collection Set: 0.3ms
[2024-07-21T08:47:42.564+0530][gc,phases   ] GC(100)   Post Evacuate Collection Set: 0.3ms
[2024-07-21T08:47:42.564+0530][gc,phases   ] GC(100)   Other: 0.1ms
[2024-07-21T08:47:42.564+0530][gc,heap     ] GC(100) Eden regions: 613->0(613)
[2024-07-21T08:47:42.564+0530][gc,heap     ] GC(100) Survivor regions: 1->1(77)
[2024-07-21T08:47:42.564+0530][gc,heap     ] GC(100) Old regions: 17->17
[2024-07-21T08:47:42.564+0530][gc,heap     ] GC(100) Archive regions: 2->2
[2024-07-21T08:47:42.564+0530][gc,heap     ] GC(100) Humongous regions: 129->129
[2024-07-21T08:47:42.564+0530][gc,metaspace] GC(100) Metaspace: 40252K(40576K)->40252K(40576K) NonClass: 35818K(35968K)->35818K(35968K) Class: 4433K(4608K)->4433K(4608K)
[2024-07-21T08:47:42.565+0530][gc          ] GC(100) Pause Young (Normal) (G1 Evacuation Pause) 760M->147M(1024M) 1.036ms
[2024-07-21T08:47:42.565+0530][gc,cpu      ] GC(100) User=0.01s Sys=0.00s Real=0.00s
[2024-07-21T08:48:27.521+0530][gc,start    ] GC(101) Pause Young (Normal) (G1 Evacuation Pause)
[2024-07-21T08:48:27.521+0530][gc,task     ] GC(101) Using 13 workers of 13 for evacuation
[2024-07-21T08:48:27.521+0530][gc,phases   ] GC(101)   Pre Evacuate Collection Set: 0.1ms
[2024-07-21T08:48:27.521+0530][gc,phases   ] GC(101)   Merge Heap Roots: 0.1ms
[2024-07-21T08:48:27.521+0530][gc,phases   ] GC(101)   Evacuate Collection Set: 0.2ms
[2024-07-21T08:48:27.522+0530][gc,phases   ] GC(101)   Post Evacuate Collection Set: 0.3ms
[2024-07-21T08:48:27.522+0530][gc,phases   ] GC(101)   Other: 0.1ms
[2024-07-21T08:48:27.522+0530][gc,heap     ] GC(101) Eden regions: 613->0(613)
[2024-07-21T08:48:27.522+0530][gc,heap     ] GC(101) Survivor regions: 1->1(77)
[2024-07-21T08:48:27.522+0530][gc,heap     ] GC(101) Old regions: 17->17
[2024-07-21T08:48:27.522+0530][gc,heap     ] GC(101) Archive regions: 2->2
[2024-07-21T08:48:27.522+0530][gc,heap     ] GC(101) Humongous regions: 129->129
[2024-07-21T08:48:27.522+0530][gc,metaspace] GC(101) Metaspace: 40282K(40704K)->40282K(40704K) NonClass: 35849K(36096K)->35849K(36096K) Class: 4433K(4608K)->4433K(4608K)
[2024-07-21T08:48:27.522+0530][gc          ] GC(101) Pause Young (Normal) (G1 Evacuation Pause) 760M->147M(1024M) 0.964ms
[2024-07-21T08:48:27.522+0530][gc,cpu      ] GC(101) User=0.00s Sys=0.00s Real=0.00s
[2024-07-21T08:49:12.438+0530][gc,start    ] GC(102) Pause Young (Normal) (G1 Evacuation Pause)
[2024-07-21T08:49:12.438+0530][gc,task     ] GC(102) Using 13 workers of 13 for evacuation
[2024-07-21T08:49:12.438+0530][gc,phases   ] GC(102)   Pre Evacuate Collection Set: 0.1ms
[2024-07-21T08:49:12.438+0530][gc,phases   ] GC(102)   Merge Heap Roots: 0.1ms
[2024-07-21T08:49:12.438+0530][gc,phases   ] GC(102)   Evacuate Collection Set: 0.2ms
[2024-07-21T08:49:12.438+0530][gc,phases   ] GC(102)   Post Evacuate Collection Set: 0.2ms
[2024-07-21T08:49:12.438+0530][gc,phases   ] GC(102)   Other: 0.1ms
[2024-07-21T08:49:12.438+0530][gc,heap     ] GC(102) Eden regions: 613->0(613)
[2024-07-21T08:49:12.438+0530][gc,heap     ] GC(102) Survivor regions: 1->1(77)
[2024-07-21T08:49:12.438+0530][gc,heap     ] GC(102) Old regions: 17->17
[2024-07-21T08:49:12.438+0530][gc,heap     ] GC(102) Archive regions: 2->2
[2024-07-21T08:49:12.438+0530][gc,heap     ] GC(102) Humongous regions: 129->129
[2024-07-21T08:49:12.438+0530][gc,metaspace] GC(102) Metaspace: 40295K(40704K)->40295K(40704K) NonClass: 35861K(36096K)->35861K(36096K) Class: 4433K(4608K)->4433K(4608K)
[2024-07-21T08:49:12.438+0530][gc          ] GC(102) Pause Young (Normal) (G1 Evacuation Pause) 760M->147M(1024M) 0.725ms
[2024-07-21T08:49:12.439+0530][gc,cpu      ] GC(102) User=0.00s Sys=0.00s Real=0.01s
[2024-07-21T08:49:29.614+0530][gc,start    ] GC(103) Pause Young (Normal) (G1 Evacuation Pause)
[2024-07-21T08:49:29.614+0530][gc,task     ] GC(103) Using 13 workers of 13 for evacuation
[2024-07-21T08:49:29.616+0530][gc,phases   ] GC(103)   Pre Evacuate Collection Set: 0.1ms
[2024-07-21T08:49:29.616+0530][gc,phases   ] GC(103)   Merge Heap Roots: 0.1ms
[2024-07-21T08:49:29.616+0530][gc,phases   ] GC(103)   Evacuate Collection Set: 0.8ms
[2024-07-21T08:49:29.616+0530][gc,phases   ] GC(103)   Post Evacuate Collection Set: 0.3ms
[2024-07-21T08:49:29.616+0530][gc,phases   ] GC(103)   Other: 0.1ms
[2024-07-21T08:49:29.616+0530][gc,heap     ] GC(103) Eden regions: 613->0(612)
[2024-07-21T08:49:29.616+0530][gc,heap     ] GC(103) Survivor regions: 1->2(77)
[2024-07-21T08:49:29.616+0530][gc,heap     ] GC(103) Old regions: 17->17
[2024-07-21T08:49:29.616+0530][gc,heap     ] GC(103) Archive regions: 2->2
[2024-07-21T08:49:29.616+0530][gc,heap     ] GC(103) Humongous regions: 129->129
[2024-07-21T08:49:29.616+0530][gc,metaspace] GC(103) Metaspace: 43412K(43904K)->43412K(43904K) NonClass: 38606K(38848K)->38606K(38848K) Class: 4805K(5056K)->4805K(5056K)
[2024-07-21T08:49:29.616+0530][gc          ] GC(103) Pause Young (Normal) (G1 Evacuation Pause) 760M->148M(1024M) 1.448ms
[2024-07-21T08:49:29.616+0530][gc,cpu      ] GC(103) User=0.01s Sys=0.00s Real=0.00s
[2024-07-21T08:49:57.346+0530][gc,start    ] GC(104) Pause Young (Normal) (G1 Evacuation Pause)
[2024-07-21T08:49:57.346+0530][gc,task     ] GC(104) Using 13 workers of 13 for evacuation
[2024-07-21T08:49:57.347+0530][gc,phases   ] GC(104)   Pre Evacuate Collection Set: 0.1ms
[2024-07-21T08:49:57.347+0530][gc,phases   ] GC(104)   Merge Heap Roots: 0.1ms
[2024-07-21T08:49:57.347+0530][gc,phases   ] GC(104)   Evacuate Collection Set: 1.0ms
[2024-07-21T08:49:57.347+0530][gc,phases   ] GC(104)   Post Evacuate Collection Set: 0.3ms
[2024-07-21T08:49:57.347+0530][gc,phases   ] GC(104)   Other: 0.1ms
[2024-07-21T08:49:57.347+0530][gc,heap     ] GC(104) Eden regions: 612->0(612)
[2024-07-21T08:49:57.347+0530][gc,heap     ] GC(104) Survivor regions: 2->2(77)
[2024-07-21T08:49:57.347+0530][gc,heap     ] GC(104) Old regions: 17->17
[2024-07-21T08:49:57.347+0530][gc,heap     ] GC(104) Archive regions: 2->2
[2024-07-21T08:49:57.347+0530][gc,heap     ] GC(104) Humongous regions: 129->129
[2024-07-21T08:49:57.347+0530][gc,metaspace] GC(104) Metaspace: 43443K(43968K)->43443K(43968K) NonClass: 38637K(38912K)->38637K(38912K) Class: 4805K(5056K)->4805K(5056K)
[2024-07-21T08:49:57.347+0530][gc          ] GC(104) Pause Young (Normal) (G1 Evacuation Pause) 760M->148M(1024M) 1.611ms
[2024-07-21T08:49:57.347+0530][gc,cpu      ] GC(104) User=0.01s Sys=0.00s Real=0.01s
[2024-07-21T08:50:12.567+0530][gc,start    ] GC(105) Pause Young (Normal) (G1 Evacuation Pause)
[2024-07-21T08:50:12.567+0530][gc,task     ] GC(105) Using 13 workers of 13 for evacuation
[2024-07-21T08:50:12.568+0530][gc,phases   ] GC(105)   Pre Evacuate Collection Set: 0.1ms
[2024-07-21T08:50:12.568+0530][gc,phases   ] GC(105)   Merge Heap Roots: 0.1ms
[2024-07-21T08:50:12.568+0530][gc,phases   ] GC(105)   Evacuate Collection Set: 1.0ms
[2024-07-21T08:50:12.568+0530][gc,phases   ] GC(105)   Post Evacuate Collection Set: 0.4ms
[2024-07-21T08:50:12.568+0530][gc,phases   ] GC(105)   Other: 0.1ms
[2024-07-21T08:50:12.568+0530][gc,heap     ] GC(105) Eden regions: 612->0(612)
[2024-07-21T08:50:12.568+0530][gc,heap     ] GC(105) Survivor regions: 2->2(77)
[2024-07-21T08:50:12.568+0530][gc,heap     ] GC(105) Old regions: 17->17
[2024-07-21T08:50:12.568+0530][gc,heap     ] GC(105) Archive regions: 2->2
[2024-07-21T08:50:12.568+0530][gc,heap     ] GC(105) Humongous regions: 129->129
[2024-07-21T08:50:12.568+0530][gc,metaspace] GC(105) Metaspace: 43457K(43968K)->43457K(43968K) NonClass: 38651K(38912K)->38651K(38912K) Class: 4805K(5056K)->4805K(5056K)
[2024-07-21T08:50:12.568+0530][gc          ] GC(105) Pause Young (Normal) (G1 Evacuation Pause) 760M->148M(1024M) 1.734ms
[2024-07-21T08:50:12.568+0530][gc,cpu      ] GC(105) User=0.01s Sys=0.00s Real=0.00s
[2024-07-21T08:50:40.385+0530][gc,start    ] GC(106) Pause Young (Normal) (G1 Evacuation Pause)
[2024-07-21T08:50:40.385+0530][gc,task     ] GC(106) Using 13 workers of 13 for evacuation
[2024-07-21T08:50:40.386+0530][gc,phases   ] GC(106)   Pre Evacuate Collection Set: 0.1ms
[2024-07-21T08:50:40.386+0530][gc,phases   ] GC(106)   Merge Heap Roots: 0.1ms
[2024-07-21T08:50:40.386+0530][gc,phases   ] GC(106)   Evacuate Collection Set: 0.8ms
[2024-07-21T08:50:40.386+0530][gc,phases   ] GC(106)   Post Evacuate Collection Set: 0.3ms
[2024-07-21T08:50:40.386+0530][gc,phases   ] GC(106)   Other: 0.1ms
[2024-07-21T08:50:40.386+0530][gc,heap     ] GC(106) Eden regions: 612->0(612)
[2024-07-21T08:50:40.386+0530][gc,heap     ] GC(106) Survivor regions: 2->2(77)
[2024-07-21T08:50:40.386+0530][gc,heap     ] GC(106) Old regions: 17->17
[2024-07-21T08:50:40.386+0530][gc,heap     ] GC(106) Archive regions: 2->2
[2024-07-21T08:50:40.386+0530][gc,heap     ] GC(106) Humongous regions: 129->129
[2024-07-21T08:50:40.386+0530][gc,metaspace] GC(106) Metaspace: 43646K(44096K)->43646K(44096K) NonClass: 38841K(39040K)->38841K(39040K) Class: 4805K(5056K)->4805K(5056K)
[2024-07-21T08:50:40.386+0530][gc          ] GC(106) Pause Young (Normal) (G1 Evacuation Pause) 760M->148M(1024M) 1.336ms
[2024-07-21T08:50:40.386+0530][gc,cpu      ] GC(106) User=0.00s Sys=0.00s Real=0.01s
[2024-07-21T08:50:57.524+0530][gc,start    ] GC(107) Pause Young (Normal) (G1 Evacuation Pause)
[2024-07-21T08:50:57.524+0530][gc,task     ] GC(107) Using 13 workers of 13 for evacuation
[2024-07-21T08:50:57.526+0530][gc,phases   ] GC(107)   Pre Evacuate Collection Set: 0.1ms
[2024-07-21T08:50:57.526+0530][gc,phases   ] GC(107)   Merge Heap Roots: 0.1ms
[2024-07-21T08:50:57.526+0530][gc,phases   ] GC(107)   Evacuate Collection Set: 1.0ms
[2024-07-21T08:50:57.526+0530][gc,phases   ] GC(107)   Post Evacuate Collection Set: 0.3ms
[2024-07-21T08:50:57.526+0530][gc,phases   ] GC(107)   Other: 0.1ms
[2024-07-21T08:50:57.526+0530][gc,heap     ] GC(107) Eden regions: 612->0(612)
[2024-07-21T08:50:57.526+0530][gc,heap     ] GC(107) Survivor regions: 2->2(77)
[2024-07-21T08:50:57.526+0530][gc,heap     ] GC(107) Old regions: 17->17
[2024-07-21T08:50:57.526+0530][gc,heap     ] GC(107) Archive regions: 2->2
[2024-07-21T08:50:57.526+0530][gc,heap     ] GC(107) Humongous regions: 129->129
[2024-07-21T08:50:57.526+0530][gc,metaspace] GC(107) Metaspace: 43652K(44160K)->43652K(44160K) NonClass: 38847K(39104K)->38847K(39104K) Class: 4805K(5056K)->4805K(5056K)
[2024-07-21T08:50:57.526+0530][gc          ] GC(107) Pause Young (Normal) (G1 Evacuation Pause) 760M->148M(1024M) 1.636ms
[2024-07-21T08:50:57.526+0530][gc,cpu      ] GC(107) User=0.01s Sys=0.00s Real=0.00s
[2024-07-21T08:51:21.569+0530][gc,start    ] GC(108) Pause Young (Normal) (G1 Evacuation Pause)
[2024-07-21T08:51:21.569+0530][gc,task     ] GC(108) Using 13 workers of 13 for evacuation
[2024-07-21T08:51:21.570+0530][gc,phases   ] GC(108)   Pre Evacuate Collection Set: 0.1ms
[2024-07-21T08:51:21.570+0530][gc,phases   ] GC(108)   Merge Heap Roots: 0.1ms
[2024-07-21T08:51:21.570+0530][gc,phases   ] GC(108)   Evacuate Collection Set: 0.8ms
[2024-07-21T08:51:21.570+0530][gc,phases   ] GC(108)   Post Evacuate Collection Set: 0.3ms
[2024-07-21T08:51:21.570+0530][gc,phases   ] GC(108)   Other: 0.1ms
[2024-07-21T08:51:21.570+0530][gc,heap     ] GC(108) Eden regions: 612->0(612)
[2024-07-21T08:51:21.570+0530][gc,heap     ] GC(108) Survivor regions: 2->2(77)
[2024-07-21T08:51:21.570+0530][gc,heap     ] GC(108) Old regions: 17->17
[2024-07-21T08:51:21.570+0530][gc,heap     ] GC(108) Archive regions: 2->2
[2024-07-21T08:51:21.570+0530][gc,heap     ] GC(108) Humongous regions: 129->129
[2024-07-21T08:51:21.570+0530][gc,metaspace] GC(108) Metaspace: 43652K(44160K)->43652K(44160K) NonClass: 38847K(39104K)->38847K(39104K) Class: 4805K(5056K)->4805K(5056K)
[2024-07-21T08:51:21.570+0530][gc          ] GC(108) Pause Young (Normal) (G1 Evacuation Pause) 760M->148M(1024M) 1.384ms
[2024-07-21T08:51:21.570+0530][gc,cpu      ] GC(108) User=0.01s Sys=0.00s Real=0.00s
[2024-07-21T08:51:42.564+0530][gc,start    ] GC(109) Pause Young (Normal) (G1 Evacuation Pause)
[2024-07-21T08:51:42.564+0530][gc,task     ] GC(109) Using 13 workers of 13 for evacuation
[2024-07-21T08:51:42.566+0530][gc,phases   ] GC(109)   Pre Evacuate Collection Set: 0.1ms
[2024-07-21T08:51:42.566+0530][gc,phases   ] GC(109)   Merge Heap Roots: 0.1ms
[2024-07-21T08:51:42.566+0530][gc,phases   ] GC(109)   Evacuate Collection Set: 0.9ms
[2024-07-21T08:51:42.566+0530][gc,phases   ] GC(109)   Post Evacuate Collection Set: 0.3ms
[2024-07-21T08:51:42.566+0530][gc,phases   ] GC(109)   Other: 0.1ms
[2024-07-21T08:51:42.566+0530][gc,heap     ] GC(109) Eden regions: 612->0(612)
[2024-07-21T08:51:42.566+0530][gc,heap     ] GC(109) Survivor regions: 2->2(77)
[2024-07-21T08:51:42.566+0530][gc,heap     ] GC(109) Old regions: 17->17
[2024-07-21T08:51:42.566+0530][gc,heap     ] GC(109) Archive regions: 2->2
[2024-07-21T08:51:42.566+0530][gc,heap     ] GC(109) Humongous regions: 129->129
[2024-07-21T08:51:42.566+0530][gc,metaspace] GC(109) Metaspace: 43655K(44160K)->43655K(44160K) NonClass: 38849K(39104K)->38849K(39104K) Class: 4805K(5056K)->4805K(5056K)
[2024-07-21T08:51:42.566+0530][gc          ] GC(109) Pause Young (Normal) (G1 Evacuation Pause) 760M->148M(1024M) 1.536ms
[2024-07-21T08:51:42.566+0530][gc,cpu      ] GC(109) User=0.01s Sys=0.00s Real=0.00s
[2024-07-21T08:52:27.466+0530][gc,start    ] GC(110) Pause Young (Normal) (G1 Evacuation Pause)
[2024-07-21T08:52:27.466+0530][gc,task     ] GC(110) Using 13 workers of 13 for evacuation
[2024-07-21T08:52:27.468+0530][gc,phases   ] GC(110)   Pre Evacuate Collection Set: 0.1ms
[2024-07-21T08:52:27.468+0530][gc,phases   ] GC(110)   Merge Heap Roots: 0.1ms
[2024-07-21T08:52:27.468+0530][gc,phases   ] GC(110)   Evacuate Collection Set: 0.7ms
[2024-07-21T08:52:27.468+0530][gc,phases   ] GC(110)   Post Evacuate Collection Set: 0.3ms
[2024-07-21T08:52:27.468+0530][gc,phases   ] GC(110)   Other: 0.1ms
[2024-07-21T08:52:27.468+0530][gc,heap     ] GC(110) Eden regions: 612->0(612)
[2024-07-21T08:52:27.468+0530][gc,heap     ] GC(110) Survivor regions: 2->2(77)
[2024-07-21T08:52:27.468+0530][gc,heap     ] GC(110) Old regions: 17->17
[2024-07-21T08:52:27.468+0530][gc,heap     ] GC(110) Archive regions: 2->2
[2024-07-21T08:52:27.468+0530][gc,heap     ] GC(110) Humongous regions: 129->129
[2024-07-21T08:52:27.468+0530][gc,metaspace] GC(110) Metaspace: 43700K(44224K)->43700K(44224K) NonClass: 38887K(39168K)->38887K(39168K) Class: 4813K(5056K)->4813K(5056K)
[2024-07-21T08:52:27.468+0530][gc          ] GC(110) Pause Young (Normal) (G1 Evacuation Pause) 760M->148M(1024M) 1.428ms
[2024-07-21T08:52:27.468+0530][gc,cpu      ] GC(110) User=0.00s Sys=0.00s Real=0.00s
[2024-07-21T08:53:12.385+0530][gc,start    ] GC(111) Pause Young (Normal) (G1 Evacuation Pause)
[2024-07-21T08:53:12.385+0530][gc,task     ] GC(111) Using 13 workers of 13 for evacuation
[2024-07-21T08:53:12.387+0530][gc,phases   ] GC(111)   Pre Evacuate Collection Set: 0.1ms
[2024-07-21T08:53:12.387+0530][gc,phases   ] GC(111)   Merge Heap Roots: 0.1ms
[2024-07-21T08:53:12.387+0530][gc,phases   ] GC(111)   Evacuate Collection Set: 0.9ms
[2024-07-21T08:53:12.387+0530][gc,phases   ] GC(111)   Post Evacuate Collection Set: 0.5ms
[2024-07-21T08:53:12.387+0530][gc,phases   ] GC(111)   Other: 0.1ms
[2024-07-21T08:53:12.387+0530][gc,heap     ] GC(111) Eden regions: 612->0(612)
[2024-07-21T08:53:12.387+0530][gc,heap     ] GC(111) Survivor regions: 2->2(77)
[2024-07-21T08:53:12.387+0530][gc,heap     ] GC(111) Old regions: 17->17
[2024-07-21T08:53:12.387+0530][gc,heap     ] GC(111) Archive regions: 2->2
[2024-07-21T08:53:12.387+0530][gc,heap     ] GC(111) Humongous regions: 129->129
[2024-07-21T08:53:12.387+0530][gc,metaspace] GC(111) Metaspace: 43700K(44224K)->43700K(44224K) NonClass: 38887K(39168K)->38887K(39168K) Class: 4813K(5056K)->4813K(5056K)
[2024-07-21T08:53:12.387+0530][gc          ] GC(111) Pause Young (Normal) (G1 Evacuation Pause) 760M->148M(1024M) 1.692ms
[2024-07-21T08:53:12.387+0530][gc,cpu      ] GC(111) User=0.01s Sys=0.01s Real=0.01s
[2024-07-21T08:53:42.560+0530][gc,start    ] GC(112) Pause Young (Normal) (G1 Evacuation Pause)
[2024-07-21T08:53:42.560+0530][gc,task     ] GC(112) Using 13 workers of 13 for evacuation
[2024-07-21T08:53:42.562+0530][gc,phases   ] GC(112)   Pre Evacuate Collection Set: 0.1ms
[2024-07-21T08:53:42.562+0530][gc,phases   ] GC(112)   Merge Heap Roots: 0.1ms
[2024-07-21T08:53:42.562+0530][gc,phases   ] GC(112)   Evacuate Collection Set: 0.9ms
[2024-07-21T08:53:42.562+0530][gc,phases   ] GC(112)   Post Evacuate Collection Set: 0.4ms
[2024-07-21T08:53:42.562+0530][gc,phases   ] GC(112)   Other: 0.1ms
[2024-07-21T08:53:42.562+0530][gc,heap     ] GC(112) Eden regions: 612->0(612)
[2024-07-21T08:53:42.562+0530][gc,heap     ] GC(112) Survivor regions: 2->2(77)
[2024-07-21T08:53:42.562+0530][gc,heap     ] GC(112) Old regions: 17->17
[2024-07-21T08:53:42.562+0530][gc,heap     ] GC(112) Archive regions: 2->2
[2024-07-21T08:53:42.562+0530][gc,heap     ] GC(112) Humongous regions: 129->129
[2024-07-21T08:53:42.562+0530][gc,metaspace] GC(112) Metaspace: 43700K(44224K)->43700K(44224K) NonClass: 38887K(39168K)->38887K(39168K) Class: 4813K(5056K)->4813K(5056K)
[2024-07-21T08:53:42.562+0530][gc          ] GC(112) Pause Young (Normal) (G1 Evacuation Pause) 760M->148M(1024M) 1.668ms
[2024-07-21T08:53:42.562+0530][gc,cpu      ] GC(112) User=0.01s Sys=0.00s Real=0.00s
[2024-07-21T08:54:27.455+0530][gc,start    ] GC(113) Pause Young (Normal) (G1 Evacuation Pause)
[2024-07-21T08:54:27.455+0530][gc,task     ] GC(113) Using 13 workers of 13 for evacuation
[2024-07-21T08:54:27.456+0530][gc,phases   ] GC(113)   Pre Evacuate Collection Set: 0.1ms
[2024-07-21T08:54:27.457+0530][gc,phases   ] GC(113)   Merge Heap Roots: 0.2ms
[2024-07-21T08:54:27.457+0530][gc,phases   ] GC(113)   Evacuate Collection Set: 0.8ms
[2024-07-21T08:54:27.457+0530][gc,phases   ] GC(113)   Post Evacuate Collection Set: 0.3ms
[2024-07-21T08:54:27.457+0530][gc,phases   ] GC(113)   Other: 0.1ms
[2024-07-21T08:54:27.457+0530][gc,heap     ] GC(113) Eden regions: 612->0(612)
[2024-07-21T08:54:27.457+0530][gc,heap     ] GC(113) Survivor regions: 2->2(77)
[2024-07-21T08:54:27.457+0530][gc,heap     ] GC(113) Old regions: 17->17
[2024-07-21T08:54:27.457+0530][gc,heap     ] GC(113) Archive regions: 2->2
[2024-07-21T08:54:27.457+0530][gc,heap     ] GC(113) Humongous regions: 129->129
[2024-07-21T08:54:27.457+0530][gc,metaspace] GC(113) Metaspace: 43725K(44224K)->43725K(44224K) NonClass: 38912K(39168K)->38912K(39168K) Class: 4813K(5056K)->4813K(5056K)
[2024-07-21T08:54:27.457+0530][gc          ] GC(113) Pause Young (Normal) (G1 Evacuation Pause) 760M->148M(1024M) 1.524ms
[2024-07-21T08:54:27.457+0530][gc,cpu      ] GC(113) User=0.01s Sys=0.00s Real=0.00s
[2024-07-21T08:55:12.348+0530][gc,start    ] GC(114) Pause Young (Normal) (G1 Evacuation Pause)
[2024-07-21T08:55:12.349+0530][gc,task     ] GC(114) Using 13 workers of 13 for evacuation
[2024-07-21T08:55:12.350+0530][gc,phases   ] GC(114)   Pre Evacuate Collection Set: 0.1ms
[2024-07-21T08:55:12.350+0530][gc,phases   ] GC(114)   Merge Heap Roots: 0.1ms
[2024-07-21T08:55:12.350+0530][gc,phases   ] GC(114)   Evacuate Collection Set: 0.7ms
[2024-07-21T08:55:12.350+0530][gc,phases   ] GC(114)   Post Evacuate Collection Set: 0.3ms
[2024-07-21T08:55:12.350+0530][gc,phases   ] GC(114)   Other: 0.1ms
[2024-07-21T08:55:12.350+0530][gc,heap     ] GC(114) Eden regions: 612->0(612)
[2024-07-21T08:55:12.350+0530][gc,heap     ] GC(114) Survivor regions: 2->2(77)
[2024-07-21T08:55:12.350+0530][gc,heap     ] GC(114) Old regions: 17->17
[2024-07-21T08:55:12.350+0530][gc,heap     ] GC(114) Archive regions: 2->2
[2024-07-21T08:55:12.350+0530][gc,heap     ] GC(114) Humongous regions: 129->129
[2024-07-21T08:55:12.350+0530][gc,metaspace] GC(114) Metaspace: 43728K(44224K)->43728K(44224K) NonClass: 38915K(39168K)->38915K(39168K) Class: 4813K(5056K)->4813K(5056K)
[2024-07-21T08:55:12.350+0530][gc          ] GC(114) Pause Young (Normal) (G1 Evacuation Pause) 760M->148M(1024M) 1.358ms
[2024-07-21T08:55:12.350+0530][gc,cpu      ] GC(114) User=0.00s Sys=0.00s Real=0.00s
[2024-07-21T08:55:42.506+0530][gc,start    ] GC(115) Pause Young (Normal) (G1 Evacuation Pause)
[2024-07-21T08:55:42.506+0530][gc,task     ] GC(115) Using 13 workers of 13 for evacuation
[2024-07-21T08:55:42.508+0530][gc,phases   ] GC(115)   Pre Evacuate Collection Set: 0.1ms
[2024-07-21T08:55:42.508+0530][gc,phases   ] GC(115)   Merge Heap Roots: 0.1ms
[2024-07-21T08:55:42.508+0530][gc,phases   ] GC(115)   Evacuate Collection Set: 0.8ms
[2024-07-21T08:55:42.508+0530][gc,phases   ] GC(115)   Post Evacuate Collection Set: 0.4ms
[2024-07-21T08:55:42.508+0530][gc,phases   ] GC(115)   Other: 0.1ms
[2024-07-21T08:55:42.508+0530][gc,heap     ] GC(115) Eden regions: 612->0(612)
[2024-07-21T08:55:42.508+0530][gc,heap     ] GC(115) Survivor regions: 2->2(77)
[2024-07-21T08:55:42.508+0530][gc,heap     ] GC(115) Old regions: 17->18
[2024-07-21T08:55:42.508+0530][gc,heap     ] GC(115) Archive regions: 2->2
[2024-07-21T08:55:42.508+0530][gc,heap     ] GC(115) Humongous regions: 129->129
[2024-07-21T08:55:42.508+0530][gc,metaspace] GC(115) Metaspace: 43730K(44224K)->43730K(44224K) NonClass: 38917K(39168K)->38917K(39168K) Class: 4813K(5056K)->4813K(5056K)
[2024-07-21T08:55:42.508+0530][gc          ] GC(115) Pause Young (Normal) (G1 Evacuation Pause) 760M->148M(1024M) 1.517ms
[2024-07-21T08:55:42.508+0530][gc,cpu      ] GC(115) User=0.01s Sys=0.01s Real=0.01s
[2024-07-21T08:56:27.413+0530][gc,start    ] GC(116) Pause Young (Normal) (G1 Evacuation Pause)
[2024-07-21T08:56:27.413+0530][gc,task     ] GC(116) Using 13 workers of 13 for evacuation
[2024-07-21T08:56:27.415+0530][gc,phases   ] GC(116)   Pre Evacuate Collection Set: 0.1ms
[2024-07-21T08:56:27.415+0530][gc,phases   ] GC(116)   Merge Heap Roots: 0.1ms
[2024-07-21T08:56:27.415+0530][gc,phases   ] GC(116)   Evacuate Collection Set: 0.8ms
[2024-07-21T08:56:27.415+0530][gc,phases   ] GC(116)   Post Evacuate Collection Set: 0.5ms
[2024-07-21T08:56:27.415+0530][gc,phases   ] GC(116)   Other: 0.1ms
[2024-07-21T08:56:27.415+0530][gc,heap     ] GC(116) Eden regions: 612->0(612)
[2024-07-21T08:56:27.415+0530][gc,heap     ] GC(116) Survivor regions: 2->2(77)
[2024-07-21T08:56:27.415+0530][gc,heap     ] GC(116) Old regions: 18->18
[2024-07-21T08:56:27.415+0530][gc,heap     ] GC(116) Archive regions: 2->2
[2024-07-21T08:56:27.415+0530][gc,heap     ] GC(116) Humongous regions: 129->129
[2024-07-21T08:56:27.415+0530][gc,metaspace] GC(116) Metaspace: 43731K(44224K)->43731K(44224K) NonClass: 38918K(39168K)->38918K(39168K) Class: 4813K(5056K)->4813K(5056K)
[2024-07-21T08:56:27.415+0530][gc          ] GC(116) Pause Young (Normal) (G1 Evacuation Pause) 760M->148M(1024M) 1.626ms
[2024-07-21T08:56:27.415+0530][gc,cpu      ] GC(116) User=0.01s Sys=0.00s Real=0.00s
[2024-07-21T08:57:12.326+0530][gc,start    ] GC(117) Pause Young (Normal) (G1 Evacuation Pause)
[2024-07-21T08:57:12.326+0530][gc,task     ] GC(117) Using 13 workers of 13 for evacuation
[2024-07-21T08:57:12.328+0530][gc,phases   ] GC(117)   Pre Evacuate Collection Set: 0.1ms
[2024-07-21T08:57:12.328+0530][gc,phases   ] GC(117)   Merge Heap Roots: 0.2ms
[2024-07-21T08:57:12.328+0530][gc,phases   ] GC(117)   Evacuate Collection Set: 0.8ms
[2024-07-21T08:57:12.328+0530][gc,phases   ] GC(117)   Post Evacuate Collection Set: 0.4ms
[2024-07-21T08:57:12.328+0530][gc,phases   ] GC(117)   Other: 0.1ms
[2024-07-21T08:57:12.328+0530][gc,heap     ] GC(117) Eden regions: 612->0(612)
[2024-07-21T08:57:12.328+0530][gc,heap     ] GC(117) Survivor regions: 2->2(77)
[2024-07-21T08:57:12.328+0530][gc,heap     ] GC(117) Old regions: 18->18
[2024-07-21T08:57:12.328+0530][gc,heap     ] GC(117) Archive regions: 2->2
[2024-07-21T08:57:12.328+0530][gc,heap     ] GC(117) Humongous regions: 129->129
[2024-07-21T08:57:12.328+0530][gc,metaspace] GC(117) Metaspace: 43731K(44224K)->43731K(44224K) NonClass: 38918K(39168K)->38918K(39168K) Class: 4813K(5056K)->4813K(5056K)
[2024-07-21T08:57:12.328+0530][gc          ] GC(117) Pause Young (Normal) (G1 Evacuation Pause) 760M->148M(1024M) 1.587ms
[2024-07-21T08:57:12.328+0530][gc,cpu      ] GC(117) User=0.01s Sys=0.00s Real=0.00s
[2024-07-21T08:57:42.502+0530][gc,start    ] GC(118) Pause Young (Normal) (G1 Evacuation Pause)
[2024-07-21T08:57:42.502+0530][gc,task     ] GC(118) Using 13 workers of 13 for evacuation
[2024-07-21T08:57:42.503+0530][gc,phases   ] GC(118)   Pre Evacuate Collection Set: 0.1ms
[2024-07-21T08:57:42.503+0530][gc,phases   ] GC(118)   Merge Heap Roots: 0.1ms
[2024-07-21T08:57:42.503+0530][gc,phases   ] GC(118)   Evacuate Collection Set: 0.9ms
[2024-07-21T08:57:42.503+0530][gc,phases   ] GC(118)   Post Evacuate Collection Set: 0.3ms
[2024-07-21T08:57:42.503+0530][gc,phases   ] GC(118)   Other: 0.1ms
[2024-07-21T08:57:42.503+0530][gc,heap     ] GC(118) Eden regions: 612->0(613)
[2024-07-21T08:57:42.503+0530][gc,heap     ] GC(118) Survivor regions: 2->1(77)
[2024-07-21T08:57:42.503+0530][gc,heap     ] GC(118) Old regions: 18->18
[2024-07-21T08:57:42.503+0530][gc,heap     ] GC(118) Archive regions: 2->2
[2024-07-21T08:57:42.503+0530][gc,heap     ] GC(118) Humongous regions: 129->129
[2024-07-21T08:57:42.503+0530][gc,metaspace] GC(118) Metaspace: 43732K(44224K)->43732K(44224K) NonClass: 38919K(39168K)->38919K(39168K) Class: 4813K(5056K)->4813K(5056K)
[2024-07-21T08:57:42.503+0530][gc          ] GC(118) Pause Young (Normal) (G1 Evacuation Pause) 760M->148M(1024M) 1.570ms
[2024-07-21T08:57:42.503+0530][gc,cpu      ] GC(118) User=0.01s Sys=0.00s Real=0.00s
[2024-07-21T08:58:27.400+0530][gc,start    ] GC(119) Pause Young (Normal) (G1 Evacuation Pause)
[2024-07-21T08:58:27.400+0530][gc,task     ] GC(119) Using 13 workers of 13 for evacuation
[2024-07-21T08:58:27.401+0530][gc,phases   ] GC(119)   Pre Evacuate Collection Set: 0.1ms
[2024-07-21T08:58:27.401+0530][gc,phases   ] GC(119)   Merge Heap Roots: 0.2ms
[2024-07-21T08:58:27.401+0530][gc,phases   ] GC(119)   Evacuate Collection Set: 0.3ms
[2024-07-21T08:58:27.401+0530][gc,phases   ] GC(119)   Post Evacuate Collection Set: 0.3ms
[2024-07-21T08:58:27.401+0530][gc,phases   ] GC(119)   Other: 0.1ms
[2024-07-21T08:58:27.401+0530][gc,heap     ] GC(119) Eden regions: 613->0(613)
[2024-07-21T08:58:27.401+0530][gc,heap     ] GC(119) Survivor regions: 1->1(77)
[2024-07-21T08:58:27.401+0530][gc,heap     ] GC(119) Old regions: 18->18
[2024-07-21T08:58:27.401+0530][gc,heap     ] GC(119) Archive regions: 2->2
[2024-07-21T08:58:27.401+0530][gc,heap     ] GC(119) Humongous regions: 129->129
[2024-07-21T08:58:27.401+0530][gc,metaspace] GC(119) Metaspace: 43748K(44224K)->43748K(44224K) NonClass: 38935K(39168K)->38935K(39168K) Class: 4813K(5056K)->4813K(5056K)
[2024-07-21T08:58:27.401+0530][gc          ] GC(119) Pause Young (Normal) (G1 Evacuation Pause) 761M->148M(1024M) 1.080ms
[2024-07-21T08:58:27.401+0530][gc,cpu      ] GC(119) User=0.00s Sys=0.00s Real=0.00s
[2024-07-21T08:58:57.562+0530][gc,start    ] GC(120) Pause Young (Normal) (G1 Evacuation Pause)
[2024-07-21T08:58:57.562+0530][gc,task     ] GC(120) Using 13 workers of 13 for evacuation
[2024-07-21T08:58:57.563+0530][gc,phases   ] GC(120)   Pre Evacuate Collection Set: 0.1ms
[2024-07-21T08:58:57.563+0530][gc,phases   ] GC(120)   Merge Heap Roots: 0.2ms
[2024-07-21T08:58:57.563+0530][gc,phases   ] GC(120)   Evacuate Collection Set: 0.4ms
[2024-07-21T08:58:57.563+0530][gc,phases   ] GC(120)   Post Evacuate Collection Set: 0.3ms
[2024-07-21T08:58:57.563+0530][gc,phases   ] GC(120)   Other: 0.1ms
[2024-07-21T08:58:57.563+0530][gc,heap     ] GC(120) Eden regions: 613->0(613)
[2024-07-21T08:58:57.563+0530][gc,heap     ] GC(120) Survivor regions: 1->1(77)
[2024-07-21T08:58:57.563+0530][gc,heap     ] GC(120) Old regions: 18->18
[2024-07-21T08:58:57.563+0530][gc,heap     ] GC(120) Archive regions: 2->2
[2024-07-21T08:58:57.563+0530][gc,heap     ] GC(120) Humongous regions: 129->129
[2024-07-21T08:58:57.563+0530][gc,metaspace] GC(120) Metaspace: 43780K(44224K)->43780K(44224K) NonClass: 38966K(39168K)->38966K(39168K) Class: 4813K(5056K)->4813K(5056K)
[2024-07-21T08:58:57.563+0530][gc          ] GC(120) Pause Young (Normal) (G1 Evacuation Pause) 761M->148M(1024M) 1.109ms
[2024-07-21T08:58:57.563+0530][gc,cpu      ] GC(120) User=0.00s Sys=0.01s Real=0.00s
[2024-07-21T08:59:42.492+0530][gc,start    ] GC(121) Pause Young (Normal) (G1 Evacuation Pause)
[2024-07-21T08:59:42.492+0530][gc,task     ] GC(121) Using 13 workers of 13 for evacuation
[2024-07-21T08:59:42.493+0530][gc,phases   ] GC(121)   Pre Evacuate Collection Set: 0.1ms
[2024-07-21T08:59:42.493+0530][gc,phases   ] GC(121)   Merge Heap Roots: 0.1ms
[2024-07-21T08:59:42.493+0530][gc,phases   ] GC(121)   Evacuate Collection Set: 0.3ms
[2024-07-21T08:59:42.493+0530][gc,phases   ] GC(121)   Post Evacuate Collection Set: 0.3ms
[2024-07-21T08:59:42.493+0530][gc,phases   ] GC(121)   Other: 0.1ms
[2024-07-21T08:59:42.493+0530][gc,heap     ] GC(121) Eden regions: 613->0(613)
[2024-07-21T08:59:42.493+0530][gc,heap     ] GC(121) Survivor regions: 1->1(77)
[2024-07-21T08:59:42.493+0530][gc,heap     ] GC(121) Old regions: 18->19
[2024-07-21T08:59:42.493+0530][gc,heap     ] GC(121) Archive regions: 2->2
[2024-07-21T08:59:42.493+0530][gc,heap     ] GC(121) Humongous regions: 129->129
[2024-07-21T08:59:42.493+0530][gc,metaspace] GC(121) Metaspace: 43791K(44288K)->43791K(44288K) NonClass: 38974K(39232K)->38974K(39232K) Class: 4816K(5056K)->4816K(5056K)
[2024-07-21T08:59:42.493+0530][gc          ] GC(121) Pause Young (Normal) (G1 Evacuation Pause) 761M->148M(1024M) 0.994ms
[2024-07-21T08:59:42.493+0530][gc,cpu      ] GC(121) User=0.00s Sys=0.00s Real=0.00s
[2024-07-21T09:00:27.378+0530][gc,start    ] GC(122) Pause Young (Normal) (G1 Evacuation Pause)
[2024-07-21T09:00:27.378+0530][gc,task     ] GC(122) Using 13 workers of 13 for evacuation
[2024-07-21T09:00:27.379+0530][gc,phases   ] GC(122)   Pre Evacuate Collection Set: 0.1ms
[2024-07-21T09:00:27.379+0530][gc,phases   ] GC(122)   Merge Heap Roots: 0.1ms
[2024-07-21T09:00:27.379+0530][gc,phases   ] GC(122)   Evacuate Collection Set: 0.6ms
[2024-07-21T09:00:27.379+0530][gc,phases   ] GC(122)   Post Evacuate Collection Set: 0.4ms
[2024-07-21T09:00:27.379+0530][gc,phases   ] GC(122)   Other: 0.1ms
[2024-07-21T09:00:27.379+0530][gc,heap     ] GC(122) Eden regions: 613->0(612)
[2024-07-21T09:00:27.379+0530][gc,heap     ] GC(122) Survivor regions: 1->2(77)
[2024-07-21T09:00:27.379+0530][gc,heap     ] GC(122) Old regions: 19->19
[2024-07-21T09:00:27.379+0530][gc,heap     ] GC(122) Archive regions: 2->2
[2024-07-21T09:00:27.379+0530][gc,heap     ] GC(122) Humongous regions: 129->129
[2024-07-21T09:00:27.379+0530][gc,metaspace] GC(122) Metaspace: 45283K(45888K)->45283K(45888K) NonClass: 40203K(40512K)->40203K(40512K) Class: 5080K(5376K)->5080K(5376K)
[2024-07-21T09:00:27.379+0530][gc          ] GC(122) Pause Young (Normal) (G1 Evacuation Pause) 761M->149M(1024M) 1.366ms
[2024-07-21T09:00:27.379+0530][gc,cpu      ] GC(122) User=0.01s Sys=0.00s Real=0.01s
[2024-07-21T09:00:57.452+0530][gc,start    ] GC(123) Pause Young (Normal) (G1 Evacuation Pause)
[2024-07-21T09:00:57.452+0530][gc,task     ] GC(123) Using 13 workers of 13 for evacuation
[2024-07-21T09:00:57.454+0530][gc,phases   ] GC(123)   Pre Evacuate Collection Set: 0.1ms
[2024-07-21T09:00:57.454+0530][gc,phases   ] GC(123)   Merge Heap Roots: 0.1ms
[2024-07-21T09:00:57.454+0530][gc,phases   ] GC(123)   Evacuate Collection Set: 1.1ms
[2024-07-21T09:00:57.454+0530][gc,phases   ] GC(123)   Post Evacuate Collection Set: 0.3ms
[2024-07-21T09:00:57.454+0530][gc,phases   ] GC(123)   Other: 0.1ms
[2024-07-21T09:00:57.454+0530][gc,heap     ] GC(123) Eden regions: 612->0(610)
[2024-07-21T09:00:57.454+0530][gc,heap     ] GC(123) Survivor regions: 2->4(77)
[2024-07-21T09:00:57.454+0530][gc,heap     ] GC(123) Old regions: 19->19
[2024-07-21T09:00:57.454+0530][gc,heap     ] GC(123) Archive regions: 2->2
[2024-07-21T09:00:57.454+0530][gc,heap     ] GC(123) Humongous regions: 129->129
[2024-07-21T09:00:57.454+0530][gc,metaspace] GC(123) Metaspace: 46001K(46592K)->46001K(46592K) NonClass: 40908K(41216K)->40908K(41216K) Class: 5093K(5376K)->5093K(5376K)
[2024-07-21T09:00:57.454+0530][gc          ] GC(123) Pause Young (Normal) (G1 Evacuation Pause) 761M->151M(1024M) 1.758ms
[2024-07-21T09:00:57.454+0530][gc,cpu      ] GC(123) User=0.01s Sys=0.00s Real=0.00s
[2024-07-21T09:01:17.120+0530][gc,start    ] GC(124) Pause Young (Normal) (G1 Evacuation Pause)
[2024-07-21T09:01:17.120+0530][gc,task     ] GC(124) Using 13 workers of 13 for evacuation
[2024-07-21T09:01:17.122+0530][gc,phases   ] GC(124)   Pre Evacuate Collection Set: 0.1ms
[2024-07-21T09:01:17.122+0530][gc,phases   ] GC(124)   Merge Heap Roots: 0.1ms
[2024-07-21T09:01:17.122+0530][gc,phases   ] GC(124)   Evacuate Collection Set: 1.3ms
[2024-07-21T09:01:17.122+0530][gc,phases   ] GC(124)   Post Evacuate Collection Set: 0.3ms
[2024-07-21T09:01:17.122+0530][gc,phases   ] GC(124)   Other: 0.1ms
[2024-07-21T09:01:17.122+0530][gc,heap     ] GC(124) Eden regions: 610->0(609)
[2024-07-21T09:01:17.122+0530][gc,heap     ] GC(124) Survivor regions: 4->5(77)
[2024-07-21T09:01:17.122+0530][gc,heap     ] GC(124) Old regions: 19->19
[2024-07-21T09:01:17.122+0530][gc,heap     ] GC(124) Archive regions: 2->2
[2024-07-21T09:01:17.122+0530][gc,heap     ] GC(124) Humongous regions: 129->129
[2024-07-21T09:01:17.122+0530][gc,metaspace] GC(124) Metaspace: 46014K(46592K)->46014K(46592K) NonClass: 40920K(41216K)->40920K(41216K) Class: 5093K(5376K)->5093K(5376K)
[2024-07-21T09:01:17.122+0530][gc          ] GC(124) Pause Young (Normal) (G1 Evacuation Pause) 761M->152M(1024M) 1.990ms
[2024-07-21T09:01:17.122+0530][gc,cpu      ] GC(124) User=0.01s Sys=0.00s Real=0.00s
[2024-07-21T09:01:42.351+0530][gc,start    ] GC(125) Pause Young (Normal) (G1 Evacuation Pause)
[2024-07-21T09:01:42.351+0530][gc,task     ] GC(125) Using 13 workers of 13 for evacuation
[2024-07-21T09:01:42.353+0530][gc,phases   ] GC(125)   Pre Evacuate Collection Set: 0.1ms
[2024-07-21T09:01:42.353+0530][gc,phases   ] GC(125)   Merge Heap Roots: 0.1ms
[2024-07-21T09:01:42.353+0530][gc,phases   ] GC(125)   Evacuate Collection Set: 1.3ms
[2024-07-21T09:01:42.353+0530][gc,phases   ] GC(125)   Post Evacuate Collection Set: 0.3ms
[2024-07-21T09:01:42.353+0530][gc,phases   ] GC(125)   Other: 0.1ms
[2024-07-21T09:01:42.353+0530][gc,heap     ] GC(125) Eden regions: 609->0(608)
[2024-07-21T09:01:42.353+0530][gc,heap     ] GC(125) Survivor regions: 5->6(77)
[2024-07-21T09:01:42.353+0530][gc,heap     ] GC(125) Old regions: 19->19
[2024-07-21T09:01:42.353+0530][gc,heap     ] GC(125) Archive regions: 2->2
[2024-07-21T09:01:42.353+0530][gc,heap     ] GC(125) Humongous regions: 129->129
[2024-07-21T09:01:42.353+0530][gc,metaspace] GC(125) Metaspace: 46023K(46592K)->46023K(46592K) NonClass: 40929K(41216K)->40929K(41216K) Class: 5093K(5376K)->5093K(5376K)
[2024-07-21T09:01:42.353+0530][gc          ] GC(125) Pause Young (Normal) (G1 Evacuation Pause) 761M->153M(1024M) 2.031ms
[2024-07-21T09:01:42.353+0530][gc,cpu      ] GC(125) User=0.02s Sys=0.00s Real=0.00s
[2024-07-21T09:01:57.565+0530][gc,start    ] GC(126) Pause Young (Normal) (G1 Evacuation Pause)
[2024-07-21T09:01:57.565+0530][gc,task     ] GC(126) Using 13 workers of 13 for evacuation
[2024-07-21T09:01:57.567+0530][gc,phases   ] GC(126)   Pre Evacuate Collection Set: 0.1ms
[2024-07-21T09:01:57.567+0530][gc,phases   ] GC(126)   Merge Heap Roots: 0.1ms
[2024-07-21T09:01:57.567+0530][gc,phases   ] GC(126)   Evacuate Collection Set: 1.4ms
[2024-07-21T09:01:57.567+0530][gc,phases   ] GC(126)   Post Evacuate Collection Set: 0.5ms
[2024-07-21T09:01:57.567+0530][gc,phases   ] GC(126)   Other: 0.1ms
[2024-07-21T09:01:57.567+0530][gc,heap     ] GC(126) Eden regions: 608->0(607)
[2024-07-21T09:01:57.567+0530][gc,heap     ] GC(126) Survivor regions: 6->7(77)
[2024-07-21T09:01:57.567+0530][gc,heap     ] GC(126) Old regions: 19->19
[2024-07-21T09:01:57.567+0530][gc,heap     ] GC(126) Archive regions: 2->2
[2024-07-21T09:01:57.567+0530][gc,heap     ] GC(126) Humongous regions: 129->129
[2024-07-21T09:01:57.567+0530][gc,metaspace] GC(126) Metaspace: 46023K(46592K)->46023K(46592K) NonClass: 40929K(41216K)->40929K(41216K) Class: 5093K(5376K)->5093K(5376K)
[2024-07-21T09:01:57.567+0530][gc          ] GC(126) Pause Young (Normal) (G1 Evacuation Pause) 761M->154M(1024M) 2.246ms
[2024-07-21T09:01:57.567+0530][gc,cpu      ] GC(126) User=0.02s Sys=0.00s Real=0.01s
[2024-07-21T09:02:26.001+0530][gc,start    ] GC(127) Pause Young (Normal) (G1 Evacuation Pause)
[2024-07-21T09:02:26.001+0530][gc,task     ] GC(127) Using 13 workers of 13 for evacuation
[2024-07-21T09:02:26.003+0530][gc,phases   ] GC(127)   Pre Evacuate Collection Set: 0.1ms
[2024-07-21T09:02:26.003+0530][gc,phases   ] GC(127)   Merge Heap Roots: 0.1ms
[2024-07-21T09:02:26.003+0530][gc,phases   ] GC(127)   Evacuate Collection Set: 1.6ms
[2024-07-21T09:02:26.003+0530][gc,phases   ] GC(127)   Post Evacuate Collection Set: 0.4ms
[2024-07-21T09:02:26.003+0530][gc,phases   ] GC(127)   Other: 0.1ms
[2024-07-21T09:02:26.003+0530][gc,heap     ] GC(127) Eden regions: 607->0(606)
[2024-07-21T09:02:26.003+0530][gc,heap     ] GC(127) Survivor regions: 7->8(77)
[2024-07-21T09:02:26.003+0530][gc,heap     ] GC(127) Old regions: 19->19
[2024-07-21T09:02:26.003+0530][gc,heap     ] GC(127) Archive regions: 2->2
[2024-07-21T09:02:26.003+0530][gc,heap     ] GC(127) Humongous regions: 129->129
[2024-07-21T09:02:26.003+0530][gc,metaspace] GC(127) Metaspace: 46051K(46656K)->46051K(46656K) NonClass: 40954K(41280K)->40954K(41280K) Class: 5096K(5376K)->5096K(5376K)
[2024-07-21T09:02:26.003+0530][gc          ] GC(127) Pause Young (Normal) (G1 Evacuation Pause) 761M->155M(1024M) 2.293ms
[2024-07-21T09:02:26.003+0530][gc,cpu      ] GC(127) User=0.02s Sys=0.00s Real=0.00s
[2024-07-21T09:02:42.537+0530][gc,start    ] GC(128) Pause Young (Normal) (G1 Evacuation Pause)
[2024-07-21T09:02:42.537+0530][gc,task     ] GC(128) Using 13 workers of 13 for evacuation
[2024-07-21T09:02:42.539+0530][gc,phases   ] GC(128)   Pre Evacuate Collection Set: 0.1ms
[2024-07-21T09:02:42.539+0530][gc,phases   ] GC(128)   Merge Heap Roots: 0.1ms
[2024-07-21T09:02:42.539+0530][gc,phases   ] GC(128)   Evacuate Collection Set: 1.3ms
[2024-07-21T09:02:42.539+0530][gc,phases   ] GC(128)   Post Evacuate Collection Set: 0.4ms
[2024-07-21T09:02:42.539+0530][gc,phases   ] GC(128)   Other: 0.1ms
[2024-07-21T09:02:42.539+0530][gc,heap     ] GC(128) Eden regions: 606->0(607)
[2024-07-21T09:02:42.539+0530][gc,heap     ] GC(128) Survivor regions: 8->7(77)
[2024-07-21T09:02:42.539+0530][gc,heap     ] GC(128) Old regions: 19->19
[2024-07-21T09:02:42.539+0530][gc,heap     ] GC(128) Archive regions: 2->2
[2024-07-21T09:02:42.539+0530][gc,heap     ] GC(128) Humongous regions: 129->129
[2024-07-21T09:02:42.539+0530][gc,metaspace] GC(128) Metaspace: 46052K(46656K)->46052K(46656K) NonClass: 40955K(41280K)->40955K(41280K) Class: 5096K(5376K)->5096K(5376K)
[2024-07-21T09:02:42.539+0530][gc          ] GC(128) Pause Young (Normal) (G1 Evacuation Pause) 761M->155M(1024M) 1.999ms
[2024-07-21T09:02:42.539+0530][gc,cpu      ] GC(128) User=0.02s Sys=0.00s Real=0.01s
[2024-07-21T09:03:05.766+0530][gc,start    ] GC(129) Pause Young (Normal) (G1 Evacuation Pause)
[2024-07-21T09:03:05.766+0530][gc,task     ] GC(129) Using 13 workers of 13 for evacuation
[2024-07-21T09:03:05.774+0530][gc,phases   ] GC(129)   Pre Evacuate Collection Set: 0.2ms
[2024-07-21T09:03:05.774+0530][gc,phases   ] GC(129)   Merge Heap Roots: 0.5ms
[2024-07-21T09:03:05.774+0530][gc,phases   ] GC(129)   Evacuate Collection Set: 5.9ms
[2024-07-21T09:03:05.774+0530][gc,phases   ] GC(129)   Post Evacuate Collection Set: 1.1ms
[2024-07-21T09:03:05.774+0530][gc,phases   ] GC(129)   Other: 0.3ms
[2024-07-21T09:03:05.774+0530][gc,heap     ] GC(129) Eden regions: 607->0(607)
[2024-07-21T09:03:05.774+0530][gc,heap     ] GC(129) Survivor regions: 7->7(77)
[2024-07-21T09:03:05.774+0530][gc,heap     ] GC(129) Old regions: 19->19
[2024-07-21T09:03:05.774+0530][gc,heap     ] GC(129) Archive regions: 2->2
[2024-07-21T09:03:05.774+0530][gc,heap     ] GC(129) Humongous regions: 129->129
[2024-07-21T09:03:05.774+0530][gc,metaspace] GC(129) Metaspace: 46054K(46656K)->46054K(46656K) NonClass: 40957K(41280K)->40957K(41280K) Class: 5096K(5376K)->5096K(5376K)
[2024-07-21T09:03:05.774+0530][gc          ] GC(129) Pause Young (Normal) (G1 Evacuation Pause) 762M->155M(1024M) 8.279ms
[2024-07-21T09:03:05.774+0530][gc,cpu      ] GC(129) User=0.09s Sys=0.00s Real=0.01s
[2024-07-21T09:03:27.467+0530][gc,start    ] GC(130) Pause Young (Normal) (G1 Evacuation Pause)
[2024-07-21T09:03:27.467+0530][gc,task     ] GC(130) Using 13 workers of 13 for evacuation
[2024-07-21T09:03:27.470+0530][gc,phases   ] GC(130)   Pre Evacuate Collection Set: 0.1ms
[2024-07-21T09:03:27.470+0530][gc,phases   ] GC(130)   Merge Heap Roots: 0.1ms
[2024-07-21T09:03:27.470+0530][gc,phases   ] GC(130)   Evacuate Collection Set: 2.1ms
[2024-07-21T09:03:27.470+0530][gc,phases   ] GC(130)   Post Evacuate Collection Set: 0.4ms
[2024-07-21T09:03:27.470+0530][gc,phases   ] GC(130)   Other: 0.1ms
[2024-07-21T09:03:27.470+0530][gc,heap     ] GC(130) Eden regions: 607->0(606)
[2024-07-21T09:03:27.470+0530][gc,heap     ] GC(130) Survivor regions: 7->8(77)
[2024-07-21T09:03:27.470+0530][gc,heap     ] GC(130) Old regions: 19->19
[2024-07-21T09:03:27.470+0530][gc,heap     ] GC(130) Archive regions: 2->2
[2024-07-21T09:03:27.470+0530][gc,heap     ] GC(130) Humongous regions: 129->129
[2024-07-21T09:03:27.470+0530][gc,metaspace] GC(130) Metaspace: 46056K(46656K)->46056K(46656K) NonClass: 40959K(41280K)->40959K(41280K) Class: 5096K(5376K)->5096K(5376K)
[2024-07-21T09:03:27.470+0530][gc          ] GC(130) Pause Young (Normal) (G1 Evacuation Pause) 762M->156M(1024M) 2.981ms
[2024-07-21T09:03:27.470+0530][gc,cpu      ] GC(130) User=0.03s Sys=0.00s Real=0.00s
[2024-07-21T09:03:57.403+0530][gc,start    ] GC(131) Pause Young (Normal) (G1 Evacuation Pause)
[2024-07-21T09:03:57.403+0530][gc,task     ] GC(131) Using 13 workers of 13 for evacuation
[2024-07-21T09:03:57.406+0530][gc,phases   ] GC(131)   Pre Evacuate Collection Set: 0.1ms
[2024-07-21T09:03:57.406+0530][gc,phases   ] GC(131)   Merge Heap Roots: 0.2ms
[2024-07-21T09:03:57.406+0530][gc,phases   ] GC(131)   Evacuate Collection Set: 1.5ms
[2024-07-21T09:03:57.406+0530][gc,phases   ] GC(131)   Post Evacuate Collection Set: 0.4ms
[2024-07-21T09:03:57.406+0530][gc,phases   ] GC(131)   Other: 0.1ms
[2024-07-21T09:03:57.406+0530][gc,heap     ] GC(131) Eden regions: 606->0(606)
[2024-07-21T09:03:57.406+0530][gc,heap     ] GC(131) Survivor regions: 8->8(77)
[2024-07-21T09:03:57.406+0530][gc,heap     ] GC(131) Old regions: 19->19
[2024-07-21T09:03:57.406+0530][gc,heap     ] GC(131) Archive regions: 2->2
[2024-07-21T09:03:57.406+0530][gc,heap     ] GC(131) Humongous regions: 129->129
[2024-07-21T09:03:57.406+0530][gc,metaspace] GC(131) Metaspace: 46058K(46656K)->46058K(46656K) NonClass: 40961K(41280K)->40961K(41280K) Class: 5096K(5376K)->5096K(5376K)
[2024-07-21T09:03:57.406+0530][gc          ] GC(131) Pause Young (Normal) (G1 Evacuation Pause) 762M->156M(1024M) 2.367ms
[2024-07-21T09:03:57.406+0530][gc,cpu      ] GC(131) User=0.02s Sys=0.00s Real=0.00s
[2024-07-21T09:04:27.524+0530][gc,start    ] GC(132) Pause Young (Normal) (G1 Evacuation Pause)
[2024-07-21T09:04:27.524+0530][gc,task     ] GC(132) Using 13 workers of 13 for evacuation
[2024-07-21T09:04:27.526+0530][gc,phases   ] GC(132)   Pre Evacuate Collection Set: 0.1ms
[2024-07-21T09:04:27.526+0530][gc,phases   ] GC(132)   Merge Heap Roots: 0.1ms
[2024-07-21T09:04:27.526+0530][gc,phases   ] GC(132)   Evacuate Collection Set: 1.5ms
[2024-07-21T09:04:27.526+0530][gc,phases   ] GC(132)   Post Evacuate Collection Set: 0.3ms
[2024-07-21T09:04:27.526+0530][gc,phases   ] GC(132)   Other: 0.1ms
[2024-07-21T09:04:27.526+0530][gc,heap     ] GC(132) Eden regions: 606->0(605)
[2024-07-21T09:04:27.526+0530][gc,heap     ] GC(132) Survivor regions: 8->9(77)
[2024-07-21T09:04:27.526+0530][gc,heap     ] GC(132) Old regions: 19->19
[2024-07-21T09:04:27.526+0530][gc,heap     ] GC(132) Archive regions: 2->2
[2024-07-21T09:04:27.526+0530][gc,heap     ] GC(132) Humongous regions: 129->129
[2024-07-21T09:04:27.526+0530][gc,metaspace] GC(132) Metaspace: 46060K(46656K)->46060K(46656K) NonClass: 40963K(41280K)->40963K(41280K) Class: 5096K(5376K)->5096K(5376K)
[2024-07-21T09:04:27.526+0530][gc          ] GC(132) Pause Young (Normal) (G1 Evacuation Pause) 762M->156M(1024M) 2.160ms
[2024-07-21T09:04:27.526+0530][gc,cpu      ] GC(132) User=0.01s Sys=0.01s Real=0.01s
[2024-07-21T09:05:12.404+0530][gc,start    ] GC(133) Pause Young (Normal) (G1 Evacuation Pause)
[2024-07-21T09:05:12.404+0530][gc,task     ] GC(133) Using 13 workers of 13 for evacuation
[2024-07-21T09:05:12.407+0530][gc,phases   ] GC(133)   Pre Evacuate Collection Set: 0.1ms
[2024-07-21T09:05:12.407+0530][gc,phases   ] GC(133)   Merge Heap Roots: 0.2ms
[2024-07-21T09:05:12.407+0530][gc,phases   ] GC(133)   Evacuate Collection Set: 1.5ms
[2024-07-21T09:05:12.407+0530][gc,phases   ] GC(133)   Post Evacuate Collection Set: 0.4ms
[2024-07-21T09:05:12.407+0530][gc,phases   ] GC(133)   Other: 0.1ms
[2024-07-21T09:05:12.407+0530][gc,heap     ] GC(133) Eden regions: 605->0(605)
[2024-07-21T09:05:12.407+0530][gc,heap     ] GC(133) Survivor regions: 9->9(77)
[2024-07-21T09:05:12.407+0530][gc,heap     ] GC(133) Old regions: 19->19
[2024-07-21T09:05:12.407+0530][gc,heap     ] GC(133) Archive regions: 2->2
[2024-07-21T09:05:12.407+0530][gc,heap     ] GC(133) Humongous regions: 129->129
[2024-07-21T09:05:12.407+0530][gc,metaspace] GC(133) Metaspace: 46060K(46656K)->46060K(46656K) NonClass: 40964K(41280K)->40964K(41280K) Class: 5096K(5376K)->5096K(5376K)
[2024-07-21T09:05:12.407+0530][gc          ] GC(133) Pause Young (Normal) (G1 Evacuation Pause) 761M->156M(1024M) 2.321ms
[2024-07-21T09:05:12.407+0530][gc,cpu      ] GC(133) User=0.01s Sys=0.00s Real=0.01s
[2024-07-21T09:05:42.540+0530][gc,start    ] GC(134) Pause Young (Normal) (G1 Evacuation Pause)
[2024-07-21T09:05:42.540+0530][gc,task     ] GC(134) Using 13 workers of 13 for evacuation
[2024-07-21T09:05:42.542+0530][gc,phases   ] GC(134)   Pre Evacuate Collection Set: 0.1ms
[2024-07-21T09:05:42.542+0530][gc,phases   ] GC(134)   Merge Heap Roots: 0.2ms
[2024-07-21T09:05:42.542+0530][gc,phases   ] GC(134)   Evacuate Collection Set: 1.4ms
[2024-07-21T09:05:42.542+0530][gc,phases   ] GC(134)   Post Evacuate Collection Set: 0.3ms
[2024-07-21T09:05:42.542+0530][gc,phases   ] GC(134)   Other: 0.1ms
[2024-07-21T09:05:42.542+0530][gc,heap     ] GC(134) Eden regions: 605->0(605)
[2024-07-21T09:05:42.542+0530][gc,heap     ] GC(134) Survivor regions: 9->9(77)
[2024-07-21T09:05:42.542+0530][gc,heap     ] GC(134) Old regions: 19->19
[2024-07-21T09:05:42.542+0530][gc,heap     ] GC(134) Archive regions: 2->2
[2024-07-21T09:05:42.542+0530][gc,heap     ] GC(134) Humongous regions: 129->129
[2024-07-21T09:05:42.542+0530][gc,metaspace] GC(134) Metaspace: 46061K(46656K)->46061K(46656K) NonClass: 40965K(41280K)->40965K(41280K) Class: 5096K(5376K)->5096K(5376K)
[2024-07-21T09:05:42.542+0530][gc          ] GC(134) Pause Young (Normal) (G1 Evacuation Pause) 761M->157M(1024M) 2.203ms
[2024-07-21T09:05:42.542+0530][gc,cpu      ] GC(134) User=0.02s Sys=0.01s Real=0.00s
[2024-07-21T09:06:27.420+0530][gc,start    ] GC(135) Pause Young (Normal) (G1 Evacuation Pause)
[2024-07-21T09:06:27.420+0530][gc,task     ] GC(135) Using 13 workers of 13 for evacuation
[2024-07-21T09:06:27.422+0530][gc,phases   ] GC(135)   Pre Evacuate Collection Set: 0.1ms
[2024-07-21T09:06:27.422+0530][gc,phases   ] GC(135)   Merge Heap Roots: 0.2ms
[2024-07-21T09:06:27.422+0530][gc,phases   ] GC(135)   Evacuate Collection Set: 1.4ms
[2024-07-21T09:06:27.422+0530][gc,phases   ] GC(135)   Post Evacuate Collection Set: 0.3ms
[2024-07-21T09:06:27.422+0530][gc,phases   ] GC(135)   Other: 0.1ms
[2024-07-21T09:06:27.422+0530][gc,heap     ] GC(135) Eden regions: 605->0(606)
[2024-07-21T09:06:27.422+0530][gc,heap     ] GC(135) Survivor regions: 9->8(77)
[2024-07-21T09:06:27.422+0530][gc,heap     ] GC(135) Old regions: 19->19
[2024-07-21T09:06:27.422+0530][gc,heap     ] GC(135) Archive regions: 2->2
[2024-07-21T09:06:27.422+0530][gc,heap     ] GC(135) Humongous regions: 129->129
[2024-07-21T09:06:27.422+0530][gc,metaspace] GC(135) Metaspace: 46063K(46656K)->46063K(46656K) NonClass: 40967K(41280K)->40967K(41280K) Class: 5096K(5376K)->5096K(5376K)
[2024-07-21T09:06:27.422+0530][gc          ] GC(135) Pause Young (Normal) (G1 Evacuation Pause) 762M->156M(1024M) 2.078ms
[2024-07-21T09:06:27.422+0530][gc,cpu      ] GC(135) User=0.01s Sys=0.00s Real=0.00s
[2024-07-21T09:06:57.555+0530][gc,start    ] GC(136) Pause Young (Normal) (G1 Evacuation Pause)
[2024-07-21T09:06:57.555+0530][gc,task     ] GC(136) Using 13 workers of 13 for evacuation
[2024-07-21T09:06:57.557+0530][gc,phases   ] GC(136)   Pre Evacuate Collection Set: 0.1ms
[2024-07-21T09:06:57.557+0530][gc,phases   ] GC(136)   Merge Heap Roots: 0.1ms
[2024-07-21T09:06:57.557+0530][gc,phases   ] GC(136)   Evacuate Collection Set: 1.4ms
[2024-07-21T09:06:57.557+0530][gc,phases   ] GC(136)   Post Evacuate Collection Set: 0.3ms
[2024-07-21T09:06:57.557+0530][gc,phases   ] GC(136)   Other: 0.1ms
[2024-07-21T09:06:57.557+0530][gc,heap     ] GC(136) Eden regions: 606->0(606)
[2024-07-21T09:06:57.557+0530][gc,heap     ] GC(136) Survivor regions: 8->8(77)
[2024-07-21T09:06:57.557+0530][gc,heap     ] GC(136) Old regions: 19->19
[2024-07-21T09:06:57.557+0530][gc,heap     ] GC(136) Archive regions: 2->2
[2024-07-21T09:06:57.557+0530][gc,heap     ] GC(136) Humongous regions: 129->129
[2024-07-21T09:06:57.557+0530][gc,metaspace] GC(136) Metaspace: 46065K(46656K)->46065K(46656K) NonClass: 40969K(41280K)->40969K(41280K) Class: 5096K(5376K)->5096K(5376K)
[2024-07-21T09:06:57.557+0530][gc          ] GC(136) Pause Young (Normal) (G1 Evacuation Pause) 762M->156M(1024M) 2.099ms
[2024-07-21T09:06:57.557+0530][gc,cpu      ] GC(136) User=0.01s Sys=0.01s Real=0.00s
[2024-07-21T09:07:42.438+0530][gc,start    ] GC(137) Pause Young (Normal) (G1 Evacuation Pause)
[2024-07-21T09:07:42.438+0530][gc,task     ] GC(137) Using 13 workers of 13 for evacuation
[2024-07-21T09:07:42.440+0530][gc,phases   ] GC(137)   Pre Evacuate Collection Set: 0.1ms
[2024-07-21T09:07:42.440+0530][gc,phases   ] GC(137)   Merge Heap Roots: 0.1ms
[2024-07-21T09:07:42.440+0530][gc,phases   ] GC(137)   Evacuate Collection Set: 1.3ms
[2024-07-21T09:07:42.440+0530][gc,phases   ] GC(137)   Post Evacuate Collection Set: 0.3ms
[2024-07-21T09:07:42.440+0530][gc,phases   ] GC(137)   Other: 0.1ms
[2024-07-21T09:07:42.440+0530][gc,heap     ] GC(137) Eden regions: 606->0(606)
[2024-07-21T09:07:42.440+0530][gc,heap     ] GC(137) Survivor regions: 8->8(77)
[2024-07-21T09:07:42.440+0530][gc,heap     ] GC(137) Old regions: 19->20
[2024-07-21T09:07:42.440+0530][gc,heap     ] GC(137) Archive regions: 2->2
[2024-07-21T09:07:42.440+0530][gc,heap     ] GC(137) Humongous regions: 129->129
[2024-07-21T09:07:42.440+0530][gc,metaspace] GC(137) Metaspace: 46095K(46656K)->46095K(46656K) NonClass: 40999K(41280K)->40999K(41280K) Class: 5096K(5376K)->5096K(5376K)
[2024-07-21T09:07:42.440+0530][gc          ] GC(137) Pause Young (Normal) (G1 Evacuation Pause) 762M->156M(1024M) 2.035ms
[2024-07-21T09:07:42.440+0530][gc,cpu      ] GC(137) User=0.02s Sys=0.00s Real=0.01s
[2024-07-21T09:08:12.591+0530][gc,start    ] GC(138) Pause Young (Normal) (G1 Evacuation Pause)
[2024-07-21T09:08:12.591+0530][gc,task     ] GC(138) Using 13 workers of 13 for evacuation
[2024-07-21T09:08:12.593+0530][gc,phases   ] GC(138)   Pre Evacuate Collection Set: 0.1ms
[2024-07-21T09:08:12.593+0530][gc,phases   ] GC(138)   Merge Heap Roots: 0.1ms
[2024-07-21T09:08:12.593+0530][gc,phases   ] GC(138)   Evacuate Collection Set: 1.4ms
[2024-07-21T09:08:12.593+0530][gc,phases   ] GC(138)   Post Evacuate Collection Set: 0.3ms
[2024-07-21T09:08:12.593+0530][gc,phases   ] GC(138)   Other: 0.1ms
[2024-07-21T09:08:12.593+0530][gc,heap     ] GC(138) Eden regions: 606->0(607)
[2024-07-21T09:08:12.593+0530][gc,heap     ] GC(138) Survivor regions: 8->7(77)
[2024-07-21T09:08:12.593+0530][gc,heap     ] GC(138) Old regions: 20->21
[2024-07-21T09:08:12.593+0530][gc,heap     ] GC(138) Archive regions: 2->2
[2024-07-21T09:08:12.593+0530][gc,heap     ] GC(138) Humongous regions: 129->129
[2024-07-21T09:08:12.593+0530][gc,metaspace] GC(138) Metaspace: 46099K(46656K)->46099K(46656K) NonClass: 41003K(41280K)->41003K(41280K) Class: 5096K(5376K)->5096K(5376K)
[2024-07-21T09:08:12.593+0530][gc          ] GC(138) Pause Young (Normal) (G1 Evacuation Pause) 762M->156M(1024M) 2.095ms
[2024-07-21T09:08:12.593+0530][gc,cpu      ] GC(138) User=0.02s Sys=0.00s Real=0.00s
[2024-07-21T09:08:57.468+0530][gc,start    ] GC(139) Pause Young (Normal) (G1 Evacuation Pause)
[2024-07-21T09:08:57.468+0530][gc,task     ] GC(139) Using 13 workers of 13 for evacuation
[2024-07-21T09:08:57.471+0530][gc,phases   ] GC(139)   Pre Evacuate Collection Set: 0.1ms
[2024-07-21T09:08:57.471+0530][gc,phases   ] GC(139)   Merge Heap Roots: 0.1ms
[2024-07-21T09:08:57.471+0530][gc,phases   ] GC(139)   Evacuate Collection Set: 1.5ms
[2024-07-21T09:08:57.471+0530][gc,phases   ] GC(139)   Post Evacuate Collection Set: 0.6ms
[2024-07-21T09:08:57.471+0530][gc,phases   ] GC(139)   Other: 0.1ms
[2024-07-21T09:08:57.471+0530][gc,heap     ] GC(139) Eden regions: 607->0(608)
[2024-07-21T09:08:57.471+0530][gc,heap     ] GC(139) Survivor regions: 7->6(77)
[2024-07-21T09:08:57.471+0530][gc,heap     ] GC(139) Old regions: 21->22
[2024-07-21T09:08:57.471+0530][gc,heap     ] GC(139) Archive regions: 2->2
[2024-07-21T09:08:57.471+0530][gc,heap     ] GC(139) Humongous regions: 129->129
[2024-07-21T09:08:57.471+0530][gc,metaspace] GC(139) Metaspace: 46102K(46656K)->46102K(46656K) NonClass: 41005K(41280K)->41005K(41280K) Class: 5096K(5376K)->5096K(5376K)
[2024-07-21T09:08:57.471+0530][gc          ] GC(139) Pause Young (Normal) (G1 Evacuation Pause) 763M->157M(1024M) 2.473ms
[2024-07-21T09:08:57.471+0530][gc,cpu      ] GC(139) User=0.02s Sys=0.00s Real=0.00s
[2024-07-21T09:09:42.344+0530][gc,start    ] GC(140) Pause Young (Normal) (G1 Evacuation Pause)
[2024-07-21T09:09:42.344+0530][gc,task     ] GC(140) Using 13 workers of 13 for evacuation
[2024-07-21T09:09:42.345+0530][gc,phases   ] GC(140)   Pre Evacuate Collection Set: 0.1ms
[2024-07-21T09:09:42.345+0530][gc,phases   ] GC(140)   Merge Heap Roots: 0.1ms
[2024-07-21T09:09:42.345+0530][gc,phases   ] GC(140)   Evacuate Collection Set: 1.2ms
[2024-07-21T09:09:42.345+0530][gc,phases   ] GC(140)   Post Evacuate Collection Set: 0.3ms
[2024-07-21T09:09:42.345+0530][gc,phases   ] GC(140)   Other: 0.1ms
[2024-07-21T09:09:42.345+0530][gc,heap     ] GC(140) Eden regions: 608->0(609)
[2024-07-21T09:09:42.345+0530][gc,heap     ] GC(140) Survivor regions: 6->5(77)
[2024-07-21T09:09:42.345+0530][gc,heap     ] GC(140) Old regions: 22->23
[2024-07-21T09:09:42.345+0530][gc,heap     ] GC(140) Archive regions: 2->2
[2024-07-21T09:09:42.345+0530][gc,heap     ] GC(140) Humongous regions: 129->129
[2024-07-21T09:09:42.345+0530][gc,metaspace] GC(140) Metaspace: 46104K(46656K)->46104K(46656K) NonClass: 41008K(41280K)->41008K(41280K) Class: 5096K(5376K)->5096K(5376K)
[2024-07-21T09:09:42.346+0530][gc          ] GC(140) Pause Young (Normal) (G1 Evacuation Pause) 765M->157M(1024M) 1.791ms
[2024-07-21T09:09:42.346+0530][gc,cpu      ] GC(140) User=0.02s Sys=0.00s Real=0.00s
[2024-07-21T09:10:12.485+0530][gc,start    ] GC(141) Pause Young (Normal) (G1 Evacuation Pause)
[2024-07-21T09:10:12.485+0530][gc,task     ] GC(141) Using 13 workers of 13 for evacuation
[2024-07-21T09:10:12.486+0530][gc,phases   ] GC(141)   Pre Evacuate Collection Set: 0.1ms
[2024-07-21T09:10:12.486+0530][gc,phases   ] GC(141)   Merge Heap Roots: 0.1ms
[2024-07-21T09:10:12.486+0530][gc,phases   ] GC(141)   Evacuate Collection Set: 1.2ms
[2024-07-21T09:10:12.486+0530][gc,phases   ] GC(141)   Post Evacuate Collection Set: 0.3ms
[2024-07-21T09:10:12.486+0530][gc,phases   ] GC(141)   Other: 0.1ms
[2024-07-21T09:10:12.486+0530][gc,heap     ] GC(141) Eden regions: 609->0(608)
[2024-07-21T09:10:12.486+0530][gc,heap     ] GC(141) Survivor regions: 5->6(77)
[2024-07-21T09:10:12.486+0530][gc,heap     ] GC(141) Old regions: 23->23
[2024-07-21T09:10:12.486+0530][gc,heap     ] GC(141) Archive regions: 2->2
[2024-07-21T09:10:12.486+0530][gc,heap     ] GC(141) Humongous regions: 129->129
[2024-07-21T09:10:12.486+0530][gc,metaspace] GC(141) Metaspace: 46104K(46656K)->46104K(46656K) NonClass: 41008K(41280K)->41008K(41280K) Class: 5096K(5376K)->5096K(5376K)
[2024-07-21T09:10:12.486+0530][gc          ] GC(141) Pause Young (Normal) (G1 Evacuation Pause) 766M->158M(1024M) 1.777ms
[2024-07-21T09:10:12.486+0530][gc,cpu      ] GC(141) User=0.01s Sys=0.00s Real=0.01s
[2024-07-21T09:10:57.367+0530][gc,start    ] GC(142) Pause Young (Normal) (G1 Evacuation Pause)
[2024-07-21T09:10:57.367+0530][gc,task     ] GC(142) Using 13 workers of 13 for evacuation
[2024-07-21T09:10:57.369+0530][gc,phases   ] GC(142)   Pre Evacuate Collection Set: 0.1ms
[2024-07-21T09:10:57.369+0530][gc,phases   ] GC(142)   Merge Heap Roots: 0.1ms
[2024-07-21T09:10:57.369+0530][gc,phases   ] GC(142)   Evacuate Collection Set: 1.0ms
[2024-07-21T09:10:57.369+0530][gc,phases   ] GC(142)   Post Evacuate Collection Set: 0.4ms
[2024-07-21T09:10:57.369+0530][gc,phases   ] GC(142)   Other: 0.1ms
[2024-07-21T09:10:57.369+0530][gc,heap     ] GC(142) Eden regions: 608->0(610)
[2024-07-21T09:10:57.369+0530][gc,heap     ] GC(142) Survivor regions: 6->4(77)
[2024-07-21T09:10:57.369+0530][gc,heap     ] GC(142) Old regions: 23->24
[2024-07-21T09:10:57.369+0530][gc,heap     ] GC(142) Archive regions: 2->2
[2024-07-21T09:10:57.369+0530][gc,heap     ] GC(142) Humongous regions: 129->129
[2024-07-21T09:10:57.369+0530][gc,metaspace] GC(142) Metaspace: 46109K(46656K)->46109K(46656K) NonClass: 41013K(41280K)->41013K(41280K) Class: 5096K(5376K)->5096K(5376K)
[2024-07-21T09:10:57.369+0530][gc          ] GC(142) Pause Young (Normal) (G1 Evacuation Pause) 766M->156M(1024M) 1.846ms
[2024-07-21T09:10:57.369+0530][gc,cpu      ] GC(142) User=0.02s Sys=0.00s Real=0.00s
[2024-07-21T09:11:27.502+0530][gc,start    ] GC(143) Pause Young (Normal) (G1 Evacuation Pause)
[2024-07-21T09:11:27.502+0530][gc,task     ] GC(143) Using 13 workers of 13 for evacuation
[2024-07-21T09:11:27.503+0530][gc,phases   ] GC(143)   Pre Evacuate Collection Set: 0.1ms
[2024-07-21T09:11:27.503+0530][gc,phases   ] GC(143)   Merge Heap Roots: 0.1ms
[2024-07-21T09:11:27.503+0530][gc,phases   ] GC(143)   Evacuate Collection Set: 0.9ms
[2024-07-21T09:11:27.503+0530][gc,phases   ] GC(143)   Post Evacuate Collection Set: 0.3ms
[2024-07-21T09:11:27.503+0530][gc,phases   ] GC(143)   Other: 0.1ms
[2024-07-21T09:11:27.503+0530][gc,heap     ] GC(143) Eden regions: 610->0(610)
[2024-07-21T09:11:27.503+0530][gc,heap     ] GC(143) Survivor regions: 4->4(77)
[2024-07-21T09:11:27.503+0530][gc,heap     ] GC(143) Old regions: 24->24
[2024-07-21T09:11:27.503+0530][gc,heap     ] GC(143) Archive regions: 2->2
[2024-07-21T09:11:27.503+0530][gc,heap     ] GC(143) Humongous regions: 129->129
[2024-07-21T09:11:27.503+0530][gc,metaspace] GC(143) Metaspace: 46109K(46656K)->46109K(46656K) NonClass: 41013K(41280K)->41013K(41280K) Class: 5096K(5376K)->5096K(5376K)
[2024-07-21T09:11:27.504+0530][gc          ] GC(143) Pause Young (Normal) (G1 Evacuation Pause) 766M->157M(1024M) 1.522ms
[2024-07-21T09:11:27.504+0530][gc,cpu      ] GC(143) User=0.02s Sys=0.00s Real=0.00s
[2024-07-21T09:12:12.377+0530][gc,start    ] GC(144) Pause Young (Normal) (G1 Evacuation Pause)
[2024-07-21T09:12:12.377+0530][gc,task     ] GC(144) Using 13 workers of 13 for evacuation
[2024-07-21T09:12:12.378+0530][gc,phases   ] GC(144)   Pre Evacuate Collection Set: 0.1ms
[2024-07-21T09:12:12.378+0530][gc,phases   ] GC(144)   Merge Heap Roots: 0.1ms
[2024-07-21T09:12:12.378+0530][gc,phases   ] GC(144)   Evacuate Collection Set: 0.9ms
[2024-07-21T09:12:12.378+0530][gc,phases   ] GC(144)   Post Evacuate Collection Set: 0.3ms
[2024-07-21T09:12:12.378+0530][gc,phases   ] GC(144)   Other: 0.1ms
[2024-07-21T09:12:12.378+0530][gc,heap     ] GC(144) Eden regions: 610->0(610)
[2024-07-21T09:12:12.378+0530][gc,heap     ] GC(144) Survivor regions: 4->4(77)
[2024-07-21T09:12:12.378+0530][gc,heap     ] GC(144) Old regions: 24->25
[2024-07-21T09:12:12.378+0530][gc,heap     ] GC(144) Archive regions: 2->2
[2024-07-21T09:12:12.378+0530][gc,heap     ] GC(144) Humongous regions: 129->129
[2024-07-21T09:12:12.378+0530][gc,metaspace] GC(144) Metaspace: 46115K(46656K)->46115K(46656K) NonClass: 41018K(41280K)->41018K(41280K) Class: 5096K(5376K)->5096K(5376K)
[2024-07-21T09:12:12.378+0530][gc          ] GC(144) Pause Young (Normal) (G1 Evacuation Pause) 767M->157M(1024M) 1.482ms
[2024-07-21T09:12:12.378+0530][gc,cpu      ] GC(144) User=0.01s Sys=0.00s Real=0.01s
[2024-07-21T09:12:42.522+0530][gc,start    ] GC(145) Pause Young (Normal) (G1 Evacuation Pause)
[2024-07-21T09:12:42.522+0530][gc,task     ] GC(145) Using 13 workers of 13 for evacuation
[2024-07-21T09:12:42.524+0530][gc,phases   ] GC(145)   Pre Evacuate Collection Set: 0.1ms
[2024-07-21T09:12:42.524+0530][gc,phases   ] GC(145)   Merge Heap Roots: 0.1ms
[2024-07-21T09:12:42.524+0530][gc,phases   ] GC(145)   Evacuate Collection Set: 1.0ms
[2024-07-21T09:12:42.524+0530][gc,phases   ] GC(145)   Post Evacuate Collection Set: 0.4ms
[2024-07-21T09:12:42.524+0530][gc,phases   ] GC(145)   Other: 0.1ms
[2024-07-21T09:12:42.524+0530][gc,heap     ] GC(145) Eden regions: 610->0(610)
[2024-07-21T09:12:42.524+0530][gc,heap     ] GC(145) Survivor regions: 4->4(77)
[2024-07-21T09:12:42.524+0530][gc,heap     ] GC(145) Old regions: 25->25
[2024-07-21T09:12:42.524+0530][gc,heap     ] GC(145) Archive regions: 2->2
[2024-07-21T09:12:42.524+0530][gc,heap     ] GC(145) Humongous regions: 129->129
[2024-07-21T09:12:42.524+0530][gc,metaspace] GC(145) Metaspace: 46121K(46720K)->46121K(46720K) NonClass: 41025K(41344K)->41025K(41344K) Class: 5096K(5376K)->5096K(5376K)
[2024-07-21T09:12:42.524+0530][gc          ] GC(145) Pause Young (Normal) (G1 Evacuation Pause) 767M->158M(1024M) 1.738ms
[2024-07-21T09:12:42.524+0530][gc,cpu      ] GC(145) User=0.01s Sys=0.00s Real=0.00s
[2024-07-21T09:13:27.403+0530][gc,start    ] GC(146) Pause Young (Normal) (G1 Evacuation Pause)
[2024-07-21T09:13:27.403+0530][gc,task     ] GC(146) Using 13 workers of 13 for evacuation
[2024-07-21T09:13:27.405+0530][gc,phases   ] GC(146)   Pre Evacuate Collection Set: 0.1ms
[2024-07-21T09:13:27.405+0530][gc,phases   ] GC(146)   Merge Heap Roots: 0.1ms
[2024-07-21T09:13:27.405+0530][gc,phases   ] GC(146)   Evacuate Collection Set: 1.1ms
[2024-07-21T09:13:27.405+0530][gc,phases   ] GC(146)   Post Evacuate Collection Set: 0.3ms
[2024-07-21T09:13:27.405+0530][gc,phases   ] GC(146)   Other: 0.1ms
[2024-07-21T09:13:27.405+0530][gc,heap     ] GC(146) Eden regions: 610->0(610)
[2024-07-21T09:13:27.405+0530][gc,heap     ] GC(146) Survivor regions: 4->4(77)
[2024-07-21T09:13:27.405+0530][gc,heap     ] GC(146) Old regions: 25->26
[2024-07-21T09:13:27.405+0530][gc,heap     ] GC(146) Archive regions: 2->2
[2024-07-21T09:13:27.405+0530][gc,heap     ] GC(146) Humongous regions: 129->129
[2024-07-21T09:13:27.405+0530][gc,metaspace] GC(146) Metaspace: 46121K(46720K)->46121K(46720K) NonClass: 41025K(41344K)->41025K(41344K) Class: 5096K(5376K)->5096K(5376K)
[2024-07-21T09:13:27.405+0530][gc          ] GC(146) Pause Young (Normal) (G1 Evacuation Pause) 768M->158M(1024M) 1.810ms
[2024-07-21T09:13:27.405+0530][gc,cpu      ] GC(146) User=0.01s Sys=0.00s Real=0.00s
[2024-07-21T09:13:57.545+0530][gc,start    ] GC(147) Pause Young (Normal) (G1 Evacuation Pause)
[2024-07-21T09:13:57.545+0530][gc,task     ] GC(147) Using 13 workers of 13 for evacuation
[2024-07-21T09:13:57.546+0530][gc,phases   ] GC(147)   Pre Evacuate Collection Set: 0.1ms
[2024-07-21T09:13:57.546+0530][gc,phases   ] GC(147)   Merge Heap Roots: 0.2ms
[2024-07-21T09:13:57.546+0530][gc,phases   ] GC(147)   Evacuate Collection Set: 0.9ms
[2024-07-21T09:13:57.546+0530][gc,phases   ] GC(147)   Post Evacuate Collection Set: 0.3ms
[2024-07-21T09:13:57.546+0530][gc,phases   ] GC(147)   Other: 0.1ms
[2024-07-21T09:13:57.546+0530][gc,heap     ] GC(147) Eden regions: 610->0(609)
[2024-07-21T09:13:57.546+0530][gc,heap     ] GC(147) Survivor regions: 4->5(77)
[2024-07-21T09:13:57.546+0530][gc,heap     ] GC(147) Old regions: 26->26
[2024-07-21T09:13:57.546+0530][gc,heap     ] GC(147) Archive regions: 2->2
[2024-07-21T09:13:57.546+0530][gc,heap     ] GC(147) Humongous regions: 129->129
[2024-07-21T09:13:57.546+0530][gc,metaspace] GC(147) Metaspace: 46121K(46720K)->46121K(46720K) NonClass: 41025K(41344K)->41025K(41344K) Class: 5096K(5376K)->5096K(5376K)
[2024-07-21T09:13:57.546+0530][gc          ] GC(147) Pause Young (Normal) (G1 Evacuation Pause) 768M->159M(1024M) 1.661ms
[2024-07-21T09:13:57.546+0530][gc,cpu      ] GC(147) User=0.01s Sys=0.01s Real=0.01s
[2024-07-21T09:14:42.441+0530][gc,start    ] GC(148) Pause Young (Normal) (G1 Evacuation Pause)
[2024-07-21T09:14:42.441+0530][gc,task     ] GC(148) Using 13 workers of 13 for evacuation
[2024-07-21T09:14:42.442+0530][gc,phases   ] GC(148)   Pre Evacuate Collection Set: 0.1ms
[2024-07-21T09:14:42.443+0530][gc,phases   ] GC(148)   Merge Heap Roots: 0.1ms
[2024-07-21T09:14:42.443+0530][gc,phases   ] GC(148)   Evacuate Collection Set: 0.7ms
[2024-07-21T09:14:42.443+0530][gc,phases   ] GC(148)   Post Evacuate Collection Set: 0.3ms
[2024-07-21T09:14:42.443+0530][gc,phases   ] GC(148)   Other: 0.1ms
[2024-07-21T09:14:42.443+0530][gc,heap     ] GC(148) Eden regions: 609->0(610)
[2024-07-21T09:14:42.443+0530][gc,heap     ] GC(148) Survivor regions: 5->4(77)
[2024-07-21T09:14:42.443+0530][gc,heap     ] GC(148) Old regions: 26->26
[2024-07-21T09:14:42.443+0530][gc,heap     ] GC(148) Archive regions: 2->2
[2024-07-21T09:14:42.443+0530][gc,heap     ] GC(148) Humongous regions: 129->129
[2024-07-21T09:14:42.443+0530][gc,metaspace] GC(148) Metaspace: 46121K(46720K)->46121K(46720K) NonClass: 41025K(41344K)->41025K(41344K) Class: 5096K(5376K)->5096K(5376K)
[2024-07-21T09:14:42.443+0530][gc          ] GC(148) Pause Young (Normal) (G1 Evacuation Pause) 768M->158M(1024M) 1.349ms
[2024-07-21T09:14:42.443+0530][gc,cpu      ] GC(148) User=0.01s Sys=0.00s Real=0.00s
[2024-07-21T09:15:12.575+0530][gc,start    ] GC(149) Pause Young (Normal) (G1 Evacuation Pause)
[2024-07-21T09:15:12.575+0530][gc,task     ] GC(149) Using 13 workers of 13 for evacuation
[2024-07-21T09:15:12.576+0530][gc,phases   ] GC(149)   Pre Evacuate Collection Set: 0.1ms
[2024-07-21T09:15:12.576+0530][gc,phases   ] GC(149)   Merge Heap Roots: 0.2ms
[2024-07-21T09:15:12.576+0530][gc,phases   ] GC(149)   Evacuate Collection Set: 0.8ms
[2024-07-21T09:15:12.576+0530][gc,phases   ] GC(149)   Post Evacuate Collection Set: 0.4ms
[2024-07-21T09:15:12.576+0530][gc,phases   ] GC(149)   Other: 0.1ms
[2024-07-21T09:15:12.576+0530][gc,heap     ] GC(149) Eden regions: 610->0(610)
[2024-07-21T09:15:12.576+0530][gc,heap     ] GC(149) Survivor regions: 4->4(77)
[2024-07-21T09:15:12.576+0530][gc,heap     ] GC(149) Old regions: 26->26
[2024-07-21T09:15:12.576+0530][gc,heap     ] GC(149) Archive regions: 2->2
[2024-07-21T09:15:12.576+0530][gc,heap     ] GC(149) Humongous regions: 129->129
[2024-07-21T09:15:12.576+0530][gc,metaspace] GC(149) Metaspace: 46121K(46720K)->46121K(46720K) NonClass: 41025K(41344K)->41025K(41344K) Class: 5096K(5376K)->5096K(5376K)
[2024-07-21T09:15:12.576+0530][gc          ] GC(149) Pause Young (Normal) (G1 Evacuation Pause) 768M->159M(1024M) 1.677ms
[2024-07-21T09:15:12.576+0530][gc,cpu      ] GC(149) User=0.01s Sys=0.00s Real=0.00s
[2024-07-21T09:15:57.456+0530][gc,start    ] GC(150) Pause Young (Normal) (G1 Evacuation Pause)
[2024-07-21T09:15:57.456+0530][gc,task     ] GC(150) Using 13 workers of 13 for evacuation
[2024-07-21T09:15:57.457+0530][gc,phases   ] GC(150)   Pre Evacuate Collection Set: 0.1ms
[2024-07-21T09:15:57.457+0530][gc,phases   ] GC(150)   Merge Heap Roots: 0.1ms
[2024-07-21T09:15:57.458+0530][gc,phases   ] GC(150)   Evacuate Collection Set: 0.9ms
[2024-07-21T09:15:57.458+0530][gc,phases   ] GC(150)   Post Evacuate Collection Set: 0.3ms
[2024-07-21T09:15:57.458+0530][gc,phases   ] GC(150)   Other: 0.1ms
[2024-07-21T09:15:57.458+0530][gc,heap     ] GC(150) Eden regions: 610->0(610)
[2024-07-21T09:15:57.458+0530][gc,heap     ] GC(150) Survivor regions: 4->4(77)
[2024-07-21T09:15:57.458+0530][gc,heap     ] GC(150) Old regions: 26->26
[2024-07-21T09:15:57.458+0530][gc,heap     ] GC(150) Archive regions: 2->2
[2024-07-21T09:15:57.458+0530][gc,heap     ] GC(150) Humongous regions: 129->129
[2024-07-21T09:15:57.458+0530][gc,metaspace] GC(150) Metaspace: 46125K(46720K)->46125K(46720K) NonClass: 41029K(41344K)->41029K(41344K) Class: 5096K(5376K)->5096K(5376K)
[2024-07-21T09:15:57.458+0530][gc          ] GC(150) Pause Young (Normal) (G1 Evacuation Pause) 769M->159M(1024M) 1.600ms
[2024-07-21T09:15:57.458+0530][gc,cpu      ] GC(150) User=0.01s Sys=0.00s Real=0.00s
[2024-07-21T09:16:42.329+0530][gc,start    ] GC(151) Pause Young (Normal) (G1 Evacuation Pause)
[2024-07-21T09:16:42.329+0530][gc,task     ] GC(151) Using 13 workers of 13 for evacuation
[2024-07-21T09:16:42.330+0530][gc,phases   ] GC(151)   Pre Evacuate Collection Set: 0.1ms
[2024-07-21T09:16:42.330+0530][gc,phases   ] GC(151)   Merge Heap Roots: 0.2ms
[2024-07-21T09:16:42.330+0530][gc,phases   ] GC(151)   Evacuate Collection Set: 0.8ms
[2024-07-21T09:16:42.330+0530][gc,phases   ] GC(151)   Post Evacuate Collection Set: 0.3ms
[2024-07-21T09:16:42.330+0530][gc,phases   ] GC(151)   Other: 0.1ms
[2024-07-21T09:16:42.330+0530][gc,heap     ] GC(151) Eden regions: 610->0(609)
[2024-07-21T09:16:42.330+0530][gc,heap     ] GC(151) Survivor regions: 4->5(77)
[2024-07-21T09:16:42.330+0530][gc,heap     ] GC(151) Old regions: 26->26
[2024-07-21T09:16:42.330+0530][gc,heap     ] GC(151) Archive regions: 2->2
[2024-07-21T09:16:42.330+0530][gc,heap     ] GC(151) Humongous regions: 129->129
[2024-07-21T09:16:42.330+0530][gc,metaspace] GC(151) Metaspace: 46132K(46720K)->46132K(46720K) NonClass: 41035K(41344K)->41035K(41344K) Class: 5096K(5376K)->5096K(5376K)
[2024-07-21T09:16:42.330+0530][gc          ] GC(151) Pause Young (Normal) (G1 Evacuation Pause) 769M->159M(1024M) 1.499ms
[2024-07-21T09:16:42.330+0530][gc,cpu      ] GC(151) User=0.02s Sys=0.00s Real=0.00s
[2024-07-21T09:17:12.489+0530][gc,start    ] GC(152) Pause Young (Normal) (G1 Evacuation Pause)
[2024-07-21T09:17:12.489+0530][gc,task     ] GC(152) Using 13 workers of 13 for evacuation
[2024-07-21T09:17:12.491+0530][gc,phases   ] GC(152)   Pre Evacuate Collection Set: 0.1ms
[2024-07-21T09:17:12.491+0530][gc,phases   ] GC(152)   Merge Heap Roots: 0.1ms
[2024-07-21T09:17:12.491+0530][gc,phases   ] GC(152)   Evacuate Collection Set: 0.9ms
[2024-07-21T09:17:12.491+0530][gc,phases   ] GC(152)   Post Evacuate Collection Set: 0.4ms
[2024-07-21T09:17:12.491+0530][gc,phases   ] GC(152)   Other: 0.1ms
[2024-07-21T09:17:12.491+0530][gc,heap     ] GC(152) Eden regions: 609->0(609)
[2024-07-21T09:17:12.491+0530][gc,heap     ] GC(152) Survivor regions: 5->5(77)
[2024-07-21T09:17:12.491+0530][gc,heap     ] GC(152) Old regions: 26->26
[2024-07-21T09:17:12.491+0530][gc,heap     ] GC(152) Archive regions: 2->2
[2024-07-21T09:17:12.491+0530][gc,heap     ] GC(152) Humongous regions: 129->129
[2024-07-21T09:17:12.491+0530][gc,metaspace] GC(152) Metaspace: 46132K(46720K)->46132K(46720K) NonClass: 41036K(41344K)->41036K(41344K) Class: 5096K(5376K)->5096K(5376K)
[2024-07-21T09:17:12.491+0530][gc          ] GC(152) Pause Young (Normal) (G1 Evacuation Pause) 768M->160M(1024M) 1.733ms
[2024-07-21T09:17:12.491+0530][gc,cpu      ] GC(152) User=0.02s Sys=0.00s Real=0.00s
[2024-07-21T09:17:57.359+0530][gc,start    ] GC(153) Pause Young (Normal) (G1 Evacuation Pause)
[2024-07-21T09:17:57.359+0530][gc,task     ] GC(153) Using 13 workers of 13 for evacuation
[2024-07-21T09:17:57.360+0530][gc,phases   ] GC(153)   Pre Evacuate Collection Set: 0.1ms
[2024-07-21T09:17:57.360+0530][gc,phases   ] GC(153)   Merge Heap Roots: 0.1ms
[2024-07-21T09:17:57.360+0530][gc,phases   ] GC(153)   Evacuate Collection Set: 1.1ms
[2024-07-21T09:17:57.360+0530][gc,phases   ] GC(153)   Post Evacuate Collection Set: 0.5ms
[2024-07-21T09:17:57.360+0530][gc,phases   ] GC(153)   Other: 0.1ms
[2024-07-21T09:17:57.360+0530][gc,heap     ] GC(153) Eden regions: 609->0(608)
[2024-07-21T09:17:57.360+0530][gc,heap     ] GC(153) Survivor regions: 5->6(77)
[2024-07-21T09:17:57.360+0530][gc,heap     ] GC(153) Old regions: 26->26
[2024-07-21T09:17:57.360+0530][gc,heap     ] GC(153) Archive regions: 2->2
[2024-07-21T09:17:57.360+0530][gc,heap     ] GC(153) Humongous regions: 129->129
[2024-07-21T09:17:57.361+0530][gc,metaspace] GC(153) Metaspace: 46150K(46720K)->46150K(46720K) NonClass: 41053K(41344K)->41053K(41344K) Class: 5096K(5376K)->5096K(5376K)
[2024-07-21T09:17:57.361+0530][gc          ] GC(153) Pause Young (Normal) (G1 Evacuation Pause) 769M->160M(1024M) 1.994ms
[2024-07-21T09:17:57.361+0530][gc,cpu      ] GC(153) User=0.01s Sys=0.01s Real=0.00s
[2024-07-21T09:18:27.507+0530][gc,start    ] GC(154) Pause Young (Normal) (G1 Evacuation Pause)
[2024-07-21T09:18:27.507+0530][gc,task     ] GC(154) Using 13 workers of 13 for evacuation
[2024-07-21T09:18:27.508+0530][gc,phases   ] GC(154)   Pre Evacuate Collection Set: 0.1ms
[2024-07-21T09:18:27.509+0530][gc,phases   ] GC(154)   Merge Heap Roots: 0.2ms
[2024-07-21T09:18:27.509+0530][gc,phases   ] GC(154)   Evacuate Collection Set: 1.1ms
[2024-07-21T09:18:27.509+0530][gc,phases   ] GC(154)   Post Evacuate Collection Set: 0.3ms
[2024-07-21T09:18:27.509+0530][gc,phases   ] GC(154)   Other: 0.1ms
[2024-07-21T09:18:27.509+0530][gc,heap     ] GC(154) Eden regions: 608->0(608)
[2024-07-21T09:18:27.509+0530][gc,heap     ] GC(154) Survivor regions: 6->6(77)
[2024-07-21T09:18:27.509+0530][gc,heap     ] GC(154) Old regions: 26->26
[2024-07-21T09:18:27.509+0530][gc,heap     ] GC(154) Archive regions: 2->2
[2024-07-21T09:18:27.509+0530][gc,heap     ] GC(154) Humongous regions: 129->129
[2024-07-21T09:18:27.509+0530][gc,metaspace] GC(154) Metaspace: 46150K(46720K)->46150K(46720K) NonClass: 41053K(41344K)->41053K(41344K) Class: 5096K(5376K)->5096K(5376K)
[2024-07-21T09:18:27.509+0530][gc          ] GC(154) Pause Young (Normal) (G1 Evacuation Pause) 768M->161M(1024M) 1.868ms
[2024-07-21T09:18:27.509+0530][gc,cpu      ] GC(154) User=0.02s Sys=0.00s Real=0.00s
[2024-07-21T09:19:12.379+0530][gc,start    ] GC(155) Pause Young (Normal) (G1 Evacuation Pause)
[2024-07-21T09:19:12.379+0530][gc,task     ] GC(155) Using 13 workers of 13 for evacuation
[2024-07-21T09:19:12.381+0530][gc,phases   ] GC(155)   Pre Evacuate Collection Set: 0.1ms
[2024-07-21T09:19:12.381+0530][gc,phases   ] GC(155)   Merge Heap Roots: 0.1ms
[2024-07-21T09:19:12.381+0530][gc,phases   ] GC(155)   Evacuate Collection Set: 1.0ms
[2024-07-21T09:19:12.381+0530][gc,phases   ] GC(155)   Post Evacuate Collection Set: 0.4ms
[2024-07-21T09:19:12.381+0530][gc,phases   ] GC(155)   Other: 0.1ms
[2024-07-21T09:19:12.381+0530][gc,heap     ] GC(155) Eden regions: 608->0(610)
[2024-07-21T09:19:12.381+0530][gc,heap     ] GC(155) Survivor regions: 6->4(77)
[2024-07-21T09:19:12.381+0530][gc,heap     ] GC(155) Old regions: 26->27
[2024-07-21T09:19:12.381+0530][gc,heap     ] GC(155) Archive regions: 2->2
[2024-07-21T09:19:12.381+0530][gc,heap     ] GC(155) Humongous regions: 129->129
[2024-07-21T09:19:12.381+0530][gc,metaspace] GC(155) Metaspace: 46150K(46720K)->46150K(46720K) NonClass: 41054K(41344K)->41054K(41344K) Class: 5096K(5376K)->5096K(5376K)
[2024-07-21T09:19:12.381+0530][gc          ] GC(155) Pause Young (Normal) (G1 Evacuation Pause) 769M->160M(1024M) 1.789ms
[2024-07-21T09:19:12.381+0530][gc,cpu      ] GC(155) User=0.01s Sys=0.00s Real=0.00s
[2024-07-21T09:19:42.521+0530][gc,start    ] GC(156) Pause Young (Normal) (G1 Evacuation Pause)
[2024-07-21T09:19:42.521+0530][gc,task     ] GC(156) Using 13 workers of 13 for evacuation
[2024-07-21T09:19:42.523+0530][gc,phases   ] GC(156)   Pre Evacuate Collection Set: 0.1ms
[2024-07-21T09:19:42.523+0530][gc,phases   ] GC(156)   Merge Heap Roots: 0.1ms
[2024-07-21T09:19:42.523+0530][gc,phases   ] GC(156)   Evacuate Collection Set: 1.0ms
[2024-07-21T09:19:42.523+0530][gc,phases   ] GC(156)   Post Evacuate Collection Set: 0.4ms
[2024-07-21T09:19:42.523+0530][gc,phases   ] GC(156)   Other: 0.1ms
[2024-07-21T09:19:42.523+0530][gc,heap     ] GC(156) Eden regions: 610->0(609)
[2024-07-21T09:19:42.523+0530][gc,heap     ] GC(156) Survivor regions: 4->5(77)
[2024-07-21T09:19:42.523+0530][gc,heap     ] GC(156) Old regions: 27->27
[2024-07-21T09:19:42.523+0530][gc,heap     ] GC(156) Archive regions: 2->2
[2024-07-21T09:19:42.523+0530][gc,heap     ] GC(156) Humongous regions: 129->129
[2024-07-21T09:19:42.523+0530][gc,metaspace] GC(156) Metaspace: 46150K(46720K)->46150K(46720K) NonClass: 41054K(41344K)->41054K(41344K) Class: 5096K(5376K)->5096K(5376K)
[2024-07-21T09:19:42.523+0530][gc          ] GC(156) Pause Young (Normal) (G1 Evacuation Pause) 770M->160M(1024M) 1.783ms
[2024-07-21T09:19:42.523+0530][gc,cpu      ] GC(156) User=0.02s Sys=0.00s Real=0.00s
[2024-07-21T09:20:27.402+0530][gc,start    ] GC(157) Pause Young (Normal) (G1 Evacuation Pause)
[2024-07-21T09:20:27.402+0530][gc,task     ] GC(157) Using 13 workers of 13 for evacuation
[2024-07-21T09:20:27.404+0530][gc,phases   ] GC(157)   Pre Evacuate Collection Set: 0.1ms
[2024-07-21T09:20:27.404+0530][gc,phases   ] GC(157)   Merge Heap Roots: 0.1ms
[2024-07-21T09:20:27.404+0530][gc,phases   ] GC(157)   Evacuate Collection Set: 1.0ms
[2024-07-21T09:20:27.404+0530][gc,phases   ] GC(157)   Post Evacuate Collection Set: 0.5ms
[2024-07-21T09:20:27.404+0530][gc,phases   ] GC(157)   Other: 0.1ms
[2024-07-21T09:20:27.404+0530][gc,heap     ] GC(157) Eden regions: 609->0(609)
[2024-07-21T09:20:27.404+0530][gc,heap     ] GC(157) Survivor regions: 5->5(77)
[2024-07-21T09:20:27.404+0530][gc,heap     ] GC(157) Old regions: 27->27
[2024-07-21T09:20:27.404+0530][gc,heap     ] GC(157) Archive regions: 2->2
[2024-07-21T09:20:27.404+0530][gc,heap     ] GC(157) Humongous regions: 129->129
[2024-07-21T09:20:27.404+0530][gc,metaspace] GC(157) Metaspace: 46150K(46720K)->46150K(46720K) NonClass: 41054K(41344K)->41054K(41344K) Class: 5096K(5376K)->5096K(5376K)
[2024-07-21T09:20:27.404+0530][gc          ] GC(157) Pause Young (Normal) (G1 Evacuation Pause) 769M->161M(1024M) 1.879ms
[2024-07-21T09:20:27.404+0530][gc,cpu      ] GC(157) User=0.01s Sys=0.00s Real=0.00s
[2024-07-21T09:20:57.544+0530][gc,start    ] GC(158) Pause Young (Normal) (G1 Evacuation Pause)
[2024-07-21T09:20:57.544+0530][gc,task     ] GC(158) Using 13 workers of 13 for evacuation
[2024-07-21T09:20:57.545+0530][gc,phases   ] GC(158)   Pre Evacuate Collection Set: 0.1ms
[2024-07-21T09:20:57.545+0530][gc,phases   ] GC(158)   Merge Heap Roots: 0.1ms
[2024-07-21T09:20:57.545+0530][gc,phases   ] GC(158)   Evacuate Collection Set: 1.1ms
[2024-07-21T09:20:57.545+0530][gc,phases   ] GC(158)   Post Evacuate Collection Set: 0.3ms
[2024-07-21T09:20:57.545+0530][gc,phases   ] GC(158)   Other: 0.1ms
[2024-07-21T09:20:57.545+0530][gc,heap     ] GC(158) Eden regions: 609->0(609)
[2024-07-21T09:20:57.545+0530][gc,heap     ] GC(158) Survivor regions: 5->5(77)
[2024-07-21T09:20:57.545+0530][gc,heap     ] GC(158) Old regions: 27->27
[2024-07-21T09:20:57.545+0530][gc,heap     ] GC(158) Archive regions: 2->2
[2024-07-21T09:20:57.545+0530][gc,heap     ] GC(158) Humongous regions: 129->129
[2024-07-21T09:20:57.545+0530][gc,metaspace] GC(158) Metaspace: 46153K(46720K)->46153K(46720K) NonClass: 41057K(41344K)->41057K(41344K) Class: 5096K(5376K)->5096K(5376K)
[2024-07-21T09:20:57.545+0530][gc          ] GC(158) Pause Young (Normal) (G1 Evacuation Pause) 770M->161M(1024M) 1.772ms
[2024-07-21T09:20:57.545+0530][gc,cpu      ] GC(158) User=0.02s Sys=0.01s Real=0.00s
[2024-07-21T09:21:42.424+0530][gc,start    ] GC(159) Pause Young (Normal) (G1 Evacuation Pause)
[2024-07-21T09:21:42.424+0530][gc,task     ] GC(159) Using 13 workers of 13 for evacuation
[2024-07-21T09:21:42.426+0530][gc,phases   ] GC(159)   Pre Evacuate Collection Set: 0.1ms
[2024-07-21T09:21:42.426+0530][gc,phases   ] GC(159)   Merge Heap Roots: 0.1ms
[2024-07-21T09:21:42.426+0530][gc,phases   ] GC(159)   Evacuate Collection Set: 1.2ms
[2024-07-21T09:21:42.426+0530][gc,phases   ] GC(159)   Post Evacuate Collection Set: 0.3ms
[2024-07-21T09:21:42.426+0530][gc,phases   ] GC(159)   Other: 0.1ms
[2024-07-21T09:21:42.426+0530][gc,heap     ] GC(159) Eden regions: 609->0(609)
[2024-07-21T09:21:42.426+0530][gc,heap     ] GC(159) Survivor regions: 5->5(77)
[2024-07-21T09:21:42.426+0530][gc,heap     ] GC(159) Old regions: 27->28
[2024-07-21T09:21:42.426+0530][gc,heap     ] GC(159) Archive regions: 2->2
[2024-07-21T09:21:42.426+0530][gc,heap     ] GC(159) Humongous regions: 129->129
[2024-07-21T09:21:42.426+0530][gc,metaspace] GC(159) Metaspace: 46157K(46720K)->46157K(46720K) NonClass: 41060K(41344K)->41060K(41344K) Class: 5096K(5376K)->5096K(5376K)
[2024-07-21T09:21:42.426+0530][gc          ] GC(159) Pause Young (Normal) (G1 Evacuation Pause) 770M->162M(1024M) 1.878ms
[2024-07-21T09:21:42.426+0530][gc,cpu      ] GC(159) User=0.02s Sys=0.00s Real=0.00s
[2024-07-21T09:22:12.577+0530][gc,start    ] GC(160) Pause Young (Normal) (G1 Evacuation Pause)
[2024-07-21T09:22:12.577+0530][gc,task     ] GC(160) Using 13 workers of 13 for evacuation
[2024-07-21T09:22:12.579+0530][gc,phases   ] GC(160)   Pre Evacuate Collection Set: 0.1ms
[2024-07-21T09:22:12.579+0530][gc,phases   ] GC(160)   Merge Heap Roots: 0.1ms
[2024-07-21T09:22:12.579+0530][gc,phases   ] GC(160)   Evacuate Collection Set: 1.2ms
[2024-07-21T09:22:12.579+0530][gc,phases   ] GC(160)   Post Evacuate Collection Set: 0.3ms
[2024-07-21T09:22:12.579+0530][gc,phases   ] GC(160)   Other: 0.1ms
[2024-07-21T09:22:12.579+0530][gc,heap     ] GC(160) Eden regions: 609->0(608)
[2024-07-21T09:22:12.579+0530][gc,heap     ] GC(160) Survivor regions: 5->6(77)
[2024-07-21T09:22:12.579+0530][gc,heap     ] GC(160) Old regions: 28->28
[2024-07-21T09:22:12.579+0530][gc,heap     ] GC(160) Archive regions: 2->2
[2024-07-21T09:22:12.579+0530][gc,heap     ] GC(160) Humongous regions: 129->129
[2024-07-21T09:22:12.579+0530][gc,metaspace] GC(160) Metaspace: 46158K(46720K)->46158K(46720K) NonClass: 41062K(41344K)->41062K(41344K) Class: 5096K(5376K)->5096K(5376K)
[2024-07-21T09:22:12.579+0530][gc          ] GC(160) Pause Young (Normal) (G1 Evacuation Pause) 771M->162M(1024M) 1.937ms
[2024-07-21T09:22:12.579+0530][gc,cpu      ] GC(160) User=0.02s Sys=0.00s Real=0.01s
[2024-07-21T09:22:57.447+0530][gc,start    ] GC(161) Pause Young (Normal) (G1 Evacuation Pause)
[2024-07-21T09:22:57.447+0530][gc,task     ] GC(161) Using 13 workers of 13 for evacuation
[2024-07-21T09:22:57.449+0530][gc,phases   ] GC(161)   Pre Evacuate Collection Set: 0.1ms
[2024-07-21T09:22:57.449+0530][gc,phases   ] GC(161)   Merge Heap Roots: 0.1ms
[2024-07-21T09:22:57.449+0530][gc,phases   ] GC(161)   Evacuate Collection Set: 1.1ms
[2024-07-21T09:22:57.449+0530][gc,phases   ] GC(161)   Post Evacuate Collection Set: 0.3ms
[2024-07-21T09:22:57.449+0530][gc,phases   ] GC(161)   Other: 0.1ms
[2024-07-21T09:22:57.449+0530][gc,heap     ] GC(161) Eden regions: 608->0(608)
[2024-07-21T09:22:57.449+0530][gc,heap     ] GC(161) Survivor regions: 6->6(77)
[2024-07-21T09:22:57.449+0530][gc,heap     ] GC(161) Old regions: 28->28
[2024-07-21T09:22:57.449+0530][gc,heap     ] GC(161) Archive regions: 2->2
[2024-07-21T09:22:57.449+0530][gc,heap     ] GC(161) Humongous regions: 129->129
[2024-07-21T09:22:57.449+0530][gc,metaspace] GC(161) Metaspace: 46239K(46848K)->46239K(46848K) NonClass: 41143K(41472K)->41143K(41472K) Class: 5096K(5376K)->5096K(5376K)
[2024-07-21T09:22:57.449+0530][gc          ] GC(161) Pause Young (Normal) (G1 Evacuation Pause) 770M->163M(1024M) 1.760ms
[2024-07-21T09:22:57.449+0530][gc,cpu      ] GC(161) User=0.02s Sys=0.00s Real=0.00s
[2024-07-21T09:23:42.319+0530][gc,start    ] GC(162) Pause Young (Normal) (G1 Evacuation Pause)
[2024-07-21T09:23:42.319+0530][gc,task     ] GC(162) Using 13 workers of 13 for evacuation
[2024-07-21T09:23:42.321+0530][gc,phases   ] GC(162)   Pre Evacuate Collection Set: 0.1ms
[2024-07-21T09:23:42.321+0530][gc,phases   ] GC(162)   Merge Heap Roots: 0.1ms
[2024-07-21T09:23:42.321+0530][gc,phases   ] GC(162)   Evacuate Collection Set: 0.8ms
[2024-07-21T09:23:42.321+0530][gc,phases   ] GC(162)   Post Evacuate Collection Set: 0.3ms
[2024-07-21T09:23:42.321+0530][gc,phases   ] GC(162)   Other: 0.1ms
[2024-07-21T09:23:42.321+0530][gc,heap     ] GC(162) Eden regions: 608->0(609)
[2024-07-21T09:23:42.321+0530][gc,heap     ] GC(162) Survivor regions: 6->5(77)
[2024-07-21T09:23:42.321+0530][gc,heap     ] GC(162) Old regions: 28->28
[2024-07-21T09:23:42.321+0530][gc,heap     ] GC(162) Archive regions: 2->2
[2024-07-21T09:23:42.321+0530][gc,heap     ] GC(162) Humongous regions: 129->129
[2024-07-21T09:23:42.321+0530][gc,metaspace] GC(162) Metaspace: 46239K(46848K)->46239K(46848K) NonClass: 41143K(41472K)->41143K(41472K) Class: 5096K(5376K)->5096K(5376K)
[2024-07-21T09:23:42.321+0530][gc          ] GC(162) Pause Young (Normal) (G1 Evacuation Pause) 771M->162M(1024M) 1.669ms
[2024-07-21T09:23:42.321+0530][gc,cpu      ] GC(162) User=0.01s Sys=0.01s Real=0.00s
[2024-07-21T09:24:12.466+0530][gc,start    ] GC(163) Pause Young (Normal) (G1 Evacuation Pause)
[2024-07-21T09:24:12.466+0530][gc,task     ] GC(163) Using 13 workers of 13 for evacuation
[2024-07-21T09:24:12.468+0530][gc,phases   ] GC(163)   Pre Evacuate Collection Set: 0.1ms
[2024-07-21T09:24:12.468+0530][gc,phases   ] GC(163)   Merge Heap Roots: 0.1ms
[2024-07-21T09:24:12.468+0530][gc,phases   ] GC(163)   Evacuate Collection Set: 1.0ms
[2024-07-21T09:24:12.468+0530][gc,phases   ] GC(163)   Post Evacuate Collection Set: 0.3ms
[2024-07-21T09:24:12.468+0530][gc,phases   ] GC(163)   Other: 0.1ms
[2024-07-21T09:24:12.468+0530][gc,heap     ] GC(163) Eden regions: 609->0(609)
[2024-07-21T09:24:12.468+0530][gc,heap     ] GC(163) Survivor regions: 5->5(77)
[2024-07-21T09:24:12.468+0530][gc,heap     ] GC(163) Old regions: 28->29
[2024-07-21T09:24:12.468+0530][gc,heap     ] GC(163) Archive regions: 2->2
[2024-07-21T09:24:12.468+0530][gc,heap     ] GC(163) Humongous regions: 129->129
[2024-07-21T09:24:12.468+0530][gc,metaspace] GC(163) Metaspace: 46241K(46848K)->46241K(46848K) NonClass: 41145K(41472K)->41145K(41472K) Class: 5096K(5376K)->5096K(5376K)
[2024-07-21T09:24:12.468+0530][gc          ] GC(163) Pause Young (Normal) (G1 Evacuation Pause) 771M->162M(1024M) 1.659ms
[2024-07-21T09:24:12.468+0530][gc,cpu      ] GC(163) User=0.01s Sys=0.00s Real=0.01s
[2024-07-21T09:24:57.349+0530][gc,start    ] GC(164) Pause Young (Normal) (G1 Evacuation Pause)
[2024-07-21T09:24:57.349+0530][gc,task     ] GC(164) Using 13 workers of 13 for evacuation
[2024-07-21T09:24:57.350+0530][gc,phases   ] GC(164)   Pre Evacuate Collection Set: 0.1ms
[2024-07-21T09:24:57.350+0530][gc,phases   ] GC(164)   Merge Heap Roots: 0.1ms
[2024-07-21T09:24:57.350+0530][gc,phases   ] GC(164)   Evacuate Collection Set: 1.0ms
[2024-07-21T09:24:57.350+0530][gc,phases   ] GC(164)   Post Evacuate Collection Set: 0.2ms
[2024-07-21T09:24:57.350+0530][gc,phases   ] GC(164)   Other: 0.1ms
[2024-07-21T09:24:57.350+0530][gc,heap     ] GC(164) Eden regions: 609->0(609)
[2024-07-21T09:24:57.350+0530][gc,heap     ] GC(164) Survivor regions: 5->5(77)
[2024-07-21T09:24:57.350+0530][gc,heap     ] GC(164) Old regions: 29->29
[2024-07-21T09:24:57.350+0530][gc,heap     ] GC(164) Archive regions: 2->2
[2024-07-21T09:24:57.350+0530][gc,heap     ] GC(164) Humongous regions: 129->129
[2024-07-21T09:24:57.350+0530][gc,metaspace] GC(164) Metaspace: 46241K(46848K)->46241K(46848K) NonClass: 41145K(41472K)->41145K(41472K) Class: 5096K(5376K)->5096K(5376K)
[2024-07-21T09:24:57.350+0530][gc          ] GC(164) Pause Young (Normal) (G1 Evacuation Pause) 771M->162M(1024M) 1.583ms
[2024-07-21T09:24:57.350+0530][gc,cpu      ] GC(164) User=0.02s Sys=0.00s Real=0.00s
[2024-07-21T09:25:27.492+0530][gc,start    ] GC(165) Pause Young (Normal) (G1 Evacuation Pause)
[2024-07-21T09:25:27.492+0530][gc,task     ] GC(165) Using 13 workers of 13 for evacuation
[2024-07-21T09:25:27.493+0530][gc,phases   ] GC(165)   Pre Evacuate Collection Set: 0.2ms
[2024-07-21T09:25:27.493+0530][gc,phases   ] GC(165)   Merge Heap Roots: 0.1ms
[2024-07-21T09:25:27.493+0530][gc,phases   ] GC(165)   Evacuate Collection Set: 1.1ms
[2024-07-21T09:25:27.493+0530][gc,phases   ] GC(165)   Post Evacuate Collection Set: 0.4ms
[2024-07-21T09:25:27.493+0530][gc,phases   ] GC(165)   Other: 0.1ms
[2024-07-21T09:25:27.493+0530][gc,heap     ] GC(165) Eden regions: 609->0(609)
[2024-07-21T09:25:27.493+0530][gc,heap     ] GC(165) Survivor regions: 5->5(77)
[2024-07-21T09:25:27.493+0530][gc,heap     ] GC(165) Old regions: 29->29
[2024-07-21T09:25:27.493+0530][gc,heap     ] GC(165) Archive regions: 2->2
[2024-07-21T09:25:27.493+0530][gc,heap     ] GC(165) Humongous regions: 129->129
[2024-07-21T09:25:27.493+0530][gc,metaspace] GC(165) Metaspace: 46241K(46848K)->46241K(46848K) NonClass: 41145K(41472K)->41145K(41472K) Class: 5096K(5376K)->5096K(5376K)
[2024-07-21T09:25:27.493+0530][gc          ] GC(165) Pause Young (Normal) (G1 Evacuation Pause) 771M->163M(1024M) 1.876ms
[2024-07-21T09:25:27.493+0530][gc,cpu      ] GC(165) User=0.02s Sys=0.00s Real=0.00s
[2024-07-21T09:26:12.377+0530][gc,start    ] GC(166) Pause Young (Normal) (G1 Evacuation Pause)
[2024-07-21T09:26:12.377+0530][gc,task     ] GC(166) Using 13 workers of 13 for evacuation
[2024-07-21T09:26:12.379+0530][gc,phases   ] GC(166)   Pre Evacuate Collection Set: 0.1ms
[2024-07-21T09:26:12.379+0530][gc,phases   ] GC(166)   Merge Heap Roots: 0.1ms
[2024-07-21T09:26:12.379+0530][gc,phases   ] GC(166)   Evacuate Collection Set: 1.2ms
[2024-07-21T09:26:12.379+0530][gc,phases   ] GC(166)   Post Evacuate Collection Set: 0.4ms
[2024-07-21T09:26:12.379+0530][gc,phases   ] GC(166)   Other: 0.1ms
[2024-07-21T09:26:12.379+0530][gc,heap     ] GC(166) Eden regions: 609->0(608)
[2024-07-21T09:26:12.379+0530][gc,heap     ] GC(166) Survivor regions: 5->6(77)
[2024-07-21T09:26:12.379+0530][gc,heap     ] GC(166) Old regions: 29->29
[2024-07-21T09:26:12.379+0530][gc,heap     ] GC(166) Archive regions: 2->2
[2024-07-21T09:26:12.379+0530][gc,heap     ] GC(166) Humongous regions: 129->129
[2024-07-21T09:26:12.379+0530][gc,metaspace] GC(166) Metaspace: 46241K(46848K)->46241K(46848K) NonClass: 41145K(41472K)->41145K(41472K) Class: 5096K(5376K)->5096K(5376K)
[2024-07-21T09:26:12.379+0530][gc          ] GC(166) Pause Young (Normal) (G1 Evacuation Pause) 772M->163M(1024M) 2.002ms
[2024-07-21T09:26:12.379+0530][gc,cpu      ] GC(166) User=0.02s Sys=0.00s Real=0.01s
[2024-07-21T09:26:42.524+0530][gc,start    ] GC(167) Pause Young (Normal) (G1 Evacuation Pause)
[2024-07-21T09:26:42.524+0530][gc,task     ] GC(167) Using 13 workers of 13 for evacuation
[2024-07-21T09:26:42.526+0530][gc,phases   ] GC(167)   Pre Evacuate Collection Set: 0.1ms
[2024-07-21T09:26:42.526+0530][gc,phases   ] GC(167)   Merge Heap Roots: 0.1ms
[2024-07-21T09:26:42.526+0530][gc,phases   ] GC(167)   Evacuate Collection Set: 1.2ms
[2024-07-21T09:26:42.526+0530][gc,phases   ] GC(167)   Post Evacuate Collection Set: 0.3ms
[2024-07-21T09:26:42.526+0530][gc,phases   ] GC(167)   Other: 0.1ms
[2024-07-21T09:26:42.526+0530][gc,heap     ] GC(167) Eden regions: 608->0(608)
[2024-07-21T09:26:42.526+0530][gc,heap     ] GC(167) Survivor regions: 6->6(77)
[2024-07-21T09:26:42.526+0530][gc,heap     ] GC(167) Old regions: 29->30
[2024-07-21T09:26:42.526+0530][gc,heap     ] GC(167) Archive regions: 2->2
[2024-07-21T09:26:42.526+0530][gc,heap     ] GC(167) Humongous regions: 129->129
[2024-07-21T09:26:42.526+0530][gc,metaspace] GC(167) Metaspace: 46264K(46848K)->46264K(46848K) NonClass: 41168K(41472K)->41168K(41472K) Class: 5096K(5376K)->5096K(5376K)
[2024-07-21T09:26:42.526+0530][gc          ] GC(167) Pause Young (Normal) (G1 Evacuation Pause) 771M->164M(1024M) 1.918ms
[2024-07-21T09:26:42.526+0530][gc,cpu      ] GC(167) User=0.02s Sys=0.00s Real=0.00s
[2024-07-21T09:27:27.387+0530][gc,start    ] GC(168) Pause Young (Normal) (G1 Evacuation Pause)
[2024-07-21T09:27:27.387+0530][gc,task     ] GC(168) Using 13 workers of 13 for evacuation
[2024-07-21T09:27:27.388+0530][gc,phases   ] GC(168)   Pre Evacuate Collection Set: 0.1ms
[2024-07-21T09:27:27.388+0530][gc,phases   ] GC(168)   Merge Heap Roots: 0.1ms
[2024-07-21T09:27:27.388+0530][gc,phases   ] GC(168)   Evacuate Collection Set: 0.8ms
[2024-07-21T09:27:27.388+0530][gc,phases   ] GC(168)   Post Evacuate Collection Set: 0.4ms
[2024-07-21T09:27:27.388+0530][gc,phases   ] GC(168)   Other: 0.1ms
[2024-07-21T09:27:27.388+0530][gc,heap     ] GC(168) Eden regions: 608->0(609)
[2024-07-21T09:27:27.388+0530][gc,heap     ] GC(168) Survivor regions: 6->5(77)
[2024-07-21T09:27:27.388+0530][gc,heap     ] GC(168) Old regions: 30->30
[2024-07-21T09:27:27.388+0530][gc,heap     ] GC(168) Archive regions: 2->2
[2024-07-21T09:27:27.388+0530][gc,heap     ] GC(168) Humongous regions: 129->129
[2024-07-21T09:27:27.388+0530][gc,metaspace] GC(168) Metaspace: 46264K(46848K)->46264K(46848K) NonClass: 41168K(41472K)->41168K(41472K) Class: 5096K(5376K)->5096K(5376K)
[2024-07-21T09:27:27.388+0530][gc          ] GC(168) Pause Young (Normal) (G1 Evacuation Pause) 772M->163M(1024M) 1.638ms
[2024-07-21T09:27:27.388+0530][gc,cpu      ] GC(168) User=0.01s Sys=0.00s Real=0.00s
[2024-07-21T09:27:57.536+0530][gc,start    ] GC(169) Pause Young (Normal) (G1 Evacuation Pause)
[2024-07-21T09:27:57.536+0530][gc,task     ] GC(169) Using 13 workers of 13 for evacuation
[2024-07-21T09:27:57.538+0530][gc,phases   ] GC(169)   Pre Evacuate Collection Set: 0.1ms
[2024-07-21T09:27:57.538+0530][gc,phases   ] GC(169)   Merge Heap Roots: 0.1ms
[2024-07-21T09:27:57.538+0530][gc,phases   ] GC(169)   Evacuate Collection Set: 1.0ms
[2024-07-21T09:27:57.538+0530][gc,phases   ] GC(169)   Post Evacuate Collection Set: 0.3ms
[2024-07-21T09:27:57.538+0530][gc,phases   ] GC(169)   Other: 0.1ms
[2024-07-21T09:27:57.538+0530][gc,heap     ] GC(169) Eden regions: 609->0(609)
[2024-07-21T09:27:57.538+0530][gc,heap     ] GC(169) Survivor regions: 5->5(77)
[2024-07-21T09:27:57.538+0530][gc,heap     ] GC(169) Old regions: 30->30
[2024-07-21T09:27:57.538+0530][gc,heap     ] GC(169) Archive regions: 2->2
[2024-07-21T09:27:57.538+0530][gc,heap     ] GC(169) Humongous regions: 129->129
[2024-07-21T09:27:57.538+0530][gc,metaspace] GC(169) Metaspace: 46264K(46848K)->46264K(46848K) NonClass: 41168K(41472K)->41168K(41472K) Class: 5096K(5376K)->5096K(5376K)
[2024-07-21T09:27:57.538+0530][gc          ] GC(169) Pause Young (Normal) (G1 Evacuation Pause) 772M->163M(1024M) 1.709ms
[2024-07-21T09:27:57.538+0530][gc,cpu      ] GC(169) User=0.01s Sys=0.00s Real=0.00s
[2024-07-21T09:28:42.412+0530][gc,start    ] GC(170) Pause Young (Normal) (G1 Evacuation Pause)
[2024-07-21T09:28:42.412+0530][gc,task     ] GC(170) Using 13 workers of 13 for evacuation
[2024-07-21T09:28:42.413+0530][gc,phases   ] GC(170)   Pre Evacuate Collection Set: 0.1ms
[2024-07-21T09:28:42.413+0530][gc,phases   ] GC(170)   Merge Heap Roots: 0.1ms
[2024-07-21T09:28:42.413+0530][gc,phases   ] GC(170)   Evacuate Collection Set: 0.9ms
[2024-07-21T09:28:42.413+0530][gc,phases   ] GC(170)   Post Evacuate Collection Set: 0.3ms
[2024-07-21T09:28:42.413+0530][gc,phases   ] GC(170)   Other: 0.1ms
[2024-07-21T09:28:42.413+0530][gc,heap     ] GC(170) Eden regions: 609->0(609)
[2024-07-21T09:28:42.413+0530][gc,heap     ] GC(170) Survivor regions: 5->5(77)
[2024-07-21T09:28:42.413+0530][gc,heap     ] GC(170) Old regions: 30->30
[2024-07-21T09:28:42.413+0530][gc,heap     ] GC(170) Archive regions: 2->2
[2024-07-21T09:28:42.413+0530][gc,heap     ] GC(170) Humongous regions: 129->129
[2024-07-21T09:28:42.413+0530][gc,metaspace] GC(170) Metaspace: 46264K(46848K)->46264K(46848K) NonClass: 41168K(41472K)->41168K(41472K) Class: 5096K(5376K)->5096K(5376K)
[2024-07-21T09:28:42.413+0530][gc          ] GC(170) Pause Young (Normal) (G1 Evacuation Pause) 772M->164M(1024M) 1.657ms
[2024-07-21T09:28:42.413+0530][gc,cpu      ] GC(170) User=0.01s Sys=0.00s Real=0.00s
[2024-07-21T09:29:12.559+0530][gc,start    ] GC(171) Pause Young (Normal) (G1 Evacuation Pause)
[2024-07-21T09:29:12.559+0530][gc,task     ] GC(171) Using 13 workers of 13 for evacuation
[2024-07-21T09:29:12.560+0530][gc,phases   ] GC(171)   Pre Evacuate Collection Set: 0.1ms
[2024-07-21T09:29:12.560+0530][gc,phases   ] GC(171)   Merge Heap Roots: 0.1ms
[2024-07-21T09:29:12.560+0530][gc,phases   ] GC(171)   Evacuate Collection Set: 1.1ms
[2024-07-21T09:29:12.560+0530][gc,phases   ] GC(171)   Post Evacuate Collection Set: 0.4ms
[2024-07-21T09:29:12.560+0530][gc,phases   ] GC(171)   Other: 0.1ms
[2024-07-21T09:29:12.560+0530][gc,heap     ] GC(171) Eden regions: 609->0(609)
[2024-07-21T09:29:12.560+0530][gc,heap     ] GC(171) Survivor regions: 5->5(77)
[2024-07-21T09:29:12.560+0530][gc,heap     ] GC(171) Old regions: 30->31
[2024-07-21T09:29:12.560+0530][gc,heap     ] GC(171) Archive regions: 2->2
[2024-07-21T09:29:12.560+0530][gc,heap     ] GC(171) Humongous regions: 129->129
[2024-07-21T09:29:12.560+0530][gc,metaspace] GC(171) Metaspace: 46265K(46848K)->46265K(46848K) NonClass: 41169K(41472K)->41169K(41472K) Class: 5096K(5376K)->5096K(5376K)
[2024-07-21T09:29:12.560+0530][gc          ] GC(171) Pause Young (Normal) (G1 Evacuation Pause) 773M->164M(1024M) 1.853ms
[2024-07-21T09:29:12.560+0530][gc,cpu      ] GC(171) User=0.01s Sys=0.00s Real=0.00s
[2024-07-21T09:29:57.434+0530][gc,start    ] GC(172) Pause Young (Normal) (G1 Evacuation Pause)
[2024-07-21T09:29:57.434+0530][gc,task     ] GC(172) Using 13 workers of 13 for evacuation
[2024-07-21T09:29:57.436+0530][gc,phases   ] GC(172)   Pre Evacuate Collection Set: 0.1ms
[2024-07-21T09:29:57.436+0530][gc,phases   ] GC(172)   Merge Heap Roots: 0.1ms
[2024-07-21T09:29:57.436+0530][gc,phases   ] GC(172)   Evacuate Collection Set: 1.1ms
[2024-07-21T09:29:57.436+0530][gc,phases   ] GC(172)   Post Evacuate Collection Set: 0.3ms
[2024-07-21T09:29:57.436+0530][gc,phases   ] GC(172)   Other: 0.1ms
[2024-07-21T09:29:57.436+0530][gc,heap     ] GC(172) Eden regions: 609->0(609)
[2024-07-21T09:29:57.436+0530][gc,heap     ] GC(172) Survivor regions: 5->5(77)
[2024-07-21T09:29:57.436+0530][gc,heap     ] GC(172) Old regions: 31->31
[2024-07-21T09:29:57.436+0530][gc,heap     ] GC(172) Archive regions: 2->2
[2024-07-21T09:29:57.436+0530][gc,heap     ] GC(172) Humongous regions: 129->129
[2024-07-21T09:29:57.436+0530][gc,metaspace] GC(172) Metaspace: 46265K(46848K)->46265K(46848K) NonClass: 41169K(41472K)->41169K(41472K) Class: 5096K(5376K)->5096K(5376K)
[2024-07-21T09:29:57.436+0530][gc          ] GC(172) Pause Young (Normal) (G1 Evacuation Pause) 773M->165M(1024M) 1.721ms
[2024-07-21T09:29:57.436+0530][gc,cpu      ] GC(172) User=0.02s Sys=0.00s Real=0.00s
[2024-07-21T09:30:27.589+0530][gc,start    ] GC(173) Pause Young (Normal) (G1 Evacuation Pause)
[2024-07-21T09:30:27.589+0530][gc,task     ] GC(173) Using 13 workers of 13 for evacuation
[2024-07-21T09:30:27.591+0530][gc,phases   ] GC(173)   Pre Evacuate Collection Set: 0.1ms
[2024-07-21T09:30:27.591+0530][gc,phases   ] GC(173)   Merge Heap Roots: 0.2ms
[2024-07-21T09:30:27.591+0530][gc,phases   ] GC(173)   Evacuate Collection Set: 1.1ms
[2024-07-21T09:30:27.591+0530][gc,phases   ] GC(173)   Post Evacuate Collection Set: 0.3ms
[2024-07-21T09:30:27.591+0530][gc,phases   ] GC(173)   Other: 0.1ms
[2024-07-21T09:30:27.591+0530][gc,heap     ] GC(173) Eden regions: 609->0(608)
[2024-07-21T09:30:27.591+0530][gc,heap     ] GC(173) Survivor regions: 5->6(77)
[2024-07-21T09:30:27.591+0530][gc,heap     ] GC(173) Old regions: 31->31
[2024-07-21T09:30:27.591+0530][gc,heap     ] GC(173) Archive regions: 2->2
[2024-07-21T09:30:27.591+0530][gc,heap     ] GC(173) Humongous regions: 129->129
[2024-07-21T09:30:27.591+0530][gc,metaspace] GC(173) Metaspace: 46265K(46848K)->46265K(46848K) NonClass: 41169K(41472K)->41169K(41472K) Class: 5096K(5376K)->5096K(5376K)
[2024-07-21T09:30:27.591+0530][gc          ] GC(173) Pause Young (Normal) (G1 Evacuation Pause) 774M->165M(1024M) 1.902ms
[2024-07-21T09:30:27.591+0530][gc,cpu      ] GC(173) User=0.02s Sys=0.00s Real=0.00s
[2024-07-21T09:31:12.459+0530][gc,start    ] GC(174) Pause Young (Normal) (G1 Evacuation Pause)
[2024-07-21T09:31:12.459+0530][gc,task     ] GC(174) Using 13 workers of 13 for evacuation
[2024-07-21T09:31:12.461+0530][gc,phases   ] GC(174)   Pre Evacuate Collection Set: 0.1ms
[2024-07-21T09:31:12.461+0530][gc,phases   ] GC(174)   Merge Heap Roots: 0.1ms
[2024-07-21T09:31:12.461+0530][gc,phases   ] GC(174)   Evacuate Collection Set: 1.2ms
[2024-07-21T09:31:12.461+0530][gc,phases   ] GC(174)   Post Evacuate Collection Set: 0.4ms
[2024-07-21T09:31:12.461+0530][gc,phases   ] GC(174)   Other: 0.1ms
[2024-07-21T09:31:12.461+0530][gc,heap     ] GC(174) Eden regions: 608->0(608)
[2024-07-21T09:31:12.461+0530][gc,heap     ] GC(174) Survivor regions: 6->6(77)
[2024-07-21T09:31:12.461+0530][gc,heap     ] GC(174) Old regions: 31->31
[2024-07-21T09:31:12.461+0530][gc,heap     ] GC(174) Archive regions: 2->2
[2024-07-21T09:31:12.461+0530][gc,heap     ] GC(174) Humongous regions: 129->129
[2024-07-21T09:31:12.461+0530][gc,metaspace] GC(174) Metaspace: 46265K(46848K)->46265K(46848K) NonClass: 41169K(41472K)->41169K(41472K) Class: 5096K(5376K)->5096K(5376K)
[2024-07-21T09:31:12.461+0530][gc          ] GC(174) Pause Young (Normal) (G1 Evacuation Pause) 773M->166M(1024M) 1.947ms
[2024-07-21T09:31:12.461+0530][gc,cpu      ] GC(174) User=0.02s Sys=0.00s Real=0.00s
[2024-07-21T09:31:57.334+0530][gc,start    ] GC(175) Pause Young (Normal) (G1 Evacuation Pause)
[2024-07-21T09:31:57.334+0530][gc,task     ] GC(175) Using 13 workers of 13 for evacuation
[2024-07-21T09:31:57.336+0530][gc,phases   ] GC(175)   Pre Evacuate Collection Set: 0.1ms
[2024-07-21T09:31:57.336+0530][gc,phases   ] GC(175)   Merge Heap Roots: 0.1ms
[2024-07-21T09:31:57.336+0530][gc,phases   ] GC(175)   Evacuate Collection Set: 0.9ms
[2024-07-21T09:31:57.336+0530][gc,phases   ] GC(175)   Post Evacuate Collection Set: 0.3ms
[2024-07-21T09:31:57.336+0530][gc,phases   ] GC(175)   Other: 0.1ms
[2024-07-21T09:31:57.336+0530][gc,heap     ] GC(175) Eden regions: 608->0(609)
[2024-07-21T09:31:57.336+0530][gc,heap     ] GC(175) Survivor regions: 6->5(77)
[2024-07-21T09:31:57.336+0530][gc,heap     ] GC(175) Old regions: 31->32
[2024-07-21T09:31:57.336+0530][gc,heap     ] GC(175) Archive regions: 2->2
[2024-07-21T09:31:57.336+0530][gc,heap     ] GC(175) Humongous regions: 129->129
[2024-07-21T09:31:57.336+0530][gc,metaspace] GC(175) Metaspace: 46268K(46848K)->46268K(46848K) NonClass: 41171K(41472K)->41171K(41472K) Class: 5096K(5376K)->5096K(5376K)
[2024-07-21T09:31:57.336+0530][gc          ] GC(175) Pause Young (Normal) (G1 Evacuation Pause) 774M->165M(1024M) 1.628ms
[2024-07-21T09:31:57.336+0530][gc,cpu      ] GC(175) User=0.01s Sys=0.00s Real=0.00s
[2024-07-21T09:32:27.489+0530][gc,start    ] GC(176) Pause Young (Normal) (G1 Evacuation Pause)
[2024-07-21T09:32:27.489+0530][gc,task     ] GC(176) Using 13 workers of 13 for evacuation
[2024-07-21T09:32:27.491+0530][gc,phases   ] GC(176)   Pre Evacuate Collection Set: 0.1ms
[2024-07-21T09:32:27.491+0530][gc,phases   ] GC(176)   Merge Heap Roots: 0.1ms
[2024-07-21T09:32:27.491+0530][gc,phases   ] GC(176)   Evacuate Collection Set: 1.0ms
[2024-07-21T09:32:27.491+0530][gc,phases   ] GC(176)   Post Evacuate Collection Set: 0.4ms
[2024-07-21T09:32:27.491+0530][gc,phases   ] GC(176)   Other: 0.1ms
[2024-07-21T09:32:27.491+0530][gc,heap     ] GC(176) Eden regions: 609->0(609)
[2024-07-21T09:32:27.491+0530][gc,heap     ] GC(176) Survivor regions: 5->5(77)
[2024-07-21T09:32:27.491+0530][gc,heap     ] GC(176) Old regions: 32->32
[2024-07-21T09:32:27.491+0530][gc,heap     ] GC(176) Archive regions: 2->2
[2024-07-21T09:32:27.491+0530][gc,heap     ] GC(176) Humongous regions: 129->129
[2024-07-21T09:32:27.491+0530][gc,metaspace] GC(176) Metaspace: 46272K(46848K)->46272K(46848K) NonClass: 41176K(41472K)->41176K(41472K) Class: 5096K(5376K)->5096K(5376K)
[2024-07-21T09:32:27.491+0530][gc          ] GC(176) Pause Young (Normal) (G1 Evacuation Pause) 774M->165M(1024M) 1.712ms
[2024-07-21T09:32:27.491+0530][gc,cpu      ] GC(176) User=0.02s Sys=0.00s Real=0.00s
[2024-07-21T09:33:12.372+0530][gc,start    ] GC(177) Pause Young (Normal) (G1 Evacuation Pause)
[2024-07-21T09:33:12.372+0530][gc,task     ] GC(177) Using 13 workers of 13 for evacuation
[2024-07-21T09:33:12.374+0530][gc,phases   ] GC(177)   Pre Evacuate Collection Set: 0.1ms
[2024-07-21T09:33:12.374+0530][gc,phases   ] GC(177)   Merge Heap Roots: 0.1ms
[2024-07-21T09:33:12.374+0530][gc,phases   ] GC(177)   Evacuate Collection Set: 1.0ms
[2024-07-21T09:33:12.374+0530][gc,phases   ] GC(177)   Post Evacuate Collection Set: 0.4ms
[2024-07-21T09:33:12.374+0530][gc,phases   ] GC(177)   Other: 0.1ms
[2024-07-21T09:33:12.374+0530][gc,heap     ] GC(177) Eden regions: 609->0(609)
[2024-07-21T09:33:12.374+0530][gc,heap     ] GC(177) Survivor regions: 5->5(77)
[2024-07-21T09:33:12.374+0530][gc,heap     ] GC(177) Old regions: 32->32
[2024-07-21T09:33:12.374+0530][gc,heap     ] GC(177) Archive regions: 2->2
[2024-07-21T09:33:12.374+0530][gc,heap     ] GC(177) Humongous regions: 129->129
[2024-07-21T09:33:12.374+0530][gc,metaspace] GC(177) Metaspace: 46272K(46848K)->46272K(46848K) NonClass: 41176K(41472K)->41176K(41472K) Class: 5096K(5376K)->5096K(5376K)
[2024-07-21T09:33:12.374+0530][gc          ] GC(177) Pause Young (Normal) (G1 Evacuation Pause) 774M->166M(1024M) 1.712ms
[2024-07-21T09:33:12.374+0530][gc,cpu      ] GC(177) User=0.01s Sys=0.00s Real=0.00s
[2024-07-21T09:33:42.503+0530][gc,start    ] GC(178) Pause Young (Normal) (G1 Evacuation Pause)
[2024-07-21T09:33:42.503+0530][gc,task     ] GC(178) Using 13 workers of 13 for evacuation
[2024-07-21T09:33:42.505+0530][gc,phases   ] GC(178)   Pre Evacuate Collection Set: 0.1ms
[2024-07-21T09:33:42.505+0530][gc,phases   ] GC(178)   Merge Heap Roots: 0.1ms
[2024-07-21T09:33:42.505+0530][gc,phases   ] GC(178)   Evacuate Collection Set: 1.1ms
[2024-07-21T09:33:42.505+0530][gc,phases   ] GC(178)   Post Evacuate Collection Set: 0.4ms
[2024-07-21T09:33:42.505+0530][gc,phases   ] GC(178)   Other: 0.1ms
[2024-07-21T09:33:42.505+0530][gc,heap     ] GC(178) Eden regions: 609->0(609)
[2024-07-21T09:33:42.505+0530][gc,heap     ] GC(178) Survivor regions: 5->5(77)
[2024-07-21T09:33:42.505+0530][gc,heap     ] GC(178) Old regions: 32->32
[2024-07-21T09:33:42.505+0530][gc,heap     ] GC(178) Archive regions: 2->2
[2024-07-21T09:33:42.505+0530][gc,heap     ] GC(178) Humongous regions: 129->129
[2024-07-21T09:33:42.505+0530][gc,metaspace] GC(178) Metaspace: 46273K(46848K)->46273K(46848K) NonClass: 41176K(41472K)->41176K(41472K) Class: 5096K(5376K)->5096K(5376K)
[2024-07-21T09:33:42.505+0530][gc          ] GC(178) Pause Young (Normal) (G1 Evacuation Pause) 775M->166M(1024M) 1.896ms
[2024-07-21T09:33:42.505+0530][gc,cpu      ] GC(178) User=0.01s Sys=0.00s Real=0.00s
[2024-07-21T09:34:27.381+0530][gc,start    ] GC(179) Pause Young (Normal) (G1 Evacuation Pause)
[2024-07-21T09:34:27.381+0530][gc,task     ] GC(179) Using 13 workers of 13 for evacuation
[2024-07-21T09:34:27.383+0530][gc,phases   ] GC(179)   Pre Evacuate Collection Set: 0.1ms
[2024-07-21T09:34:27.383+0530][gc,phases   ] GC(179)   Merge Heap Roots: 0.1ms
[2024-07-21T09:34:27.383+0530][gc,phases   ] GC(179)   Evacuate Collection Set: 1.1ms
[2024-07-21T09:34:27.383+0530][gc,phases   ] GC(179)   Post Evacuate Collection Set: 0.4ms
[2024-07-21T09:34:27.383+0530][gc,phases   ] GC(179)   Other: 0.1ms
[2024-07-21T09:34:27.383+0530][gc,heap     ] GC(179) Eden regions: 609->0(609)
[2024-07-21T09:34:27.383+0530][gc,heap     ] GC(179) Survivor regions: 5->5(77)
[2024-07-21T09:34:27.383+0530][gc,heap     ] GC(179) Old regions: 32->33
[2024-07-21T09:34:27.383+0530][gc,heap     ] GC(179) Archive regions: 2->2
[2024-07-21T09:34:27.383+0530][gc,heap     ] GC(179) Humongous regions: 129->129
[2024-07-21T09:34:27.383+0530][gc,metaspace] GC(179) Metaspace: 46278K(46848K)->46278K(46848K) NonClass: 41181K(41472K)->41181K(41472K) Class: 5096K(5376K)->5096K(5376K)
[2024-07-21T09:34:27.383+0530][gc          ] GC(179) Pause Young (Normal) (G1 Evacuation Pause) 775M->166M(1024M) 1.939ms
[2024-07-21T09:34:27.383+0530][gc,cpu      ] GC(179) User=0.02s Sys=0.01s Real=0.00s
[2024-07-21T09:34:57.535+0530][gc,start    ] GC(180) Pause Young (Normal) (G1 Evacuation Pause)
[2024-07-21T09:34:57.535+0530][gc,task     ] GC(180) Using 13 workers of 13 for evacuation
[2024-07-21T09:34:57.537+0530][gc,phases   ] GC(180)   Pre Evacuate Collection Set: 0.1ms
[2024-07-21T09:34:57.537+0530][gc,phases   ] GC(180)   Merge Heap Roots: 0.1ms
[2024-07-21T09:34:57.537+0530][gc,phases   ] GC(180)   Evacuate Collection Set: 1.1ms
[2024-07-21T09:34:57.537+0530][gc,phases   ] GC(180)   Post Evacuate Collection Set: 0.3ms
[2024-07-21T09:34:57.537+0530][gc,phases   ] GC(180)   Other: 0.1ms
[2024-07-21T09:34:57.537+0530][gc,heap     ] GC(180) Eden regions: 609->0(608)
[2024-07-21T09:34:57.537+0530][gc,heap     ] GC(180) Survivor regions: 5->6(77)
[2024-07-21T09:34:57.537+0530][gc,heap     ] GC(180) Old regions: 33->33
[2024-07-21T09:34:57.537+0530][gc,heap     ] GC(180) Archive regions: 2->2
[2024-07-21T09:34:57.537+0530][gc,heap     ] GC(180) Humongous regions: 129->129
[2024-07-21T09:34:57.537+0530][gc,metaspace] GC(180) Metaspace: 46278K(46848K)->46278K(46848K) NonClass: 41181K(41472K)->41181K(41472K) Class: 5096K(5376K)->5096K(5376K)
[2024-07-21T09:34:57.537+0530][gc          ] GC(180) Pause Young (Normal) (G1 Evacuation Pause) 775M->167M(1024M) 1.796ms
[2024-07-21T09:34:57.537+0530][gc,cpu      ] GC(180) User=0.02s Sys=0.00s Real=0.00s
[2024-07-21T09:35:42.417+0530][gc,start    ] GC(181) Pause Young (Normal) (G1 Evacuation Pause)
[2024-07-21T09:35:42.417+0530][gc,task     ] GC(181) Using 13 workers of 13 for evacuation
[2024-07-21T09:35:42.419+0530][gc,phases   ] GC(181)   Pre Evacuate Collection Set: 0.1ms
[2024-07-21T09:35:42.419+0530][gc,phases   ] GC(181)   Merge Heap Roots: 0.2ms
[2024-07-21T09:35:42.419+0530][gc,phases   ] GC(181)   Evacuate Collection Set: 0.9ms
[2024-07-21T09:35:42.419+0530][gc,phases   ] GC(181)   Post Evacuate Collection Set: 0.3ms
[2024-07-21T09:35:42.419+0530][gc,phases   ] GC(181)   Other: 0.1ms
[2024-07-21T09:35:42.419+0530][gc,heap     ] GC(181) Eden regions: 608->0(610)
[2024-07-21T09:35:42.419+0530][gc,heap     ] GC(181) Survivor regions: 6->4(77)
[2024-07-21T09:35:42.419+0530][gc,heap     ] GC(181) Old regions: 33->33
[2024-07-21T09:35:42.419+0530][gc,heap     ] GC(181) Archive regions: 2->2
[2024-07-21T09:35:42.419+0530][gc,heap     ] GC(181) Humongous regions: 129->129
[2024-07-21T09:35:42.419+0530][gc,metaspace] GC(181) Metaspace: 46278K(46848K)->46278K(46848K) NonClass: 41181K(41472K)->41181K(41472K) Class: 5096K(5376K)->5096K(5376K)
[2024-07-21T09:35:42.419+0530][gc          ] GC(181) Pause Young (Normal) (G1 Evacuation Pause) 775M->166M(1024M) 1.688ms
[2024-07-21T09:35:42.419+0530][gc,cpu      ] GC(181) User=0.01s Sys=0.00s Real=0.01s
[2024-07-21T09:36:12.555+0530][gc,start    ] GC(182) Pause Young (Normal) (G1 Evacuation Pause)
[2024-07-21T09:36:12.555+0530][gc,task     ] GC(182) Using 13 workers of 13 for evacuation
[2024-07-21T09:36:12.557+0530][gc,phases   ] GC(182)   Pre Evacuate Collection Set: 0.1ms
[2024-07-21T09:36:12.557+0530][gc,phases   ] GC(182)   Merge Heap Roots: 0.1ms
[2024-07-21T09:36:12.557+0530][gc,phases   ] GC(182)   Evacuate Collection Set: 0.9ms
[2024-07-21T09:36:12.557+0530][gc,phases   ] GC(182)   Post Evacuate Collection Set: 0.3ms
[2024-07-21T09:36:12.557+0530][gc,phases   ] GC(182)   Other: 0.1ms
[2024-07-21T09:36:12.557+0530][gc,heap     ] GC(182) Eden regions: 610->0(609)
[2024-07-21T09:36:12.557+0530][gc,heap     ] GC(182) Survivor regions: 4->5(77)
[2024-07-21T09:36:12.557+0530][gc,heap     ] GC(182) Old regions: 33->33
[2024-07-21T09:36:12.557+0530][gc,heap     ] GC(182) Archive regions: 2->2
[2024-07-21T09:36:12.557+0530][gc,heap     ] GC(182) Humongous regions: 129->129
[2024-07-21T09:36:12.557+0530][gc,metaspace] GC(182) Metaspace: 46278K(46848K)->46278K(46848K) NonClass: 41181K(41472K)->41181K(41472K) Class: 5096K(5376K)->5096K(5376K)
[2024-07-21T09:36:12.557+0530][gc          ] GC(182) Pause Young (Normal) (G1 Evacuation Pause) 776M->167M(1024M) 1.592ms
[2024-07-21T09:36:12.557+0530][gc,cpu      ] GC(182) User=0.02s Sys=0.00s Real=0.00s
[2024-07-21T09:36:57.425+0530][gc,start    ] GC(183) Pause Young (Normal) (G1 Evacuation Pause)
[2024-07-21T09:36:57.425+0530][gc,task     ] GC(183) Using 13 workers of 13 for evacuation
[2024-07-21T09:36:57.427+0530][gc,phases   ] GC(183)   Pre Evacuate Collection Set: 0.1ms
[2024-07-21T09:36:57.427+0530][gc,phases   ] GC(183)   Merge Heap Roots: 0.2ms
[2024-07-21T09:36:57.427+0530][gc,phases   ] GC(183)   Evacuate Collection Set: 1.0ms
[2024-07-21T09:36:57.427+0530][gc,phases   ] GC(183)   Post Evacuate Collection Set: 0.3ms
[2024-07-21T09:36:57.427+0530][gc,phases   ] GC(183)   Other: 0.1ms
[2024-07-21T09:36:57.427+0530][gc,heap     ] GC(183) Eden regions: 609->0(609)
[2024-07-21T09:36:57.427+0530][gc,heap     ] GC(183) Survivor regions: 5->5(77)
[2024-07-21T09:36:57.427+0530][gc,heap     ] GC(183) Old regions: 33->34
[2024-07-21T09:36:57.427+0530][gc,heap     ] GC(183) Archive regions: 2->2
[2024-07-21T09:36:57.427+0530][gc,heap     ] GC(183) Humongous regions: 129->129
[2024-07-21T09:36:57.427+0530][gc,metaspace] GC(183) Metaspace: 46278K(46848K)->46278K(46848K) NonClass: 41181K(41472K)->41181K(41472K) Class: 5096K(5376K)->5096K(5376K)
[2024-07-21T09:36:57.427+0530][gc          ] GC(183) Pause Young (Normal) (G1 Evacuation Pause) 776M->167M(1024M) 1.745ms
[2024-07-21T09:36:57.427+0530][gc,cpu      ] GC(183) User=0.02s Sys=0.00s Real=0.01s
[2024-07-21T09:37:27.577+0530][gc,start    ] GC(184) Pause Young (Normal) (G1 Evacuation Pause)
[2024-07-21T09:37:27.577+0530][gc,task     ] GC(184) Using 13 workers of 13 for evacuation
[2024-07-21T09:37:27.579+0530][gc,phases   ] GC(184)   Pre Evacuate Collection Set: 0.1ms
[2024-07-21T09:37:27.580+0530][gc,phases   ] GC(184)   Merge Heap Roots: 0.1ms
[2024-07-21T09:37:27.580+0530][gc,phases   ] GC(184)   Evacuate Collection Set: 1.3ms
[2024-07-21T09:37:27.580+0530][gc,phases   ] GC(184)   Post Evacuate Collection Set: 0.5ms
[2024-07-21T09:37:27.580+0530][gc,phases   ] GC(184)   Other: 0.1ms
[2024-07-21T09:37:27.580+0530][gc,heap     ] GC(184) Eden regions: 609->0(609)
[2024-07-21T09:37:27.580+0530][gc,heap     ] GC(184) Survivor regions: 5->5(77)
[2024-07-21T09:37:27.580+0530][gc,heap     ] GC(184) Old regions: 34->34
[2024-07-21T09:37:27.580+0530][gc,heap     ] GC(184) Archive regions: 2->2
[2024-07-21T09:37:27.580+0530][gc,heap     ] GC(184) Humongous regions: 129->129
[2024-07-21T09:37:27.580+0530][gc,metaspace] GC(184) Metaspace: 46278K(46848K)->46278K(46848K) NonClass: 41181K(41472K)->41181K(41472K) Class: 5096K(5376K)->5096K(5376K)
[2024-07-21T09:37:27.580+0530][gc          ] GC(184) Pause Young (Normal) (G1 Evacuation Pause) 776M->168M(1024M) 2.604ms
[2024-07-21T09:37:27.580+0530][gc,cpu      ] GC(184) User=0.02s Sys=0.00s Real=0.01s
[2024-07-21T09:38:12.458+0530][gc,start    ] GC(185) Pause Young (Normal) (G1 Evacuation Pause)
[2024-07-21T09:38:12.458+0530][gc,task     ] GC(185) Using 13 workers of 13 for evacuation
[2024-07-21T09:38:12.459+0530][gc,phases   ] GC(185)   Pre Evacuate Collection Set: 0.1ms
[2024-07-21T09:38:12.459+0530][gc,phases   ] GC(185)   Merge Heap Roots: 0.1ms
[2024-07-21T09:38:12.459+0530][gc,phases   ] GC(185)   Evacuate Collection Set: 1.1ms
[2024-07-21T09:38:12.459+0530][gc,phases   ] GC(185)   Post Evacuate Collection Set: 0.4ms
[2024-07-21T09:38:12.459+0530][gc,phases   ] GC(185)   Other: 0.1ms
[2024-07-21T09:38:12.459+0530][gc,heap     ] GC(185) Eden regions: 609->0(609)
[2024-07-21T09:38:12.459+0530][gc,heap     ] GC(185) Survivor regions: 5->5(77)
[2024-07-21T09:38:12.459+0530][gc,heap     ] GC(185) Old regions: 34->34
[2024-07-21T09:38:12.459+0530][gc,heap     ] GC(185) Archive regions: 2->2
[2024-07-21T09:38:12.459+0530][gc,heap     ] GC(185) Humongous regions: 129->129
[2024-07-21T09:38:12.459+0530][gc,metaspace] GC(185) Metaspace: 46278K(46848K)->46278K(46848K) NonClass: 41181K(41472K)->41181K(41472K) Class: 5096K(5376K)->5096K(5376K)
[2024-07-21T09:38:12.459+0530][gc          ] GC(185) Pause Young (Normal) (G1 Evacuation Pause) 777M->168M(1024M) 1.750ms
[2024-07-21T09:38:12.459+0530][gc,cpu      ] GC(185) User=0.02s Sys=0.00s Real=0.01s
[2024-07-21T09:38:57.328+0530][gc,start    ] GC(186) Pause Young (Normal) (G1 Evacuation Pause)
[2024-07-21T09:38:57.328+0530][gc,task     ] GC(186) Using 13 workers of 13 for evacuation
[2024-07-21T09:38:57.330+0530][gc,phases   ] GC(186)   Pre Evacuate Collection Set: 0.1ms
[2024-07-21T09:38:57.330+0530][gc,phases   ] GC(186)   Merge Heap Roots: 0.1ms
[2024-07-21T09:38:57.330+0530][gc,phases   ] GC(186)   Evacuate Collection Set: 1.4ms
[2024-07-21T09:38:57.330+0530][gc,phases   ] GC(186)   Post Evacuate Collection Set: 0.4ms
[2024-07-21T09:38:57.330+0530][gc,phases   ] GC(186)   Other: 0.1ms
[2024-07-21T09:38:57.330+0530][gc,heap     ] GC(186) Eden regions: 609->0(608)
[2024-07-21T09:38:57.330+0530][gc,heap     ] GC(186) Survivor regions: 5->6(77)
[2024-07-21T09:38:57.330+0530][gc,heap     ] GC(186) Old regions: 34->34
[2024-07-21T09:38:57.330+0530][gc,heap     ] GC(186) Archive regions: 2->2
[2024-07-21T09:38:57.330+0530][gc,heap     ] GC(186) Humongous regions: 129->129
[2024-07-21T09:38:57.330+0530][gc,metaspace] GC(186) Metaspace: 46278K(46848K)->46278K(46848K) NonClass: 41181K(41472K)->41181K(41472K) Class: 5096K(5376K)->5096K(5376K)
[2024-07-21T09:38:57.331+0530][gc          ] GC(186) Pause Young (Normal) (G1 Evacuation Pause) 777M->168M(1024M) 2.134ms
[2024-07-21T09:38:57.331+0530][gc,cpu      ] GC(186) User=0.02s Sys=0.00s Real=0.00s
[2024-07-21T09:39:27.471+0530][gc,start    ] GC(187) Pause Young (Normal) (G1 Evacuation Pause)
[2024-07-21T09:39:27.471+0530][gc,task     ] GC(187) Using 13 workers of 13 for evacuation
[2024-07-21T09:39:27.473+0530][gc,phases   ] GC(187)   Pre Evacuate Collection Set: 0.1ms
[2024-07-21T09:39:27.473+0530][gc,phases   ] GC(187)   Merge Heap Roots: 0.1ms
[2024-07-21T09:39:27.473+0530][gc,phases   ] GC(187)   Evacuate Collection Set: 1.2ms
[2024-07-21T09:39:27.473+0530][gc,phases   ] GC(187)   Post Evacuate Collection Set: 0.3ms
[2024-07-21T09:39:27.473+0530][gc,phases   ] GC(187)   Other: 0.1ms
[2024-07-21T09:39:27.473+0530][gc,heap     ] GC(187) Eden regions: 608->0(608)
[2024-07-21T09:39:27.473+0530][gc,heap     ] GC(187) Survivor regions: 6->6(77)
[2024-07-21T09:39:27.473+0530][gc,heap     ] GC(187) Old regions: 34->34
[2024-07-21T09:39:27.473+0530][gc,heap     ] GC(187) Archive regions: 2->2
[2024-07-21T09:39:27.473+0530][gc,heap     ] GC(187) Humongous regions: 129->129
[2024-07-21T09:39:27.473+0530][gc,metaspace] GC(187) Metaspace: 46278K(46848K)->46278K(46848K) NonClass: 41181K(41472K)->41181K(41472K) Class: 5096K(5376K)->5096K(5376K)
[2024-07-21T09:39:27.473+0530][gc          ] GC(187) Pause Young (Normal) (G1 Evacuation Pause) 776M->169M(1024M) 1.939ms
[2024-07-21T09:39:27.473+0530][gc,cpu      ] GC(187) User=0.01s Sys=0.00s Real=0.00s
[2024-07-21T09:40:12.348+0530][gc,start    ] GC(188) Pause Young (Normal) (G1 Evacuation Pause)
[2024-07-21T09:40:12.348+0530][gc,task     ] GC(188) Using 13 workers of 13 for evacuation
[2024-07-21T09:40:12.350+0530][gc,phases   ] GC(188)   Pre Evacuate Collection Set: 0.1ms
[2024-07-21T09:40:12.350+0530][gc,phases   ] GC(188)   Merge Heap Roots: 0.1ms
[2024-07-21T09:40:12.350+0530][gc,phases   ] GC(188)   Evacuate Collection Set: 1.1ms
[2024-07-21T09:40:12.350+0530][gc,phases   ] GC(188)   Post Evacuate Collection Set: 0.4ms
[2024-07-21T09:40:12.350+0530][gc,phases   ] GC(188)   Other: 0.1ms
[2024-07-21T09:40:12.350+0530][gc,heap     ] GC(188) Eden regions: 608->0(609)
[2024-07-21T09:40:12.350+0530][gc,heap     ] GC(188) Survivor regions: 6->5(77)
[2024-07-21T09:40:12.350+0530][gc,heap     ] GC(188) Old regions: 34->35
[2024-07-21T09:40:12.350+0530][gc,heap     ] GC(188) Archive regions: 2->2
[2024-07-21T09:40:12.350+0530][gc,heap     ] GC(188) Humongous regions: 129->129
[2024-07-21T09:40:12.350+0530][gc,metaspace] GC(188) Metaspace: 46278K(46848K)->46278K(46848K) NonClass: 41182K(41472K)->41182K(41472K) Class: 5096K(5376K)->5096K(5376K)
[2024-07-21T09:40:12.350+0530][gc          ] GC(188) Pause Young (Normal) (G1 Evacuation Pause) 777M->168M(1024M) 1.960ms
[2024-07-21T09:40:12.350+0530][gc,cpu      ] GC(188) User=0.02s Sys=0.00s Real=0.00s
[2024-07-21T09:40:42.493+0530][gc,start    ] GC(189) Pause Young (Normal) (G1 Evacuation Pause)
[2024-07-21T09:40:42.493+0530][gc,task     ] GC(189) Using 13 workers of 13 for evacuation
[2024-07-21T09:40:42.495+0530][gc,phases   ] GC(189)   Pre Evacuate Collection Set: 0.1ms
[2024-07-21T09:40:42.495+0530][gc,phases   ] GC(189)   Merge Heap Roots: 0.1ms
[2024-07-21T09:40:42.495+0530][gc,phases   ] GC(189)   Evacuate Collection Set: 0.9ms
[2024-07-21T09:40:42.495+0530][gc,phases   ] GC(189)   Post Evacuate Collection Set: 0.3ms
[2024-07-21T09:40:42.495+0530][gc,phases   ] GC(189)   Other: 0.1ms
[2024-07-21T09:40:42.495+0530][gc,heap     ] GC(189) Eden regions: 609->0(609)
[2024-07-21T09:40:42.495+0530][gc,heap     ] GC(189) Survivor regions: 5->5(77)
[2024-07-21T09:40:42.495+0530][gc,heap     ] GC(189) Old regions: 35->35
[2024-07-21T09:40:42.495+0530][gc,heap     ] GC(189) Archive regions: 2->2
[2024-07-21T09:40:42.495+0530][gc,heap     ] GC(189) Humongous regions: 129->129
[2024-07-21T09:40:42.495+0530][gc,metaspace] GC(189) Metaspace: 46278K(46848K)->46278K(46848K) NonClass: 41182K(41472K)->41182K(41472K) Class: 5096K(5376K)->5096K(5376K)
[2024-07-21T09:40:42.495+0530][gc          ] GC(189) Pause Young (Normal) (G1 Evacuation Pause) 777M->168M(1024M) 1.618ms
[2024-07-21T09:40:42.495+0530][gc,cpu      ] GC(189) User=0.02s Sys=0.00s Real=0.00s
[2024-07-21T09:41:27.371+0530][gc,start    ] GC(190) Pause Young (Normal) (G1 Evacuation Pause)
[2024-07-21T09:41:27.371+0530][gc,task     ] GC(190) Using 13 workers of 13 for evacuation
[2024-07-21T09:41:27.373+0530][gc,phases   ] GC(190)   Pre Evacuate Collection Set: 0.1ms
[2024-07-21T09:41:27.373+0530][gc,phases   ] GC(190)   Merge Heap Roots: 0.1ms
[2024-07-21T09:41:27.373+0530][gc,phases   ] GC(190)   Evacuate Collection Set: 1.0ms
[2024-07-21T09:41:27.373+0530][gc,phases   ] GC(190)   Post Evacuate Collection Set: 0.3ms
[2024-07-21T09:41:27.373+0530][gc,phases   ] GC(190)   Other: 0.1ms
[2024-07-21T09:41:27.373+0530][gc,heap     ] GC(190) Eden regions: 609->0(609)
[2024-07-21T09:41:27.373+0530][gc,heap     ] GC(190) Survivor regions: 5->5(77)
[2024-07-21T09:41:27.373+0530][gc,heap     ] GC(190) Old regions: 35->35
[2024-07-21T09:41:27.373+0530][gc,heap     ] GC(190) Archive regions: 2->2
[2024-07-21T09:41:27.373+0530][gc,heap     ] GC(190) Humongous regions: 129->129
[2024-07-21T09:41:27.373+0530][gc,metaspace] GC(190) Metaspace: 46278K(46848K)->46278K(46848K) NonClass: 41182K(41472K)->41182K(41472K) Class: 5096K(5376K)->5096K(5376K)
[2024-07-21T09:41:27.373+0530][gc          ] GC(190) Pause Young (Normal) (G1 Evacuation Pause) 777M->169M(1024M) 1.684ms
[2024-07-21T09:41:27.373+0530][gc,cpu      ] GC(190) User=0.02s Sys=0.00s Real=0.00s
[2024-07-21T09:41:57.519+0530][gc,start    ] GC(191) Pause Young (Normal) (G1 Evacuation Pause)
[2024-07-21T09:41:57.519+0530][gc,task     ] GC(191) Using 13 workers of 13 for evacuation
[2024-07-21T09:41:57.521+0530][gc,phases   ] GC(191)   Pre Evacuate Collection Set: 0.1ms
[2024-07-21T09:41:57.521+0530][gc,phases   ] GC(191)   Merge Heap Roots: 0.1ms
[2024-07-21T09:41:57.521+0530][gc,phases   ] GC(191)   Evacuate Collection Set: 1.3ms
[2024-07-21T09:41:57.521+0530][gc,phases   ] GC(191)   Post Evacuate Collection Set: 0.4ms
[2024-07-21T09:41:57.521+0530][gc,phases   ] GC(191)   Other: 0.1ms
[2024-07-21T09:41:57.521+0530][gc,heap     ] GC(191) Eden regions: 609->0(609)
[2024-07-21T09:41:57.521+0530][gc,heap     ] GC(191) Survivor regions: 5->5(77)
[2024-07-21T09:41:57.521+0530][gc,heap     ] GC(191) Old regions: 35->35
[2024-07-21T09:41:57.521+0530][gc,heap     ] GC(191) Archive regions: 2->2
[2024-07-21T09:41:57.521+0530][gc,heap     ] GC(191) Humongous regions: 129->129
[2024-07-21T09:41:57.521+0530][gc,metaspace] GC(191) Metaspace: 46278K(46848K)->46278K(46848K) NonClass: 41182K(41472K)->41182K(41472K) Class: 5096K(5376K)->5096K(5376K)
[2024-07-21T09:41:57.521+0530][gc          ] GC(191) Pause Young (Normal) (G1 Evacuation Pause) 778M->169M(1024M) 2.104ms
[2024-07-21T09:41:57.522+0530][gc,cpu      ] GC(191) User=0.02s Sys=0.00s Real=0.00s
[2024-07-21T09:42:42.408+0530][gc,start    ] GC(192) Pause Young (Normal) (G1 Evacuation Pause)
[2024-07-21T09:42:42.408+0530][gc,task     ] GC(192) Using 13 workers of 13 for evacuation
[2024-07-21T09:42:42.410+0530][gc,phases   ] GC(192)   Pre Evacuate Collection Set: 0.1ms
[2024-07-21T09:42:42.410+0530][gc,phases   ] GC(192)   Merge Heap Roots: 0.1ms
[2024-07-21T09:42:42.410+0530][gc,phases   ] GC(192)   Evacuate Collection Set: 1.1ms
[2024-07-21T09:42:42.410+0530][gc,phases   ] GC(192)   Post Evacuate Collection Set: 0.3ms
[2024-07-21T09:42:42.410+0530][gc,phases   ] GC(192)   Other: 0.1ms
[2024-07-21T09:42:42.410+0530][gc,heap     ] GC(192) Eden regions: 609->0(608)
[2024-07-21T09:42:42.410+0530][gc,heap     ] GC(192) Survivor regions: 5->6(77)
[2024-07-21T09:42:42.410+0530][gc,heap     ] GC(192) Old regions: 35->36
[2024-07-21T09:42:42.410+0530][gc,heap     ] GC(192) Archive regions: 2->2
[2024-07-21T09:42:42.410+0530][gc,heap     ] GC(192) Humongous regions: 129->129
[2024-07-21T09:42:42.410+0530][gc,metaspace] GC(192) Metaspace: 46279K(46848K)->46279K(46848K) NonClass: 41183K(41472K)->41183K(41472K) Class: 5096K(5376K)->5096K(5376K)
[2024-07-21T09:42:42.410+0530][gc          ] GC(192) Pause Young (Normal) (G1 Evacuation Pause) 778M->170M(1024M) 1.775ms
[2024-07-21T09:42:42.410+0530][gc,cpu      ] GC(192) User=0.01s Sys=0.01s Real=0.00s
[2024-07-21T09:43:12.543+0530][gc,start    ] GC(193) Pause Young (Normal) (G1 Evacuation Pause)
[2024-07-21T09:43:12.543+0530][gc,task     ] GC(193) Using 13 workers of 13 for evacuation
[2024-07-21T09:43:12.545+0530][gc,phases   ] GC(193)   Pre Evacuate Collection Set: 0.1ms
[2024-07-21T09:43:12.545+0530][gc,phases   ] GC(193)   Merge Heap Roots: 0.1ms
[2024-07-21T09:43:12.545+0530][gc,phases   ] GC(193)   Evacuate Collection Set: 1.3ms
[2024-07-21T09:43:12.545+0530][gc,phases   ] GC(193)   Post Evacuate Collection Set: 0.4ms
[2024-07-21T09:43:12.545+0530][gc,phases   ] GC(193)   Other: 0.1ms
[2024-07-21T09:43:12.545+0530][gc,heap     ] GC(193) Eden regions: 608->0(608)
[2024-07-21T09:43:12.545+0530][gc,heap     ] GC(193) Survivor regions: 6->6(77)
[2024-07-21T09:43:12.545+0530][gc,heap     ] GC(193) Old regions: 36->36
[2024-07-21T09:43:12.545+0530][gc,heap     ] GC(193) Archive regions: 2->2
[2024-07-21T09:43:12.545+0530][gc,heap     ] GC(193) Humongous regions: 129->129
[2024-07-21T09:43:12.545+0530][gc,metaspace] GC(193) Metaspace: 46279K(46848K)->46279K(46848K) NonClass: 41183K(41472K)->41183K(41472K) Class: 5096K(5376K)->5096K(5376K)
[2024-07-21T09:43:12.545+0530][gc          ] GC(193) Pause Young (Normal) (G1 Evacuation Pause) 778M->170M(1024M) 2.036ms
[2024-07-21T09:43:12.545+0530][gc,cpu      ] GC(193) User=0.01s Sys=0.00s Real=0.00s
[2024-07-21T09:43:57.416+0530][gc,start    ] GC(194) Pause Young (Normal) (G1 Evacuation Pause)
[2024-07-21T09:43:57.416+0530][gc,task     ] GC(194) Using 13 workers of 13 for evacuation
[2024-07-21T09:43:57.418+0530][gc,phases   ] GC(194)   Pre Evacuate Collection Set: 0.1ms
[2024-07-21T09:43:57.418+0530][gc,phases   ] GC(194)   Merge Heap Roots: 0.1ms
[2024-07-21T09:43:57.418+0530][gc,phases   ] GC(194)   Evacuate Collection Set: 0.8ms
[2024-07-21T09:43:57.418+0530][gc,phases   ] GC(194)   Post Evacuate Collection Set: 0.4ms
[2024-07-21T09:43:57.418+0530][gc,phases   ] GC(194)   Other: 0.1ms
[2024-07-21T09:43:57.418+0530][gc,heap     ] GC(194) Eden regions: 608->0(610)
[2024-07-21T09:43:57.418+0530][gc,heap     ] GC(194) Survivor regions: 6->4(77)
[2024-07-21T09:43:57.418+0530][gc,heap     ] GC(194) Old regions: 36->36
[2024-07-21T09:43:57.418+0530][gc,heap     ] GC(194) Archive regions: 2->2
[2024-07-21T09:43:57.418+0530][gc,heap     ] GC(194) Humongous regions: 129->129
[2024-07-21T09:43:57.418+0530][gc,metaspace] GC(194) Metaspace: 46281K(46848K)->46281K(46848K) NonClass: 41185K(41472K)->41185K(41472K) Class: 5096K(5376K)->5096K(5376K)
[2024-07-21T09:43:57.418+0530][gc          ] GC(194) Pause Young (Normal) (G1 Evacuation Pause) 778M->169M(1024M) 1.550ms
[2024-07-21T09:43:57.418+0530][gc,cpu      ] GC(194) User=0.02s Sys=0.01s Real=0.00s
[2024-07-21T09:44:27.559+0530][gc,start    ] GC(195) Pause Young (Normal) (G1 Evacuation Pause)
[2024-07-21T09:44:27.559+0530][gc,task     ] GC(195) Using 13 workers of 13 for evacuation
[2024-07-21T09:44:27.560+0530][gc,phases   ] GC(195)   Pre Evacuate Collection Set: 0.1ms
[2024-07-21T09:44:27.560+0530][gc,phases   ] GC(195)   Merge Heap Roots: 0.1ms
[2024-07-21T09:44:27.560+0530][gc,phases   ] GC(195)   Evacuate Collection Set: 0.9ms
[2024-07-21T09:44:27.560+0530][gc,phases   ] GC(195)   Post Evacuate Collection Set: 0.4ms
[2024-07-21T09:44:27.560+0530][gc,phases   ] GC(195)   Other: 0.1ms
[2024-07-21T09:44:27.560+0530][gc,heap     ] GC(195) Eden regions: 610->0(609)
[2024-07-21T09:44:27.560+0530][gc,heap     ] GC(195) Survivor regions: 4->5(77)
[2024-07-21T09:44:27.560+0530][gc,heap     ] GC(195) Old regions: 36->36
[2024-07-21T09:44:27.560+0530][gc,heap     ] GC(195) Archive regions: 2->2
[2024-07-21T09:44:27.560+0530][gc,heap     ] GC(195) Humongous regions: 129->129
[2024-07-21T09:44:27.560+0530][gc,metaspace] GC(195) Metaspace: 46281K(46848K)->46281K(46848K) NonClass: 41185K(41472K)->41185K(41472K) Class: 5096K(5376K)->5096K(5376K)
[2024-07-21T09:44:27.560+0530][gc          ] GC(195) Pause Young (Normal) (G1 Evacuation Pause) 779M->170M(1024M) 1.636ms
[2024-07-21T09:44:27.560+0530][gc,cpu      ] GC(195) User=0.01s Sys=0.00s Real=0.00s
[2024-07-21T09:45:12.443+0530][gc,start    ] GC(196) Pause Young (Normal) (G1 Evacuation Pause)
[2024-07-21T09:45:12.443+0530][gc,task     ] GC(196) Using 13 workers of 13 for evacuation
[2024-07-21T09:45:12.444+0530][gc,phases   ] GC(196)   Pre Evacuate Collection Set: 0.1ms
[2024-07-21T09:45:12.444+0530][gc,phases   ] GC(196)   Merge Heap Roots: 0.1ms
[2024-07-21T09:45:12.444+0530][gc,phases   ] GC(196)   Evacuate Collection Set: 0.9ms
[2024-07-21T09:45:12.444+0530][gc,phases   ] GC(196)   Post Evacuate Collection Set: 0.3ms
[2024-07-21T09:45:12.444+0530][gc,phases   ] GC(196)   Other: 0.1ms
[2024-07-21T09:45:12.444+0530][gc,heap     ] GC(196) Eden regions: 609->0(609)
[2024-07-21T09:45:12.444+0530][gc,heap     ] GC(196) Survivor regions: 5->5(77)
[2024-07-21T09:45:12.444+0530][gc,heap     ] GC(196) Old regions: 36->37
[2024-07-21T09:45:12.444+0530][gc,heap     ] GC(196) Archive regions: 2->2
[2024-07-21T09:45:12.444+0530][gc,heap     ] GC(196) Humongous regions: 129->129
[2024-07-21T09:45:12.444+0530][gc,metaspace] GC(196) Metaspace: 46281K(46848K)->46281K(46848K) NonClass: 41185K(41472K)->41185K(41472K) Class: 5096K(5376K)->5096K(5376K)
[2024-07-21T09:45:12.444+0530][gc          ] GC(196) Pause Young (Normal) (G1 Evacuation Pause) 779M->170M(1024M) 1.563ms
[2024-07-21T09:45:12.444+0530][gc,cpu      ] GC(196) User=0.02s Sys=0.00s Real=0.00s
[2024-07-21T09:45:43.046+0530][gc,start    ] GC(197) Pause Young (Normal) (G1 Evacuation Pause)
[2024-07-21T09:45:43.046+0530][gc,task     ] GC(197) Using 13 workers of 13 for evacuation
[2024-07-21T09:45:43.052+0530][gc,phases   ] GC(197)   Pre Evacuate Collection Set: 0.2ms
[2024-07-21T09:45:43.052+0530][gc,phases   ] GC(197)   Merge Heap Roots: 0.4ms
[2024-07-21T09:45:43.052+0530][gc,phases   ] GC(197)   Evacuate Collection Set: 4.7ms
[2024-07-21T09:45:43.052+0530][gc,phases   ] GC(197)   Post Evacuate Collection Set: 0.6ms
[2024-07-21T09:45:43.052+0530][gc,phases   ] GC(197)   Other: 0.3ms
[2024-07-21T09:45:43.052+0530][gc,heap     ] GC(197) Eden regions: 609->0(609)
[2024-07-21T09:45:43.052+0530][gc,heap     ] GC(197) Survivor regions: 5->5(77)
[2024-07-21T09:45:43.052+0530][gc,heap     ] GC(197) Old regions: 37->37
[2024-07-21T09:45:43.052+0530][gc,heap     ] GC(197) Archive regions: 2->2
[2024-07-21T09:45:43.052+0530][gc,heap     ] GC(197) Humongous regions: 129->129
[2024-07-21T09:45:43.052+0530][gc,metaspace] GC(197) Metaspace: 46281K(46848K)->46281K(46848K) NonClass: 41185K(41472K)->41185K(41472K) Class: 5096K(5376K)->5096K(5376K)
[2024-07-21T09:45:43.052+0530][gc          ] GC(197) Pause Young (Normal) (G1 Evacuation Pause) 779M->170M(1024M) 6.318ms
[2024-07-21T09:45:43.052+0530][gc,cpu      ] GC(197) User=0.06s Sys=0.01s Real=0.01s
[2024-07-21T09:46:27.468+0530][gc,start    ] GC(198) Pause Young (Normal) (G1 Evacuation Pause)
[2024-07-21T09:46:27.468+0530][gc,task     ] GC(198) Using 13 workers of 13 for evacuation
[2024-07-21T09:46:27.469+0530][gc,phases   ] GC(198)   Pre Evacuate Collection Set: 0.1ms
[2024-07-21T09:46:27.469+0530][gc,phases   ] GC(198)   Merge Heap Roots: 0.1ms
[2024-07-21T09:46:27.469+0530][gc,phases   ] GC(198)   Evacuate Collection Set: 1.1ms
[2024-07-21T09:46:27.469+0530][gc,phases   ] GC(198)   Post Evacuate Collection Set: 0.3ms
[2024-07-21T09:46:27.469+0530][gc,phases   ] GC(198)   Other: 0.1ms
[2024-07-21T09:46:27.469+0530][gc,heap     ] GC(198) Eden regions: 609->0(609)
[2024-07-21T09:46:27.469+0530][gc,heap     ] GC(198) Survivor regions: 5->5(77)
[2024-07-21T09:46:27.469+0530][gc,heap     ] GC(198) Old regions: 37->37
[2024-07-21T09:46:27.469+0530][gc,heap     ] GC(198) Archive regions: 2->2
[2024-07-21T09:46:27.469+0530][gc,heap     ] GC(198) Humongous regions: 129->129
[2024-07-21T09:46:27.469+0530][gc,metaspace] GC(198) Metaspace: 46281K(46848K)->46281K(46848K) NonClass: 41185K(41472K)->41185K(41472K) Class: 5096K(5376K)->5096K(5376K)
[2024-07-21T09:46:27.469+0530][gc          ] GC(198) Pause Young (Normal) (G1 Evacuation Pause) 779M->171M(1024M) 1.827ms
[2024-07-21T09:46:27.469+0530][gc,cpu      ] GC(198) User=0.02s Sys=0.00s Real=0.00s
[2024-07-21T09:47:12.343+0530][gc,start    ] GC(199) Pause Young (Normal) (G1 Evacuation Pause)
[2024-07-21T09:47:12.343+0530][gc,task     ] GC(199) Using 13 workers of 13 for evacuation
[2024-07-21T09:47:12.345+0530][gc,phases   ] GC(199)   Pre Evacuate Collection Set: 0.1ms
[2024-07-21T09:47:12.345+0530][gc,phases   ] GC(199)   Merge Heap Roots: 0.2ms
[2024-07-21T09:47:12.345+0530][gc,phases   ] GC(199)   Evacuate Collection Set: 1.1ms
[2024-07-21T09:47:12.345+0530][gc,phases   ] GC(199)   Post Evacuate Collection Set: 0.3ms
[2024-07-21T09:47:12.345+0530][gc,phases   ] GC(199)   Other: 0.1ms
[2024-07-21T09:47:12.345+0530][gc,heap     ] GC(199) Eden regions: 609->0(608)
[2024-07-21T09:47:12.345+0530][gc,heap     ] GC(199) Survivor regions: 5->6(77)
[2024-07-21T09:47:12.345+0530][gc,heap     ] GC(199) Old regions: 37->37
[2024-07-21T09:47:12.345+0530][gc,heap     ] GC(199) Archive regions: 2->2
[2024-07-21T09:47:12.345+0530][gc,heap     ] GC(199) Humongous regions: 129->129
[2024-07-21T09:47:12.345+0530][gc,metaspace] GC(199) Metaspace: 46281K(46848K)->46281K(46848K) NonClass: 41185K(41472K)->41185K(41472K) Class: 5096K(5376K)->5096K(5376K)
[2024-07-21T09:47:12.345+0530][gc          ] GC(199) Pause Young (Normal) (G1 Evacuation Pause) 780M->171M(1024M) 1.891ms
[2024-07-21T09:47:12.345+0530][gc,cpu      ] GC(199) User=0.01s Sys=0.00s Real=0.00s
[2024-07-21T09:47:42.489+0530][gc,start    ] GC(200) Pause Young (Normal) (G1 Evacuation Pause)
[2024-07-21T09:47:42.489+0530][gc,task     ] GC(200) Using 13 workers of 13 for evacuation
[2024-07-21T09:47:42.491+0530][gc,phases   ] GC(200)   Pre Evacuate Collection Set: 0.1ms
[2024-07-21T09:47:42.491+0530][gc,phases   ] GC(200)   Merge Heap Roots: 0.1ms
[2024-07-21T09:47:42.491+0530][gc,phases   ] GC(200)   Evacuate Collection Set: 1.4ms
[2024-07-21T09:47:42.491+0530][gc,phases   ] GC(200)   Post Evacuate Collection Set: 0.5ms
[2024-07-21T09:47:42.491+0530][gc,phases   ] GC(200)   Other: 0.1ms
[2024-07-21T09:47:42.491+0530][gc,heap     ] GC(200) Eden regions: 608->0(608)
[2024-07-21T09:47:42.491+0530][gc,heap     ] GC(200) Survivor regions: 6->6(77)
[2024-07-21T09:47:42.491+0530][gc,heap     ] GC(200) Old regions: 37->38
[2024-07-21T09:47:42.492+0530][gc,heap     ] GC(200) Archive regions: 2->2
[2024-07-21T09:47:42.492+0530][gc,heap     ] GC(200) Humongous regions: 129->129
[2024-07-21T09:47:42.492+0530][gc,metaspace] GC(200) Metaspace: 46281K(46848K)->46281K(46848K) NonClass: 41185K(41472K)->41185K(41472K) Class: 5096K(5376K)->5096K(5376K)
[2024-07-21T09:47:42.492+0530][gc          ] GC(200) Pause Young (Normal) (G1 Evacuation Pause) 779M->172M(1024M) 2.271ms
[2024-07-21T09:47:42.492+0530][gc,cpu      ] GC(200) User=0.02s Sys=0.00s Real=0.00s
[2024-07-21T09:48:27.361+0530][gc,start    ] GC(201) Pause Young (Normal) (G1 Evacuation Pause)
[2024-07-21T09:48:27.361+0530][gc,task     ] GC(201) Using 13 workers of 13 for evacuation
[2024-07-21T09:48:27.363+0530][gc,phases   ] GC(201)   Pre Evacuate Collection Set: 0.1ms
[2024-07-21T09:48:27.363+0530][gc,phases   ] GC(201)   Merge Heap Roots: 0.1ms
[2024-07-21T09:48:27.363+0530][gc,phases   ] GC(201)   Evacuate Collection Set: 0.8ms
[2024-07-21T09:48:27.363+0530][gc,phases   ] GC(201)   Post Evacuate Collection Set: 0.4ms
[2024-07-21T09:48:27.363+0530][gc,phases   ] GC(201)   Other: 0.1ms
[2024-07-21T09:48:27.363+0530][gc,heap     ] GC(201) Eden regions: 608->0(610)
[2024-07-21T09:48:27.363+0530][gc,heap     ] GC(201) Survivor regions: 6->4(77)
[2024-07-21T09:48:27.363+0530][gc,heap     ] GC(201) Old regions: 38->38
[2024-07-21T09:48:27.363+0530][gc,heap     ] GC(201) Archive regions: 2->2
[2024-07-21T09:48:27.363+0530][gc,heap     ] GC(201) Humongous regions: 129->129
[2024-07-21T09:48:27.363+0530][gc,metaspace] GC(201) Metaspace: 46281K(46848K)->46281K(46848K) NonClass: 41185K(41472K)->41185K(41472K) Class: 5096K(5376K)->5096K(5376K)
[2024-07-21T09:48:27.363+0530][gc          ] GC(201) Pause Young (Normal) (G1 Evacuation Pause) 780M->171M(1024M) 1.541ms
[2024-07-21T09:48:27.363+0530][gc,cpu      ] GC(201) User=0.01s Sys=0.00s Real=0.00s
[2024-07-21T09:48:57.506+0530][gc,start    ] GC(202) Pause Young (Normal) (G1 Evacuation Pause)
[2024-07-21T09:48:57.506+0530][gc,task     ] GC(202) Using 13 workers of 13 for evacuation
[2024-07-21T09:48:57.507+0530][gc,phases   ] GC(202)   Pre Evacuate Collection Set: 0.1ms
[2024-07-21T09:48:57.507+0530][gc,phases   ] GC(202)   Merge Heap Roots: 0.1ms
[2024-07-21T09:48:57.507+0530][gc,phases   ] GC(202)   Evacuate Collection Set: 0.9ms
[2024-07-21T09:48:57.507+0530][gc,phases   ] GC(202)   Post Evacuate Collection Set: 0.5ms
[2024-07-21T09:48:57.507+0530][gc,phases   ] GC(202)   Other: 0.1ms
[2024-07-21T09:48:57.508+0530][gc,heap     ] GC(202) Eden regions: 610->0(609)
[2024-07-21T09:48:57.508+0530][gc,heap     ] GC(202) Survivor regions: 4->5(77)
[2024-07-21T09:48:57.508+0530][gc,heap     ] GC(202) Old regions: 38->38
[2024-07-21T09:48:57.508+0530][gc,heap     ] GC(202) Archive regions: 2->2
[2024-07-21T09:48:57.508+0530][gc,heap     ] GC(202) Humongous regions: 129->129
[2024-07-21T09:48:57.508+0530][gc,metaspace] GC(202) Metaspace: 46281K(46848K)->46281K(46848K) NonClass: 41185K(41472K)->41185K(41472K) Class: 5096K(5376K)->5096K(5376K)
[2024-07-21T09:48:57.508+0530][gc          ] GC(202) Pause Young (Normal) (G1 Evacuation Pause) 781M->171M(1024M) 1.681ms
[2024-07-21T09:48:57.508+0530][gc,cpu      ] GC(202) User=0.01s Sys=0.00s Real=0.01s
[2024-07-21T09:49:42.385+0530][gc,start    ] GC(203) Pause Young (Normal) (G1 Evacuation Pause)
[2024-07-21T09:49:42.385+0530][gc,task     ] GC(203) Using 13 workers of 13 for evacuation
[2024-07-21T09:49:42.387+0530][gc,phases   ] GC(203)   Pre Evacuate Collection Set: 0.1ms
[2024-07-21T09:49:42.387+0530][gc,phases   ] GC(203)   Merge Heap Roots: 0.1ms
[2024-07-21T09:49:42.387+0530][gc,phases   ] GC(203)   Evacuate Collection Set: 1.0ms
[2024-07-21T09:49:42.387+0530][gc,phases   ] GC(203)   Post Evacuate Collection Set: 0.4ms
[2024-07-21T09:49:42.387+0530][gc,phases   ] GC(203)   Other: 0.1ms
[2024-07-21T09:49:42.387+0530][gc,heap     ] GC(203) Eden regions: 609->0(609)
[2024-07-21T09:49:42.387+0530][gc,heap     ] GC(203) Survivor regions: 5->5(77)
[2024-07-21T09:49:42.387+0530][gc,heap     ] GC(203) Old regions: 38->38
[2024-07-21T09:49:42.387+0530][gc,heap     ] GC(203) Archive regions: 2->2
[2024-07-21T09:49:42.387+0530][gc,heap     ] GC(203) Humongous regions: 129->129
[2024-07-21T09:49:42.387+0530][gc,metaspace] GC(203) Metaspace: 46281K(46848K)->46281K(46848K) NonClass: 41185K(41472K)->41185K(41472K) Class: 5096K(5376K)->5096K(5376K)
[2024-07-21T09:49:42.387+0530][gc          ] GC(203) Pause Young (Normal) (G1 Evacuation Pause) 780M->172M(1024M) 1.775ms
[2024-07-21T09:49:42.387+0530][gc,cpu      ] GC(203) User=0.01s Sys=0.01s Real=0.01s
[2024-07-21T09:50:12.545+0530][gc,start    ] GC(204) Pause Young (Normal) (G1 Evacuation Pause)
[2024-07-21T09:50:12.545+0530][gc,task     ] GC(204) Using 13 workers of 13 for evacuation
[2024-07-21T09:50:12.547+0530][gc,phases   ] GC(204)   Pre Evacuate Collection Set: 0.1ms
[2024-07-21T09:50:12.547+0530][gc,phases   ] GC(204)   Merge Heap Roots: 0.1ms
[2024-07-21T09:50:12.547+0530][gc,phases   ] GC(204)   Evacuate Collection Set: 1.0ms
[2024-07-21T09:50:12.547+0530][gc,phases   ] GC(204)   Post Evacuate Collection Set: 0.6ms
[2024-07-21T09:50:12.547+0530][gc,phases   ] GC(204)   Other: 0.1ms
[2024-07-21T09:50:12.547+0530][gc,heap     ] GC(204) Eden regions: 609->0(609)
[2024-07-21T09:50:12.547+0530][gc,heap     ] GC(204) Survivor regions: 5->5(77)
[2024-07-21T09:50:12.547+0530][gc,heap     ] GC(204) Old regions: 38->39
[2024-07-21T09:50:12.547+0530][gc,heap     ] GC(204) Archive regions: 2->2
[2024-07-21T09:50:12.547+0530][gc,heap     ] GC(204) Humongous regions: 129->129
[2024-07-21T09:50:12.547+0530][gc,metaspace] GC(204) Metaspace: 46281K(46848K)->46281K(46848K) NonClass: 41185K(41472K)->41185K(41472K) Class: 5096K(5376K)->5096K(5376K)
[2024-07-21T09:50:12.547+0530][gc          ] GC(204) Pause Young (Normal) (G1 Evacuation Pause) 781M->172M(1024M) 1.979ms
[2024-07-21T09:50:12.547+0530][gc,cpu      ] GC(204) User=0.01s Sys=0.00s Real=0.01s
[2024-07-21T09:50:57.410+0530][gc,start    ] GC(205) Pause Young (Normal) (G1 Evacuation Pause)
[2024-07-21T09:50:57.410+0530][gc,task     ] GC(205) Using 13 workers of 13 for evacuation
[2024-07-21T09:50:57.412+0530][gc,phases   ] GC(205)   Pre Evacuate Collection Set: 0.1ms
[2024-07-21T09:50:57.412+0530][gc,phases   ] GC(205)   Merge Heap Roots: 0.1ms
[2024-07-21T09:50:57.412+0530][gc,phases   ] GC(205)   Evacuate Collection Set: 1.4ms
[2024-07-21T09:50:57.412+0530][gc,phases   ] GC(205)   Post Evacuate Collection Set: 0.4ms
[2024-07-21T09:50:57.412+0530][gc,phases   ] GC(205)   Other: 0.1ms
[2024-07-21T09:50:57.412+0530][gc,heap     ] GC(205) Eden regions: 609->0(609)
[2024-07-21T09:50:57.412+0530][gc,heap     ] GC(205) Survivor regions: 5->5(77)
[2024-07-21T09:50:57.412+0530][gc,heap     ] GC(205) Old regions: 39->39
[2024-07-21T09:50:57.412+0530][gc,heap     ] GC(205) Archive regions: 2->2
[2024-07-21T09:50:57.412+0530][gc,heap     ] GC(205) Humongous regions: 129->129
[2024-07-21T09:50:57.412+0530][gc,metaspace] GC(205) Metaspace: 46281K(46848K)->46281K(46848K) NonClass: 41185K(41472K)->41185K(41472K) Class: 5096K(5376K)->5096K(5376K)
[2024-07-21T09:50:57.412+0530][gc          ] GC(205) Pause Young (Normal) (G1 Evacuation Pause) 781M->173M(1024M) 2.211ms
[2024-07-21T09:50:57.412+0530][gc,cpu      ] GC(205) User=0.02s Sys=0.00s Real=0.00s
[2024-07-21T09:51:27.559+0530][gc,start    ] GC(206) Pause Young (Normal) (G1 Evacuation Pause)
[2024-07-21T09:51:27.559+0530][gc,task     ] GC(206) Using 13 workers of 13 for evacuation
[2024-07-21T09:51:27.561+0530][gc,phases   ] GC(206)   Pre Evacuate Collection Set: 0.1ms
[2024-07-21T09:51:27.561+0530][gc,phases   ] GC(206)   Merge Heap Roots: 0.1ms
[2024-07-21T09:51:27.561+0530][gc,phases   ] GC(206)   Evacuate Collection Set: 1.2ms
[2024-07-21T09:51:27.561+0530][gc,phases   ] GC(206)   Post Evacuate Collection Set: 0.4ms
[2024-07-21T09:51:27.561+0530][gc,phases   ] GC(206)   Other: 0.1ms
[2024-07-21T09:51:27.561+0530][gc,heap     ] GC(206) Eden regions: 609->0(608)
[2024-07-21T09:51:27.561+0530][gc,heap     ] GC(206) Survivor regions: 5->6(77)
[2024-07-21T09:51:27.561+0530][gc,heap     ] GC(206) Old regions: 39->39
[2024-07-21T09:51:27.561+0530][gc,heap     ] GC(206) Archive regions: 2->2
[2024-07-21T09:51:27.561+0530][gc,heap     ] GC(206) Humongous regions: 129->129
[2024-07-21T09:51:27.561+0530][gc,metaspace] GC(206) Metaspace: 46282K(46848K)->46282K(46848K) NonClass: 41186K(41472K)->41186K(41472K) Class: 5096K(5376K)->5096K(5376K)
[2024-07-21T09:51:27.561+0530][gc          ] GC(206) Pause Young (Normal) (G1 Evacuation Pause) 782M->173M(1024M) 1.912ms
[2024-07-21T09:51:27.561+0530][gc,cpu      ] GC(206) User=0.01s Sys=0.00s Real=0.00s
[2024-07-21T09:52:12.445+0530][gc,start    ] GC(207) Pause Young (Normal) (G1 Evacuation Pause)
[2024-07-21T09:52:12.445+0530][gc,task     ] GC(207) Using 13 workers of 13 for evacuation
[2024-07-21T09:52:12.446+0530][gc,phases   ] GC(207)   Pre Evacuate Collection Set: 0.1ms
[2024-07-21T09:52:12.446+0530][gc,phases   ] GC(207)   Merge Heap Roots: 0.1ms
[2024-07-21T09:52:12.446+0530][gc,phases   ] GC(207)   Evacuate Collection Set: 1.2ms
[2024-07-21T09:52:12.446+0530][gc,phases   ] GC(207)   Post Evacuate Collection Set: 0.3ms
[2024-07-21T09:52:12.446+0530][gc,phases   ] GC(207)   Other: 0.1ms
[2024-07-21T09:52:12.446+0530][gc,heap     ] GC(207) Eden regions: 608->0(608)
[2024-07-21T09:52:12.446+0530][gc,heap     ] GC(207) Survivor regions: 6->6(77)
[2024-07-21T09:52:12.446+0530][gc,heap     ] GC(207) Old regions: 39->39
[2024-07-21T09:52:12.446+0530][gc,heap     ] GC(207) Archive regions: 2->2
[2024-07-21T09:52:12.446+0530][gc,heap     ] GC(207) Humongous regions: 129->129
[2024-07-21T09:52:12.446+0530][gc,metaspace] GC(207) Metaspace: 46282K(46848K)->46282K(46848K) NonClass: 41186K(41472K)->41186K(41472K) Class: 5096K(5376K)->5096K(5376K)
[2024-07-21T09:52:12.446+0530][gc          ] GC(207) Pause Young (Normal) (G1 Evacuation Pause) 781M->174M(1024M) 1.870ms
[2024-07-21T09:52:12.446+0530][gc,cpu      ] GC(207) User=0.01s Sys=0.00s Real=0.01s
[2024-07-21T09:52:42.575+0530][gc,start    ] GC(208) Pause Young (Normal) (G1 Evacuation Pause)
[2024-07-21T09:52:42.575+0530][gc,task     ] GC(208) Using 13 workers of 13 for evacuation
[2024-07-21T09:52:42.577+0530][gc,phases   ] GC(208)   Pre Evacuate Collection Set: 0.1ms
[2024-07-21T09:52:42.577+0530][gc,phases   ] GC(208)   Merge Heap Roots: 0.1ms
[2024-07-21T09:52:42.577+0530][gc,phases   ] GC(208)   Evacuate Collection Set: 0.9ms
[2024-07-21T09:52:42.577+0530][gc,phases   ] GC(208)   Post Evacuate Collection Set: 0.3ms
[2024-07-21T09:52:42.577+0530][gc,phases   ] GC(208)   Other: 0.1ms
[2024-07-21T09:52:42.577+0530][gc,heap     ] GC(208) Eden regions: 608->0(609)
[2024-07-21T09:52:42.577+0530][gc,heap     ] GC(208) Survivor regions: 6->5(77)
[2024-07-21T09:52:42.577+0530][gc,heap     ] GC(208) Old regions: 39->40
[2024-07-21T09:52:42.577+0530][gc,heap     ] GC(208) Archive regions: 2->2
[2024-07-21T09:52:42.577+0530][gc,heap     ] GC(208) Humongous regions: 129->129
[2024-07-21T09:52:42.577+0530][gc,metaspace] GC(208) Metaspace: 46282K(46848K)->46282K(46848K) NonClass: 41186K(41472K)->41186K(41472K) Class: 5096K(5376K)->5096K(5376K)
[2024-07-21T09:52:42.577+0530][gc          ] GC(208) Pause Young (Normal) (G1 Evacuation Pause) 782M->173M(1024M) 1.560ms
[2024-07-21T09:52:42.577+0530][gc,cpu      ] GC(208) User=0.02s Sys=0.00s Real=0.00s
[2024-07-21T09:53:27.452+0530][gc,start    ] GC(209) Pause Young (Normal) (G1 Evacuation Pause)
[2024-07-21T09:53:27.452+0530][gc,task     ] GC(209) Using 13 workers of 13 for evacuation
[2024-07-21T09:53:27.453+0530][gc,phases   ] GC(209)   Pre Evacuate Collection Set: 0.1ms
[2024-07-21T09:53:27.453+0530][gc,phases   ] GC(209)   Merge Heap Roots: 0.1ms
[2024-07-21T09:53:27.453+0530][gc,phases   ] GC(209)   Evacuate Collection Set: 0.9ms
[2024-07-21T09:53:27.453+0530][gc,phases   ] GC(209)   Post Evacuate Collection Set: 0.4ms
[2024-07-21T09:53:27.453+0530][gc,phases   ] GC(209)   Other: 0.1ms
[2024-07-21T09:53:27.453+0530][gc,heap     ] GC(209) Eden regions: 609->0(609)
[2024-07-21T09:53:27.453+0530][gc,heap     ] GC(209) Survivor regions: 5->5(77)
[2024-07-21T09:53:27.453+0530][gc,heap     ] GC(209) Old regions: 40->40
[2024-07-21T09:53:27.453+0530][gc,heap     ] GC(209) Archive regions: 2->2
[2024-07-21T09:53:27.453+0530][gc,heap     ] GC(209) Humongous regions: 129->129
[2024-07-21T09:53:27.453+0530][gc,metaspace] GC(209) Metaspace: 46287K(46848K)->46287K(46848K) NonClass: 41191K(41472K)->41191K(41472K) Class: 5096K(5376K)->5096K(5376K)
[2024-07-21T09:53:27.453+0530][gc          ] GC(209) Pause Young (Normal) (G1 Evacuation Pause) 782M->173M(1024M) 1.706ms
[2024-07-21T09:53:27.453+0530][gc,cpu      ] GC(209) User=0.02s Sys=0.00s Real=0.00s
[2024-07-21T09:54:12.344+0530][gc,start    ] GC(210) Pause Young (Normal) (G1 Evacuation Pause)
[2024-07-21T09:54:12.344+0530][gc,task     ] GC(210) Using 13 workers of 13 for evacuation
[2024-07-21T09:54:12.346+0530][gc,phases   ] GC(210)   Pre Evacuate Collection Set: 0.1ms
[2024-07-21T09:54:12.346+0530][gc,phases   ] GC(210)   Merge Heap Roots: 0.2ms
[2024-07-21T09:54:12.346+0530][gc,phases   ] GC(210)   Evacuate Collection Set: 0.9ms
[2024-07-21T09:54:12.346+0530][gc,phases   ] GC(210)   Post Evacuate Collection Set: 0.3ms
[2024-07-21T09:54:12.346+0530][gc,phases   ] GC(210)   Other: 0.1ms
[2024-07-21T09:54:12.346+0530][gc,heap     ] GC(210) Eden regions: 609->0(609)
[2024-07-21T09:54:12.346+0530][gc,heap     ] GC(210) Survivor regions: 5->5(77)
[2024-07-21T09:54:12.346+0530][gc,heap     ] GC(210) Old regions: 40->40
[2024-07-21T09:54:12.346+0530][gc,heap     ] GC(210) Archive regions: 2->2
[2024-07-21T09:54:12.346+0530][gc,heap     ] GC(210) Humongous regions: 129->129
[2024-07-21T09:54:12.346+0530][gc,metaspace] GC(210) Metaspace: 46291K(46848K)->46291K(46848K) NonClass: 41194K(41472K)->41194K(41472K) Class: 5096K(5376K)->5096K(5376K)
[2024-07-21T09:54:12.346+0530][gc          ] GC(210) Pause Young (Normal) (G1 Evacuation Pause) 782M->173M(1024M) 1.695ms
[2024-07-21T09:54:12.346+0530][gc,cpu      ] GC(210) User=0.01s Sys=0.01s Real=0.00s
[2024-07-21T09:54:42.483+0530][gc,start    ] GC(211) Pause Young (Normal) (G1 Evacuation Pause)
[2024-07-21T09:54:42.483+0530][gc,task     ] GC(211) Using 13 workers of 13 for evacuation
[2024-07-21T09:54:42.484+0530][gc,phases   ] GC(211)   Pre Evacuate Collection Set: 0.1ms
[2024-07-21T09:54:42.484+0530][gc,phases   ] GC(211)   Merge Heap Roots: 0.1ms
[2024-07-21T09:54:42.484+0530][gc,phases   ] GC(211)   Evacuate Collection Set: 1.1ms
[2024-07-21T09:54:42.484+0530][gc,phases   ] GC(211)   Post Evacuate Collection Set: 0.3ms
[2024-07-21T09:54:42.484+0530][gc,phases   ] GC(211)   Other: 0.1ms
[2024-07-21T09:54:42.484+0530][gc,heap     ] GC(211) Eden regions: 609->0(609)
[2024-07-21T09:54:42.484+0530][gc,heap     ] GC(211) Survivor regions: 5->5(77)
[2024-07-21T09:54:42.484+0530][gc,heap     ] GC(211) Old regions: 40->40
[2024-07-21T09:54:42.484+0530][gc,heap     ] GC(211) Archive regions: 2->2
[2024-07-21T09:54:42.484+0530][gc,heap     ] GC(211) Humongous regions: 129->129
[2024-07-21T09:54:42.484+0530][gc,metaspace] GC(211) Metaspace: 46317K(46912K)->46317K(46912K) NonClass: 41221K(41536K)->41221K(41536K) Class: 5096K(5376K)->5096K(5376K)
[2024-07-21T09:54:42.484+0530][gc          ] GC(211) Pause Young (Normal) (G1 Evacuation Pause) 782M->174M(1024M) 1.676ms
[2024-07-21T09:54:42.484+0530][gc,cpu      ] GC(211) User=0.02s Sys=0.00s Real=0.00s
[2024-07-21T09:55:27.355+0530][gc,start    ] GC(212) Pause Young (Normal) (G1 Evacuation Pause)
[2024-07-21T09:55:27.355+0530][gc,task     ] GC(212) Using 13 workers of 13 for evacuation
[2024-07-21T09:55:27.357+0530][gc,phases   ] GC(212)   Pre Evacuate Collection Set: 0.1ms
[2024-07-21T09:55:27.357+0530][gc,phases   ] GC(212)   Merge Heap Roots: 0.1ms
[2024-07-21T09:55:27.357+0530][gc,phases   ] GC(212)   Evacuate Collection Set: 1.2ms
[2024-07-21T09:55:27.357+0530][gc,phases   ] GC(212)   Post Evacuate Collection Set: 0.5ms
[2024-07-21T09:55:27.357+0530][gc,phases   ] GC(212)   Other: 0.1ms
[2024-07-21T09:55:27.357+0530][gc,heap     ] GC(212) Eden regions: 609->0(608)
[2024-07-21T09:55:27.357+0530][gc,heap     ] GC(212) Survivor regions: 5->6(77)
[2024-07-21T09:55:27.357+0530][gc,heap     ] GC(212) Old regions: 40->41
[2024-07-21T09:55:27.357+0530][gc,heap     ] GC(212) Archive regions: 2->2
[2024-07-21T09:55:27.357+0530][gc,heap     ] GC(212) Humongous regions: 129->129
[2024-07-21T09:55:27.357+0530][gc,metaspace] GC(212) Metaspace: 46318K(46912K)->46318K(46912K) NonClass: 41221K(41536K)->41221K(41536K) Class: 5096K(5376K)->5096K(5376K)
[2024-07-21T09:55:27.357+0530][gc          ] GC(212) Pause Young (Normal) (G1 Evacuation Pause) 783M->175M(1024M) 2.034ms
[2024-07-21T09:55:27.357+0530][gc,cpu      ] GC(212) User=0.02s Sys=0.00s Real=0.00s
[2024-07-21T09:55:57.508+0530][gc,start    ] GC(213) Pause Young (Normal) (G1 Evacuation Pause)
[2024-07-21T09:55:57.508+0530][gc,task     ] GC(213) Using 13 workers of 13 for evacuation
[2024-07-21T09:55:57.510+0530][gc,phases   ] GC(213)   Pre Evacuate Collection Set: 0.1ms
[2024-07-21T09:55:57.510+0530][gc,phases   ] GC(213)   Merge Heap Roots: 0.1ms
[2024-07-21T09:55:57.510+0530][gc,phases   ] GC(213)   Evacuate Collection Set: 1.1ms
[2024-07-21T09:55:57.510+0530][gc,phases   ] GC(213)   Post Evacuate Collection Set: 0.3ms
[2024-07-21T09:55:57.510+0530][gc,phases   ] GC(213)   Other: 0.1ms
[2024-07-21T09:55:57.510+0530][gc,heap     ] GC(213) Eden regions: 608->0(608)
[2024-07-21T09:55:57.510+0530][gc,heap     ] GC(213) Survivor regions: 6->6(77)
[2024-07-21T09:55:57.510+0530][gc,heap     ] GC(213) Old regions: 41->41
[2024-07-21T09:55:57.510+0530][gc,heap     ] GC(213) Archive regions: 2->2
[2024-07-21T09:55:57.510+0530][gc,heap     ] GC(213) Humongous regions: 129->129
[2024-07-21T09:55:57.510+0530][gc,metaspace] GC(213) Metaspace: 46322K(46912K)->46322K(46912K) NonClass: 41225K(41536K)->41225K(41536K) Class: 5096K(5376K)->5096K(5376K)
[2024-07-21T09:55:57.510+0530][gc          ] GC(213) Pause Young (Normal) (G1 Evacuation Pause) 783M->175M(1024M) 1.704ms
[2024-07-21T09:55:57.510+0530][gc,cpu      ] GC(213) User=0.02s Sys=0.00s Real=0.00s
[2024-07-21T09:56:42.379+0530][gc,start    ] GC(214) Pause Young (Normal) (G1 Evacuation Pause)
[2024-07-21T09:56:42.379+0530][gc,task     ] GC(214) Using 13 workers of 13 for evacuation
[2024-07-21T09:56:42.381+0530][gc,phases   ] GC(214)   Pre Evacuate Collection Set: 0.1ms
[2024-07-21T09:56:42.381+0530][gc,phases   ] GC(214)   Merge Heap Roots: 0.1ms
[2024-07-21T09:56:42.381+0530][gc,phases   ] GC(214)   Evacuate Collection Set: 0.8ms
[2024-07-21T09:56:42.381+0530][gc,phases   ] GC(214)   Post Evacuate Collection Set: 0.3ms
[2024-07-21T09:56:42.381+0530][gc,phases   ] GC(214)   Other: 0.1ms
[2024-07-21T09:56:42.381+0530][gc,heap     ] GC(214) Eden regions: 608->0(609)
[2024-07-21T09:56:42.381+0530][gc,heap     ] GC(214) Survivor regions: 6->5(77)
[2024-07-21T09:56:42.381+0530][gc,heap     ] GC(214) Old regions: 41->41
[2024-07-21T09:56:42.381+0530][gc,heap     ] GC(214) Archive regions: 2->2
[2024-07-21T09:56:42.381+0530][gc,heap     ] GC(214) Humongous regions: 129->129
[2024-07-21T09:56:42.381+0530][gc,metaspace] GC(214) Metaspace: 46322K(46912K)->46322K(46912K) NonClass: 41225K(41536K)->41225K(41536K) Class: 5096K(5376K)->5096K(5376K)
[2024-07-21T09:56:42.381+0530][gc          ] GC(214) Pause Young (Normal) (G1 Evacuation Pause) 783M->174M(1024M) 1.446ms
[2024-07-21T09:56:42.381+0530][gc,cpu      ] GC(214) User=0.02s Sys=0.00s Real=0.00s
[2024-07-21T09:57:12.516+0530][gc,start    ] GC(215) Pause Young (Normal) (G1 Evacuation Pause)
[2024-07-21T09:57:12.516+0530][gc,task     ] GC(215) Using 13 workers of 13 for evacuation
[2024-07-21T09:57:12.518+0530][gc,phases   ] GC(215)   Pre Evacuate Collection Set: 0.1ms
[2024-07-21T09:57:12.518+0530][gc,phases   ] GC(215)   Merge Heap Roots: 0.2ms
[2024-07-21T09:57:12.518+0530][gc,phases   ] GC(215)   Evacuate Collection Set: 1.0ms
[2024-07-21T09:57:12.518+0530][gc,phases   ] GC(215)   Post Evacuate Collection Set: 0.3ms
[2024-07-21T09:57:12.518+0530][gc,phases   ] GC(215)   Other: 0.1ms
[2024-07-21T09:57:12.518+0530][gc,heap     ] GC(215) Eden regions: 609->0(609)
[2024-07-21T09:57:12.518+0530][gc,heap     ] GC(215) Survivor regions: 5->5(77)
[2024-07-21T09:57:12.518+0530][gc,heap     ] GC(215) Old regions: 41->41
[2024-07-21T09:57:12.518+0530][gc,heap     ] GC(215) Archive regions: 2->2
[2024-07-21T09:57:12.518+0530][gc,heap     ] GC(215) Humongous regions: 129->129
[2024-07-21T09:57:12.518+0530][gc,metaspace] GC(215) Metaspace: 46322K(46912K)->46322K(46912K) NonClass: 41225K(41536K)->41225K(41536K) Class: 5096K(5376K)->5096K(5376K)
[2024-07-21T09:57:12.518+0530][gc          ] GC(215) Pause Young (Normal) (G1 Evacuation Pause) 783M->175M(1024M) 1.728ms
[2024-07-21T09:57:12.518+0530][gc,cpu      ] GC(215) User=0.01s Sys=0.00s Real=0.00s
[2024-07-21T09:57:57.396+0530][gc,start    ] GC(216) Pause Young (Normal) (G1 Evacuation Pause)
[2024-07-21T09:57:57.396+0530][gc,task     ] GC(216) Using 13 workers of 13 for evacuation
[2024-07-21T09:57:57.398+0530][gc,phases   ] GC(216)   Pre Evacuate Collection Set: 0.1ms
[2024-07-21T09:57:57.398+0530][gc,phases   ] GC(216)   Merge Heap Roots: 0.2ms
[2024-07-21T09:57:57.398+0530][gc,phases   ] GC(216)   Evacuate Collection Set: 1.0ms
[2024-07-21T09:57:57.398+0530][gc,phases   ] GC(216)   Post Evacuate Collection Set: 0.3ms
[2024-07-21T09:57:57.398+0530][gc,phases   ] GC(216)   Other: 0.1ms
[2024-07-21T09:57:57.398+0530][gc,heap     ] GC(216) Eden regions: 609->0(609)
[2024-07-21T09:57:57.398+0530][gc,heap     ] GC(216) Survivor regions: 5->5(77)
[2024-07-21T09:57:57.398+0530][gc,heap     ] GC(216) Old regions: 41->42
[2024-07-21T09:57:57.398+0530][gc,heap     ] GC(216) Archive regions: 2->2
[2024-07-21T09:57:57.398+0530][gc,heap     ] GC(216) Humongous regions: 129->129
[2024-07-21T09:57:57.398+0530][gc,metaspace] GC(216) Metaspace: 46322K(46912K)->46322K(46912K) NonClass: 41226K(41536K)->41226K(41536K) Class: 5096K(5376K)->5096K(5376K)
[2024-07-21T09:57:57.398+0530][gc          ] GC(216) Pause Young (Normal) (G1 Evacuation Pause) 784M->175M(1024M) 1.829ms
[2024-07-21T09:57:57.398+0530][gc,cpu      ] GC(216) User=0.02s Sys=0.00s Real=0.00s
[2024-07-21T09:58:27.548+0530][gc,start    ] GC(217) Pause Young (Normal) (G1 Evacuation Pause)
[2024-07-21T09:58:27.548+0530][gc,task     ] GC(217) Using 13 workers of 13 for evacuation
[2024-07-21T09:58:27.549+0530][gc,phases   ] GC(217)   Pre Evacuate Collection Set: 0.1ms
[2024-07-21T09:58:27.549+0530][gc,phases   ] GC(217)   Merge Heap Roots: 0.1ms
[2024-07-21T09:58:27.549+0530][gc,phases   ] GC(217)   Evacuate Collection Set: 1.0ms
[2024-07-21T09:58:27.549+0530][gc,phases   ] GC(217)   Post Evacuate Collection Set: 0.3ms
[2024-07-21T09:58:27.549+0530][gc,phases   ] GC(217)   Other: 0.1ms
[2024-07-21T09:58:27.549+0530][gc,heap     ] GC(217) Eden regions: 609->0(609)
[2024-07-21T09:58:27.549+0530][gc,heap     ] GC(217) Survivor regions: 5->5(77)
[2024-07-21T09:58:27.549+0530][gc,heap     ] GC(217) Old regions: 42->42
[2024-07-21T09:58:27.549+0530][gc,heap     ] GC(217) Archive regions: 2->2
[2024-07-21T09:58:27.549+0530][gc,heap     ] GC(217) Humongous regions: 129->129
[2024-07-21T09:58:27.549+0530][gc,metaspace] GC(217) Metaspace: 46322K(46912K)->46322K(46912K) NonClass: 41226K(41536K)->41226K(41536K) Class: 5096K(5376K)->5096K(5376K)
[2024-07-21T09:58:27.549+0530][gc          ] GC(217) Pause Young (Normal) (G1 Evacuation Pause) 784M->176M(1024M) 1.715ms
[2024-07-21T09:58:27.549+0530][gc,cpu      ] GC(217) User=0.02s Sys=0.00s Real=0.00s
[2024-07-21T09:59:12.421+0530][gc,start    ] GC(218) Pause Young (Normal) (G1 Evacuation Pause)
[2024-07-21T09:59:12.421+0530][gc,task     ] GC(218) Using 13 workers of 13 for evacuation
[2024-07-21T09:59:12.423+0530][gc,phases   ] GC(218)   Pre Evacuate Collection Set: 0.1ms
[2024-07-21T09:59:12.423+0530][gc,phases   ] GC(218)   Merge Heap Roots: 0.1ms
[2024-07-21T09:59:12.423+0530][gc,phases   ] GC(218)   Evacuate Collection Set: 1.3ms
[2024-07-21T09:59:12.423+0530][gc,phases   ] GC(218)   Post Evacuate Collection Set: 0.3ms
[2024-07-21T09:59:12.423+0530][gc,phases   ] GC(218)   Other: 0.2ms
[2024-07-21T09:59:12.423+0530][gc,heap     ] GC(218) Eden regions: 609->0(609)
[2024-07-21T09:59:12.423+0530][gc,heap     ] GC(218) Survivor regions: 5->5(77)
[2024-07-21T09:59:12.423+0530][gc,heap     ] GC(218) Old regions: 42->42
[2024-07-21T09:59:12.423+0530][gc,heap     ] GC(218) Archive regions: 2->2
[2024-07-21T09:59:12.423+0530][gc,heap     ] GC(218) Humongous regions: 129->129
[2024-07-21T09:59:12.423+0530][gc,metaspace] GC(218) Metaspace: 46322K(46912K)->46322K(46912K) NonClass: 41226K(41536K)->41226K(41536K) Class: 5096K(5376K)->5096K(5376K)
[2024-07-21T09:59:12.423+0530][gc          ] GC(218) Pause Young (Normal) (G1 Evacuation Pause) 785M->176M(1024M) 2.074ms
[2024-07-21T09:59:12.423+0530][gc,cpu      ] GC(218) User=0.02s Sys=0.00s Real=0.00s
[2024-07-21T09:59:42.570+0530][gc,start    ] GC(219) Pause Young (Normal) (G1 Evacuation Pause)
[2024-07-21T09:59:42.570+0530][gc,task     ] GC(219) Using 13 workers of 13 for evacuation
[2024-07-21T09:59:42.572+0530][gc,phases   ] GC(219)   Pre Evacuate Collection Set: 0.1ms
[2024-07-21T09:59:42.572+0530][gc,phases   ] GC(219)   Merge Heap Roots: 0.1ms
[2024-07-21T09:59:42.572+0530][gc,phases   ] GC(219)   Evacuate Collection Set: 1.4ms
[2024-07-21T09:59:42.572+0530][gc,phases   ] GC(219)   Post Evacuate Collection Set: 0.3ms
[2024-07-21T09:59:42.572+0530][gc,phases   ] GC(219)   Other: 0.1ms
[2024-07-21T09:59:42.572+0530][gc,heap     ] GC(219) Eden regions: 609->0(608)
[2024-07-21T09:59:42.572+0530][gc,heap     ] GC(219) Survivor regions: 5->6(77)
[2024-07-21T09:59:42.572+0530][gc,heap     ] GC(219) Old regions: 42->42
[2024-07-21T09:59:42.572+0530][gc,heap     ] GC(219) Archive regions: 2->2
[2024-07-21T09:59:42.572+0530][gc,heap     ] GC(219) Humongous regions: 129->129
[2024-07-21T09:59:42.572+0530][gc,metaspace] GC(219) Metaspace: 46322K(46912K)->46322K(46912K) NonClass: 41226K(41536K)->41226K(41536K) Class: 5096K(5376K)->5096K(5376K)
[2024-07-21T09:59:42.572+0530][gc          ] GC(219) Pause Young (Normal) (G1 Evacuation Pause) 785M->176M(1024M) 2.077ms
[2024-07-21T09:59:42.572+0530][gc,cpu      ] GC(219) User=0.02s Sys=0.00s Real=0.00s
[2024-07-21T10:00:27.441+0530][gc,start    ] GC(220) Pause Young (Normal) (G1 Evacuation Pause)
[2024-07-21T10:00:27.441+0530][gc,task     ] GC(220) Using 13 workers of 13 for evacuation
[2024-07-21T10:00:27.443+0530][gc,phases   ] GC(220)   Pre Evacuate Collection Set: 0.1ms
[2024-07-21T10:00:27.443+0530][gc,phases   ] GC(220)   Merge Heap Roots: 0.1ms
[2024-07-21T10:00:27.443+0530][gc,phases   ] GC(220)   Evacuate Collection Set: 1.3ms
[2024-07-21T10:00:27.443+0530][gc,phases   ] GC(220)   Post Evacuate Collection Set: 0.3ms
[2024-07-21T10:00:27.443+0530][gc,phases   ] GC(220)   Other: 0.1ms
[2024-07-21T10:00:27.443+0530][gc,heap     ] GC(220) Eden regions: 608->0(607)
[2024-07-21T10:00:27.443+0530][gc,heap     ] GC(220) Survivor regions: 6->7(77)
[2024-07-21T10:00:27.443+0530][gc,heap     ] GC(220) Old regions: 42->43
[2024-07-21T10:00:27.443+0530][gc,heap     ] GC(220) Archive regions: 2->2
[2024-07-21T10:00:27.443+0530][gc,heap     ] GC(220) Humongous regions: 129->129
[2024-07-21T10:00:27.443+0530][gc,metaspace] GC(220) Metaspace: 46323K(46912K)->46323K(46912K) NonClass: 41226K(41536K)->41226K(41536K) Class: 5096K(5376K)->5096K(5376K)
[2024-07-21T10:00:27.443+0530][gc          ] GC(220) Pause Young (Normal) (G1 Evacuation Pause) 784M->178M(1024M) 1.997ms
[2024-07-21T10:00:27.443+0530][gc,cpu      ] GC(220) User=0.02s Sys=0.00s Real=0.00s
[2024-07-21T10:00:57.587+0530][gc,start    ] GC(221) Pause Young (Normal) (G1 Evacuation Pause)
[2024-07-21T10:00:57.587+0530][gc,task     ] GC(221) Using 13 workers of 13 for evacuation
[2024-07-21T10:00:57.589+0530][gc,phases   ] GC(221)   Pre Evacuate Collection Set: 0.1ms
[2024-07-21T10:00:57.589+0530][gc,phases   ] GC(221)   Merge Heap Roots: 0.1ms
[2024-07-21T10:00:57.589+0530][gc,phases   ] GC(221)   Evacuate Collection Set: 1.2ms
[2024-07-21T10:00:57.589+0530][gc,phases   ] GC(221)   Post Evacuate Collection Set: 0.5ms
[2024-07-21T10:00:57.589+0530][gc,phases   ] GC(221)   Other: 0.1ms
[2024-07-21T10:00:57.589+0530][gc,heap     ] GC(221) Eden regions: 607->0(608)
[2024-07-21T10:00:57.589+0530][gc,heap     ] GC(221) Survivor regions: 7->6(77)
[2024-07-21T10:00:57.589+0530][gc,heap     ] GC(221) Old regions: 43->43
[2024-07-21T10:00:57.589+0530][gc,heap     ] GC(221) Archive regions: 2->2
[2024-07-21T10:00:57.589+0530][gc,heap     ] GC(221) Humongous regions: 129->129
[2024-07-21T10:00:57.589+0530][gc,metaspace] GC(221) Metaspace: 46323K(46912K)->46323K(46912K) NonClass: 41226K(41536K)->41226K(41536K) Class: 5096K(5376K)->5096K(5376K)
[2024-07-21T10:00:57.589+0530][gc          ] GC(221) Pause Young (Normal) (G1 Evacuation Pause) 785M->177M(1024M) 2.121ms
[2024-07-21T10:00:57.589+0530][gc,cpu      ] GC(221) User=0.01s Sys=0.00s Real=0.00s
[2024-07-21T10:01:42.464+0530][gc,start    ] GC(222) Pause Young (Normal) (G1 Evacuation Pause)
[2024-07-21T10:01:42.464+0530][gc,task     ] GC(222) Using 13 workers of 13 for evacuation
[2024-07-21T10:01:42.466+0530][gc,phases   ] GC(222)   Pre Evacuate Collection Set: 0.1ms
[2024-07-21T10:01:42.466+0530][gc,phases   ] GC(222)   Merge Heap Roots: 0.1ms
[2024-07-21T10:01:42.466+0530][gc,phases   ] GC(222)   Evacuate Collection Set: 1.1ms
[2024-07-21T10:01:42.466+0530][gc,phases   ] GC(222)   Post Evacuate Collection Set: 0.4ms
[2024-07-21T10:01:42.466+0530][gc,phases   ] GC(222)   Other: 0.1ms
[2024-07-21T10:01:42.466+0530][gc,heap     ] GC(222) Eden regions: 608->0(608)
[2024-07-21T10:01:42.466+0530][gc,heap     ] GC(222) Survivor regions: 6->6(77)
[2024-07-21T10:01:42.466+0530][gc,heap     ] GC(222) Old regions: 43->43
[2024-07-21T10:01:42.466+0530][gc,heap     ] GC(222) Archive regions: 2->2
[2024-07-21T10:01:42.466+0530][gc,heap     ] GC(222) Humongous regions: 129->129
[2024-07-21T10:01:42.466+0530][gc,metaspace] GC(222) Metaspace: 46323K(46912K)->46323K(46912K) NonClass: 41226K(41536K)->41226K(41536K) Class: 5096K(5376K)->5096K(5376K)
[2024-07-21T10:01:42.466+0530][gc          ] GC(222) Pause Young (Normal) (G1 Evacuation Pause) 785M->177M(1024M) 1.808ms
[2024-07-21T10:01:42.466+0530][gc,cpu      ] GC(222) User=0.02s Sys=0.00s Real=0.00s
[2024-07-21T10:02:27.337+0530][gc,start    ] GC(223) Pause Young (Normal) (G1 Evacuation Pause)
[2024-07-21T10:02:27.337+0530][gc,task     ] GC(223) Using 13 workers of 13 for evacuation
[2024-07-21T10:02:27.338+0530][gc,phases   ] GC(223)   Pre Evacuate Collection Set: 0.1ms
[2024-07-21T10:02:27.338+0530][gc,phases   ] GC(223)   Merge Heap Roots: 0.1ms
[2024-07-21T10:02:27.338+0530][gc,phases   ] GC(223)   Evacuate Collection Set: 1.0ms
[2024-07-21T10:02:27.338+0530][gc,phases   ] GC(223)   Post Evacuate Collection Set: 0.3ms
[2024-07-21T10:02:27.338+0530][gc,phases   ] GC(223)   Other: 0.1ms
[2024-07-21T10:02:27.338+0530][gc,heap     ] GC(223) Eden regions: 608->0(608)
[2024-07-21T10:02:27.338+0530][gc,heap     ] GC(223) Survivor regions: 6->6(77)
[2024-07-21T10:02:27.338+0530][gc,heap     ] GC(223) Old regions: 43->43
[2024-07-21T10:02:27.338+0530][gc,heap     ] GC(223) Archive regions: 2->2
[2024-07-21T10:02:27.338+0530][gc,heap     ] GC(223) Humongous regions: 129->129
[2024-07-21T10:02:27.338+0530][gc,metaspace] GC(223) Metaspace: 46323K(46912K)->46323K(46912K) NonClass: 41226K(41536K)->41226K(41536K) Class: 5096K(5376K)->5096K(5376K)
[2024-07-21T10:02:27.338+0530][gc          ] GC(223) Pause Young (Normal) (G1 Evacuation Pause) 785M->177M(1024M) 1.612ms
[2024-07-21T10:02:27.338+0530][gc,cpu      ] GC(223) User=0.01s Sys=0.00s Real=0.01s
[2024-07-21T10:02:57.483+0530][gc,start    ] GC(224) Pause Young (Normal) (G1 Evacuation Pause)
[2024-07-21T10:02:57.483+0530][gc,task     ] GC(224) Using 13 workers of 13 for evacuation
[2024-07-21T10:02:57.485+0530][gc,phases   ] GC(224)   Pre Evacuate Collection Set: 0.1ms
[2024-07-21T10:02:57.486+0530][gc,phases   ] GC(224)   Merge Heap Roots: 0.1ms
[2024-07-21T10:02:57.486+0530][gc,phases   ] GC(224)   Evacuate Collection Set: 1.7ms
[2024-07-21T10:02:57.486+0530][gc,phases   ] GC(224)   Post Evacuate Collection Set: 0.5ms
[2024-07-21T10:02:57.486+0530][gc,phases   ] GC(224)   Other: 0.2ms
[2024-07-21T10:02:57.486+0530][gc,heap     ] GC(224) Eden regions: 608->0(608)
[2024-07-21T10:02:57.486+0530][gc,heap     ] GC(224) Survivor regions: 6->6(77)
[2024-07-21T10:02:57.486+0530][gc,heap     ] GC(224) Old regions: 43->43
[2024-07-21T10:02:57.486+0530][gc,heap     ] GC(224) Archive regions: 2->2
[2024-07-21T10:02:57.486+0530][gc,heap     ] GC(224) Humongous regions: 129->129
[2024-07-21T10:02:57.486+0530][gc,metaspace] GC(224) Metaspace: 46323K(46912K)->46323K(46912K) NonClass: 41227K(41536K)->41227K(41536K) Class: 5096K(5376K)->5096K(5376K)
[2024-07-21T10:02:57.486+0530][gc          ] GC(224) Pause Young (Normal) (G1 Evacuation Pause) 785M->178M(1024M) 2.689ms
[2024-07-21T10:02:57.486+0530][gc,cpu      ] GC(224) User=0.03s Sys=0.00s Real=0.00s
[2024-07-21T10:03:42.358+0530][gc,start    ] GC(225) Pause Young (Normal) (G1 Evacuation Pause)
[2024-07-21T10:03:42.358+0530][gc,task     ] GC(225) Using 13 workers of 13 for evacuation
[2024-07-21T10:03:42.360+0530][gc,phases   ] GC(225)   Pre Evacuate Collection Set: 0.1ms
[2024-07-21T10:03:42.360+0530][gc,phases   ] GC(225)   Merge Heap Roots: 0.1ms
[2024-07-21T10:03:42.360+0530][gc,phases   ] GC(225)   Evacuate Collection Set: 1.2ms
[2024-07-21T10:03:42.360+0530][gc,phases   ] GC(225)   Post Evacuate Collection Set: 0.4ms
[2024-07-21T10:03:42.360+0530][gc,phases   ] GC(225)   Other: 0.1ms
[2024-07-21T10:03:42.360+0530][gc,heap     ] GC(225) Eden regions: 608->0(608)
[2024-07-21T10:03:42.360+0530][gc,heap     ] GC(225) Survivor regions: 6->6(77)
[2024-07-21T10:03:42.360+0530][gc,heap     ] GC(225) Old regions: 43->44
[2024-07-21T10:03:42.360+0530][gc,heap     ] GC(225) Archive regions: 2->2
[2024-07-21T10:03:42.360+0530][gc,heap     ] GC(225) Humongous regions: 129->129
[2024-07-21T10:03:42.360+0530][gc,metaspace] GC(225) Metaspace: 46323K(46912K)->46323K(46912K) NonClass: 41227K(41536K)->41227K(41536K) Class: 5096K(5376K)->5096K(5376K)
[2024-07-21T10:03:42.360+0530][gc          ] GC(225) Pause Young (Normal) (G1 Evacuation Pause) 786M->178M(1024M) 1.909ms
[2024-07-21T10:03:42.360+0530][gc,cpu      ] GC(225) User=0.01s Sys=0.00s Real=0.01s
[2024-07-21T10:04:12.500+0530][gc,start    ] GC(226) Pause Young (Normal) (G1 Evacuation Pause)
[2024-07-21T10:04:12.500+0530][gc,task     ] GC(226) Using 13 workers of 13 for evacuation
[2024-07-21T10:04:12.501+0530][gc,phases   ] GC(226)   Pre Evacuate Collection Set: 0.1ms
[2024-07-21T10:04:12.501+0530][gc,phases   ] GC(226)   Merge Heap Roots: 0.1ms
[2024-07-21T10:04:12.501+0530][gc,phases   ] GC(226)   Evacuate Collection Set: 1.1ms
[2024-07-21T10:04:12.501+0530][gc,phases   ] GC(226)   Post Evacuate Collection Set: 0.4ms
[2024-07-21T10:04:12.501+0530][gc,phases   ] GC(226)   Other: 0.1ms
[2024-07-21T10:04:12.501+0530][gc,heap     ] GC(226) Eden regions: 608->0(608)
[2024-07-21T10:04:12.501+0530][gc,heap     ] GC(226) Survivor regions: 6->6(77)
[2024-07-21T10:04:12.501+0530][gc,heap     ] GC(226) Old regions: 44->44
[2024-07-21T10:04:12.501+0530][gc,heap     ] GC(226) Archive regions: 2->2
[2024-07-21T10:04:12.501+0530][gc,heap     ] GC(226) Humongous regions: 129->129
[2024-07-21T10:04:12.501+0530][gc,metaspace] GC(226) Metaspace: 46323K(46912K)->46323K(46912K) NonClass: 41227K(41536K)->41227K(41536K) Class: 5096K(5376K)->5096K(5376K)
[2024-07-21T10:04:12.501+0530][gc          ] GC(226) Pause Young (Normal) (G1 Evacuation Pause) 786M->178M(1024M) 1.803ms
[2024-07-21T10:04:12.502+0530][gc,cpu      ] GC(226) User=0.02s Sys=0.00s Real=0.00s
[2024-07-21T10:04:57.375+0530][gc,start    ] GC(227) Pause Young (Normal) (G1 Evacuation Pause)
[2024-07-21T10:04:57.375+0530][gc,task     ] GC(227) Using 13 workers of 13 for evacuation
[2024-07-21T10:04:57.377+0530][gc,phases   ] GC(227)   Pre Evacuate Collection Set: 0.1ms
[2024-07-21T10:04:57.377+0530][gc,phases   ] GC(227)   Merge Heap Roots: 0.2ms
[2024-07-21T10:04:57.378+0530][gc,phases   ] GC(227)   Evacuate Collection Set: 1.3ms
[2024-07-21T10:04:57.378+0530][gc,phases   ] GC(227)   Post Evacuate Collection Set: 0.5ms
[2024-07-21T10:04:57.378+0530][gc,phases   ] GC(227)   Other: 0.1ms
[2024-07-21T10:04:57.378+0530][gc,heap     ] GC(227) Eden regions: 608->0(610)
[2024-07-21T10:04:57.378+0530][gc,heap     ] GC(227) Survivor regions: 6->4(77)
[2024-07-21T10:04:57.378+0530][gc,heap     ] GC(227) Old regions: 44->44
[2024-07-21T10:04:57.378+0530][gc,heap     ] GC(227) Archive regions: 2->2
[2024-07-21T10:04:57.378+0530][gc,heap     ] GC(227) Humongous regions: 129->129
[2024-07-21T10:04:57.378+0530][gc,metaspace] GC(227) Metaspace: 46323K(46912K)->46323K(46912K) NonClass: 41227K(41536K)->41227K(41536K) Class: 5096K(5376K)->5096K(5376K)
[2024-07-21T10:04:57.378+0530][gc          ] GC(227) Pause Young (Normal) (G1 Evacuation Pause) 786M->177M(1024M) 2.283ms
[2024-07-21T10:04:57.378+0530][gc,cpu      ] GC(227) User=0.02s Sys=0.00s Real=0.00s
[2024-07-21T10:05:27.531+0530][gc,start    ] GC(228) Pause Young (Normal) (G1 Evacuation Pause)
[2024-07-21T10:05:27.531+0530][gc,task     ] GC(228) Using 13 workers of 13 for evacuation
[2024-07-21T10:05:27.533+0530][gc,phases   ] GC(228)   Pre Evacuate Collection Set: 0.1ms
[2024-07-21T10:05:27.533+0530][gc,phases   ] GC(228)   Merge Heap Roots: 0.2ms
[2024-07-21T10:05:27.533+0530][gc,phases   ] GC(228)   Evacuate Collection Set: 1.0ms
[2024-07-21T10:05:27.533+0530][gc,phases   ] GC(228)   Post Evacuate Collection Set: 0.4ms
[2024-07-21T10:05:27.533+0530][gc,phases   ] GC(228)   Other: 0.1ms
[2024-07-21T10:05:27.533+0530][gc,heap     ] GC(228) Eden regions: 610->0(610)
[2024-07-21T10:05:27.533+0530][gc,heap     ] GC(228) Survivor regions: 4->4(77)
[2024-07-21T10:05:27.533+0530][gc,heap     ] GC(228) Old regions: 44->44
[2024-07-21T10:05:27.533+0530][gc,heap     ] GC(228) Archive regions: 2->2
[2024-07-21T10:05:27.533+0530][gc,heap     ] GC(228) Humongous regions: 129->129
[2024-07-21T10:05:27.533+0530][gc,metaspace] GC(228) Metaspace: 46323K(46912K)->46323K(46912K) NonClass: 41227K(41536K)->41227K(41536K) Class: 5096K(5376K)->5096K(5376K)
[2024-07-21T10:05:27.533+0530][gc          ] GC(228) Pause Young (Normal) (G1 Evacuation Pause) 787M->177M(1024M) 1.927ms
[2024-07-21T10:05:27.533+0530][gc,cpu      ] GC(228) User=0.02s Sys=0.00s Real=0.00s
[2024-07-21T10:06:12.408+0530][gc,start    ] GC(229) Pause Young (Normal) (G1 Evacuation Pause)
[2024-07-21T10:06:12.408+0530][gc,task     ] GC(229) Using 13 workers of 13 for evacuation
[2024-07-21T10:06:12.409+0530][gc,phases   ] GC(229)   Pre Evacuate Collection Set: 0.1ms
[2024-07-21T10:06:12.410+0530][gc,phases   ] GC(229)   Merge Heap Roots: 0.1ms
[2024-07-21T10:06:12.410+0530][gc,phases   ] GC(229)   Evacuate Collection Set: 0.9ms
[2024-07-21T10:06:12.410+0530][gc,phases   ] GC(229)   Post Evacuate Collection Set: 0.3ms
[2024-07-21T10:06:12.410+0530][gc,phases   ] GC(229)   Other: 0.1ms
[2024-07-21T10:06:12.410+0530][gc,heap     ] GC(229) Eden regions: 610->0(610)
[2024-07-21T10:06:12.410+0530][gc,heap     ] GC(229) Survivor regions: 4->4(77)
[2024-07-21T10:06:12.410+0530][gc,heap     ] GC(229) Old regions: 44->45
[2024-07-21T10:06:12.410+0530][gc,heap     ] GC(229) Archive regions: 2->2
[2024-07-21T10:06:12.410+0530][gc,heap     ] GC(229) Humongous regions: 129->129
[2024-07-21T10:06:12.410+0530][gc,metaspace] GC(229) Metaspace: 46323K(46912K)->46323K(46912K) NonClass: 41227K(41536K)->41227K(41536K) Class: 5096K(5376K)->5096K(5376K)
[2024-07-21T10:06:12.410+0530][gc          ] GC(229) Pause Young (Normal) (G1 Evacuation Pause) 787M->177M(1024M) 1.612ms
[2024-07-21T10:06:12.410+0530][gc,cpu      ] GC(229) User=0.01s Sys=0.00s Real=0.00s
[2024-07-21T10:06:42.542+0530][gc,start    ] GC(230) Pause Young (Normal) (G1 Evacuation Pause)
[2024-07-21T10:06:42.542+0530][gc,task     ] GC(230) Using 13 workers of 13 for evacuation
[2024-07-21T10:06:42.543+0530][gc,phases   ] GC(230)   Pre Evacuate Collection Set: 0.1ms
[2024-07-21T10:06:42.543+0530][gc,phases   ] GC(230)   Merge Heap Roots: 0.1ms
[2024-07-21T10:06:42.543+0530][gc,phases   ] GC(230)   Evacuate Collection Set: 0.9ms
[2024-07-21T10:06:42.543+0530][gc,phases   ] GC(230)   Post Evacuate Collection Set: 0.4ms
[2024-07-21T10:06:42.543+0530][gc,phases   ] GC(230)   Other: 0.1ms
[2024-07-21T10:06:42.543+0530][gc,heap     ] GC(230) Eden regions: 610->0(610)
[2024-07-21T10:06:42.543+0530][gc,heap     ] GC(230) Survivor regions: 4->4(77)
[2024-07-21T10:06:42.543+0530][gc,heap     ] GC(230) Old regions: 45->45
[2024-07-21T10:06:42.544+0530][gc,heap     ] GC(230) Archive regions: 2->2
[2024-07-21T10:06:42.544+0530][gc,heap     ] GC(230) Humongous regions: 129->129
[2024-07-21T10:06:42.544+0530][gc,metaspace] GC(230) Metaspace: 46323K(46912K)->46323K(46912K) NonClass: 41227K(41536K)->41227K(41536K) Class: 5096K(5376K)->5096K(5376K)
[2024-07-21T10:06:42.544+0530][gc          ] GC(230) Pause Young (Normal) (G1 Evacuation Pause) 787M->178M(1024M) 1.651ms
[2024-07-21T10:06:42.544+0530][gc,cpu      ] GC(230) User=0.02s Sys=0.00s Real=0.00s
[2024-07-21T10:07:27.424+0530][gc,start    ] GC(231) Pause Young (Normal) (G1 Evacuation Pause)
[2024-07-21T10:07:27.424+0530][gc,task     ] GC(231) Using 13 workers of 13 for evacuation
[2024-07-21T10:07:27.425+0530][gc,phases   ] GC(231)   Pre Evacuate Collection Set: 0.1ms
[2024-07-21T10:07:27.425+0530][gc,phases   ] GC(231)   Merge Heap Roots: 0.1ms
[2024-07-21T10:07:27.425+0530][gc,phases   ] GC(231)   Evacuate Collection Set: 0.9ms
[2024-07-21T10:07:27.425+0530][gc,phases   ] GC(231)   Post Evacuate Collection Set: 0.3ms
[2024-07-21T10:07:27.425+0530][gc,phases   ] GC(231)   Other: 0.1ms
[2024-07-21T10:07:27.425+0530][gc,heap     ] GC(231) Eden regions: 610->0(610)
[2024-07-21T10:07:27.425+0530][gc,heap     ] GC(231) Survivor regions: 4->4(77)
[2024-07-21T10:07:27.425+0530][gc,heap     ] GC(231) Old regions: 45->45
[2024-07-21T10:07:27.425+0530][gc,heap     ] GC(231) Archive regions: 2->2
[2024-07-21T10:07:27.425+0530][gc,heap     ] GC(231) Humongous regions: 129->129
[2024-07-21T10:07:27.425+0530][gc,metaspace] GC(231) Metaspace: 46323K(46912K)->46323K(46912K) NonClass: 41227K(41536K)->41227K(41536K) Class: 5096K(5376K)->5096K(5376K)
[2024-07-21T10:07:27.425+0530][gc          ] GC(231) Pause Young (Normal) (G1 Evacuation Pause) 788M->178M(1024M) 1.619ms
[2024-07-21T10:07:27.425+0530][gc,cpu      ] GC(231) User=0.01s Sys=0.00s Real=0.00s
[2024-07-21T10:07:57.579+0530][gc,start    ] GC(232) Pause Young (Normal) (G1 Evacuation Pause)
[2024-07-21T10:07:57.579+0530][gc,task     ] GC(232) Using 13 workers of 13 for evacuation
[2024-07-21T10:07:57.581+0530][gc,phases   ] GC(232)   Pre Evacuate Collection Set: 0.1ms
[2024-07-21T10:07:57.581+0530][gc,phases   ] GC(232)   Merge Heap Roots: 0.1ms
[2024-07-21T10:07:57.581+0530][gc,phases   ] GC(232)   Evacuate Collection Set: 1.2ms
[2024-07-21T10:07:57.581+0530][gc,phases   ] GC(232)   Post Evacuate Collection Set: 0.4ms
[2024-07-21T10:07:57.581+0530][gc,phases   ] GC(232)   Other: 0.1ms
[2024-07-21T10:07:57.581+0530][gc,heap     ] GC(232) Eden regions: 610->0(609)
[2024-07-21T10:07:57.581+0530][gc,heap     ] GC(232) Survivor regions: 4->5(77)
[2024-07-21T10:07:57.581+0530][gc,heap     ] GC(232) Old regions: 45->45
[2024-07-21T10:07:57.581+0530][gc,heap     ] GC(232) Archive regions: 2->2
[2024-07-21T10:07:57.581+0530][gc,heap     ] GC(232) Humongous regions: 129->129
[2024-07-21T10:07:57.581+0530][gc,metaspace] GC(232) Metaspace: 46323K(46912K)->46323K(46912K) NonClass: 41227K(41536K)->41227K(41536K) Class: 5096K(5376K)->5096K(5376K)
[2024-07-21T10:07:57.581+0530][gc          ] GC(232) Pause Young (Normal) (G1 Evacuation Pause) 788M->178M(1024M) 1.969ms
[2024-07-21T10:07:57.581+0530][gc,cpu      ] GC(232) User=0.01s Sys=0.00s Real=0.00s
[2024-07-21T10:08:42.449+0530][gc,start    ] GC(233) Pause Young (Normal) (G1 Evacuation Pause)
[2024-07-21T10:08:42.449+0530][gc,task     ] GC(233) Using 13 workers of 13 for evacuation
[2024-07-21T10:08:42.451+0530][gc,phases   ] GC(233)   Pre Evacuate Collection Set: 0.1ms
[2024-07-21T10:08:42.451+0530][gc,phases   ] GC(233)   Merge Heap Roots: 0.1ms
[2024-07-21T10:08:42.451+0530][gc,phases   ] GC(233)   Evacuate Collection Set: 1.0ms
[2024-07-21T10:08:42.451+0530][gc,phases   ] GC(233)   Post Evacuate Collection Set: 0.3ms
[2024-07-21T10:08:42.451+0530][gc,phases   ] GC(233)   Other: 0.1ms
[2024-07-21T10:08:42.451+0530][gc,heap     ] GC(233) Eden regions: 609->0(610)
[2024-07-21T10:08:42.451+0530][gc,heap     ] GC(233) Survivor regions: 5->4(77)
[2024-07-21T10:08:42.451+0530][gc,heap     ] GC(233) Old regions: 45->46
[2024-07-21T10:08:42.451+0530][gc,heap     ] GC(233) Archive regions: 2->2
[2024-07-21T10:08:42.451+0530][gc,heap     ] GC(233) Humongous regions: 129->129
[2024-07-21T10:08:42.451+0530][gc,metaspace] GC(233) Metaspace: 46325K(46912K)->46325K(46912K) NonClass: 41228K(41536K)->41228K(41536K) Class: 5096K(5376K)->5096K(5376K)
[2024-07-21T10:08:42.451+0530][gc          ] GC(233) Pause Young (Normal) (G1 Evacuation Pause) 787M->178M(1024M) 1.678ms
[2024-07-21T10:08:42.451+0530][gc,cpu      ] GC(233) User=0.01s Sys=0.00s Real=0.00s
[2024-07-21T10:09:27.324+0530][gc,start    ] GC(234) Pause Young (Normal) (G1 Evacuation Pause)
[2024-07-21T10:09:27.324+0530][gc,task     ] GC(234) Using 13 workers of 13 for evacuation
[2024-07-21T10:09:27.325+0530][gc,phases   ] GC(234)   Pre Evacuate Collection Set: 0.1ms
[2024-07-21T10:09:27.325+0530][gc,phases   ] GC(234)   Merge Heap Roots: 0.1ms
[2024-07-21T10:09:27.325+0530][gc,phases   ] GC(234)   Evacuate Collection Set: 0.7ms
[2024-07-21T10:09:27.325+0530][gc,phases   ] GC(234)   Post Evacuate Collection Set: 0.4ms
[2024-07-21T10:09:27.325+0530][gc,phases   ] GC(234)   Other: 0.1ms
[2024-07-21T10:09:27.325+0530][gc,heap     ] GC(234) Eden regions: 610->0(611)
[2024-07-21T10:09:27.325+0530][gc,heap     ] GC(234) Survivor regions: 4->3(77)
[2024-07-21T10:09:27.325+0530][gc,heap     ] GC(234) Old regions: 46->46
[2024-07-21T10:09:27.325+0530][gc,heap     ] GC(234) Archive regions: 2->2
[2024-07-21T10:09:27.325+0530][gc,heap     ] GC(234) Humongous regions: 129->129
[2024-07-21T10:09:27.325+0530][gc,metaspace] GC(234) Metaspace: 46325K(46912K)->46325K(46912K) NonClass: 41228K(41536K)->41228K(41536K) Class: 5096K(5376K)->5096K(5376K)
[2024-07-21T10:09:27.326+0530][gc          ] GC(234) Pause Young (Normal) (G1 Evacuation Pause) 788M->177M(1024M) 1.464ms
[2024-07-21T10:09:27.326+0530][gc,cpu      ] GC(234) User=0.02s Sys=0.00s Real=0.00s
[2024-07-21T10:09:57.477+0530][gc,start    ] GC(235) Pause Young (Normal) (G1 Evacuation Pause)
[2024-07-21T10:09:57.477+0530][gc,task     ] GC(235) Using 13 workers of 13 for evacuation
[2024-07-21T10:09:57.479+0530][gc,phases   ] GC(235)   Pre Evacuate Collection Set: 0.1ms
[2024-07-21T10:09:57.479+0530][gc,phases   ] GC(235)   Merge Heap Roots: 0.1ms
[2024-07-21T10:09:57.479+0530][gc,phases   ] GC(235)   Evacuate Collection Set: 0.9ms
[2024-07-21T10:09:57.479+0530][gc,phases   ] GC(235)   Post Evacuate Collection Set: 0.4ms
[2024-07-21T10:09:57.479+0530][gc,phases   ] GC(235)   Other: 0.1ms
[2024-07-21T10:09:57.479+0530][gc,heap     ] GC(235) Eden regions: 611->0(612)
[2024-07-21T10:09:57.479+0530][gc,heap     ] GC(235) Survivor regions: 3->2(77)
[2024-07-21T10:09:57.479+0530][gc,heap     ] GC(235) Old regions: 46->46
[2024-07-21T10:09:57.479+0530][gc,heap     ] GC(235) Archive regions: 2->2
[2024-07-21T10:09:57.479+0530][gc,heap     ] GC(235) Humongous regions: 129->129
[2024-07-21T10:09:57.479+0530][gc,metaspace] GC(235) Metaspace: 46325K(46912K)->46325K(46912K) NonClass: 41228K(41536K)->41228K(41536K) Class: 5096K(5376K)->5096K(5376K)
[2024-07-21T10:09:57.479+0530][gc          ] GC(235) Pause Young (Normal) (G1 Evacuation Pause) 788M->177M(1024M) 1.658ms
[2024-07-21T10:09:57.479+0530][gc,cpu      ] GC(235) User=0.01s Sys=0.00s Real=0.01s
[2024-07-21T10:10:42.356+0530][gc,start    ] GC(236) Pause Young (Normal) (G1 Evacuation Pause)
[2024-07-21T10:10:42.356+0530][gc,task     ] GC(236) Using 13 workers of 13 for evacuation
[2024-07-21T10:10:42.357+0530][gc,phases   ] GC(236)   Pre Evacuate Collection Set: 0.1ms
[2024-07-21T10:10:42.357+0530][gc,phases   ] GC(236)   Merge Heap Roots: 0.2ms
[2024-07-21T10:10:42.357+0530][gc,phases   ] GC(236)   Evacuate Collection Set: 0.6ms
[2024-07-21T10:10:42.357+0530][gc,phases   ] GC(236)   Post Evacuate Collection Set: 0.4ms
[2024-07-21T10:10:42.357+0530][gc,phases   ] GC(236)   Other: 0.1ms
[2024-07-21T10:10:42.357+0530][gc,heap     ] GC(236) Eden regions: 612->0(611)
[2024-07-21T10:10:42.357+0530][gc,heap     ] GC(236) Survivor regions: 2->3(77)
[2024-07-21T10:10:42.357+0530][gc,heap     ] GC(236) Old regions: 46->46
[2024-07-21T10:10:42.357+0530][gc,heap     ] GC(236) Archive regions: 2->2
[2024-07-21T10:10:42.357+0530][gc,heap     ] GC(236) Humongous regions: 129->129
[2024-07-21T10:10:42.357+0530][gc,metaspace] GC(236) Metaspace: 46325K(46912K)->46325K(46912K) NonClass: 41228K(41536K)->41228K(41536K) Class: 5096K(5376K)->5096K(5376K)
[2024-07-21T10:10:42.357+0530][gc          ] GC(236) Pause Young (Normal) (G1 Evacuation Pause) 789M->177M(1024M) 1.385ms
[2024-07-21T10:10:42.357+0530][gc,cpu      ] GC(236) User=0.01s Sys=0.00s Real=0.00s
[2024-07-21T10:11:12.504+0530][gc,start    ] GC(237) Pause Young (Normal) (G1 Evacuation Pause)
[2024-07-21T10:11:12.504+0530][gc,task     ] GC(237) Using 13 workers of 13 for evacuation
[2024-07-21T10:11:12.506+0530][gc,phases   ] GC(237)   Pre Evacuate Collection Set: 0.1ms
[2024-07-21T10:11:12.506+0530][gc,phases   ] GC(237)   Merge Heap Roots: 0.1ms
[2024-07-21T10:11:12.506+0530][gc,phases   ] GC(237)   Evacuate Collection Set: 0.7ms
[2024-07-21T10:11:12.506+0530][gc,phases   ] GC(237)   Post Evacuate Collection Set: 0.3ms
[2024-07-21T10:11:12.506+0530][gc,phases   ] GC(237)   Other: 0.1ms
[2024-07-21T10:11:12.506+0530][gc,heap     ] GC(237) Eden regions: 611->0(611)
[2024-07-21T10:11:12.506+0530][gc,heap     ] GC(237) Survivor regions: 3->3(77)
[2024-07-21T10:11:12.506+0530][gc,heap     ] GC(237) Old regions: 46->46
[2024-07-21T10:11:12.506+0530][gc,heap     ] GC(237) Archive regions: 2->2
[2024-07-21T10:11:12.506+0530][gc,heap     ] GC(237) Humongous regions: 129->129
[2024-07-21T10:11:12.506+0530][gc,metaspace] GC(237) Metaspace: 46325K(46912K)->46325K(46912K) NonClass: 41228K(41536K)->41228K(41536K) Class: 5096K(5376K)->5096K(5376K)
[2024-07-21T10:11:12.506+0530][gc          ] GC(237) Pause Young (Normal) (G1 Evacuation Pause) 788M->178M(1024M) 1.459ms
[2024-07-21T10:11:12.506+0530][gc,cpu      ] GC(237) User=0.02s Sys=0.00s Real=0.00s
[2024-07-21T10:11:57.385+0530][gc,start    ] GC(238) Pause Young (Normal) (G1 Evacuation Pause)
[2024-07-21T10:11:57.385+0530][gc,task     ] GC(238) Using 13 workers of 13 for evacuation
[2024-07-21T10:11:57.386+0530][gc,phases   ] GC(238)   Pre Evacuate Collection Set: 0.1ms
[2024-07-21T10:11:57.386+0530][gc,phases   ] GC(238)   Merge Heap Roots: 0.2ms
[2024-07-21T10:11:57.386+0530][gc,phases   ] GC(238)   Evacuate Collection Set: 0.8ms
[2024-07-21T10:11:57.386+0530][gc,phases   ] GC(238)   Post Evacuate Collection Set: 0.3ms
[2024-07-21T10:11:57.386+0530][gc,phases   ] GC(238)   Other: 0.1ms
[2024-07-21T10:11:57.386+0530][gc,heap     ] GC(238) Eden regions: 611->0(611)
[2024-07-21T10:11:57.386+0530][gc,heap     ] GC(238) Survivor regions: 3->3(77)
[2024-07-21T10:11:57.386+0530][gc,heap     ] GC(238) Old regions: 46->46
[2024-07-21T10:11:57.386+0530][gc,heap     ] GC(238) Archive regions: 2->2
[2024-07-21T10:11:57.386+0530][gc,heap     ] GC(238) Humongous regions: 129->129
[2024-07-21T10:11:57.386+0530][gc,metaspace] GC(238) Metaspace: 46325K(46912K)->46325K(46912K) NonClass: 41228K(41536K)->41228K(41536K) Class: 5096K(5376K)->5096K(5376K)
[2024-07-21T10:11:57.386+0530][gc          ] GC(238) Pause Young (Normal) (G1 Evacuation Pause) 789M->178M(1024M) 1.451ms
[2024-07-21T10:11:57.386+0530][gc,cpu      ] GC(238) User=0.00s Sys=0.01s Real=0.01s
[2024-07-21T10:12:27.530+0530][gc,start    ] GC(239) Pause Young (Normal) (G1 Evacuation Pause)
[2024-07-21T10:12:27.530+0530][gc,task     ] GC(239) Using 13 workers of 13 for evacuation
[2024-07-21T10:12:27.532+0530][gc,phases   ] GC(239)   Pre Evacuate Collection Set: 0.2ms
[2024-07-21T10:12:27.532+0530][gc,phases   ] GC(239)   Merge Heap Roots: 0.2ms
[2024-07-21T10:12:27.532+0530][gc,phases   ] GC(239)   Evacuate Collection Set: 0.8ms
[2024-07-21T10:12:27.532+0530][gc,phases   ] GC(239)   Post Evacuate Collection Set: 0.5ms
[2024-07-21T10:12:27.532+0530][gc,phases   ] GC(239)   Other: 0.1ms
[2024-07-21T10:12:27.532+0530][gc,heap     ] GC(239) Eden regions: 611->0(610)
[2024-07-21T10:12:27.532+0530][gc,heap     ] GC(239) Survivor regions: 3->4(77)
[2024-07-21T10:12:27.532+0530][gc,heap     ] GC(239) Old regions: 46->46
[2024-07-21T10:12:27.532+0530][gc,heap     ] GC(239) Archive regions: 2->2
[2024-07-21T10:12:27.532+0530][gc,heap     ] GC(239) Humongous regions: 129->129
[2024-07-21T10:12:27.532+0530][gc,metaspace] GC(239) Metaspace: 46325K(46912K)->46325K(46912K) NonClass: 41228K(41536K)->41228K(41536K) Class: 5096K(5376K)->5096K(5376K)
[2024-07-21T10:12:27.532+0530][gc          ] GC(239) Pause Young (Normal) (G1 Evacuation Pause) 789M->179M(1024M) 1.842ms
[2024-07-21T10:12:27.532+0530][gc,cpu      ] GC(239) User=0.00s Sys=0.01s Real=0.00s
[2024-07-21T10:13:12.407+0530][gc,start    ] GC(240) Pause Young (Normal) (G1 Evacuation Pause)
[2024-07-21T10:13:12.407+0530][gc,task     ] GC(240) Using 13 workers of 13 for evacuation
[2024-07-21T10:13:12.408+0530][gc,phases   ] GC(240)   Pre Evacuate Collection Set: 0.1ms
[2024-07-21T10:13:12.408+0530][gc,phases   ] GC(240)   Merge Heap Roots: 0.1ms
[2024-07-21T10:13:12.408+0530][gc,phases   ] GC(240)   Evacuate Collection Set: 0.5ms
[2024-07-21T10:13:12.408+0530][gc,phases   ] GC(240)   Post Evacuate Collection Set: 0.3ms
[2024-07-21T10:13:12.408+0530][gc,phases   ] GC(240)   Other: 0.1ms
[2024-07-21T10:13:12.408+0530][gc,heap     ] GC(240) Eden regions: 610->0(611)
[2024-07-21T10:13:12.408+0530][gc,heap     ] GC(240) Survivor regions: 4->3(77)
[2024-07-21T10:13:12.408+0530][gc,heap     ] GC(240) Old regions: 46->47
[2024-07-21T10:13:12.408+0530][gc,heap     ] GC(240) Archive regions: 2->2
[2024-07-21T10:13:12.408+0530][gc,heap     ] GC(240) Humongous regions: 129->129
[2024-07-21T10:13:12.408+0530][gc,metaspace] GC(240) Metaspace: 46325K(46912K)->46325K(46912K) NonClass: 41228K(41536K)->41228K(41536K) Class: 5096K(5376K)->5096K(5376K)
[2024-07-21T10:13:12.408+0530][gc          ] GC(240) Pause Young (Normal) (G1 Evacuation Pause) 789M->178M(1024M) 1.147ms
[2024-07-21T10:13:12.408+0530][gc,cpu      ] GC(240) User=0.01s Sys=0.00s Real=0.00s
[2024-07-21T10:13:42.575+0530][gc,start    ] GC(241) Pause Young (Normal) (G1 Evacuation Pause)
[2024-07-21T10:13:42.575+0530][gc,task     ] GC(241) Using 13 workers of 13 for evacuation
[2024-07-21T10:13:42.576+0530][gc,phases   ] GC(241)   Pre Evacuate Collection Set: 0.1ms
[2024-07-21T10:13:42.576+0530][gc,phases   ] GC(241)   Merge Heap Roots: 0.2ms
[2024-07-21T10:13:42.576+0530][gc,phases   ] GC(241)   Evacuate Collection Set: 0.6ms
[2024-07-21T10:13:42.576+0530][gc,phases   ] GC(241)   Post Evacuate Collection Set: 0.5ms
[2024-07-21T10:13:42.576+0530][gc,phases   ] GC(241)   Other: 0.1ms
[2024-07-21T10:13:42.576+0530][gc,heap     ] GC(241) Eden regions: 611->0(611)
[2024-07-21T10:13:42.576+0530][gc,heap     ] GC(241) Survivor regions: 3->3(77)
[2024-07-21T10:13:42.576+0530][gc,heap     ] GC(241) Old regions: 47->47
[2024-07-21T10:13:42.576+0530][gc,heap     ] GC(241) Archive regions: 2->2
[2024-07-21T10:13:42.576+0530][gc,heap     ] GC(241) Humongous regions: 129->129
[2024-07-21T10:13:42.576+0530][gc,metaspace] GC(241) Metaspace: 46325K(46912K)->46325K(46912K) NonClass: 41228K(41536K)->41228K(41536K) Class: 5096K(5376K)->5096K(5376K)
[2024-07-21T10:13:42.576+0530][gc          ] GC(241) Pause Young (Normal) (G1 Evacuation Pause) 789M->178M(1024M) 1.519ms
[2024-07-21T10:13:42.576+0530][gc,cpu      ] GC(241) User=0.01s Sys=0.00s Real=0.00s
[2024-07-21T10:14:27.430+0530][gc,start    ] GC(242) Pause Young (Normal) (G1 Evacuation Pause)
[2024-07-21T10:14:27.430+0530][gc,task     ] GC(242) Using 13 workers of 13 for evacuation
[2024-07-21T10:14:27.432+0530][gc,phases   ] GC(242)   Pre Evacuate Collection Set: 0.1ms
[2024-07-21T10:14:27.432+0530][gc,phases   ] GC(242)   Merge Heap Roots: 0.1ms
[2024-07-21T10:14:27.432+0530][gc,phases   ] GC(242)   Evacuate Collection Set: 0.7ms
[2024-07-21T10:14:27.432+0530][gc,phases   ] GC(242)   Post Evacuate Collection Set: 0.4ms
[2024-07-21T10:14:27.432+0530][gc,phases   ] GC(242)   Other: 0.1ms
[2024-07-21T10:14:27.432+0530][gc,heap     ] GC(242) Eden regions: 611->0(611)
[2024-07-21T10:14:27.432+0530][gc,heap     ] GC(242) Survivor regions: 3->3(77)
[2024-07-21T10:14:27.432+0530][gc,heap     ] GC(242) Old regions: 47->47
[2024-07-21T10:14:27.432+0530][gc,heap     ] GC(242) Archive regions: 2->2
[2024-07-21T10:14:27.432+0530][gc,heap     ] GC(242) Humongous regions: 129->129
[2024-07-21T10:14:27.432+0530][gc,metaspace] GC(242) Metaspace: 46326K(46912K)->46326K(46912K) NonClass: 41229K(41536K)->41229K(41536K) Class: 5096K(5376K)->5096K(5376K)
[2024-07-21T10:14:27.432+0530][gc          ] GC(242) Pause Young (Normal) (G1 Evacuation Pause) 789M->178M(1024M) 1.502ms
[2024-07-21T10:14:27.432+0530][gc,cpu      ] GC(242) User=0.01s Sys=0.00s Real=0.00s
[2024-07-21T10:14:57.572+0530][gc,start    ] GC(243) Pause Young (Normal) (G1 Evacuation Pause)
[2024-07-21T10:14:57.572+0530][gc,task     ] GC(243) Using 13 workers of 13 for evacuation
[2024-07-21T10:14:57.573+0530][gc,phases   ] GC(243)   Pre Evacuate Collection Set: 0.1ms
[2024-07-21T10:14:57.573+0530][gc,phases   ] GC(243)   Merge Heap Roots: 0.1ms
[2024-07-21T10:14:57.573+0530][gc,phases   ] GC(243)   Evacuate Collection Set: 0.7ms
[2024-07-21T10:14:57.573+0530][gc,phases   ] GC(243)   Post Evacuate Collection Set: 0.3ms
[2024-07-21T10:14:57.573+0530][gc,phases   ] GC(243)   Other: 0.1ms
[2024-07-21T10:14:57.573+0530][gc,heap     ] GC(243) Eden regions: 611->0(610)
[2024-07-21T10:14:57.573+0530][gc,heap     ] GC(243) Survivor regions: 3->4(77)
[2024-07-21T10:14:57.573+0530][gc,heap     ] GC(243) Old regions: 47->47
[2024-07-21T10:14:57.573+0530][gc,heap     ] GC(243) Archive regions: 2->2
[2024-07-21T10:14:57.573+0530][gc,heap     ] GC(243) Humongous regions: 129->129
[2024-07-21T10:14:57.573+0530][gc,metaspace] GC(243) Metaspace: 46326K(46912K)->46326K(46912K) NonClass: 41229K(41536K)->41229K(41536K) Class: 5096K(5376K)->5096K(5376K)
[2024-07-21T10:14:57.573+0530][gc          ] GC(243) Pause Young (Normal) (G1 Evacuation Pause) 789M->179M(1024M) 1.383ms
[2024-07-21T10:14:57.573+0530][gc,cpu      ] GC(243) User=0.01s Sys=0.00s Real=0.00s
[2024-07-21T10:15:42.455+0530][gc,start    ] GC(244) Pause Young (Normal) (G1 Evacuation Pause)
[2024-07-21T10:15:42.455+0530][gc,task     ] GC(244) Using 13 workers of 13 for evacuation
[2024-07-21T10:15:42.456+0530][gc,phases   ] GC(244)   Pre Evacuate Collection Set: 0.1ms
[2024-07-21T10:15:42.456+0530][gc,phases   ] GC(244)   Merge Heap Roots: 0.1ms
[2024-07-21T10:15:42.456+0530][gc,phases   ] GC(244)   Evacuate Collection Set: 0.9ms
[2024-07-21T10:15:42.456+0530][gc,phases   ] GC(244)   Post Evacuate Collection Set: 0.4ms
[2024-07-21T10:15:42.456+0530][gc,phases   ] GC(244)   Other: 0.1ms
[2024-07-21T10:15:42.456+0530][gc,heap     ] GC(244) Eden regions: 610->0(610)
[2024-07-21T10:15:42.456+0530][gc,heap     ] GC(244) Survivor regions: 4->4(77)
[2024-07-21T10:15:42.456+0530][gc,heap     ] GC(244) Old regions: 47->47
[2024-07-21T10:15:42.456+0530][gc,heap     ] GC(244) Archive regions: 2->2
[2024-07-21T10:15:42.456+0530][gc,heap     ] GC(244) Humongous regions: 129->129
[2024-07-21T10:15:42.456+0530][gc,metaspace] GC(244) Metaspace: 46326K(46912K)->46326K(46912K) NonClass: 41229K(41536K)->41229K(41536K) Class: 5096K(5376K)->5096K(5376K)
[2024-07-21T10:15:42.456+0530][gc          ] GC(244) Pause Young (Normal) (G1 Evacuation Pause) 789M->179M(1024M) 1.583ms
[2024-07-21T10:15:42.456+0530][gc,cpu      ] GC(244) User=0.01s Sys=0.00s Real=0.00s
[2024-07-21T10:16:27.337+0530][gc,start    ] GC(245) Pause Young (Normal) (G1 Evacuation Pause)
[2024-07-21T10:16:27.337+0530][gc,task     ] GC(245) Using 13 workers of 13 for evacuation
[2024-07-21T10:16:27.339+0530][gc,phases   ] GC(245)   Pre Evacuate Collection Set: 0.1ms
[2024-07-21T10:16:27.339+0530][gc,phases   ] GC(245)   Merge Heap Roots: 0.2ms
[2024-07-21T10:16:27.339+0530][gc,phases   ] GC(245)   Evacuate Collection Set: 0.9ms
[2024-07-21T10:16:27.339+0530][gc,phases   ] GC(245)   Post Evacuate Collection Set: 0.4ms
[2024-07-21T10:16:27.339+0530][gc,phases   ] GC(245)   Other: 0.1ms
[2024-07-21T10:16:27.339+0530][gc,heap     ] GC(245) Eden regions: 610->0(609)
[2024-07-21T10:16:27.339+0530][gc,heap     ] GC(245) Survivor regions: 4->5(77)
[2024-07-21T10:16:27.339+0530][gc,heap     ] GC(245) Old regions: 47->47
[2024-07-21T10:16:27.339+0530][gc,heap     ] GC(245) Archive regions: 2->2
[2024-07-21T10:16:27.339+0530][gc,heap     ] GC(245) Humongous regions: 129->129
[2024-07-21T10:16:27.339+0530][gc,metaspace] GC(245) Metaspace: 46326K(46912K)->46326K(46912K) NonClass: 41229K(41536K)->41229K(41536K) Class: 5096K(5376K)->5096K(5376K)
[2024-07-21T10:16:27.339+0530][gc          ] GC(245) Pause Young (Normal) (G1 Evacuation Pause) 789M->180M(1024M) 1.693ms
[2024-07-21T10:16:27.339+0530][gc,cpu      ] GC(245) User=0.00s Sys=0.01s Real=0.01s
[2024-07-21T10:16:57.475+0530][gc,start    ] GC(246) Pause Young (Normal) (G1 Evacuation Pause)
[2024-07-21T10:16:57.475+0530][gc,task     ] GC(246) Using 13 workers of 13 for evacuation
[2024-07-21T10:16:57.477+0530][gc,phases   ] GC(246)   Pre Evacuate Collection Set: 0.1ms
[2024-07-21T10:16:57.477+0530][gc,phases   ] GC(246)   Merge Heap Roots: 0.2ms
[2024-07-21T10:16:57.477+0530][gc,phases   ] GC(246)   Evacuate Collection Set: 0.9ms
[2024-07-21T10:16:57.477+0530][gc,phases   ] GC(246)   Post Evacuate Collection Set: 0.3ms
[2024-07-21T10:16:57.477+0530][gc,phases   ] GC(246)   Other: 0.1ms
[2024-07-21T10:16:57.477+0530][gc,heap     ] GC(246) Eden regions: 609->0(609)
[2024-07-21T10:16:57.477+0530][gc,heap     ] GC(246) Survivor regions: 5->5(77)
[2024-07-21T10:16:57.477+0530][gc,heap     ] GC(246) Old regions: 47->47
[2024-07-21T10:16:57.477+0530][gc,heap     ] GC(246) Archive regions: 2->2
[2024-07-21T10:16:57.477+0530][gc,heap     ] GC(246) Humongous regions: 129->129
[2024-07-21T10:16:57.477+0530][gc,metaspace] GC(246) Metaspace: 46326K(46912K)->46326K(46912K) NonClass: 41229K(41536K)->41229K(41536K) Class: 5096K(5376K)->5096K(5376K)
[2024-07-21T10:16:57.477+0530][gc          ] GC(246) Pause Young (Normal) (G1 Evacuation Pause) 789M->181M(1024M) 1.622ms
[2024-07-21T10:16:57.477+0530][gc,cpu      ] GC(246) User=0.02s Sys=0.00s Real=0.00s
[2024-07-21T10:17:42.358+0530][gc,start    ] GC(247) Pause Young (Normal) (G1 Evacuation Pause)
[2024-07-21T10:17:42.358+0530][gc,task     ] GC(247) Using 13 workers of 13 for evacuation
[2024-07-21T10:17:42.360+0530][gc,phases   ] GC(247)   Pre Evacuate Collection Set: 0.1ms
[2024-07-21T10:17:42.360+0530][gc,phases   ] GC(247)   Merge Heap Roots: 0.2ms
[2024-07-21T10:17:42.360+0530][gc,phases   ] GC(247)   Evacuate Collection Set: 0.6ms
[2024-07-21T10:17:42.360+0530][gc,phases   ] GC(247)   Post Evacuate Collection Set: 0.4ms
[2024-07-21T10:17:42.360+0530][gc,phases   ] GC(247)   Other: 0.1ms
[2024-07-21T10:17:42.360+0530][gc,heap     ] GC(247) Eden regions: 609->0(610)
[2024-07-21T10:17:42.360+0530][gc,heap     ] GC(247) Survivor regions: 5->4(77)
[2024-07-21T10:17:42.360+0530][gc,heap     ] GC(247) Old regions: 47->47
[2024-07-21T10:17:42.360+0530][gc,heap     ] GC(247) Archive regions: 2->2
[2024-07-21T10:17:42.360+0530][gc,heap     ] GC(247) Humongous regions: 129->129
[2024-07-21T10:17:42.360+0530][gc,metaspace] GC(247) Metaspace: 46326K(46912K)->46326K(46912K) NonClass: 41229K(41536K)->41229K(41536K) Class: 5096K(5376K)->5096K(5376K)
[2024-07-21T10:17:42.360+0530][gc          ] GC(247) Pause Young (Normal) (G1 Evacuation Pause) 790M->179M(1024M) 1.452ms
[2024-07-21T10:17:42.360+0530][gc,cpu      ] GC(247) User=0.01s Sys=0.00s Real=0.00s
[2024-07-21T10:18:12.516+0530][gc,start    ] GC(248) Pause Young (Normal) (G1 Evacuation Pause)
[2024-07-21T10:18:12.516+0530][gc,task     ] GC(248) Using 13 workers of 13 for evacuation
[2024-07-21T10:18:12.517+0530][gc,phases   ] GC(248)   Pre Evacuate Collection Set: 0.1ms
[2024-07-21T10:18:12.517+0530][gc,phases   ] GC(248)   Merge Heap Roots: 0.2ms
[2024-07-21T10:18:12.517+0530][gc,phases   ] GC(248)   Evacuate Collection Set: 0.8ms
[2024-07-21T10:18:12.517+0530][gc,phases   ] GC(248)   Post Evacuate Collection Set: 0.3ms
[2024-07-21T10:18:12.517+0530][gc,phases   ] GC(248)   Other: 0.1ms
[2024-07-21T10:18:12.517+0530][gc,heap     ] GC(248) Eden regions: 610->0(610)
[2024-07-21T10:18:12.517+0530][gc,heap     ] GC(248) Survivor regions: 4->4(77)
[2024-07-21T10:18:12.517+0530][gc,heap     ] GC(248) Old regions: 47->47
[2024-07-21T10:18:12.517+0530][gc,heap     ] GC(248) Archive regions: 2->2
[2024-07-21T10:18:12.517+0530][gc,heap     ] GC(248) Humongous regions: 129->129
[2024-07-21T10:18:12.517+0530][gc,metaspace] GC(248) Metaspace: 46326K(46912K)->46326K(46912K) NonClass: 41230K(41536K)->41230K(41536K) Class: 5096K(5376K)->5096K(5376K)
[2024-07-21T10:18:12.517+0530][gc          ] GC(248) Pause Young (Normal) (G1 Evacuation Pause) 789M->180M(1024M) 1.529ms
[2024-07-21T10:18:12.517+0530][gc,cpu      ] GC(248) User=0.01s Sys=0.00s Real=0.00s
[2024-07-21T10:18:57.383+0530][gc,start    ] GC(249) Pause Young (Normal) (G1 Evacuation Pause)
[2024-07-21T10:18:57.383+0530][gc,task     ] GC(249) Using 13 workers of 13 for evacuation
[2024-07-21T10:18:57.384+0530][gc,phases   ] GC(249)   Pre Evacuate Collection Set: 0.1ms
[2024-07-21T10:18:57.384+0530][gc,phases   ] GC(249)   Merge Heap Roots: 0.2ms
[2024-07-21T10:18:57.384+0530][gc,phases   ] GC(249)   Evacuate Collection Set: 0.9ms
[2024-07-21T10:18:57.384+0530][gc,phases   ] GC(249)   Post Evacuate Collection Set: 0.4ms
[2024-07-21T10:18:57.384+0530][gc,phases   ] GC(249)   Other: 0.1ms
[2024-07-21T10:18:57.384+0530][gc,heap     ] GC(249) Eden regions: 610->0(609)
[2024-07-21T10:18:57.384+0530][gc,heap     ] GC(249) Survivor regions: 4->5(77)
[2024-07-21T10:18:57.384+0530][gc,heap     ] GC(249) Old regions: 47->47
[2024-07-21T10:18:57.384+0530][gc,heap     ] GC(249) Archive regions: 2->2
[2024-07-21T10:18:57.384+0530][gc,heap     ] GC(249) Humongous regions: 129->129
[2024-07-21T10:18:57.384+0530][gc,metaspace] GC(249) Metaspace: 46326K(46912K)->46326K(46912K) NonClass: 41230K(41536K)->41230K(41536K) Class: 5096K(5376K)->5096K(5376K)
[2024-07-21T10:18:57.384+0530][gc          ] GC(249) Pause Young (Normal) (G1 Evacuation Pause) 790M->180M(1024M) 1.750ms
[2024-07-21T10:18:57.384+0530][gc,cpu      ] GC(249) User=0.01s Sys=0.01s Real=0.00s
[2024-07-21T10:19:27.520+0530][gc,start    ] GC(250) Pause Young (Normal) (G1 Evacuation Pause)
[2024-07-21T10:19:27.520+0530][gc,task     ] GC(250) Using 13 workers of 13 for evacuation
[2024-07-21T10:19:27.521+0530][gc,phases   ] GC(250)   Pre Evacuate Collection Set: 0.1ms
[2024-07-21T10:19:27.521+0530][gc,phases   ] GC(250)   Merge Heap Roots: 0.1ms
[2024-07-21T10:19:27.521+0530][gc,phases   ] GC(250)   Evacuate Collection Set: 0.9ms
[2024-07-21T10:19:27.521+0530][gc,phases   ] GC(250)   Post Evacuate Collection Set: 0.3ms
[2024-07-21T10:19:27.521+0530][gc,phases   ] GC(250)   Other: 0.1ms
[2024-07-21T10:19:27.521+0530][gc,heap     ] GC(250) Eden regions: 609->0(609)
[2024-07-21T10:19:27.521+0530][gc,heap     ] GC(250) Survivor regions: 5->5(77)
[2024-07-21T10:19:27.521+0530][gc,heap     ] GC(250) Old regions: 47->47
[2024-07-21T10:19:27.521+0530][gc,heap     ] GC(250) Archive regions: 2->2
[2024-07-21T10:19:27.521+0530][gc,heap     ] GC(250) Humongous regions: 129->129
[2024-07-21T10:19:27.521+0530][gc,metaspace] GC(250) Metaspace: 46326K(46912K)->46326K(46912K) NonClass: 41230K(41536K)->41230K(41536K) Class: 5096K(5376K)->5096K(5376K)
[2024-07-21T10:19:27.521+0530][gc          ] GC(250) Pause Young (Normal) (G1 Evacuation Pause) 789M->181M(1024M) 1.621ms
[2024-07-21T10:19:27.521+0530][gc,cpu      ] GC(250) User=0.01s Sys=0.00s Real=0.00s
[2024-07-21T10:20:12.409+0530][gc,start    ] GC(251) Pause Young (Normal) (G1 Evacuation Pause)
[2024-07-21T10:20:12.409+0530][gc,task     ] GC(251) Using 13 workers of 13 for evacuation
[2024-07-21T10:20:12.410+0530][gc,phases   ] GC(251)   Pre Evacuate Collection Set: 0.1ms
[2024-07-21T10:20:12.410+0530][gc,phases   ] GC(251)   Merge Heap Roots: 0.2ms
[2024-07-21T10:20:12.410+0530][gc,phases   ] GC(251)   Evacuate Collection Set: 0.9ms
[2024-07-21T10:20:12.410+0530][gc,phases   ] GC(251)   Post Evacuate Collection Set: 0.3ms
[2024-07-21T10:20:12.410+0530][gc,phases   ] GC(251)   Other: 0.1ms
[2024-07-21T10:20:12.410+0530][gc,heap     ] GC(251) Eden regions: 609->0(609)
[2024-07-21T10:20:12.410+0530][gc,heap     ] GC(251) Survivor regions: 5->5(77)
[2024-07-21T10:20:12.410+0530][gc,heap     ] GC(251) Old regions: 47->47
[2024-07-21T10:20:12.410+0530][gc,heap     ] GC(251) Archive regions: 2->2
[2024-07-21T10:20:12.410+0530][gc,heap     ] GC(251) Humongous regions: 129->129
[2024-07-21T10:20:12.410+0530][gc,metaspace] GC(251) Metaspace: 46326K(46912K)->46326K(46912K) NonClass: 41230K(41536K)->41230K(41536K) Class: 5096K(5376K)->5096K(5376K)
[2024-07-21T10:20:12.410+0530][gc          ] GC(251) Pause Young (Normal) (G1 Evacuation Pause) 790M->181M(1024M) 1.697ms
[2024-07-21T10:20:12.410+0530][gc,cpu      ] GC(251) User=0.01s Sys=0.00s Real=0.00s
[2024-07-21T10:20:42.544+0530][gc,start    ] GC(252) Pause Young (Normal) (G1 Evacuation Pause)
[2024-07-21T10:20:42.544+0530][gc,task     ] GC(252) Using 13 workers of 13 for evacuation
[2024-07-21T10:20:42.545+0530][gc,phases   ] GC(252)   Pre Evacuate Collection Set: 0.1ms
[2024-07-21T10:20:42.545+0530][gc,phases   ] GC(252)   Merge Heap Roots: 0.1ms
[2024-07-21T10:20:42.545+0530][gc,phases   ] GC(252)   Evacuate Collection Set: 1.0ms
[2024-07-21T10:20:42.545+0530][gc,phases   ] GC(252)   Post Evacuate Collection Set: 0.3ms
[2024-07-21T10:20:42.545+0530][gc,phases   ] GC(252)   Other: 0.1ms
[2024-07-21T10:20:42.545+0530][gc,heap     ] GC(252) Eden regions: 609->0(609)
[2024-07-21T10:20:42.545+0530][gc,heap     ] GC(252) Survivor regions: 5->5(77)
[2024-07-21T10:20:42.545+0530][gc,heap     ] GC(252) Old regions: 47->48
[2024-07-21T10:20:42.545+0530][gc,heap     ] GC(252) Archive regions: 2->2
[2024-07-21T10:20:42.545+0530][gc,heap     ] GC(252) Humongous regions: 129->129
[2024-07-21T10:20:42.545+0530][gc,metaspace] GC(252) Metaspace: 46326K(46912K)->46326K(46912K) NonClass: 41230K(41536K)->41230K(41536K) Class: 5096K(5376K)->5096K(5376K)
[2024-07-21T10:20:42.545+0530][gc          ] GC(252) Pause Young (Normal) (G1 Evacuation Pause) 790M->182M(1024M) 1.713ms
[2024-07-21T10:20:42.545+0530][gc,cpu      ] GC(252) User=0.01s Sys=0.00s Real=0.00s
[2024-07-21T10:21:27.438+0530][gc,start    ] GC(253) Pause Young (Normal) (G1 Evacuation Pause)
[2024-07-21T10:21:27.438+0530][gc,task     ] GC(253) Using 13 workers of 13 for evacuation
[2024-07-21T10:21:27.440+0530][gc,phases   ] GC(253)   Pre Evacuate Collection Set: 0.1ms
[2024-07-21T10:21:27.440+0530][gc,phases   ] GC(253)   Merge Heap Roots: 0.2ms
[2024-07-21T10:21:27.440+0530][gc,phases   ] GC(253)   Evacuate Collection Set: 1.2ms
[2024-07-21T10:21:27.440+0530][gc,phases   ] GC(253)   Post Evacuate Collection Set: 0.5ms
[2024-07-21T10:21:27.440+0530][gc,phases   ] GC(253)   Other: 0.1ms
[2024-07-21T10:21:27.440+0530][gc,heap     ] GC(253) Eden regions: 609->0(608)
[2024-07-21T10:21:27.440+0530][gc,heap     ] GC(253) Survivor regions: 5->6(77)
[2024-07-21T10:21:27.440+0530][gc,heap     ] GC(253) Old regions: 48->48
[2024-07-21T10:21:27.440+0530][gc,heap     ] GC(253) Archive regions: 2->2
[2024-07-21T10:21:27.440+0530][gc,heap     ] GC(253) Humongous regions: 129->129
[2024-07-21T10:21:27.440+0530][gc,metaspace] GC(253) Metaspace: 46326K(46912K)->46326K(46912K) NonClass: 41230K(41536K)->41230K(41536K) Class: 5096K(5376K)->5096K(5376K)
[2024-07-21T10:21:27.440+0530][gc          ] GC(253) Pause Young (Normal) (G1 Evacuation Pause) 791M->182M(1024M) 2.152ms
[2024-07-21T10:21:27.440+0530][gc,cpu      ] GC(253) User=0.01s Sys=0.00s Real=0.01s
[2024-07-21T10:21:57.563+0530][gc,start    ] GC(254) Pause Young (Normal) (G1 Evacuation Pause)
[2024-07-21T10:21:57.564+0530][gc,task     ] GC(254) Using 13 workers of 13 for evacuation
[2024-07-21T10:21:57.565+0530][gc,phases   ] GC(254)   Pre Evacuate Collection Set: 0.1ms
[2024-07-21T10:21:57.565+0530][gc,phases   ] GC(254)   Merge Heap Roots: 0.2ms
[2024-07-21T10:21:57.565+0530][gc,phases   ] GC(254)   Evacuate Collection Set: 0.8ms
[2024-07-21T10:21:57.565+0530][gc,phases   ] GC(254)   Post Evacuate Collection Set: 0.4ms
[2024-07-21T10:21:57.565+0530][gc,phases   ] GC(254)   Other: 0.1ms
[2024-07-21T10:21:57.565+0530][gc,heap     ] GC(254) Eden regions: 608->0(609)
[2024-07-21T10:21:57.565+0530][gc,heap     ] GC(254) Survivor regions: 6->5(77)
[2024-07-21T10:21:57.565+0530][gc,heap     ] GC(254) Old regions: 48->48
[2024-07-21T10:21:57.565+0530][gc,heap     ] GC(254) Archive regions: 2->2
[2024-07-21T10:21:57.565+0530][gc,heap     ] GC(254) Humongous regions: 129->129
[2024-07-21T10:21:57.565+0530][gc,metaspace] GC(254) Metaspace: 46327K(46912K)->46327K(46912K) NonClass: 41231K(41536K)->41231K(41536K) Class: 5096K(5376K)->5096K(5376K)
[2024-07-21T10:21:57.565+0530][gc          ] GC(254) Pause Young (Normal) (G1 Evacuation Pause) 790M->181M(1024M) 1.639ms
[2024-07-21T10:21:57.565+0530][gc,cpu      ] GC(254) User=0.01s Sys=0.00s Real=0.00s
[2024-07-21T10:22:42.442+0530][gc,start    ] GC(255) Pause Young (Normal) (G1 Evacuation Pause)
[2024-07-21T10:22:42.442+0530][gc,task     ] GC(255) Using 13 workers of 13 for evacuation
[2024-07-21T10:22:42.444+0530][gc,phases   ] GC(255)   Pre Evacuate Collection Set: 0.1ms
[2024-07-21T10:22:42.444+0530][gc,phases   ] GC(255)   Merge Heap Roots: 0.1ms
[2024-07-21T10:22:42.444+0530][gc,phases   ] GC(255)   Evacuate Collection Set: 0.9ms
[2024-07-21T10:22:42.444+0530][gc,phases   ] GC(255)   Post Evacuate Collection Set: 0.3ms
[2024-07-21T10:22:42.444+0530][gc,phases   ] GC(255)   Other: 0.1ms
[2024-07-21T10:22:42.444+0530][gc,heap     ] GC(255) Eden regions: 609->0(609)
[2024-07-21T10:22:42.444+0530][gc,heap     ] GC(255) Survivor regions: 5->5(77)
[2024-07-21T10:22:42.444+0530][gc,heap     ] GC(255) Old regions: 48->48
[2024-07-21T10:22:42.444+0530][gc,heap     ] GC(255) Archive regions: 2->2
[2024-07-21T10:22:42.444+0530][gc,heap     ] GC(255) Humongous regions: 129->129
[2024-07-21T10:22:42.444+0530][gc,metaspace] GC(255) Metaspace: 46328K(46912K)->46328K(46912K) NonClass: 41231K(41536K)->41231K(41536K) Class: 5096K(5376K)->5096K(5376K)
[2024-07-21T10:22:42.444+0530][gc          ] GC(255) Pause Young (Normal) (G1 Evacuation Pause) 790M->182M(1024M) 1.537ms
[2024-07-21T10:22:42.444+0530][gc,cpu      ] GC(255) User=0.01s Sys=0.00s Real=0.00s
[2024-07-21T10:23:27.326+0530][gc,start    ] GC(256) Pause Young (Normal) (G1 Evacuation Pause)
[2024-07-21T10:23:27.327+0530][gc,task     ] GC(256) Using 13 workers of 13 for evacuation
[2024-07-21T10:23:27.333+0530][gc,phases   ] GC(256)   Pre Evacuate Collection Set: 0.3ms
[2024-07-21T10:23:27.333+0530][gc,phases   ] GC(256)   Merge Heap Roots: 0.5ms
[2024-07-21T10:23:27.333+0530][gc,phases   ] GC(256)   Evacuate Collection Set: 4.5ms
[2024-07-21T10:23:27.333+0530][gc,phases   ] GC(256)   Post Evacuate Collection Set: 1.0ms
[2024-07-21T10:23:27.333+0530][gc,phases   ] GC(256)   Other: 0.3ms
[2024-07-21T10:23:27.333+0530][gc,heap     ] GC(256) Eden regions: 609->0(609)
[2024-07-21T10:23:27.333+0530][gc,heap     ] GC(256) Survivor regions: 5->5(77)
[2024-07-21T10:23:27.333+0530][gc,heap     ] GC(256) Old regions: 48->48
[2024-07-21T10:23:27.333+0530][gc,heap     ] GC(256) Archive regions: 2->2
[2024-07-21T10:23:27.333+0530][gc,heap     ] GC(256) Humongous regions: 129->129
[2024-07-21T10:23:27.333+0530][gc,metaspace] GC(256) Metaspace: 46328K(46912K)->46328K(46912K) NonClass: 41231K(41536K)->41231K(41536K) Class: 5096K(5376K)->5096K(5376K)
[2024-07-21T10:23:27.333+0530][gc          ] GC(256) Pause Young (Normal) (G1 Evacuation Pause) 791M->182M(1024M) 6.725ms
[2024-07-21T10:23:27.333+0530][gc,cpu      ] GC(256) User=0.06s Sys=0.00s Real=0.00s
[2024-07-21T10:23:57.465+0530][gc,start    ] GC(257) Pause Young (Normal) (G1 Evacuation Pause)
[2024-07-21T10:23:57.465+0530][gc,task     ] GC(257) Using 13 workers of 13 for evacuation
[2024-07-21T10:23:57.466+0530][gc,phases   ] GC(257)   Pre Evacuate Collection Set: 0.1ms
[2024-07-21T10:23:57.466+0530][gc,phases   ] GC(257)   Merge Heap Roots: 0.1ms
[2024-07-21T10:23:57.466+0530][gc,phases   ] GC(257)   Evacuate Collection Set: 1.1ms
[2024-07-21T10:23:57.466+0530][gc,phases   ] GC(257)   Post Evacuate Collection Set: 0.3ms
[2024-07-21T10:23:57.466+0530][gc,phases   ] GC(257)   Other: 0.1ms
[2024-07-21T10:23:57.466+0530][gc,heap     ] GC(257) Eden regions: 609->0(609)
[2024-07-21T10:23:57.466+0530][gc,heap     ] GC(257) Survivor regions: 5->5(77)
[2024-07-21T10:23:57.466+0530][gc,heap     ] GC(257) Old regions: 48->49
[2024-07-21T10:23:57.466+0530][gc,heap     ] GC(257) Archive regions: 2->2
[2024-07-21T10:23:57.466+0530][gc,heap     ] GC(257) Humongous regions: 129->129
[2024-07-21T10:23:57.466+0530][gc,metaspace] GC(257) Metaspace: 46328K(46912K)->46328K(46912K) NonClass: 41232K(41536K)->41232K(41536K) Class: 5096K(5376K)->5096K(5376K)
[2024-07-21T10:23:57.466+0530][gc          ] GC(257) Pause Young (Normal) (G1 Evacuation Pause) 791M->182M(1024M) 1.774ms
[2024-07-21T10:23:57.466+0530][gc,cpu      ] GC(257) User=0.01s Sys=0.00s Real=0.01s
[2024-07-21T10:24:42.359+0530][gc,start    ] GC(258) Pause Young (Normal) (G1 Evacuation Pause)
[2024-07-21T10:24:42.359+0530][gc,task     ] GC(258) Using 13 workers of 13 for evacuation
[2024-07-21T10:24:42.360+0530][gc,phases   ] GC(258)   Pre Evacuate Collection Set: 0.1ms
[2024-07-21T10:24:42.360+0530][gc,phases   ] GC(258)   Merge Heap Roots: 0.1ms
[2024-07-21T10:24:42.360+0530][gc,phases   ] GC(258)   Evacuate Collection Set: 1.1ms
[2024-07-21T10:24:42.360+0530][gc,phases   ] GC(258)   Post Evacuate Collection Set: 0.3ms
[2024-07-21T10:24:42.360+0530][gc,phases   ] GC(258)   Other: 0.1ms
[2024-07-21T10:24:42.360+0530][gc,heap     ] GC(258) Eden regions: 609->0(609)
[2024-07-21T10:24:42.360+0530][gc,heap     ] GC(258) Survivor regions: 5->5(77)
[2024-07-21T10:24:42.360+0530][gc,heap     ] GC(258) Old regions: 49->49
[2024-07-21T10:24:42.360+0530][gc,heap     ] GC(258) Archive regions: 2->2
[2024-07-21T10:24:42.360+0530][gc,heap     ] GC(258) Humongous regions: 129->129
[2024-07-21T10:24:42.360+0530][gc,metaspace] GC(258) Metaspace: 46337K(46912K)->46337K(46912K) NonClass: 41241K(41536K)->41241K(41536K) Class: 5096K(5376K)->5096K(5376K)
[2024-07-21T10:24:42.360+0530][gc          ] GC(258) Pause Young (Normal) (G1 Evacuation Pause) 791M->183M(1024M) 1.787ms
[2024-07-21T10:24:42.360+0530][gc,cpu      ] GC(258) User=0.02s Sys=0.00s Real=0.00s
[2024-07-21T10:25:12.498+0530][gc,start    ] GC(259) Pause Young (Normal) (G1 Evacuation Pause)
[2024-07-21T10:25:12.498+0530][gc,task     ] GC(259) Using 13 workers of 13 for evacuation
[2024-07-21T10:25:12.500+0530][gc,phases   ] GC(259)   Pre Evacuate Collection Set: 0.1ms
[2024-07-21T10:25:12.500+0530][gc,phases   ] GC(259)   Merge Heap Roots: 0.1ms
[2024-07-21T10:25:12.500+0530][gc,phases   ] GC(259)   Evacuate Collection Set: 1.1ms
[2024-07-21T10:25:12.500+0530][gc,phases   ] GC(259)   Post Evacuate Collection Set: 0.4ms
[2024-07-21T10:25:12.500+0530][gc,phases   ] GC(259)   Other: 0.1ms
[2024-07-21T10:25:12.500+0530][gc,heap     ] GC(259) Eden regions: 609->0(608)
[2024-07-21T10:25:12.500+0530][gc,heap     ] GC(259) Survivor regions: 5->6(77)
[2024-07-21T10:25:12.500+0530][gc,heap     ] GC(259) Old regions: 49->49
[2024-07-21T10:25:12.500+0530][gc,heap     ] GC(259) Archive regions: 2->2
[2024-07-21T10:25:12.500+0530][gc,heap     ] GC(259) Humongous regions: 129->129
[2024-07-21T10:25:12.500+0530][gc,metaspace] GC(259) Metaspace: 46337K(46912K)->46337K(46912K) NonClass: 41241K(41536K)->41241K(41536K) Class: 5096K(5376K)->5096K(5376K)
[2024-07-21T10:25:12.500+0530][gc          ] GC(259) Pause Young (Normal) (G1 Evacuation Pause) 792M->183M(1024M) 1.918ms
[2024-07-21T10:25:12.500+0530][gc,cpu      ] GC(259) User=0.01s Sys=0.00s Real=0.00s
[2024-07-21T10:25:57.365+0530][gc,start    ] GC(260) Pause Young (Normal) (G1 Evacuation Pause)
[2024-07-21T10:25:57.365+0530][gc,task     ] GC(260) Using 13 workers of 13 for evacuation
[2024-07-21T10:25:57.366+0530][gc,phases   ] GC(260)   Pre Evacuate Collection Set: 0.1ms
[2024-07-21T10:25:57.366+0530][gc,phases   ] GC(260)   Merge Heap Roots: 0.1ms
[2024-07-21T10:25:57.366+0530][gc,phases   ] GC(260)   Evacuate Collection Set: 0.8ms
[2024-07-21T10:25:57.366+0530][gc,phases   ] GC(260)   Post Evacuate Collection Set: 0.3ms
[2024-07-21T10:25:57.366+0530][gc,phases   ] GC(260)   Other: 0.1ms
[2024-07-21T10:25:57.366+0530][gc,heap     ] GC(260) Eden regions: 608->0(610)
[2024-07-21T10:25:57.366+0530][gc,heap     ] GC(260) Survivor regions: 6->4(77)
[2024-07-21T10:25:57.366+0530][gc,heap     ] GC(260) Old regions: 49->49
[2024-07-21T10:25:57.366+0530][gc,heap     ] GC(260) Archive regions: 2->2
[2024-07-21T10:25:57.366+0530][gc,heap     ] GC(260) Humongous regions: 129->129
[2024-07-21T10:25:57.366+0530][gc,metaspace] GC(260) Metaspace: 46337K(46912K)->46337K(46912K) NonClass: 41241K(41536K)->41241K(41536K) Class: 5096K(5376K)->5096K(5376K)
[2024-07-21T10:25:57.366+0530][gc          ] GC(260) Pause Young (Normal) (G1 Evacuation Pause) 791M->182M(1024M) 1.483ms
[2024-07-21T10:25:57.366+0530][gc,cpu      ] GC(260) User=0.01s Sys=0.00s Real=0.00s
[2024-07-21T10:26:27.520+0530][gc,start    ] GC(261) Pause Young (Normal) (G1 Evacuation Pause)
[2024-07-21T10:26:27.520+0530][gc,task     ] GC(261) Using 13 workers of 13 for evacuation
[2024-07-21T10:26:27.521+0530][gc,phases   ] GC(261)   Pre Evacuate Collection Set: 0.1ms
[2024-07-21T10:26:27.521+0530][gc,phases   ] GC(261)   Merge Heap Roots: 0.1ms
[2024-07-21T10:26:27.521+0530][gc,phases   ] GC(261)   Evacuate Collection Set: 0.9ms
[2024-07-21T10:26:27.521+0530][gc,phases   ] GC(261)   Post Evacuate Collection Set: 0.3ms
[2024-07-21T10:26:27.521+0530][gc,phases   ] GC(261)   Other: 0.1ms
[2024-07-21T10:26:27.521+0530][gc,heap     ] GC(261) Eden regions: 610->0(609)
[2024-07-21T10:26:27.521+0530][gc,heap     ] GC(261) Survivor regions: 4->5(77)
[2024-07-21T10:26:27.521+0530][gc,heap     ] GC(261) Old regions: 49->50
[2024-07-21T10:26:27.521+0530][gc,heap     ] GC(261) Archive regions: 2->2
[2024-07-21T10:26:27.521+0530][gc,heap     ] GC(261) Humongous regions: 129->129
[2024-07-21T10:26:27.521+0530][gc,metaspace] GC(261) Metaspace: 46337K(46912K)->46337K(46912K) NonClass: 41241K(41536K)->41241K(41536K) Class: 5096K(5376K)->5096K(5376K)
[2024-07-21T10:26:27.521+0530][gc          ] GC(261) Pause Young (Normal) (G1 Evacuation Pause) 792M->183M(1024M) 1.608ms
[2024-07-21T10:26:27.521+0530][gc,cpu      ] GC(261) User=0.01s Sys=0.00s Real=0.00s
[2024-07-21T10:27:12.388+0530][gc,start    ] GC(262) Pause Young (Normal) (G1 Evacuation Pause)
[2024-07-21T10:27:12.388+0530][gc,task     ] GC(262) Using 13 workers of 13 for evacuation
[2024-07-21T10:27:12.390+0530][gc,phases   ] GC(262)   Pre Evacuate Collection Set: 0.1ms
[2024-07-21T10:27:12.390+0530][gc,phases   ] GC(262)   Merge Heap Roots: 0.1ms
[2024-07-21T10:27:12.390+0530][gc,phases   ] GC(262)   Evacuate Collection Set: 0.9ms
[2024-07-21T10:27:12.390+0530][gc,phases   ] GC(262)   Post Evacuate Collection Set: 0.3ms
[2024-07-21T10:27:12.390+0530][gc,phases   ] GC(262)   Other: 0.1ms
[2024-07-21T10:27:12.390+0530][gc,heap     ] GC(262) Eden regions: 609->0(609)
[2024-07-21T10:27:12.390+0530][gc,heap     ] GC(262) Survivor regions: 5->5(77)
[2024-07-21T10:27:12.390+0530][gc,heap     ] GC(262) Old regions: 50->50
[2024-07-21T10:27:12.390+0530][gc,heap     ] GC(262) Archive regions: 2->2
[2024-07-21T10:27:12.390+0530][gc,heap     ] GC(262) Humongous regions: 129->129
[2024-07-21T10:27:12.390+0530][gc,metaspace] GC(262) Metaspace: 46337K(46912K)->46337K(46912K) NonClass: 41241K(41536K)->41241K(41536K) Class: 5096K(5376K)->5096K(5376K)
[2024-07-21T10:27:12.390+0530][gc          ] GC(262) Pause Young (Normal) (G1 Evacuation Pause) 792M->183M(1024M) 1.552ms
[2024-07-21T10:27:12.390+0530][gc,cpu      ] GC(262) User=0.01s Sys=0.01s Real=0.00s
[2024-07-21T10:27:42.526+0530][gc,start    ] GC(263) Pause Young (Normal) (G1 Evacuation Pause)
[2024-07-21T10:27:42.526+0530][gc,task     ] GC(263) Using 13 workers of 13 for evacuation
[2024-07-21T10:27:42.528+0530][gc,phases   ] GC(263)   Pre Evacuate Collection Set: 0.1ms
[2024-07-21T10:27:42.528+0530][gc,phases   ] GC(263)   Merge Heap Roots: 0.2ms
[2024-07-21T10:27:42.528+0530][gc,phases   ] GC(263)   Evacuate Collection Set: 0.9ms
[2024-07-21T10:27:42.528+0530][gc,phases   ] GC(263)   Post Evacuate Collection Set: 0.5ms
[2024-07-21T10:27:42.528+0530][gc,phases   ] GC(263)   Other: 0.1ms
[2024-07-21T10:27:42.528+0530][gc,heap     ] GC(263) Eden regions: 609->0(609)
[2024-07-21T10:27:42.528+0530][gc,heap     ] GC(263) Survivor regions: 5->5(77)
[2024-07-21T10:27:42.528+0530][gc,heap     ] GC(263) Old regions: 50->50
[2024-07-21T10:27:42.528+0530][gc,heap     ] GC(263) Archive regions: 2->2
[2024-07-21T10:27:42.528+0530][gc,heap     ] GC(263) Humongous regions: 129->129
[2024-07-21T10:27:42.528+0530][gc,metaspace] GC(263) Metaspace: 46342K(46912K)->46342K(46912K) NonClass: 41245K(41536K)->41245K(41536K) Class: 5096K(5376K)->5096K(5376K)
[2024-07-21T10:27:42.528+0530][gc          ] GC(263) Pause Young (Normal) (G1 Evacuation Pause) 792M->184M(1024M) 1.869ms
[2024-07-21T10:27:42.528+0530][gc,cpu      ] GC(263) User=0.02s Sys=0.00s Real=0.01s
[2024-07-21T10:28:27.407+0530][gc,start    ] GC(264) Pause Young (Normal) (G1 Evacuation Pause)
[2024-07-21T10:28:27.407+0530][gc,task     ] GC(264) Using 13 workers of 13 for evacuation
[2024-07-21T10:28:27.409+0530][gc,phases   ] GC(264)   Pre Evacuate Collection Set: 0.1ms
[2024-07-21T10:28:27.409+0530][gc,phases   ] GC(264)   Merge Heap Roots: 0.2ms
[2024-07-21T10:28:27.409+0530][gc,phases   ] GC(264)   Evacuate Collection Set: 1.0ms
[2024-07-21T10:28:27.409+0530][gc,phases   ] GC(264)   Post Evacuate Collection Set: 0.4ms
[2024-07-21T10:28:27.409+0530][gc,phases   ] GC(264)   Other: 0.1ms
[2024-07-21T10:28:27.409+0530][gc,heap     ] GC(264) Eden regions: 609->0(609)
[2024-07-21T10:28:27.409+0530][gc,heap     ] GC(264) Survivor regions: 5->5(77)
[2024-07-21T10:28:27.409+0530][gc,heap     ] GC(264) Old regions: 50->50
[2024-07-21T10:28:27.409+0530][gc,heap     ] GC(264) Archive regions: 2->2
[2024-07-21T10:28:27.409+0530][gc,heap     ] GC(264) Humongous regions: 129->129
[2024-07-21T10:28:27.409+0530][gc,metaspace] GC(264) Metaspace: 46342K(46912K)->46342K(46912K) NonClass: 41245K(41536K)->41245K(41536K) Class: 5096K(5376K)->5096K(5376K)
[2024-07-21T10:28:27.409+0530][gc          ] GC(264) Pause Young (Normal) (G1 Evacuation Pause) 793M->184M(1024M) 1.868ms
[2024-07-21T10:28:27.409+0530][gc,cpu      ] GC(264) User=0.01s Sys=0.00s Real=0.00s
[2024-07-21T10:28:57.546+0530][gc,start    ] GC(265) Pause Young (Normal) (G1 Evacuation Pause)
[2024-07-21T10:28:57.546+0530][gc,task     ] GC(265) Using 13 workers of 13 for evacuation
[2024-07-21T10:28:57.548+0530][gc,phases   ] GC(265)   Pre Evacuate Collection Set: 0.1ms
[2024-07-21T10:28:57.548+0530][gc,phases   ] GC(265)   Merge Heap Roots: 0.2ms
[2024-07-21T10:28:57.548+0530][gc,phases   ] GC(265)   Evacuate Collection Set: 1.2ms
[2024-07-21T10:28:57.548+0530][gc,phases   ] GC(265)   Post Evacuate Collection Set: 0.4ms
[2024-07-21T10:28:57.548+0530][gc,phases   ] GC(265)   Other: 0.1ms
[2024-07-21T10:28:57.548+0530][gc,heap     ] GC(265) Eden regions: 609->0(608)
[2024-07-21T10:28:57.548+0530][gc,heap     ] GC(265) Survivor regions: 5->6(77)
[2024-07-21T10:28:57.548+0530][gc,heap     ] GC(265) Old regions: 50->50
[2024-07-21T10:28:57.548+0530][gc,heap     ] GC(265) Archive regions: 2->2
[2024-07-21T10:28:57.548+0530][gc,heap     ] GC(265) Humongous regions: 129->129
[2024-07-21T10:28:57.548+0530][gc,metaspace] GC(265) Metaspace: 46342K(46912K)->46342K(46912K) NonClass: 41245K(41536K)->41245K(41536K) Class: 5096K(5376K)->5096K(5376K)
[2024-07-21T10:28:57.548+0530][gc          ] GC(265) Pause Young (Normal) (G1 Evacuation Pause) 793M->185M(1024M) 1.989ms
[2024-07-21T10:28:57.548+0530][gc,cpu      ] GC(265) User=0.02s Sys=0.00s Real=0.00s
[2024-07-21T10:29:42.443+0530][gc,start    ] GC(266) Pause Young (Normal) (G1 Evacuation Pause)
[2024-07-21T10:29:42.443+0530][gc,task     ] GC(266) Using 13 workers of 13 for evacuation
[2024-07-21T10:29:42.445+0530][gc,phases   ] GC(266)   Pre Evacuate Collection Set: 0.1ms
[2024-07-21T10:29:42.445+0530][gc,phases   ] GC(266)   Merge Heap Roots: 0.1ms
[2024-07-21T10:29:42.445+0530][gc,phases   ] GC(266)   Evacuate Collection Set: 1.2ms
[2024-07-21T10:29:42.445+0530][gc,phases   ] GC(266)   Post Evacuate Collection Set: 0.3ms
[2024-07-21T10:29:42.445+0530][gc,phases   ] GC(266)   Other: 0.1ms
[2024-07-21T10:29:42.445+0530][gc,heap     ] GC(266) Eden regions: 608->0(608)
[2024-07-21T10:29:42.445+0530][gc,heap     ] GC(266) Survivor regions: 6->6(77)
[2024-07-21T10:29:42.445+0530][gc,heap     ] GC(266) Old regions: 50->51
[2024-07-21T10:29:42.445+0530][gc,heap     ] GC(266) Archive regions: 2->2
[2024-07-21T10:29:42.445+0530][gc,heap     ] GC(266) Humongous regions: 129->129
[2024-07-21T10:29:42.445+0530][gc,metaspace] GC(266) Metaspace: 46342K(46912K)->46342K(46912K) NonClass: 41245K(41536K)->41245K(41536K) Class: 5096K(5376K)->5096K(5376K)
[2024-07-21T10:29:42.445+0530][gc          ] GC(266) Pause Young (Normal) (G1 Evacuation Pause) 793M->185M(1024M) 1.886ms
[2024-07-21T10:29:42.445+0530][gc,cpu      ] GC(266) User=0.01s Sys=0.01s Real=0.00s
[2024-07-21T10:30:12.569+0530][gc,start    ] GC(267) Pause Young (Normal) (G1 Evacuation Pause)
[2024-07-21T10:30:12.569+0530][gc,task     ] GC(267) Using 13 workers of 13 for evacuation
[2024-07-21T10:30:12.570+0530][gc,phases   ] GC(267)   Pre Evacuate Collection Set: 0.1ms
[2024-07-21T10:30:12.570+0530][gc,phases   ] GC(267)   Merge Heap Roots: 0.2ms
[2024-07-21T10:30:12.570+0530][gc,phases   ] GC(267)   Evacuate Collection Set: 0.8ms
[2024-07-21T10:30:12.570+0530][gc,phases   ] GC(267)   Post Evacuate Collection Set: 0.3ms
[2024-07-21T10:30:12.570+0530][gc,phases   ] GC(267)   Other: 0.1ms
[2024-07-21T10:30:12.570+0530][gc,heap     ] GC(267) Eden regions: 608->0(609)
[2024-07-21T10:30:12.570+0530][gc,heap     ] GC(267) Survivor regions: 6->5(77)
[2024-07-21T10:30:12.570+0530][gc,heap     ] GC(267) Old regions: 51->51
[2024-07-21T10:30:12.570+0530][gc,heap     ] GC(267) Archive regions: 2->2
[2024-07-21T10:30:12.570+0530][gc,heap     ] GC(267) Humongous regions: 129->129
[2024-07-21T10:30:12.570+0530][gc,metaspace] GC(267) Metaspace: 46342K(46912K)->46342K(46912K) NonClass: 41245K(41536K)->41245K(41536K) Class: 5096K(5376K)->5096K(5376K)
[2024-07-21T10:30:12.570+0530][gc          ] GC(267) Pause Young (Normal) (G1 Evacuation Pause) 793M->184M(1024M) 1.601ms
[2024-07-21T10:30:12.570+0530][gc,cpu      ] GC(267) User=0.02s Sys=0.00s Real=0.00s
[2024-07-21T10:30:57.447+0530][gc,start    ] GC(268) Pause Young (Normal) (G1 Evacuation Pause)
[2024-07-21T10:30:57.447+0530][gc,task     ] GC(268) Using 13 workers of 13 for evacuation
[2024-07-21T10:30:57.449+0530][gc,phases   ] GC(268)   Pre Evacuate Collection Set: 0.1ms
[2024-07-21T10:30:57.449+0530][gc,phases   ] GC(268)   Merge Heap Roots: 0.1ms
[2024-07-21T10:30:57.449+0530][gc,phases   ] GC(268)   Evacuate Collection Set: 1.0ms
[2024-07-21T10:30:57.449+0530][gc,phases   ] GC(268)   Post Evacuate Collection Set: 0.3ms
[2024-07-21T10:30:57.449+0530][gc,phases   ] GC(268)   Other: 0.1ms
[2024-07-21T10:30:57.449+0530][gc,heap     ] GC(268) Eden regions: 609->0(609)
[2024-07-21T10:30:57.449+0530][gc,heap     ] GC(268) Survivor regions: 5->5(77)
[2024-07-21T10:30:57.449+0530][gc,heap     ] GC(268) Old regions: 51->51
[2024-07-21T10:30:57.449+0530][gc,heap     ] GC(268) Archive regions: 2->2
[2024-07-21T10:30:57.449+0530][gc,heap     ] GC(268) Humongous regions: 129->129
[2024-07-21T10:30:57.449+0530][gc,metaspace] GC(268) Metaspace: 46342K(46912K)->46342K(46912K) NonClass: 41245K(41536K)->41245K(41536K) Class: 5096K(5376K)->5096K(5376K)
[2024-07-21T10:30:57.449+0530][gc          ] GC(268) Pause Young (Normal) (G1 Evacuation Pause) 793M->184M(1024M) 1.727ms
[2024-07-21T10:30:57.449+0530][gc,cpu      ] GC(268) User=0.01s Sys=0.00s Real=0.00s
[2024-07-21T10:31:42.329+0530][gc,start    ] GC(269) Pause Young (Normal) (G1 Evacuation Pause)
[2024-07-21T10:31:42.329+0530][gc,task     ] GC(269) Using 13 workers of 13 for evacuation
[2024-07-21T10:31:42.330+0530][gc,phases   ] GC(269)   Pre Evacuate Collection Set: 0.1ms
[2024-07-21T10:31:42.330+0530][gc,phases   ] GC(269)   Merge Heap Roots: 0.1ms
[2024-07-21T10:31:42.330+0530][gc,phases   ] GC(269)   Evacuate Collection Set: 1.0ms
[2024-07-21T10:31:42.330+0530][gc,phases   ] GC(269)   Post Evacuate Collection Set: 0.3ms
[2024-07-21T10:31:42.330+0530][gc,phases   ] GC(269)   Other: 0.1ms
[2024-07-21T10:31:42.330+0530][gc,heap     ] GC(269) Eden regions: 609->0(609)
[2024-07-21T10:31:42.330+0530][gc,heap     ] GC(269) Survivor regions: 5->5(77)
[2024-07-21T10:31:42.330+0530][gc,heap     ] GC(269) Old regions: 51->51
[2024-07-21T10:31:42.330+0530][gc,heap     ] GC(269) Archive regions: 2->2
[2024-07-21T10:31:42.330+0530][gc,heap     ] GC(269) Humongous regions: 129->129
[2024-07-21T10:31:42.330+0530][gc,metaspace] GC(269) Metaspace: 46342K(46912K)->46342K(46912K) NonClass: 41245K(41536K)->41245K(41536K) Class: 5096K(5376K)->5096K(5376K)
[2024-07-21T10:31:42.330+0530][gc          ] GC(269) Pause Young (Normal) (G1 Evacuation Pause) 793M->185M(1024M) 1.726ms
[2024-07-21T10:31:42.330+0530][gc,cpu      ] GC(269) User=0.01s Sys=0.00s Real=0.00s
[2024-07-21T10:32:12.486+0530][gc,start    ] GC(270) Pause Young (Normal) (G1 Evacuation Pause)
[2024-07-21T10:32:12.486+0530][gc,task     ] GC(270) Using 13 workers of 13 for evacuation
[2024-07-21T10:32:12.487+0530][gc,phases   ] GC(270)   Pre Evacuate Collection Set: 0.1ms
[2024-07-21T10:32:12.487+0530][gc,phases   ] GC(270)   Merge Heap Roots: 0.1ms
[2024-07-21T10:32:12.487+0530][gc,phases   ] GC(270)   Evacuate Collection Set: 1.0ms
[2024-07-21T10:32:12.487+0530][gc,phases   ] GC(270)   Post Evacuate Collection Set: 0.3ms
[2024-07-21T10:32:12.487+0530][gc,phases   ] GC(270)   Other: 0.1ms
[2024-07-21T10:32:12.487+0530][gc,heap     ] GC(270) Eden regions: 609->0(609)
[2024-07-21T10:32:12.487+0530][gc,heap     ] GC(270) Survivor regions: 5->5(77)
[2024-07-21T10:32:12.487+0530][gc,heap     ] GC(270) Old regions: 51->52
[2024-07-21T10:32:12.487+0530][gc,heap     ] GC(270) Archive regions: 2->2
[2024-07-21T10:32:12.488+0530][gc,heap     ] GC(270) Humongous regions: 129->129
[2024-07-21T10:32:12.488+0530][gc,metaspace] GC(270) Metaspace: 46342K(46912K)->46342K(46912K) NonClass: 41245K(41536K)->41245K(41536K) Class: 5096K(5376K)->5096K(5376K)
[2024-07-21T10:32:12.488+0530][gc          ] GC(270) Pause Young (Normal) (G1 Evacuation Pause) 794M->185M(1024M) 1.602ms
[2024-07-21T10:32:12.488+0530][gc,cpu      ] GC(270) User=0.00s Sys=0.01s Real=0.01s
[2024-07-21T10:32:57.350+0530][gc,start    ] GC(271) Pause Young (Normal) (G1 Evacuation Pause)
[2024-07-21T10:32:57.350+0530][gc,task     ] GC(271) Using 13 workers of 13 for evacuation
[2024-07-21T10:32:57.352+0530][gc,phases   ] GC(271)   Pre Evacuate Collection Set: 0.1ms
[2024-07-21T10:32:57.352+0530][gc,phases   ] GC(271)   Merge Heap Roots: 0.1ms
[2024-07-21T10:32:57.352+0530][gc,phases   ] GC(271)   Evacuate Collection Set: 1.1ms
[2024-07-21T10:32:57.352+0530][gc,phases   ] GC(271)   Post Evacuate Collection Set: 0.4ms
[2024-07-21T10:32:57.352+0530][gc,phases   ] GC(271)   Other: 0.1ms
[2024-07-21T10:32:57.352+0530][gc,heap     ] GC(271) Eden regions: 609->0(609)
[2024-07-21T10:32:57.352+0530][gc,heap     ] GC(271) Survivor regions: 5->5(77)
[2024-07-21T10:32:57.352+0530][gc,heap     ] GC(271) Old regions: 52->52
[2024-07-21T10:32:57.352+0530][gc,heap     ] GC(271) Archive regions: 2->2
[2024-07-21T10:32:57.352+0530][gc,heap     ] GC(271) Humongous regions: 129->129
[2024-07-21T10:32:57.352+0530][gc,metaspace] GC(271) Metaspace: 46342K(46912K)->46342K(46912K) NonClass: 41245K(41536K)->41245K(41536K) Class: 5096K(5376K)->5096K(5376K)
[2024-07-21T10:32:57.352+0530][gc          ] GC(271) Pause Young (Normal) (G1 Evacuation Pause) 794M->186M(1024M) 1.845ms
[2024-07-21T10:32:57.352+0530][gc,cpu      ] GC(271) User=0.02s Sys=0.00s Real=0.00s
[2024-07-21T10:33:27.489+0530][gc,start    ] GC(272) Pause Young (Normal) (G1 Evacuation Pause)
[2024-07-21T10:33:27.489+0530][gc,task     ] GC(272) Using 13 workers of 13 for evacuation
[2024-07-21T10:33:27.491+0530][gc,phases   ] GC(272)   Pre Evacuate Collection Set: 0.1ms
[2024-07-21T10:33:27.491+0530][gc,phases   ] GC(272)   Merge Heap Roots: 0.1ms
[2024-07-21T10:33:27.491+0530][gc,phases   ] GC(272)   Evacuate Collection Set: 1.2ms
[2024-07-21T10:33:27.491+0530][gc,phases   ] GC(272)   Post Evacuate Collection Set: 0.4ms
[2024-07-21T10:33:27.491+0530][gc,phases   ] GC(272)   Other: 0.1ms
[2024-07-21T10:33:27.491+0530][gc,heap     ] GC(272) Eden regions: 609->0(608)
[2024-07-21T10:33:27.491+0530][gc,heap     ] GC(272) Survivor regions: 5->6(77)
[2024-07-21T10:33:27.491+0530][gc,heap     ] GC(272) Old regions: 52->52
[2024-07-21T10:33:27.491+0530][gc,heap     ] GC(272) Archive regions: 2->2
[2024-07-21T10:33:27.491+0530][gc,heap     ] GC(272) Humongous regions: 129->129
[2024-07-21T10:33:27.491+0530][gc,metaspace] GC(272) Metaspace: 46342K(46912K)->46342K(46912K) NonClass: 41245K(41536K)->41245K(41536K) Class: 5096K(5376K)->5096K(5376K)
[2024-07-21T10:33:27.491+0530][gc          ] GC(272) Pause Young (Normal) (G1 Evacuation Pause) 795M->186M(1024M) 1.896ms
[2024-07-21T10:33:27.491+0530][gc,cpu      ] GC(272) User=0.01s Sys=0.01s Real=0.00s
[2024-07-21T10:34:12.375+0530][gc,start    ] GC(273) Pause Young (Normal) (G1 Evacuation Pause)
[2024-07-21T10:34:12.375+0530][gc,task     ] GC(273) Using 13 workers of 13 for evacuation
[2024-07-21T10:34:12.376+0530][gc,phases   ] GC(273)   Pre Evacuate Collection Set: 0.1ms
[2024-07-21T10:34:12.376+0530][gc,phases   ] GC(273)   Merge Heap Roots: 0.2ms
[2024-07-21T10:34:12.376+0530][gc,phases   ] GC(273)   Evacuate Collection Set: 0.9ms
[2024-07-21T10:34:12.376+0530][gc,phases   ] GC(273)   Post Evacuate Collection Set: 0.3ms
[2024-07-21T10:34:12.376+0530][gc,phases   ] GC(273)   Other: 0.1ms
[2024-07-21T10:34:12.376+0530][gc,heap     ] GC(273) Eden regions: 608->0(610)
[2024-07-21T10:34:12.376+0530][gc,heap     ] GC(273) Survivor regions: 6->4(77)
[2024-07-21T10:34:12.376+0530][gc,heap     ] GC(273) Old regions: 52->52
[2024-07-21T10:34:12.376+0530][gc,heap     ] GC(273) Archive regions: 2->2
[2024-07-21T10:34:12.376+0530][gc,heap     ] GC(273) Humongous regions: 129->129
[2024-07-21T10:34:12.376+0530][gc,metaspace] GC(273) Metaspace: 46342K(46912K)->46342K(46912K) NonClass: 41245K(41536K)->41245K(41536K) Class: 5096K(5376K)->5096K(5376K)
[2024-07-21T10:34:12.377+0530][gc          ] GC(273) Pause Young (Normal) (G1 Evacuation Pause) 794M->185M(1024M) 1.652ms
[2024-07-21T10:34:12.377+0530][gc,cpu      ] GC(273) User=0.01s Sys=0.00s Real=0.00s
[2024-07-21T10:34:42.511+0530][gc,start    ] GC(274) Pause Young (Normal) (G1 Evacuation Pause)
[2024-07-21T10:34:42.511+0530][gc,task     ] GC(274) Using 13 workers of 13 for evacuation
[2024-07-21T10:34:42.512+0530][gc,phases   ] GC(274)   Pre Evacuate Collection Set: 0.1ms
[2024-07-21T10:34:42.512+0530][gc,phases   ] GC(274)   Merge Heap Roots: 0.1ms
[2024-07-21T10:34:42.512+0530][gc,phases   ] GC(274)   Evacuate Collection Set: 0.9ms
[2024-07-21T10:34:42.512+0530][gc,phases   ] GC(274)   Post Evacuate Collection Set: 0.4ms
[2024-07-21T10:34:42.512+0530][gc,phases   ] GC(274)   Other: 0.1ms
[2024-07-21T10:34:42.512+0530][gc,heap     ] GC(274) Eden regions: 610->0(609)
[2024-07-21T10:34:42.512+0530][gc,heap     ] GC(274) Survivor regions: 4->5(77)
[2024-07-21T10:34:42.512+0530][gc,heap     ] GC(274) Old regions: 52->53
[2024-07-21T10:34:42.512+0530][gc,heap     ] GC(274) Archive regions: 2->2
[2024-07-21T10:34:42.512+0530][gc,heap     ] GC(274) Humongous regions: 129->129
[2024-07-21T10:34:42.512+0530][gc,metaspace] GC(274) Metaspace: 46342K(46912K)->46342K(46912K) NonClass: 41245K(41536K)->41245K(41536K) Class: 5096K(5376K)->5096K(5376K)
[2024-07-21T10:34:42.512+0530][gc          ] GC(274) Pause Young (Normal) (G1 Evacuation Pause) 795M->186M(1024M) 1.662ms
[2024-07-21T10:34:42.512+0530][gc,cpu      ] GC(274) User=0.01s Sys=0.00s Real=0.00s
[2024-07-21T10:35:27.406+0530][gc,start    ] GC(275) Pause Young (Normal) (G1 Evacuation Pause)
[2024-07-21T10:35:27.406+0530][gc,task     ] GC(275) Using 13 workers of 13 for evacuation
[2024-07-21T10:35:27.408+0530][gc,phases   ] GC(275)   Pre Evacuate Collection Set: 0.1ms
[2024-07-21T10:35:27.408+0530][gc,phases   ] GC(275)   Merge Heap Roots: 0.2ms
[2024-07-21T10:35:27.408+0530][gc,phases   ] GC(275)   Evacuate Collection Set: 0.8ms
[2024-07-21T10:35:27.408+0530][gc,phases   ] GC(275)   Post Evacuate Collection Set: 0.4ms
[2024-07-21T10:35:27.408+0530][gc,phases   ] GC(275)   Other: 0.1ms
[2024-07-21T10:35:27.408+0530][gc,heap     ] GC(275) Eden regions: 609->0(609)
[2024-07-21T10:35:27.408+0530][gc,heap     ] GC(275) Survivor regions: 5->5(77)
[2024-07-21T10:35:27.408+0530][gc,heap     ] GC(275) Old regions: 53->53
[2024-07-21T10:35:27.408+0530][gc,heap     ] GC(275) Archive regions: 2->2
[2024-07-21T10:35:27.408+0530][gc,heap     ] GC(275) Humongous regions: 129->129
[2024-07-21T10:35:27.408+0530][gc,metaspace] GC(275) Metaspace: 46342K(46912K)->46342K(46912K) NonClass: 41245K(41536K)->41245K(41536K) Class: 5096K(5376K)->5096K(5376K)
[2024-07-21T10:35:27.408+0530][gc          ] GC(275) Pause Young (Normal) (G1 Evacuation Pause) 795M->186M(1024M) 1.711ms
[2024-07-21T10:35:27.408+0530][gc,cpu      ] GC(275) User=0.01s Sys=0.00s Real=0.01s
[2024-07-21T10:35:57.531+0530][gc,start    ] GC(276) Pause Young (Normal) (G1 Evacuation Pause)
[2024-07-21T10:35:57.531+0530][gc,task     ] GC(276) Using 13 workers of 13 for evacuation
[2024-07-21T10:35:57.533+0530][gc,phases   ] GC(276)   Pre Evacuate Collection Set: 0.1ms
[2024-07-21T10:35:57.533+0530][gc,phases   ] GC(276)   Merge Heap Roots: 0.1ms
[2024-07-21T10:35:57.533+0530][gc,phases   ] GC(276)   Evacuate Collection Set: 1.0ms
[2024-07-21T10:35:57.533+0530][gc,phases   ] GC(276)   Post Evacuate Collection Set: 0.4ms
[2024-07-21T10:35:57.533+0530][gc,phases   ] GC(276)   Other: 0.1ms
[2024-07-21T10:35:57.533+0530][gc,heap     ] GC(276) Eden regions: 609->0(609)
[2024-07-21T10:35:57.533+0530][gc,heap     ] GC(276) Survivor regions: 5->5(77)
[2024-07-21T10:35:57.533+0530][gc,heap     ] GC(276) Old regions: 53->53
[2024-07-21T10:35:57.533+0530][gc,heap     ] GC(276) Archive regions: 2->2
[2024-07-21T10:35:57.533+0530][gc,heap     ] GC(276) Humongous regions: 129->129
[2024-07-21T10:35:57.533+0530][gc,metaspace] GC(276) Metaspace: 46342K(46912K)->46342K(46912K) NonClass: 41245K(41536K)->41245K(41536K) Class: 5096K(5376K)->5096K(5376K)
[2024-07-21T10:35:57.533+0530][gc          ] GC(276) Pause Young (Normal) (G1 Evacuation Pause) 795M->187M(1024M) 1.744ms
[2024-07-21T10:35:57.533+0530][gc,cpu      ] GC(276) User=0.01s Sys=0.00s Real=0.00s
[2024-07-21T10:36:42.415+0530][gc,start    ] GC(277) Pause Young (Normal) (G1 Evacuation Pause)
[2024-07-21T10:36:42.415+0530][gc,task     ] GC(277) Using 13 workers of 13 for evacuation
[2024-07-21T10:36:42.417+0530][gc,phases   ] GC(277)   Pre Evacuate Collection Set: 0.1ms
[2024-07-21T10:36:42.417+0530][gc,phases   ] GC(277)   Merge Heap Roots: 0.1ms
[2024-07-21T10:36:42.417+0530][gc,phases   ] GC(277)   Evacuate Collection Set: 1.0ms
[2024-07-21T10:36:42.417+0530][gc,phases   ] GC(277)   Post Evacuate Collection Set: 0.3ms
[2024-07-21T10:36:42.417+0530][gc,phases   ] GC(277)   Other: 0.1ms
[2024-07-21T10:36:42.417+0530][gc,heap     ] GC(277) Eden regions: 609->0(609)
[2024-07-21T10:36:42.417+0530][gc,heap     ] GC(277) Survivor regions: 5->5(77)
[2024-07-21T10:36:42.417+0530][gc,heap     ] GC(277) Old regions: 53->53
[2024-07-21T10:36:42.417+0530][gc,heap     ] GC(277) Archive regions: 2->2
[2024-07-21T10:36:42.417+0530][gc,heap     ] GC(277) Humongous regions: 129->129
[2024-07-21T10:36:42.417+0530][gc,metaspace] GC(277) Metaspace: 46342K(46912K)->46342K(46912K) NonClass: 41245K(41536K)->41245K(41536K) Class: 5096K(5376K)->5096K(5376K)
[2024-07-21T10:36:42.417+0530][gc          ] GC(277) Pause Young (Normal) (G1 Evacuation Pause) 796M->187M(1024M) 1.676ms
[2024-07-21T10:36:42.417+0530][gc,cpu      ] GC(277) User=0.01s Sys=0.01s Real=0.00s
[2024-07-21T10:37:12.555+0530][gc,start    ] GC(278) Pause Young (Normal) (G1 Evacuation Pause)
[2024-07-21T10:37:12.555+0530][gc,task     ] GC(278) Using 13 workers of 13 for evacuation
[2024-07-21T10:37:12.557+0530][gc,phases   ] GC(278)   Pre Evacuate Collection Set: 0.1ms
[2024-07-21T10:37:12.557+0530][gc,phases   ] GC(278)   Merge Heap Roots: 0.1ms
[2024-07-21T10:37:12.557+0530][gc,phases   ] GC(278)   Evacuate Collection Set: 1.1ms
[2024-07-21T10:37:12.557+0530][gc,phases   ] GC(278)   Post Evacuate Collection Set: 0.4ms
[2024-07-21T10:37:12.557+0530][gc,phases   ] GC(278)   Other: 0.1ms
[2024-07-21T10:37:12.557+0530][gc,heap     ] GC(278) Eden regions: 609->0(608)
[2024-07-21T10:37:12.557+0530][gc,heap     ] GC(278) Survivor regions: 5->6(77)
[2024-07-21T10:37:12.557+0530][gc,heap     ] GC(278) Old regions: 53->53
[2024-07-21T10:37:12.557+0530][gc,heap     ] GC(278) Archive regions: 2->2
[2024-07-21T10:37:12.557+0530][gc,heap     ] GC(278) Humongous regions: 129->129
[2024-07-21T10:37:12.557+0530][gc,metaspace] GC(278) Metaspace: 46342K(46912K)->46342K(46912K) NonClass: 41245K(41536K)->41245K(41536K) Class: 5096K(5376K)->5096K(5376K)
[2024-07-21T10:37:12.557+0530][gc          ] GC(278) Pause Young (Normal) (G1 Evacuation Pause) 796M->188M(1024M) 1.924ms
[2024-07-21T10:37:12.557+0530][gc,cpu      ] GC(278) User=0.02s Sys=0.00s Real=0.00s
[2024-07-21T10:37:57.432+0530][gc,start    ] GC(279) Pause Young (Normal) (G1 Evacuation Pause)
[2024-07-21T10:37:57.432+0530][gc,task     ] GC(279) Using 13 workers of 13 for evacuation
[2024-07-21T10:37:57.434+0530][gc,phases   ] GC(279)   Pre Evacuate Collection Set: 0.1ms
[2024-07-21T10:37:57.434+0530][gc,phases   ] GC(279)   Merge Heap Roots: 0.2ms
[2024-07-21T10:37:57.434+0530][gc,phases   ] GC(279)   Evacuate Collection Set: 1.2ms
[2024-07-21T10:37:57.434+0530][gc,phases   ] GC(279)   Post Evacuate Collection Set: 0.2ms
[2024-07-21T10:37:57.434+0530][gc,phases   ] GC(279)   Other: 0.1ms
[2024-07-21T10:37:57.434+0530][gc,heap     ] GC(279) Eden regions: 608->0(608)
[2024-07-21T10:37:57.434+0530][gc,heap     ] GC(279) Survivor regions: 6->6(77)
[2024-07-21T10:37:57.434+0530][gc,heap     ] GC(279) Old regions: 53->54
[2024-07-21T10:37:57.434+0530][gc,heap     ] GC(279) Archive regions: 2->2
[2024-07-21T10:37:57.434+0530][gc,heap     ] GC(279) Humongous regions: 129->129
[2024-07-21T10:37:57.434+0530][gc,metaspace] GC(279) Metaspace: 46342K(46912K)->46342K(46912K) NonClass: 41245K(41536K)->41245K(41536K) Class: 5096K(5376K)->5096K(5376K)
[2024-07-21T10:37:57.434+0530][gc          ] GC(279) Pause Young (Normal) (G1 Evacuation Pause) 796M->188M(1024M) 1.837ms
[2024-07-21T10:37:57.434+0530][gc,cpu      ] GC(279) User=0.02s Sys=0.00s Real=0.00s
[2024-07-21T10:38:27.570+0530][gc,start    ] GC(280) Pause Young (Normal) (G1 Evacuation Pause)
[2024-07-21T10:38:27.570+0530][gc,task     ] GC(280) Using 13 workers of 13 for evacuation
[2024-07-21T10:38:27.571+0530][gc,phases   ] GC(280)   Pre Evacuate Collection Set: 0.1ms
[2024-07-21T10:38:27.571+0530][gc,phases   ] GC(280)   Merge Heap Roots: 0.2ms
[2024-07-21T10:38:27.571+0530][gc,phases   ] GC(280)   Evacuate Collection Set: 0.9ms
[2024-07-21T10:38:27.571+0530][gc,phases   ] GC(280)   Post Evacuate Collection Set: 0.4ms
[2024-07-21T10:38:27.571+0530][gc,phases   ] GC(280)   Other: 0.1ms
[2024-07-21T10:38:27.571+0530][gc,heap     ] GC(280) Eden regions: 608->0(609)
[2024-07-21T10:38:27.571+0530][gc,heap     ] GC(280) Survivor regions: 6->5(77)
[2024-07-21T10:38:27.571+0530][gc,heap     ] GC(280) Old regions: 54->54
[2024-07-21T10:38:27.571+0530][gc,heap     ] GC(280) Archive regions: 2->2
[2024-07-21T10:38:27.571+0530][gc,heap     ] GC(280) Humongous regions: 129->129
[2024-07-21T10:38:27.571+0530][gc,metaspace] GC(280) Metaspace: 46342K(46912K)->46342K(46912K) NonClass: 41245K(41536K)->41245K(41536K) Class: 5096K(5376K)->5096K(5376K)
[2024-07-21T10:38:27.571+0530][gc          ] GC(280) Pause Young (Normal) (G1 Evacuation Pause) 796M->187M(1024M) 1.736ms
[2024-07-21T10:38:27.571+0530][gc,cpu      ] GC(280) User=0.02s Sys=0.00s Real=0.00s
[2024-07-21T10:39:12.454+0530][gc,start    ] GC(281) Pause Young (Normal) (G1 Evacuation Pause)
[2024-07-21T10:39:12.454+0530][gc,task     ] GC(281) Using 13 workers of 13 for evacuation
[2024-07-21T10:39:12.456+0530][gc,phases   ] GC(281)   Pre Evacuate Collection Set: 0.1ms
[2024-07-21T10:39:12.456+0530][gc,phases   ] GC(281)   Merge Heap Roots: 0.1ms
[2024-07-21T10:39:12.456+0530][gc,phases   ] GC(281)   Evacuate Collection Set: 1.0ms
[2024-07-21T10:39:12.456+0530][gc,phases   ] GC(281)   Post Evacuate Collection Set: 0.4ms
[2024-07-21T10:39:12.456+0530][gc,phases   ] GC(281)   Other: 0.1ms
[2024-07-21T10:39:12.456+0530][gc,heap     ] GC(281) Eden regions: 609->0(609)
[2024-07-21T10:39:12.456+0530][gc,heap     ] GC(281) Survivor regions: 5->5(77)
[2024-07-21T10:39:12.456+0530][gc,heap     ] GC(281) Old regions: 54->54
[2024-07-21T10:39:12.456+0530][gc,heap     ] GC(281) Archive regions: 2->2
[2024-07-21T10:39:12.456+0530][gc,heap     ] GC(281) Humongous regions: 129->129
[2024-07-21T10:39:12.456+0530][gc,metaspace] GC(281) Metaspace: 46342K(46912K)->46342K(46912K) NonClass: 41245K(41536K)->41245K(41536K) Class: 5096K(5376K)->5096K(5376K)
[2024-07-21T10:39:12.456+0530][gc          ] GC(281) Pause Young (Normal) (G1 Evacuation Pause) 796M->187M(1024M) 1.721ms
[2024-07-21T10:39:12.456+0530][gc,cpu      ] GC(281) User=0.01s Sys=0.00s Real=0.00s
[2024-07-21T10:39:57.333+0530][gc,start    ] GC(282) Pause Young (Normal) (G1 Evacuation Pause)
[2024-07-21T10:39:57.333+0530][gc,task     ] GC(282) Using 13 workers of 13 for evacuation
[2024-07-21T10:39:57.335+0530][gc,phases   ] GC(282)   Pre Evacuate Collection Set: 0.1ms
[2024-07-21T10:39:57.335+0530][gc,phases   ] GC(282)   Merge Heap Roots: 0.2ms
[2024-07-21T10:39:57.335+0530][gc,phases   ] GC(282)   Evacuate Collection Set: 1.0ms
[2024-07-21T10:39:57.335+0530][gc,phases   ] GC(282)   Post Evacuate Collection Set: 0.4ms
[2024-07-21T10:39:57.335+0530][gc,phases   ] GC(282)   Other: 0.1ms
[2024-07-21T10:39:57.335+0530][gc,heap     ] GC(282) Eden regions: 609->0(609)
[2024-07-21T10:39:57.335+0530][gc,heap     ] GC(282) Survivor regions: 5->5(77)
[2024-07-21T10:39:57.335+0530][gc,heap     ] GC(282) Old regions: 54->54
[2024-07-21T10:39:57.335+0530][gc,heap     ] GC(282) Archive regions: 2->2
[2024-07-21T10:39:57.335+0530][gc,heap     ] GC(282) Humongous regions: 129->129
[2024-07-21T10:39:57.335+0530][gc,metaspace] GC(282) Metaspace: 46342K(46912K)->46342K(46912K) NonClass: 41245K(41536K)->41245K(41536K) Class: 5096K(5376K)->5096K(5376K)
[2024-07-21T10:39:57.335+0530][gc          ] GC(282) Pause Young (Normal) (G1 Evacuation Pause) 796M->188M(1024M) 1.884ms
[2024-07-21T10:39:57.335+0530][gc,cpu      ] GC(282) User=0.01s Sys=0.00s Real=0.00s
[2024-07-21T10:40:27.472+0530][gc,start    ] GC(283) Pause Young (Normal) (G1 Evacuation Pause)
[2024-07-21T10:40:27.472+0530][gc,task     ] GC(283) Using 13 workers of 13 for evacuation
[2024-07-21T10:40:27.474+0530][gc,phases   ] GC(283)   Pre Evacuate Collection Set: 0.1ms
[2024-07-21T10:40:27.474+0530][gc,phases   ] GC(283)   Merge Heap Roots: 0.1ms
[2024-07-21T10:40:27.474+0530][gc,phases   ] GC(283)   Evacuate Collection Set: 1.1ms
[2024-07-21T10:40:27.474+0530][gc,phases   ] GC(283)   Post Evacuate Collection Set: 0.3ms
[2024-07-21T10:40:27.474+0530][gc,phases   ] GC(283)   Other: 0.1ms
[2024-07-21T10:40:27.474+0530][gc,heap     ] GC(283) Eden regions: 609->0(609)
[2024-07-21T10:40:27.474+0530][gc,heap     ] GC(283) Survivor regions: 5->5(77)
[2024-07-21T10:40:27.474+0530][gc,heap     ] GC(283) Old regions: 54->55
[2024-07-21T10:40:27.474+0530][gc,heap     ] GC(283) Archive regions: 2->2
[2024-07-21T10:40:27.474+0530][gc,heap     ] GC(283) Humongous regions: 129->129
[2024-07-21T10:40:27.474+0530][gc,metaspace] GC(283) Metaspace: 46345K(46912K)->46345K(46912K) NonClass: 41249K(41536K)->41249K(41536K) Class: 5096K(5376K)->5096K(5376K)
[2024-07-21T10:40:27.474+0530][gc          ] GC(283) Pause Young (Normal) (G1 Evacuation Pause) 797M->188M(1024M) 1.771ms
[2024-07-21T10:40:27.474+0530][gc,cpu      ] GC(283) User=0.01s Sys=0.00s Real=0.00s
[2024-07-21T10:41:12.354+0530][gc,start    ] GC(284) Pause Young (Normal) (G1 Evacuation Pause)
[2024-07-21T10:41:12.354+0530][gc,task     ] GC(284) Using 13 workers of 13 for evacuation
[2024-07-21T10:41:12.356+0530][gc,phases   ] GC(284)   Pre Evacuate Collection Set: 0.1ms
[2024-07-21T10:41:12.356+0530][gc,phases   ] GC(284)   Merge Heap Roots: 0.1ms
[2024-07-21T10:41:12.356+0530][gc,phases   ] GC(284)   Evacuate Collection Set: 1.1ms
[2024-07-21T10:41:12.356+0530][gc,phases   ] GC(284)   Post Evacuate Collection Set: 0.4ms
[2024-07-21T10:41:12.356+0530][gc,phases   ] GC(284)   Other: 0.1ms
[2024-07-21T10:41:12.356+0530][gc,heap     ] GC(284) Eden regions: 609->0(609)
[2024-07-21T10:41:12.356+0530][gc,heap     ] GC(284) Survivor regions: 5->5(77)
[2024-07-21T10:41:12.356+0530][gc,heap     ] GC(284) Old regions: 55->55
[2024-07-21T10:41:12.356+0530][gc,heap     ] GC(284) Archive regions: 2->2
[2024-07-21T10:41:12.356+0530][gc,heap     ] GC(284) Humongous regions: 129->129
[2024-07-21T10:41:12.356+0530][gc,metaspace] GC(284) Metaspace: 46345K(46912K)->46345K(46912K) NonClass: 41249K(41536K)->41249K(41536K) Class: 5096K(5376K)->5096K(5376K)
[2024-07-21T10:41:12.356+0530][gc          ] GC(284) Pause Young (Normal) (G1 Evacuation Pause) 797M->189M(1024M) 1.915ms
[2024-07-21T10:41:12.356+0530][gc,cpu      ] GC(284) User=0.02s Sys=0.01s Real=0.00s
[2024-07-21T10:41:42.508+0530][gc,start    ] GC(285) Pause Young (Normal) (G1 Evacuation Pause)
[2024-07-21T10:41:42.508+0530][gc,task     ] GC(285) Using 13 workers of 13 for evacuation
[2024-07-21T10:41:42.510+0530][gc,phases   ] GC(285)   Pre Evacuate Collection Set: 0.1ms
[2024-07-21T10:41:42.510+0530][gc,phases   ] GC(285)   Merge Heap Roots: 0.2ms
[2024-07-21T10:41:42.510+0530][gc,phases   ] GC(285)   Evacuate Collection Set: 1.1ms
[2024-07-21T10:41:42.510+0530][gc,phases   ] GC(285)   Post Evacuate Collection Set: 0.3ms
[2024-07-21T10:41:42.510+0530][gc,phases   ] GC(285)   Other: 0.1ms
[2024-07-21T10:41:42.510+0530][gc,heap     ] GC(285) Eden regions: 609->0(608)
[2024-07-21T10:41:42.510+0530][gc,heap     ] GC(285) Survivor regions: 5->6(77)
[2024-07-21T10:41:42.510+0530][gc,heap     ] GC(285) Old regions: 55->55
[2024-07-21T10:41:42.510+0530][gc,heap     ] GC(285) Archive regions: 2->2
[2024-07-21T10:41:42.510+0530][gc,heap     ] GC(285) Humongous regions: 129->129
[2024-07-21T10:41:42.510+0530][gc,metaspace] GC(285) Metaspace: 46345K(46912K)->46345K(46912K) NonClass: 41249K(41536K)->41249K(41536K) Class: 5096K(5376K)->5096K(5376K)
[2024-07-21T10:41:42.510+0530][gc          ] GC(285) Pause Young (Normal) (G1 Evacuation Pause) 798M->189M(1024M) 1.792ms
[2024-07-21T10:41:42.510+0530][gc,cpu      ] GC(285) User=0.01s Sys=0.00s Real=0.00s
[2024-07-21T10:42:27.374+0530][gc,start    ] GC(286) Pause Young (Normal) (G1 Evacuation Pause)
[2024-07-21T10:42:27.374+0530][gc,task     ] GC(286) Using 13 workers of 13 for evacuation
[2024-07-21T10:42:27.376+0530][gc,phases   ] GC(286)   Pre Evacuate Collection Set: 0.1ms
[2024-07-21T10:42:27.376+0530][gc,phases   ] GC(286)   Merge Heap Roots: 0.1ms
[2024-07-21T10:42:27.376+0530][gc,phases   ] GC(286)   Evacuate Collection Set: 0.9ms
[2024-07-21T10:42:27.376+0530][gc,phases   ] GC(286)   Post Evacuate Collection Set: 0.4ms
[2024-07-21T10:42:27.376+0530][gc,phases   ] GC(286)   Other: 0.1ms
[2024-07-21T10:42:27.376+0530][gc,heap     ] GC(286) Eden regions: 608->0(610)
[2024-07-21T10:42:27.376+0530][gc,heap     ] GC(286) Survivor regions: 6->4(77)
[2024-07-21T10:42:27.376+0530][gc,heap     ] GC(286) Old regions: 55->55
[2024-07-21T10:42:27.376+0530][gc,heap     ] GC(286) Archive regions: 2->2
[2024-07-21T10:42:27.376+0530][gc,heap     ] GC(286) Humongous regions: 129->129
[2024-07-21T10:42:27.376+0530][gc,metaspace] GC(286) Metaspace: 46345K(46912K)->46345K(46912K) NonClass: 41249K(41536K)->41249K(41536K) Class: 5096K(5376K)->5096K(5376K)
[2024-07-21T10:42:27.376+0530][gc          ] GC(286) Pause Young (Normal) (G1 Evacuation Pause) 797M->188M(1024M) 1.659ms
[2024-07-21T10:42:27.376+0530][gc,cpu      ] GC(286) User=0.01s Sys=0.00s Real=0.00s
[2024-07-21T10:42:57.530+0530][gc,start    ] GC(287) Pause Young (Normal) (G1 Evacuation Pause)
[2024-07-21T10:42:57.530+0530][gc,task     ] GC(287) Using 13 workers of 13 for evacuation
[2024-07-21T10:42:57.531+0530][gc,phases   ] GC(287)   Pre Evacuate Collection Set: 0.1ms
[2024-07-21T10:42:57.531+0530][gc,phases   ] GC(287)   Merge Heap Roots: 0.1ms
[2024-07-21T10:42:57.531+0530][gc,phases   ] GC(287)   Evacuate Collection Set: 0.8ms
[2024-07-21T10:42:57.531+0530][gc,phases   ] GC(287)   Post Evacuate Collection Set: 0.4ms
[2024-07-21T10:42:57.531+0530][gc,phases   ] GC(287)   Other: 0.1ms
[2024-07-21T10:42:57.531+0530][gc,heap     ] GC(287) Eden regions: 610->0(609)
[2024-07-21T10:42:57.531+0530][gc,heap     ] GC(287) Survivor regions: 4->5(77)
[2024-07-21T10:42:57.531+0530][gc,heap     ] GC(287) Old regions: 55->56
[2024-07-21T10:42:57.531+0530][gc,heap     ] GC(287) Archive regions: 2->2
[2024-07-21T10:42:57.531+0530][gc,heap     ] GC(287) Humongous regions: 129->129
[2024-07-21T10:42:57.531+0530][gc,metaspace] GC(287) Metaspace: 46345K(46912K)->46345K(46912K) NonClass: 41249K(41536K)->41249K(41536K) Class: 5096K(5376K)->5096K(5376K)
[2024-07-21T10:42:57.531+0530][gc          ] GC(287) Pause Young (Normal) (G1 Evacuation Pause) 798M->189M(1024M) 1.602ms
[2024-07-21T10:42:57.531+0530][gc,cpu      ] GC(287) User=0.01s Sys=0.00s Real=0.00s
[2024-07-21T10:43:42.394+0530][gc,start    ] GC(288) Pause Young (Normal) (G1 Evacuation Pause)
[2024-07-21T10:43:42.394+0530][gc,task     ] GC(288) Using 13 workers of 13 for evacuation
[2024-07-21T10:43:42.396+0530][gc,phases   ] GC(288)   Pre Evacuate Collection Set: 0.1ms
[2024-07-21T10:43:42.396+0530][gc,phases   ] GC(288)   Merge Heap Roots: 0.1ms
[2024-07-21T10:43:42.396+0530][gc,phases   ] GC(288)   Evacuate Collection Set: 1.0ms
[2024-07-21T10:43:42.396+0530][gc,phases   ] GC(288)   Post Evacuate Collection Set: 0.4ms
[2024-07-21T10:43:42.396+0530][gc,phases   ] GC(288)   Other: 0.1ms
[2024-07-21T10:43:42.396+0530][gc,heap     ] GC(288) Eden regions: 609->0(609)
[2024-07-21T10:43:42.396+0530][gc,heap     ] GC(288) Survivor regions: 5->5(77)
[2024-07-21T10:43:42.396+0530][gc,heap     ] GC(288) Old regions: 56->56
[2024-07-21T10:43:42.396+0530][gc,heap     ] GC(288) Archive regions: 2->2
[2024-07-21T10:43:42.396+0530][gc,heap     ] GC(288) Humongous regions: 129->129
[2024-07-21T10:43:42.396+0530][gc,metaspace] GC(288) Metaspace: 46345K(46912K)->46345K(46912K) NonClass: 41249K(41536K)->41249K(41536K) Class: 5096K(5376K)->5096K(5376K)
[2024-07-21T10:43:42.396+0530][gc          ] GC(288) Pause Young (Normal) (G1 Evacuation Pause) 798M->189M(1024M) 1.810ms
[2024-07-21T10:43:42.396+0530][gc,cpu      ] GC(288) User=0.02s Sys=0.00s Real=0.00s
[2024-07-21T10:44:12.550+0530][gc,start    ] GC(289) Pause Young (Normal) (G1 Evacuation Pause)
[2024-07-21T10:44:12.550+0530][gc,task     ] GC(289) Using 13 workers of 13 for evacuation
[2024-07-21T10:44:12.552+0530][gc,phases   ] GC(289)   Pre Evacuate Collection Set: 0.1ms
[2024-07-21T10:44:12.552+0530][gc,phases   ] GC(289)   Merge Heap Roots: 0.1ms
[2024-07-21T10:44:12.552+0530][gc,phases   ] GC(289)   Evacuate Collection Set: 1.3ms
[2024-07-21T10:44:12.552+0530][gc,phases   ] GC(289)   Post Evacuate Collection Set: 0.4ms
[2024-07-21T10:44:12.552+0530][gc,phases   ] GC(289)   Other: 0.1ms
[2024-07-21T10:44:12.552+0530][gc,heap     ] GC(289) Eden regions: 609->0(609)
[2024-07-21T10:44:12.552+0530][gc,heap     ] GC(289) Survivor regions: 5->5(77)
[2024-07-21T10:44:12.552+0530][gc,heap     ] GC(289) Old regions: 56->56
[2024-07-21T10:44:12.552+0530][gc,heap     ] GC(289) Archive regions: 2->2
[2024-07-21T10:44:12.552+0530][gc,heap     ] GC(289) Humongous regions: 129->129
[2024-07-21T10:44:12.552+0530][gc,metaspace] GC(289) Metaspace: 46345K(46912K)->46345K(46912K) NonClass: 41249K(41536K)->41249K(41536K) Class: 5096K(5376K)->5096K(5376K)
[2024-07-21T10:44:12.552+0530][gc          ] GC(289) Pause Young (Normal) (G1 Evacuation Pause) 798M->190M(1024M) 2.106ms
[2024-07-21T10:44:12.552+0530][gc,cpu      ] GC(289) User=0.02s Sys=0.01s Real=0.00s
[2024-07-21T10:44:57.432+0530][gc,start    ] GC(290) Pause Young (Normal) (G1 Evacuation Pause)
[2024-07-21T10:44:57.432+0530][gc,task     ] GC(290) Using 13 workers of 13 for evacuation
[2024-07-21T10:44:57.434+0530][gc,phases   ] GC(290)   Pre Evacuate Collection Set: 0.1ms
[2024-07-21T10:44:57.434+0530][gc,phases   ] GC(290)   Merge Heap Roots: 0.1ms
[2024-07-21T10:44:57.434+0530][gc,phases   ] GC(290)   Evacuate Collection Set: 1.1ms
[2024-07-21T10:44:57.434+0530][gc,phases   ] GC(290)   Post Evacuate Collection Set: 0.3ms
[2024-07-21T10:44:57.434+0530][gc,phases   ] GC(290)   Other: 0.1ms
[2024-07-21T10:44:57.434+0530][gc,heap     ] GC(290) Eden regions: 609->0(609)
[2024-07-21T10:44:57.434+0530][gc,heap     ] GC(290) Survivor regions: 5->5(77)
[2024-07-21T10:44:57.434+0530][gc,heap     ] GC(290) Old regions: 56->56
[2024-07-21T10:44:57.434+0530][gc,heap     ] GC(290) Archive regions: 2->2
[2024-07-21T10:44:57.434+0530][gc,heap     ] GC(290) Humongous regions: 129->129
[2024-07-21T10:44:57.434+0530][gc,metaspace] GC(290) Metaspace: 46345K(46912K)->46345K(46912K) NonClass: 41249K(41536K)->41249K(41536K) Class: 5096K(5376K)->5096K(5376K)
[2024-07-21T10:44:57.434+0530][gc          ] GC(290) Pause Young (Normal) (G1 Evacuation Pause) 799M->190M(1024M) 1.733ms
[2024-07-21T10:44:57.434+0530][gc,cpu      ] GC(290) User=0.02s Sys=0.00s Real=0.00s
[2024-07-21T10:45:27.570+0530][gc,start    ] GC(291) Pause Young (Normal) (G1 Evacuation Pause)
[2024-07-21T10:45:27.570+0530][gc,task     ] GC(291) Using 13 workers of 13 for evacuation
[2024-07-21T10:45:27.572+0530][gc,phases   ] GC(291)   Pre Evacuate Collection Set: 0.1ms
[2024-07-21T10:45:27.572+0530][gc,phases   ] GC(291)   Merge Heap Roots: 0.2ms
[2024-07-21T10:45:27.572+0530][gc,phases   ] GC(291)   Evacuate Collection Set: 1.1ms
[2024-07-21T10:45:27.572+0530][gc,phases   ] GC(291)   Post Evacuate Collection Set: 0.4ms
[2024-07-21T10:45:27.572+0530][gc,phases   ] GC(291)   Other: 0.1ms
[2024-07-21T10:45:27.572+0530][gc,heap     ] GC(291) Eden regions: 609->0(608)
[2024-07-21T10:45:27.572+0530][gc,heap     ] GC(291) Survivor regions: 5->6(77)
[2024-07-21T10:45:27.572+0530][gc,heap     ] GC(291) Old regions: 56->57
[2024-07-21T10:45:27.572+0530][gc,heap     ] GC(291) Archive regions: 2->2
[2024-07-21T10:45:27.572+0530][gc,heap     ] GC(291) Humongous regions: 129->129
[2024-07-21T10:45:27.572+0530][gc,metaspace] GC(291) Metaspace: 46345K(46912K)->46345K(46912K) NonClass: 41249K(41536K)->41249K(41536K) Class: 5096K(5376K)->5096K(5376K)
[2024-07-21T10:45:27.572+0530][gc          ] GC(291) Pause Young (Normal) (G1 Evacuation Pause) 799M->191M(1024M) 1.984ms
[2024-07-21T10:45:27.572+0530][gc,cpu      ] GC(291) User=0.02s Sys=0.00s Real=0.00s
[2024-07-21T10:46:12.439+0530][gc,start    ] GC(292) Pause Young (Normal) (G1 Evacuation Pause)
[2024-07-21T10:46:12.439+0530][gc,task     ] GC(292) Using 13 workers of 13 for evacuation
[2024-07-21T10:46:12.441+0530][gc,phases   ] GC(292)   Pre Evacuate Collection Set: 0.1ms
[2024-07-21T10:46:12.441+0530][gc,phases   ] GC(292)   Merge Heap Roots: 0.1ms
[2024-07-21T10:46:12.441+0530][gc,phases   ] GC(292)   Evacuate Collection Set: 1.2ms
[2024-07-21T10:46:12.441+0530][gc,phases   ] GC(292)   Post Evacuate Collection Set: 0.3ms
[2024-07-21T10:46:12.441+0530][gc,phases   ] GC(292)   Other: 0.1ms
[2024-07-21T10:46:12.441+0530][gc,heap     ] GC(292) Eden regions: 608->0(608)
[2024-07-21T10:46:12.441+0530][gc,heap     ] GC(292) Survivor regions: 6->6(77)
[2024-07-21T10:46:12.441+0530][gc,heap     ] GC(292) Old regions: 57->57
[2024-07-21T10:46:12.441+0530][gc,heap     ] GC(292) Archive regions: 2->2
[2024-07-21T10:46:12.441+0530][gc,heap     ] GC(292) Humongous regions: 129->129
[2024-07-21T10:46:12.441+0530][gc,metaspace] GC(292) Metaspace: 46345K(46912K)->46345K(46912K) NonClass: 41249K(41536K)->41249K(41536K) Class: 5096K(5376K)->5096K(5376K)
[2024-07-21T10:46:12.441+0530][gc          ] GC(292) Pause Young (Normal) (G1 Evacuation Pause) 799M->191M(1024M) 1.960ms
[2024-07-21T10:46:12.441+0530][gc,cpu      ] GC(292) User=0.01s Sys=0.00s Real=0.00s
[2024-07-21T10:46:42.589+0530][gc,start    ] GC(293) Pause Young (Normal) (G1 Evacuation Pause)
[2024-07-21T10:46:42.589+0530][gc,task     ] GC(293) Using 13 workers of 13 for evacuation
[2024-07-21T10:46:42.591+0530][gc,phases   ] GC(293)   Pre Evacuate Collection Set: 0.1ms
[2024-07-21T10:46:42.591+0530][gc,phases   ] GC(293)   Merge Heap Roots: 0.1ms
[2024-07-21T10:46:42.591+0530][gc,phases   ] GC(293)   Evacuate Collection Set: 0.8ms
[2024-07-21T10:46:42.591+0530][gc,phases   ] GC(293)   Post Evacuate Collection Set: 0.5ms
[2024-07-21T10:46:42.591+0530][gc,phases   ] GC(293)   Other: 0.1ms
[2024-07-21T10:46:42.591+0530][gc,heap     ] GC(293) Eden regions: 608->0(609)
[2024-07-21T10:46:42.591+0530][gc,heap     ] GC(293) Survivor regions: 6->5(77)
[2024-07-21T10:46:42.591+0530][gc,heap     ] GC(293) Old regions: 57->57
[2024-07-21T10:46:42.591+0530][gc,heap     ] GC(293) Archive regions: 2->2
[2024-07-21T10:46:42.591+0530][gc,heap     ] GC(293) Humongous regions: 129->129
[2024-07-21T10:46:42.591+0530][gc,metaspace] GC(293) Metaspace: 46345K(46912K)->46345K(46912K) NonClass: 41249K(41536K)->41249K(41536K) Class: 5096K(5376K)->5096K(5376K)
[2024-07-21T10:46:42.591+0530][gc          ] GC(293) Pause Young (Normal) (G1 Evacuation Pause) 799M->190M(1024M) 1.757ms
[2024-07-21T10:46:42.591+0530][gc,cpu      ] GC(293) User=0.01s Sys=0.00s Real=0.00s
[2024-07-21T10:47:27.469+0530][gc,start    ] GC(294) Pause Young (Normal) (G1 Evacuation Pause)
[2024-07-21T10:47:27.469+0530][gc,task     ] GC(294) Using 13 workers of 13 for evacuation
[2024-07-21T10:47:27.471+0530][gc,phases   ] GC(294)   Pre Evacuate Collection Set: 0.1ms
[2024-07-21T10:47:27.471+0530][gc,phases   ] GC(294)   Merge Heap Roots: 0.1ms
[2024-07-21T10:47:27.471+0530][gc,phases   ] GC(294)   Evacuate Collection Set: 0.9ms
[2024-07-21T10:47:27.471+0530][gc,phases   ] GC(294)   Post Evacuate Collection Set: 0.3ms
[2024-07-21T10:47:27.471+0530][gc,phases   ] GC(294)   Other: 0.1ms
[2024-07-21T10:47:27.471+0530][gc,heap     ] GC(294) Eden regions: 609->0(609)
[2024-07-21T10:47:27.471+0530][gc,heap     ] GC(294) Survivor regions: 5->5(77)
[2024-07-21T10:47:27.471+0530][gc,heap     ] GC(294) Old regions: 57->57
[2024-07-21T10:47:27.471+0530][gc,heap     ] GC(294) Archive regions: 2->2
[2024-07-21T10:47:27.471+0530][gc,heap     ] GC(294) Humongous regions: 129->129
[2024-07-21T10:47:27.471+0530][gc,metaspace] GC(294) Metaspace: 46350K(46912K)->46350K(46912K) NonClass: 41253K(41536K)->41253K(41536K) Class: 5096K(5376K)->5096K(5376K)
[2024-07-21T10:47:27.471+0530][gc          ] GC(294) Pause Young (Normal) (G1 Evacuation Pause) 799M->190M(1024M) 1.603ms
[2024-07-21T10:47:27.471+0530][gc,cpu      ] GC(294) User=0.02s Sys=0.00s Real=0.00s
[2024-07-21T10:48:12.332+0530][gc,start    ] GC(295) Pause Young (Normal) (G1 Evacuation Pause)
[2024-07-21T10:48:12.332+0530][gc,task     ] GC(295) Using 13 workers of 13 for evacuation
[2024-07-21T10:48:12.334+0530][gc,phases   ] GC(295)   Pre Evacuate Collection Set: 0.1ms
[2024-07-21T10:48:12.334+0530][gc,phases   ] GC(295)   Merge Heap Roots: 0.1ms
[2024-07-21T10:48:12.334+0530][gc,phases   ] GC(295)   Evacuate Collection Set: 0.9ms
[2024-07-21T10:48:12.334+0530][gc,phases   ] GC(295)   Post Evacuate Collection Set: 0.3ms
[2024-07-21T10:48:12.334+0530][gc,phases   ] GC(295)   Other: 0.1ms
[2024-07-21T10:48:12.334+0530][gc,heap     ] GC(295) Eden regions: 609->0(609)
[2024-07-21T10:48:12.334+0530][gc,heap     ] GC(295) Survivor regions: 5->5(77)
[2024-07-21T10:48:12.334+0530][gc,heap     ] GC(295) Old regions: 57->57
[2024-07-21T10:48:12.334+0530][gc,heap     ] GC(295) Archive regions: 2->2
[2024-07-21T10:48:12.334+0530][gc,heap     ] GC(295) Humongous regions: 129->129
[2024-07-21T10:48:12.334+0530][gc,metaspace] GC(295) Metaspace: 46350K(46912K)->46350K(46912K) NonClass: 41253K(41536K)->41253K(41536K) Class: 5096K(5376K)->5096K(5376K)
[2024-07-21T10:48:12.334+0530][gc          ] GC(295) Pause Young (Normal) (G1 Evacuation Pause) 799M->191M(1024M) 1.578ms
[2024-07-21T10:48:12.334+0530][gc,cpu      ] GC(295) User=0.01s Sys=0.01s Real=0.00s
[2024-07-21T10:48:42.476+0530][gc,start    ] GC(296) Pause Young (Normal) (G1 Evacuation Pause)
[2024-07-21T10:48:42.476+0530][gc,task     ] GC(296) Using 13 workers of 13 for evacuation
[2024-07-21T10:48:42.477+0530][gc,phases   ] GC(296)   Pre Evacuate Collection Set: 0.1ms
[2024-07-21T10:48:42.477+0530][gc,phases   ] GC(296)   Merge Heap Roots: 0.1ms
[2024-07-21T10:48:42.477+0530][gc,phases   ] GC(296)   Evacuate Collection Set: 1.1ms
[2024-07-21T10:48:42.477+0530][gc,phases   ] GC(296)   Post Evacuate Collection Set: 0.3ms
[2024-07-21T10:48:42.477+0530][gc,phases   ] GC(296)   Other: 0.1ms
[2024-07-21T10:48:42.477+0530][gc,heap     ] GC(296) Eden regions: 609->0(609)
[2024-07-21T10:48:42.477+0530][gc,heap     ] GC(296) Survivor regions: 5->5(77)
[2024-07-21T10:48:42.477+0530][gc,heap     ] GC(296) Old regions: 57->58
[2024-07-21T10:48:42.477+0530][gc,heap     ] GC(296) Archive regions: 2->2
[2024-07-21T10:48:42.477+0530][gc,heap     ] GC(296) Humongous regions: 129->129
[2024-07-21T10:48:42.477+0530][gc,metaspace] GC(296) Metaspace: 46350K(46912K)->46350K(46912K) NonClass: 41254K(41536K)->41254K(41536K) Class: 5096K(5376K)->5096K(5376K)
[2024-07-21T10:48:42.477+0530][gc          ] GC(296) Pause Young (Normal) (G1 Evacuation Pause) 800M->191M(1024M) 1.755ms
[2024-07-21T10:48:42.477+0530][gc,cpu      ] GC(296) User=0.02s Sys=0.00s Real=0.00s
[2024-07-21T10:49:27.356+0530][gc,start    ] GC(297) Pause Young (Normal) (G1 Evacuation Pause)
[2024-07-21T10:49:27.356+0530][gc,task     ] GC(297) Using 13 workers of 13 for evacuation
[2024-07-21T10:49:27.358+0530][gc,phases   ] GC(297)   Pre Evacuate Collection Set: 0.1ms
[2024-07-21T10:49:27.358+0530][gc,phases   ] GC(297)   Merge Heap Roots: 0.1ms
[2024-07-21T10:49:27.358+0530][gc,phases   ] GC(297)   Evacuate Collection Set: 1.0ms
[2024-07-21T10:49:27.358+0530][gc,phases   ] GC(297)   Post Evacuate Collection Set: 0.3ms
[2024-07-21T10:49:27.358+0530][gc,phases   ] GC(297)   Other: 0.1ms
[2024-07-21T10:49:27.358+0530][gc,heap     ] GC(297) Eden regions: 609->0(609)
[2024-07-21T10:49:27.358+0530][gc,heap     ] GC(297) Survivor regions: 5->5(77)
[2024-07-21T10:49:27.358+0530][gc,heap     ] GC(297) Old regions: 58->58
[2024-07-21T10:49:27.358+0530][gc,heap     ] GC(297) Archive regions: 2->2
[2024-07-21T10:49:27.358+0530][gc,heap     ] GC(297) Humongous regions: 129->129
[2024-07-21T10:49:27.358+0530][gc,metaspace] GC(297) Metaspace: 46350K(46912K)->46350K(46912K) NonClass: 41254K(41536K)->41254K(41536K) Class: 5096K(5376K)->5096K(5376K)
[2024-07-21T10:49:27.358+0530][gc          ] GC(297) Pause Young (Normal) (G1 Evacuation Pause) 800M->192M(1024M) 1.707ms
[2024-07-21T10:49:27.358+0530][gc,cpu      ] GC(297) User=0.02s Sys=0.00s Real=0.00s
[2024-07-21T10:49:57.502+0530][gc,start    ] GC(298) Pause Young (Normal) (G1 Evacuation Pause)
[2024-07-21T10:49:57.502+0530][gc,task     ] GC(298) Using 13 workers of 13 for evacuation
[2024-07-21T10:49:57.503+0530][gc,phases   ] GC(298)   Pre Evacuate Collection Set: 0.1ms
[2024-07-21T10:49:57.503+0530][gc,phases   ] GC(298)   Merge Heap Roots: 0.1ms
[2024-07-21T10:49:57.503+0530][gc,phases   ] GC(298)   Evacuate Collection Set: 1.1ms
[2024-07-21T10:49:57.503+0530][gc,phases   ] GC(298)   Post Evacuate Collection Set: 0.3ms
[2024-07-21T10:49:57.503+0530][gc,phases   ] GC(298)   Other: 0.1ms
[2024-07-21T10:49:57.503+0530][gc,heap     ] GC(298) Eden regions: 609->0(608)
[2024-07-21T10:49:57.503+0530][gc,heap     ] GC(298) Survivor regions: 5->6(77)
[2024-07-21T10:49:57.503+0530][gc,heap     ] GC(298) Old regions: 58->58
[2024-07-21T10:49:57.503+0530][gc,heap     ] GC(298) Archive regions: 2->2
[2024-07-21T10:49:57.503+0530][gc,heap     ] GC(298) Humongous regions: 129->129
[2024-07-21T10:49:57.503+0530][gc,metaspace] GC(298) Metaspace: 46350K(46912K)->46350K(46912K) NonClass: 41254K(41536K)->41254K(41536K) Class: 5096K(5376K)->5096K(5376K)
[2024-07-21T10:49:57.503+0530][gc          ] GC(298) Pause Young (Normal) (G1 Evacuation Pause) 801M->192M(1024M) 1.782ms
[2024-07-21T10:49:57.503+0530][gc,cpu      ] GC(298) User=0.02s Sys=0.00s Real=0.00s
[2024-07-21T10:50:42.376+0530][gc,start    ] GC(299) Pause Young (Normal) (G1 Evacuation Pause)
[2024-07-21T10:50:42.376+0530][gc,task     ] GC(299) Using 13 workers of 13 for evacuation
[2024-07-21T10:50:42.378+0530][gc,phases   ] GC(299)   Pre Evacuate Collection Set: 0.1ms
[2024-07-21T10:50:42.378+0530][gc,phases   ] GC(299)   Merge Heap Roots: 0.1ms
[2024-07-21T10:50:42.378+0530][gc,phases   ] GC(299)   Evacuate Collection Set: 1.2ms
[2024-07-21T10:50:42.378+0530][gc,phases   ] GC(299)   Post Evacuate Collection Set: 0.2ms
[2024-07-21T10:50:42.378+0530][gc,phases   ] GC(299)   Other: 0.1ms
[2024-07-21T10:50:42.378+0530][gc,heap     ] GC(299) Eden regions: 608->0(608)
[2024-07-21T10:50:42.378+0530][gc,heap     ] GC(299) Survivor regions: 6->6(77)
[2024-07-21T10:50:42.378+0530][gc,heap     ] GC(299) Old regions: 58->58
[2024-07-21T10:50:42.378+0530][gc,heap     ] GC(299) Archive regions: 2->2
[2024-07-21T10:50:42.378+0530][gc,heap     ] GC(299) Humongous regions: 129->129
[2024-07-21T10:50:42.378+0530][gc,metaspace] GC(299) Metaspace: 46350K(46912K)->46350K(46912K) NonClass: 41254K(41536K)->41254K(41536K) Class: 5096K(5376K)->5096K(5376K)
[2024-07-21T10:50:42.378+0530][gc          ] GC(299) Pause Young (Normal) (G1 Evacuation Pause) 800M->193M(1024M) 1.807ms
[2024-07-21T10:50:42.378+0530][gc,cpu      ] GC(299) User=0.02s Sys=0.00s Real=0.00s
[2024-07-21T10:51:12.515+0530][gc,start    ] GC(300) Pause Young (Normal) (G1 Evacuation Pause)
[2024-07-21T10:51:12.515+0530][gc,task     ] GC(300) Using 13 workers of 13 for evacuation
[2024-07-21T10:51:12.517+0530][gc,phases   ] GC(300)   Pre Evacuate Collection Set: 0.1ms
[2024-07-21T10:51:12.517+0530][gc,phases   ] GC(300)   Merge Heap Roots: 0.2ms
[2024-07-21T10:51:12.517+0530][gc,phases   ] GC(300)   Evacuate Collection Set: 0.9ms
[2024-07-21T10:51:12.517+0530][gc,phases   ] GC(300)   Post Evacuate Collection Set: 0.5ms
[2024-07-21T10:51:12.517+0530][gc,phases   ] GC(300)   Other: 0.1ms
[2024-07-21T10:51:12.517+0530][gc,heap     ] GC(300) Eden regions: 608->0(609)
[2024-07-21T10:51:12.517+0530][gc,heap     ] GC(300) Survivor regions: 6->5(77)
[2024-07-21T10:51:12.517+0530][gc,heap     ] GC(300) Old regions: 58->59
[2024-07-21T10:51:12.517+0530][gc,heap     ] GC(300) Archive regions: 2->2
[2024-07-21T10:51:12.517+0530][gc,heap     ] GC(300) Humongous regions: 129->129
[2024-07-21T10:51:12.517+0530][gc,metaspace] GC(300) Metaspace: 46350K(46912K)->46350K(46912K) NonClass: 41254K(41536K)->41254K(41536K) Class: 5096K(5376K)->5096K(5376K)
[2024-07-21T10:51:12.517+0530][gc          ] GC(300) Pause Young (Normal) (G1 Evacuation Pause) 801M->192M(1024M) 1.799ms
[2024-07-21T10:51:12.517+0530][gc,cpu      ] GC(300) User=0.02s Sys=0.00s Real=0.00s
