[2024-07-21T00:07:55.151+0530][gc] Using G1
[2024-07-21T00:07:55.158+0530][gc,init] Version: 17.0.11+9-Ubuntu-122.04.1 (release)
[2024-07-21T00:07:55.158+0530][gc,init] CPUs: 16 total, 16 available
[2024-07-21T00:07:55.158+0530][gc,init] Memory: 31911M
[2024-07-21T00:07:55.158+0530][gc,init] Large Page Support: Disabled
[2024-07-21T00:07:55.158+0530][gc,init] NUMA Support: Disabled
[2024-07-21T00:07:55.158+0530][gc,init] Compressed Oops: Enabled (32-bit)
[2024-07-21T00:07:55.158+0530][gc,init] Heap Region Size: 1M
[2024-07-21T00:07:55.158+0530][gc,init] Heap Min Capacity: 1G
[2024-07-21T00:07:55.158+0530][gc,init] Heap Initial Capacity: 1G
[2024-07-21T00:07:55.158+0530][gc,init] Heap Max Capacity: 1G
[2024-07-21T00:07:55.158+0530][gc,init] Pre-touch: Disabled
[2024-07-21T00:07:55.158+0530][gc,init] Parallel Workers: 13
[2024-07-21T00:07:55.158+0530][gc,init] Concurrent Workers: 3
[2024-07-21T00:07:55.158+0530][gc,init] Concurrent Refinement Workers: 13
[2024-07-21T00:07:55.158+0530][gc,init] Periodic GC: Disabled
[2024-07-21T00:07:55.162+0530][gc,metaspace] CDS archive(s) mapped at: [0x0000785a27000000-0x0000785a27bc7000-0x0000785a27bc7000), size 12349440, SharedBaseAddress: 0x0000785a27000000, ArchiveRelocationMode: 1.
[2024-07-21T00:07:55.162+0530][gc,metaspace] Compressed class space mapped at: 0x0000785a28000000-0x0000785a68000000, reserved size: 1073741824
[2024-07-21T00:07:55.162+0530][gc,metaspace] Narrow klass base: 0x0000785a27000000, Narrow klass shift: 0, Narrow klass range: 0x100000000
[2024-07-21T00:07:55.641+0530][gc,start    ] GC(0) Pause Young (Normal) (G1 Evacuation Pause)
[2024-07-21T00:07:55.641+0530][gc,task     ] GC(0) Using 13 workers of 13 for evacuation
[2024-07-21T00:07:55.643+0530][gc,phases   ] GC(0)   Pre Evacuate Collection Set: 0.1ms
[2024-07-21T00:07:55.643+0530][gc,phases   ] GC(0)   Merge Heap Roots: 0.0ms
[2024-07-21T00:07:55.643+0530][gc,phases   ] GC(0)   Evacuate Collection Set: 1.5ms
[2024-07-21T00:07:55.643+0530][gc,phases   ] GC(0)   Post Evacuate Collection Set: 0.2ms
[2024-07-21T00:07:55.643+0530][gc,phases   ] GC(0)   Other: 0.8ms
[2024-07-21T00:07:55.643+0530][gc,heap     ] GC(0) Eden regions: 51->0(44)
[2024-07-21T00:07:55.643+0530][gc,heap     ] GC(0) Survivor regions: 0->7(7)
[2024-07-21T00:07:55.643+0530][gc,heap     ] GC(0) Old regions: 0->2
[2024-07-21T00:07:55.643+0530][gc,heap     ] GC(0) Archive regions: 2->2
[2024-07-21T00:07:55.643+0530][gc,heap     ] GC(0) Humongous regions: 0->0
[2024-07-21T00:07:55.643+0530][gc,metaspace] GC(0) Metaspace: 17458K(17664K)->17458K(17664K) NonClass: 15348K(15488K)->15348K(15488K) Class: 2109K(2176K)->2109K(2176K)
[2024-07-21T00:07:55.643+0530][gc          ] GC(0) Pause Young (Normal) (G1 Evacuation Pause) 51M->9M(1024M) 2.656ms
[2024-07-21T00:07:55.643+0530][gc,cpu      ] GC(0) User=0.02s Sys=0.01s Real=0.00s
[2024-07-21T00:07:55.720+0530][gc,start    ] GC(1) Pause Young (Concurrent Start) (Metadata GC Threshold)
[2024-07-21T00:07:55.720+0530][gc,task     ] GC(1) Using 13 workers of 13 for evacuation
[2024-07-21T00:07:55.721+0530][gc,phases   ] GC(1)   Pre Evacuate Collection Set: 0.1ms
[2024-07-21T00:07:55.721+0530][gc,phases   ] GC(1)   Merge Heap Roots: 0.0ms
[2024-07-21T00:07:55.721+0530][gc,phases   ] GC(1)   Evacuate Collection Set: 1.4ms
[2024-07-21T00:07:55.721+0530][gc,phases   ] GC(1)   Post Evacuate Collection Set: 0.2ms
[2024-07-21T00:07:55.721+0530][gc,phases   ] GC(1)   Other: 0.1ms
[2024-07-21T00:07:55.721+0530][gc,heap     ] GC(1) Eden regions: 14->0(50)
[2024-07-21T00:07:55.721+0530][gc,heap     ] GC(1) Survivor regions: 7->1(7)
[2024-07-21T00:07:55.721+0530][gc,heap     ] GC(1) Old regions: 2->9
[2024-07-21T00:07:55.721+0530][gc,heap     ] GC(1) Archive regions: 2->2
[2024-07-21T00:07:55.721+0530][gc,heap     ] GC(1) Humongous regions: 0->0
[2024-07-21T00:07:55.721+0530][gc,metaspace] GC(1) Metaspace: 21366K(21504K)->21366K(21504K) NonClass: 18807K(18880K)->18807K(18880K) Class: 2558K(2624K)->2558K(2624K)
[2024-07-21T00:07:55.721+0530][gc          ] GC(1) Pause Young (Concurrent Start) (Metadata GC Threshold) 22M->10M(1024M) 1.846ms
[2024-07-21T00:07:55.721+0530][gc,cpu      ] GC(1) User=0.01s Sys=0.00s Real=0.00s
[2024-07-21T00:07:55.721+0530][gc          ] GC(2) Concurrent Mark Cycle
[2024-07-21T00:07:55.721+0530][gc,marking  ] GC(2) Concurrent Clear Claimed Marks
[2024-07-21T00:07:55.721+0530][gc,marking  ] GC(2) Concurrent Clear Claimed Marks 0.008ms
[2024-07-21T00:07:55.721+0530][gc,marking  ] GC(2) Concurrent Scan Root Regions
[2024-07-21T00:07:55.723+0530][gc,marking  ] GC(2) Concurrent Scan Root Regions 1.032ms
[2024-07-21T00:07:55.723+0530][gc,marking  ] GC(2) Concurrent Mark
[2024-07-21T00:07:55.723+0530][gc,marking  ] GC(2) Concurrent Mark From Roots
[2024-07-21T00:07:55.723+0530][gc,task     ] GC(2) Using 3 workers of 3 for marking
[2024-07-21T00:07:55.723+0530][gc,marking  ] GC(2) Concurrent Mark From Roots 0.860ms
[2024-07-21T00:07:55.723+0530][gc,marking  ] GC(2) Concurrent Preclean
[2024-07-21T00:07:55.723+0530][gc,marking  ] GC(2) Concurrent Preclean 0.053ms
[2024-07-21T00:07:55.724+0530][gc,start    ] GC(2) Pause Remark
[2024-07-21T00:07:55.724+0530][gc          ] GC(2) Pause Remark 11M->11M(1024M) 0.721ms
[2024-07-21T00:07:55.724+0530][gc,cpu      ] GC(2) User=0.00s Sys=0.00s Real=0.00s
[2024-07-21T00:07:55.724+0530][gc,marking  ] GC(2) Concurrent Mark 1.706ms
[2024-07-21T00:07:55.724+0530][gc,marking  ] GC(2) Concurrent Rebuild Remembered Sets
[2024-07-21T00:07:55.725+0530][gc,marking  ] GC(2) Concurrent Rebuild Remembered Sets 1.002ms
[2024-07-21T00:07:55.725+0530][gc,start    ] GC(2) Pause Cleanup
[2024-07-21T00:07:55.725+0530][gc          ] GC(2) Pause Cleanup 11M->11M(1024M) 0.063ms
[2024-07-21T00:07:55.725+0530][gc,cpu      ] GC(2) User=0.00s Sys=0.00s Real=0.00s
[2024-07-21T00:07:55.725+0530][gc,marking  ] GC(2) Concurrent Cleanup for Next Mark
[2024-07-21T00:07:55.727+0530][gc,marking  ] GC(2) Concurrent Cleanup for Next Mark 1.663ms
[2024-07-21T00:07:55.727+0530][gc          ] GC(2) Concurrent Mark Cycle 5.681ms
[2024-07-21T00:07:56.098+0530][gc,start    ] GC(3) Pause Young (Normal) (G1 Evacuation Pause)
[2024-07-21T00:07:56.098+0530][gc,task     ] GC(3) Using 13 workers of 13 for evacuation
[2024-07-21T00:07:56.100+0530][gc,phases   ] GC(3)   Pre Evacuate Collection Set: 0.1ms
[2024-07-21T00:07:56.100+0530][gc,phases   ] GC(3)   Merge Heap Roots: 0.0ms
[2024-07-21T00:07:56.100+0530][gc,phases   ] GC(3)   Evacuate Collection Set: 1.7ms
[2024-07-21T00:07:56.100+0530][gc,phases   ] GC(3)   Post Evacuate Collection Set: 0.2ms
[2024-07-21T00:07:56.100+0530][gc,phases   ] GC(3)   Other: 0.1ms
[2024-07-21T00:07:56.100+0530][gc,heap     ] GC(3) Eden regions: 50->0(44)
[2024-07-21T00:07:56.100+0530][gc,heap     ] GC(3) Survivor regions: 1->7(7)
[2024-07-21T00:07:56.100+0530][gc,heap     ] GC(3) Old regions: 9->9
[2024-07-21T00:07:56.100+0530][gc,heap     ] GC(3) Archive regions: 2->2
[2024-07-21T00:07:56.100+0530][gc,heap     ] GC(3) Humongous regions: 129->129
[2024-07-21T00:07:56.100+0530][gc,metaspace] GC(3) Metaspace: 32760K(33024K)->32760K(33024K) NonClass: 29047K(29184K)->29047K(29184K) Class: 3713K(3840K)->3713K(3840K)
[2024-07-21T00:07:56.100+0530][gc          ] GC(3) Pause Young (Normal) (G1 Evacuation Pause) 189M->144M(1024M) 2.154ms
[2024-07-21T00:07:56.100+0530][gc,cpu      ] GC(3) User=0.03s Sys=0.00s Real=0.00s
[2024-07-21T00:07:56.193+0530][gc,start    ] GC(4) Pause Young (Concurrent Start) (Metadata GC Threshold)
[2024-07-21T00:07:56.193+0530][gc,task     ] GC(4) Using 13 workers of 13 for evacuation
[2024-07-21T00:07:56.195+0530][gc,phases   ] GC(4)   Pre Evacuate Collection Set: 0.1ms
[2024-07-21T00:07:56.195+0530][gc,phases   ] GC(4)   Merge Heap Roots: 0.0ms
[2024-07-21T00:07:56.195+0530][gc,phases   ] GC(4)   Evacuate Collection Set: 1.2ms
[2024-07-21T00:07:56.195+0530][gc,phases   ] GC(4)   Post Evacuate Collection Set: 0.2ms
[2024-07-21T00:07:56.195+0530][gc,phases   ] GC(4)   Other: 0.1ms
[2024-07-21T00:07:56.195+0530][gc,heap     ] GC(4) Eden regions: 13->0(49)
[2024-07-21T00:07:56.195+0530][gc,heap     ] GC(4) Survivor regions: 7->2(7)
[2024-07-21T00:07:56.195+0530][gc,heap     ] GC(4) Old regions: 9->15
[2024-07-21T00:07:56.195+0530][gc,heap     ] GC(4) Archive regions: 2->2
[2024-07-21T00:07:56.195+0530][gc,heap     ] GC(4) Humongous regions: 129->129
[2024-07-21T00:07:56.195+0530][gc,metaspace] GC(4) Metaspace: 35841K(36096K)->35841K(36096K) NonClass: 31873K(32000K)->31873K(32000K) Class: 3967K(4096K)->3967K(4096K)
[2024-07-21T00:07:56.195+0530][gc          ] GC(4) Pause Young (Concurrent Start) (Metadata GC Threshold) 156M->145M(1024M) 1.717ms
[2024-07-21T00:07:56.195+0530][gc,cpu      ] GC(4) User=0.02s Sys=0.01s Real=0.00s
[2024-07-21T00:07:56.195+0530][gc          ] GC(5) Concurrent Mark Cycle
[2024-07-21T00:07:56.195+0530][gc,marking  ] GC(5) Concurrent Clear Claimed Marks
[2024-07-21T00:07:56.195+0530][gc,marking  ] GC(5) Concurrent Clear Claimed Marks 0.013ms
[2024-07-21T00:07:56.195+0530][gc,marking  ] GC(5) Concurrent Scan Root Regions
[2024-07-21T00:07:56.196+0530][gc,marking  ] GC(5) Concurrent Scan Root Regions 1.231ms
[2024-07-21T00:07:56.196+0530][gc,marking  ] GC(5) Concurrent Mark
[2024-07-21T00:07:56.196+0530][gc,marking  ] GC(5) Concurrent Mark From Roots
[2024-07-21T00:07:56.196+0530][gc,task     ] GC(5) Using 3 workers of 3 for marking
[2024-07-21T00:07:56.198+0530][gc,marking  ] GC(5) Concurrent Mark From Roots 2.277ms
[2024-07-21T00:07:56.198+0530][gc,marking  ] GC(5) Concurrent Preclean
[2024-07-21T00:07:56.198+0530][gc,marking  ] GC(5) Concurrent Preclean 0.088ms
[2024-07-21T00:07:56.199+0530][gc,start    ] GC(5) Pause Remark
[2024-07-21T00:07:56.199+0530][gc          ] GC(5) Pause Remark 146M->146M(1024M) 0.656ms
[2024-07-21T00:07:56.199+0530][gc,cpu      ] GC(5) User=0.01s Sys=0.00s Real=0.00s
[2024-07-21T00:07:56.199+0530][gc,marking  ] GC(5) Concurrent Mark 3.189ms
[2024-07-21T00:07:56.199+0530][gc,marking  ] GC(5) Concurrent Rebuild Remembered Sets
[2024-07-21T00:07:56.201+0530][gc,marking  ] GC(5) Concurrent Rebuild Remembered Sets 1.828ms
[2024-07-21T00:07:56.201+0530][gc,start    ] GC(5) Pause Cleanup
[2024-07-21T00:07:56.201+0530][gc          ] GC(5) Pause Cleanup 146M->146M(1024M) 0.094ms
[2024-07-21T00:07:56.201+0530][gc,cpu      ] GC(5) User=0.00s Sys=0.00s Real=0.00s
[2024-07-21T00:07:56.201+0530][gc,marking  ] GC(5) Concurrent Cleanup for Next Mark
[2024-07-21T00:07:56.203+0530][gc,marking  ] GC(5) Concurrent Cleanup for Next Mark 1.852ms
[2024-07-21T00:07:56.203+0530][gc          ] GC(5) Concurrent Mark Cycle 8.448ms
[2024-07-21T00:08:53.091+0530][gc,start    ] GC(6) Pause Young (Normal) (G1 Evacuation Pause)
[2024-07-21T00:08:53.091+0530][gc,task     ] GC(6) Using 13 workers of 13 for evacuation
[2024-07-21T00:08:53.092+0530][gc,phases   ] GC(6)   Pre Evacuate Collection Set: 0.1ms
[2024-07-21T00:08:53.092+0530][gc,phases   ] GC(6)   Merge Heap Roots: 0.1ms
[2024-07-21T00:08:53.092+0530][gc,phases   ] GC(6)   Evacuate Collection Set: 0.6ms
[2024-07-21T00:08:53.092+0530][gc,phases   ] GC(6)   Post Evacuate Collection Set: 0.2ms
[2024-07-21T00:08:53.092+0530][gc,phases   ] GC(6)   Other: 0.1ms
[2024-07-21T00:08:53.092+0530][gc,heap     ] GC(6) Eden regions: 49->0(49)
[2024-07-21T00:08:53.092+0530][gc,heap     ] GC(6) Survivor regions: 2->2(7)
[2024-07-21T00:08:53.092+0530][gc,heap     ] GC(6) Old regions: 15->15
[2024-07-21T00:08:53.092+0530][gc,heap     ] GC(6) Archive regions: 2->2
[2024-07-21T00:08:53.092+0530][gc,heap     ] GC(6) Humongous regions: 131->131
[2024-07-21T00:08:53.092+0530][gc,metaspace] GC(6) Metaspace: 37371K(37632K)->37371K(37632K) NonClass: 33192K(33344K)->33192K(33344K) Class: 4179K(4288K)->4179K(4288K)
[2024-07-21T00:08:53.092+0530][gc          ] GC(6) Pause Young (Normal) (G1 Evacuation Pause) 196M->147M(1024M) 1.115ms
[2024-07-21T00:08:53.092+0530][gc,cpu      ] GC(6) User=0.01s Sys=0.00s Real=0.00s
[2024-07-21T00:08:53.160+0530][gc,start    ] GC(7) Pause Young (Normal) (G1 Evacuation Pause)
[2024-07-21T00:08:53.160+0530][gc,task     ] GC(7) Using 13 workers of 13 for evacuation
[2024-07-21T00:08:53.161+0530][gc,phases   ] GC(7)   Pre Evacuate Collection Set: 0.1ms
[2024-07-21T00:08:53.161+0530][gc,phases   ] GC(7)   Merge Heap Roots: 0.0ms
[2024-07-21T00:08:53.161+0530][gc,phases   ] GC(7)   Evacuate Collection Set: 0.5ms
[2024-07-21T00:08:53.161+0530][gc,phases   ] GC(7)   Post Evacuate Collection Set: 0.2ms
[2024-07-21T00:08:53.161+0530][gc,phases   ] GC(7)   Other: 0.1ms
[2024-07-21T00:08:53.161+0530][gc,heap     ] GC(7) Eden regions: 49->0(49)
[2024-07-21T00:08:53.161+0530][gc,heap     ] GC(7) Survivor regions: 2->2(7)
[2024-07-21T00:08:53.161+0530][gc,heap     ] GC(7) Old regions: 15->15
[2024-07-21T00:08:53.161+0530][gc,heap     ] GC(7) Archive regions: 2->2
[2024-07-21T00:08:53.161+0530][gc,heap     ] GC(7) Humongous regions: 131->131
[2024-07-21T00:08:53.161+0530][gc,metaspace] GC(7) Metaspace: 37713K(38016K)->37713K(38016K) NonClass: 33494K(33664K)->33494K(33664K) Class: 4218K(4352K)->4218K(4352K)
[2024-07-21T00:08:53.161+0530][gc          ] GC(7) Pause Young (Normal) (G1 Evacuation Pause) 196M->147M(1024M) 0.960ms
[2024-07-21T00:08:53.161+0530][gc,cpu      ] GC(7) User=0.01s Sys=0.00s Real=0.00s
[2024-07-21T00:08:53.227+0530][gc,start    ] GC(8) Pause Young (Normal) (G1 Evacuation Pause)
[2024-07-21T00:08:53.227+0530][gc,task     ] GC(8) Using 13 workers of 13 for evacuation
[2024-07-21T00:08:53.227+0530][gc,phases   ] GC(8)   Pre Evacuate Collection Set: 0.1ms
[2024-07-21T00:08:53.227+0530][gc,phases   ] GC(8)   Merge Heap Roots: 0.0ms
[2024-07-21T00:08:53.227+0530][gc,phases   ] GC(8)   Evacuate Collection Set: 0.5ms
[2024-07-21T00:08:53.227+0530][gc,phases   ] GC(8)   Post Evacuate Collection Set: 0.2ms
[2024-07-21T00:08:53.227+0530][gc,phases   ] GC(8)   Other: 0.1ms
[2024-07-21T00:08:53.227+0530][gc,heap     ] GC(8) Eden regions: 49->0(69)
[2024-07-21T00:08:53.227+0530][gc,heap     ] GC(8) Survivor regions: 2->3(7)
[2024-07-21T00:08:53.227+0530][gc,heap     ] GC(8) Old regions: 15->15
[2024-07-21T00:08:53.227+0530][gc,heap     ] GC(8) Archive regions: 2->2
[2024-07-21T00:08:53.227+0530][gc,heap     ] GC(8) Humongous regions: 131->131
[2024-07-21T00:08:53.227+0530][gc,metaspace] GC(8) Metaspace: 37815K(38080K)->37815K(38080K) NonClass: 33579K(33728K)->33579K(33728K) Class: 4235K(4352K)->4235K(4352K)
[2024-07-21T00:08:53.227+0530][gc          ] GC(8) Pause Young (Normal) (G1 Evacuation Pause) 196M->148M(1024M) 0.956ms
[2024-07-21T00:08:53.228+0530][gc,cpu      ] GC(8) User=0.01s Sys=0.00s Real=0.00s
[2024-07-21T00:08:53.324+0530][gc,start    ] GC(9) Pause Young (Normal) (G1 Evacuation Pause)
[2024-07-21T00:08:53.324+0530][gc,task     ] GC(9) Using 13 workers of 13 for evacuation
[2024-07-21T00:08:53.325+0530][gc,phases   ] GC(9)   Pre Evacuate Collection Set: 0.1ms
[2024-07-21T00:08:53.325+0530][gc,phases   ] GC(9)   Merge Heap Roots: 0.0ms
[2024-07-21T00:08:53.325+0530][gc,phases   ] GC(9)   Evacuate Collection Set: 0.6ms
[2024-07-21T00:08:53.325+0530][gc,phases   ] GC(9)   Post Evacuate Collection Set: 0.2ms
[2024-07-21T00:08:53.325+0530][gc,phases   ] GC(9)   Other: 0.1ms
[2024-07-21T00:08:53.325+0530][gc,heap     ] GC(9) Eden regions: 69->0(431)
[2024-07-21T00:08:53.325+0530][gc,heap     ] GC(9) Survivor regions: 3->3(9)
[2024-07-21T00:08:53.325+0530][gc,heap     ] GC(9) Old regions: 15->15
[2024-07-21T00:08:53.325+0530][gc,heap     ] GC(9) Archive regions: 2->2
[2024-07-21T00:08:53.325+0530][gc,heap     ] GC(9) Humongous regions: 131->131
[2024-07-21T00:08:53.325+0530][gc,metaspace] GC(9) Metaspace: 37885K(38208K)->37885K(38208K) NonClass: 33633K(33792K)->33633K(33792K) Class: 4251K(4416K)->4251K(4416K)
[2024-07-21T00:08:53.325+0530][gc          ] GC(9) Pause Young (Normal) (G1 Evacuation Pause) 217M->148M(1024M) 1.062ms
[2024-07-21T00:08:53.325+0530][gc,cpu      ] GC(9) User=0.01s Sys=0.00s Real=0.00s
[2024-07-21T00:08:55.695+0530][gc,start    ] GC(10) Pause Young (Normal) (G1 Evacuation Pause)
[2024-07-21T00:08:55.695+0530][gc,task     ] GC(10) Using 13 workers of 13 for evacuation
[2024-07-21T00:08:55.696+0530][gc,phases   ] GC(10)   Pre Evacuate Collection Set: 0.1ms
[2024-07-21T00:08:55.696+0530][gc,phases   ] GC(10)   Merge Heap Roots: 0.1ms
[2024-07-21T00:08:55.696+0530][gc,phases   ] GC(10)   Evacuate Collection Set: 0.5ms
[2024-07-21T00:08:55.696+0530][gc,phases   ] GC(10)   Post Evacuate Collection Set: 0.3ms
[2024-07-21T00:08:55.696+0530][gc,phases   ] GC(10)   Other: 0.1ms
[2024-07-21T00:08:55.696+0530][gc,heap     ] GC(10) Eden regions: 431->0(611)
[2024-07-21T00:08:55.696+0530][gc,heap     ] GC(10) Survivor regions: 3->3(55)
[2024-07-21T00:08:55.696+0530][gc,heap     ] GC(10) Old regions: 15->15
[2024-07-21T00:08:55.696+0530][gc,heap     ] GC(10) Archive regions: 2->2
[2024-07-21T00:08:55.696+0530][gc,heap     ] GC(10) Humongous regions: 131->131
[2024-07-21T00:08:55.696+0530][gc,metaspace] GC(10) Metaspace: 38212K(38592K)->38212K(38592K) NonClass: 33926K(34112K)->33926K(34112K) Class: 4286K(4480K)->4286K(4480K)
[2024-07-21T00:08:55.696+0530][gc          ] GC(10) Pause Young (Normal) (G1 Evacuation Pause) 579M->148M(1024M) 1.218ms
[2024-07-21T00:08:55.696+0530][gc,cpu      ] GC(10) User=0.00s Sys=0.00s Real=0.01s
[2024-07-21T00:12:54.051+0530][gc,start    ] GC(11) Pause Young (Normal) (G1 Evacuation Pause)
[2024-07-21T00:12:54.051+0530][gc,task     ] GC(11) Using 13 workers of 13 for evacuation
[2024-07-21T00:12:54.052+0530][gc,phases   ] GC(11)   Pre Evacuate Collection Set: 0.1ms
[2024-07-21T00:12:54.052+0530][gc,phases   ] GC(11)   Merge Heap Roots: 0.1ms
[2024-07-21T00:12:54.052+0530][gc,phases   ] GC(11)   Evacuate Collection Set: 0.6ms
[2024-07-21T00:12:54.052+0530][gc,phases   ] GC(11)   Post Evacuate Collection Set: 0.3ms
[2024-07-21T00:12:54.052+0530][gc,phases   ] GC(11)   Other: 0.1ms
[2024-07-21T00:12:54.052+0530][gc,heap     ] GC(11) Eden regions: 611->0(611)
[2024-07-21T00:12:54.052+0530][gc,heap     ] GC(11) Survivor regions: 3->3(77)
[2024-07-21T00:12:54.052+0530][gc,heap     ] GC(11) Old regions: 15->15
[2024-07-21T00:12:54.052+0530][gc,heap     ] GC(11) Archive regions: 2->2
[2024-07-21T00:12:54.052+0530][gc,heap     ] GC(11) Humongous regions: 131->131
[2024-07-21T00:12:54.052+0530][gc,metaspace] GC(11) Metaspace: 38343K(38720K)->38343K(38720K) NonClass: 34056K(34240K)->34056K(34240K) Class: 4287K(4480K)->4287K(4480K)
[2024-07-21T00:12:54.052+0530][gc          ] GC(11) Pause Young (Normal) (G1 Evacuation Pause) 759M->148M(1024M) 1.317ms
[2024-07-21T00:12:54.052+0530][gc,cpu      ] GC(11) User=0.01s Sys=0.00s Real=0.00s
[2024-07-21T00:13:24.191+0530][gc,start    ] GC(12) Pause Young (Normal) (G1 Evacuation Pause)
[2024-07-21T00:13:24.191+0530][gc,task     ] GC(12) Using 13 workers of 13 for evacuation
[2024-07-21T00:13:24.193+0530][gc,phases   ] GC(12)   Pre Evacuate Collection Set: 0.1ms
[2024-07-21T00:13:24.193+0530][gc,phases   ] GC(12)   Merge Heap Roots: 0.2ms
[2024-07-21T00:13:24.193+0530][gc,phases   ] GC(12)   Evacuate Collection Set: 0.6ms
[2024-07-21T00:13:24.193+0530][gc,phases   ] GC(12)   Post Evacuate Collection Set: 0.3ms
[2024-07-21T00:13:24.193+0530][gc,phases   ] GC(12)   Other: 0.1ms
[2024-07-21T00:13:24.193+0530][gc,heap     ] GC(12) Eden regions: 611->0(611)
[2024-07-21T00:13:24.193+0530][gc,heap     ] GC(12) Survivor regions: 3->3(77)
[2024-07-21T00:13:24.193+0530][gc,heap     ] GC(12) Old regions: 15->15
[2024-07-21T00:13:24.193+0530][gc,heap     ] GC(12) Archive regions: 2->2
[2024-07-21T00:13:24.193+0530][gc,heap     ] GC(12) Humongous regions: 131->131
[2024-07-21T00:13:24.193+0530][gc,metaspace] GC(12) Metaspace: 38434K(38848K)->38434K(38848K) NonClass: 34141K(34368K)->34141K(34368K) Class: 4292K(4480K)->4292K(4480K)
[2024-07-21T00:13:24.193+0530][gc          ] GC(12) Pause Young (Normal) (G1 Evacuation Pause) 759M->148M(1024M) 1.320ms
[2024-07-21T00:13:24.193+0530][gc,cpu      ] GC(12) User=0.00s Sys=0.01s Real=0.00s
[2024-07-21T00:14:09.089+0530][gc,start    ] GC(13) Pause Young (Normal) (G1 Evacuation Pause)
[2024-07-21T00:14:09.089+0530][gc,task     ] GC(13) Using 13 workers of 13 for evacuation
[2024-07-21T00:14:09.090+0530][gc,phases   ] GC(13)   Pre Evacuate Collection Set: 0.1ms
[2024-07-21T00:14:09.090+0530][gc,phases   ] GC(13)   Merge Heap Roots: 0.2ms
[2024-07-21T00:14:09.090+0530][gc,phases   ] GC(13)   Evacuate Collection Set: 0.7ms
[2024-07-21T00:14:09.090+0530][gc,phases   ] GC(13)   Post Evacuate Collection Set: 0.4ms
[2024-07-21T00:14:09.090+0530][gc,phases   ] GC(13)   Other: 0.1ms
[2024-07-21T00:14:09.090+0530][gc,heap     ] GC(13) Eden regions: 611->0(611)
[2024-07-21T00:14:09.090+0530][gc,heap     ] GC(13) Survivor regions: 3->3(77)
[2024-07-21T00:14:09.090+0530][gc,heap     ] GC(13) Old regions: 15->15
[2024-07-21T00:14:09.090+0530][gc,heap     ] GC(13) Archive regions: 2->2
[2024-07-21T00:14:09.090+0530][gc,heap     ] GC(13) Humongous regions: 131->131
[2024-07-21T00:14:09.090+0530][gc,metaspace] GC(13) Metaspace: 38482K(38848K)->38482K(38848K) NonClass: 34190K(34368K)->34190K(34368K) Class: 4292K(4480K)->4292K(4480K)
[2024-07-21T00:14:09.090+0530][gc          ] GC(13) Pause Young (Normal) (G1 Evacuation Pause) 759M->148M(1024M) 1.491ms
[2024-07-21T00:14:09.090+0530][gc,cpu      ] GC(13) User=0.00s Sys=0.00s Real=0.00s
[2024-07-21T00:14:53.990+0530][gc,start    ] GC(14) Pause Young (Normal) (G1 Evacuation Pause)
[2024-07-21T00:14:53.990+0530][gc,task     ] GC(14) Using 13 workers of 13 for evacuation
[2024-07-21T00:14:53.991+0530][gc,phases   ] GC(14)   Pre Evacuate Collection Set: 0.1ms
[2024-07-21T00:14:53.991+0530][gc,phases   ] GC(14)   Merge Heap Roots: 0.1ms
[2024-07-21T00:14:53.991+0530][gc,phases   ] GC(14)   Evacuate Collection Set: 0.5ms
[2024-07-21T00:14:53.991+0530][gc,phases   ] GC(14)   Post Evacuate Collection Set: 0.3ms
[2024-07-21T00:14:53.991+0530][gc,phases   ] GC(14)   Other: 0.1ms
[2024-07-21T00:14:53.991+0530][gc,heap     ] GC(14) Eden regions: 611->0(611)
[2024-07-21T00:14:53.991+0530][gc,heap     ] GC(14) Survivor regions: 3->3(77)
[2024-07-21T00:14:53.991+0530][gc,heap     ] GC(14) Old regions: 15->15
[2024-07-21T00:14:53.991+0530][gc,heap     ] GC(14) Archive regions: 2->2
[2024-07-21T00:14:53.991+0530][gc,heap     ] GC(14) Humongous regions: 131->131
[2024-07-21T00:14:53.991+0530][gc,metaspace] GC(14) Metaspace: 38527K(38912K)->38527K(38912K) NonClass: 34234K(34432K)->34234K(34432K) Class: 4292K(4480K)->4292K(4480K)
[2024-07-21T00:14:53.991+0530][gc          ] GC(14) Pause Young (Normal) (G1 Evacuation Pause) 759M->148M(1024M) 1.115ms
[2024-07-21T00:14:53.991+0530][gc,cpu      ] GC(14) User=0.00s Sys=0.00s Real=0.00s
[2024-07-21T00:15:24.152+0530][gc,start    ] GC(15) Pause Young (Normal) (G1 Evacuation Pause)
[2024-07-21T00:15:24.152+0530][gc,task     ] GC(15) Using 13 workers of 13 for evacuation
[2024-07-21T00:15:24.153+0530][gc,phases   ] GC(15)   Pre Evacuate Collection Set: 0.1ms
[2024-07-21T00:15:24.153+0530][gc,phases   ] GC(15)   Merge Heap Roots: 0.1ms
[2024-07-21T00:15:24.153+0530][gc,phases   ] GC(15)   Evacuate Collection Set: 0.8ms
[2024-07-21T00:15:24.153+0530][gc,phases   ] GC(15)   Post Evacuate Collection Set: 0.4ms
[2024-07-21T00:15:24.153+0530][gc,phases   ] GC(15)   Other: 0.2ms
[2024-07-21T00:15:24.153+0530][gc,heap     ] GC(15) Eden regions: 611->0(611)
[2024-07-21T00:15:24.153+0530][gc,heap     ] GC(15) Survivor regions: 3->3(77)
[2024-07-21T00:15:24.153+0530][gc,heap     ] GC(15) Old regions: 15->15
[2024-07-21T00:15:24.153+0530][gc,heap     ] GC(15) Archive regions: 2->2
[2024-07-21T00:15:24.153+0530][gc,heap     ] GC(15) Humongous regions: 131->131
[2024-07-21T00:15:24.153+0530][gc,metaspace] GC(15) Metaspace: 38683K(39104K)->38683K(39104K) NonClass: 34364K(34560K)->34364K(34560K) Class: 4319K(4544K)->4319K(4544K)
[2024-07-21T00:15:24.153+0530][gc          ] GC(15) Pause Young (Normal) (G1 Evacuation Pause) 759M->148M(1024M) 1.643ms
[2024-07-21T00:15:24.153+0530][gc,cpu      ] GC(15) User=0.01s Sys=0.00s Real=0.00s
[2024-07-21T00:16:09.030+0530][gc,start    ] GC(16) Pause Young (Normal) (G1 Evacuation Pause)
[2024-07-21T00:16:09.030+0530][gc,task     ] GC(16) Using 13 workers of 13 for evacuation
[2024-07-21T00:16:09.031+0530][gc,phases   ] GC(16)   Pre Evacuate Collection Set: 0.1ms
[2024-07-21T00:16:09.031+0530][gc,phases   ] GC(16)   Merge Heap Roots: 0.1ms
[2024-07-21T00:16:09.031+0530][gc,phases   ] GC(16)   Evacuate Collection Set: 0.7ms
[2024-07-21T00:16:09.031+0530][gc,phases   ] GC(16)   Post Evacuate Collection Set: 0.3ms
[2024-07-21T00:16:09.031+0530][gc,phases   ] GC(16)   Other: 0.1ms
[2024-07-21T00:16:09.031+0530][gc,heap     ] GC(16) Eden regions: 611->0(611)
[2024-07-21T00:16:09.031+0530][gc,heap     ] GC(16) Survivor regions: 3->3(77)
[2024-07-21T00:16:09.031+0530][gc,heap     ] GC(16) Old regions: 15->15
[2024-07-21T00:16:09.031+0530][gc,heap     ] GC(16) Archive regions: 2->2
[2024-07-21T00:16:09.031+0530][gc,heap     ] GC(16) Humongous regions: 131->131
[2024-07-21T00:16:09.031+0530][gc,metaspace] GC(16) Metaspace: 39160K(39616K)->39160K(39616K) NonClass: 34760K(35008K)->34760K(35008K) Class: 4400K(4608K)->4400K(4608K)
[2024-07-21T00:16:09.031+0530][gc          ] GC(16) Pause Young (Normal) (G1 Evacuation Pause) 759M->148M(1024M) 1.331ms
[2024-07-21T00:16:09.031+0530][gc,cpu      ] GC(16) User=0.01s Sys=0.00s Real=0.00s
[2024-07-21T00:16:39.200+0530][gc,start    ] GC(17) Pause Young (Normal) (G1 Evacuation Pause)
[2024-07-21T00:16:39.200+0530][gc,task     ] GC(17) Using 13 workers of 13 for evacuation
[2024-07-21T00:16:39.201+0530][gc,phases   ] GC(17)   Pre Evacuate Collection Set: 0.1ms
[2024-07-21T00:16:39.202+0530][gc,phases   ] GC(17)   Merge Heap Roots: 0.1ms
[2024-07-21T00:16:39.202+0530][gc,phases   ] GC(17)   Evacuate Collection Set: 0.8ms
[2024-07-21T00:16:39.202+0530][gc,phases   ] GC(17)   Post Evacuate Collection Set: 0.4ms
[2024-07-21T00:16:39.202+0530][gc,phases   ] GC(17)   Other: 0.1ms
[2024-07-21T00:16:39.202+0530][gc,heap     ] GC(17) Eden regions: 611->0(611)
[2024-07-21T00:16:39.202+0530][gc,heap     ] GC(17) Survivor regions: 3->3(77)
[2024-07-21T00:16:39.202+0530][gc,heap     ] GC(17) Old regions: 15->15
[2024-07-21T00:16:39.202+0530][gc,heap     ] GC(17) Archive regions: 2->2
[2024-07-21T00:16:39.202+0530][gc,heap     ] GC(17) Humongous regions: 131->131
[2024-07-21T00:16:39.202+0530][gc,metaspace] GC(17) Metaspace: 39183K(39616K)->39183K(39616K) NonClass: 34783K(35008K)->34783K(35008K) Class: 4400K(4608K)->4400K(4608K)
[2024-07-21T00:16:39.202+0530][gc          ] GC(17) Pause Young (Normal) (G1 Evacuation Pause) 759M->148M(1024M) 1.561ms
[2024-07-21T00:16:39.202+0530][gc,cpu      ] GC(17) User=0.01s Sys=0.00s Real=0.00s
[2024-07-21T00:17:24.087+0530][gc,start    ] GC(18) Pause Young (Normal) (G1 Evacuation Pause)
[2024-07-21T00:17:24.087+0530][gc,task     ] GC(18) Using 13 workers of 13 for evacuation
[2024-07-21T00:17:24.089+0530][gc,phases   ] GC(18)   Pre Evacuate Collection Set: 0.1ms
[2024-07-21T00:17:24.089+0530][gc,phases   ] GC(18)   Merge Heap Roots: 0.1ms
[2024-07-21T00:17:24.089+0530][gc,phases   ] GC(18)   Evacuate Collection Set: 0.7ms
[2024-07-21T00:17:24.089+0530][gc,phases   ] GC(18)   Post Evacuate Collection Set: 0.4ms
[2024-07-21T00:17:24.089+0530][gc,phases   ] GC(18)   Other: 0.1ms
[2024-07-21T00:17:24.089+0530][gc,heap     ] GC(18) Eden regions: 611->0(611)
[2024-07-21T00:17:24.089+0530][gc,heap     ] GC(18) Survivor regions: 3->3(77)
[2024-07-21T00:17:24.089+0530][gc,heap     ] GC(18) Old regions: 15->15
[2024-07-21T00:17:24.089+0530][gc,heap     ] GC(18) Archive regions: 2->2
[2024-07-21T00:17:24.089+0530][gc,heap     ] GC(18) Humongous regions: 131->131
[2024-07-21T00:17:24.089+0530][gc,metaspace] GC(18) Metaspace: 39200K(39616K)->39200K(39616K) NonClass: 34800K(35008K)->34800K(35008K) Class: 4400K(4608K)->4400K(4608K)
[2024-07-21T00:17:24.089+0530][gc          ] GC(18) Pause Young (Normal) (G1 Evacuation Pause) 759M->148M(1024M) 1.320ms
[2024-07-21T00:17:24.089+0530][gc,cpu      ] GC(18) User=0.01s Sys=0.00s Real=0.00s
[2024-07-21T00:18:08.984+0530][gc,start    ] GC(19) Pause Young (Normal) (G1 Evacuation Pause)
[2024-07-21T00:18:08.984+0530][gc,task     ] GC(19) Using 13 workers of 13 for evacuation
[2024-07-21T00:18:08.985+0530][gc,phases   ] GC(19)   Pre Evacuate Collection Set: 0.1ms
[2024-07-21T00:18:08.985+0530][gc,phases   ] GC(19)   Merge Heap Roots: 0.1ms
[2024-07-21T00:18:08.985+0530][gc,phases   ] GC(19)   Evacuate Collection Set: 0.6ms
[2024-07-21T00:18:08.985+0530][gc,phases   ] GC(19)   Post Evacuate Collection Set: 0.3ms
[2024-07-21T00:18:08.985+0530][gc,phases   ] GC(19)   Other: 0.1ms
[2024-07-21T00:18:08.985+0530][gc,heap     ] GC(19) Eden regions: 611->0(611)
[2024-07-21T00:18:08.985+0530][gc,heap     ] GC(19) Survivor regions: 3->3(77)
[2024-07-21T00:18:08.985+0530][gc,heap     ] GC(19) Old regions: 15->15
[2024-07-21T00:18:08.985+0530][gc,heap     ] GC(19) Archive regions: 2->2
[2024-07-21T00:18:08.985+0530][gc,heap     ] GC(19) Humongous regions: 131->131
[2024-07-21T00:18:08.985+0530][gc,metaspace] GC(19) Metaspace: 39269K(39680K)->39269K(39680K) NonClass: 34859K(35072K)->34859K(35072K) Class: 4410K(4608K)->4410K(4608K)
[2024-07-21T00:18:08.985+0530][gc          ] GC(19) Pause Young (Normal) (G1 Evacuation Pause) 759M->148M(1024M) 1.294ms
[2024-07-21T00:18:08.986+0530][gc,cpu      ] GC(19) User=0.01s Sys=0.00s Real=0.00s
[2024-07-21T00:18:39.154+0530][gc,start    ] GC(20) Pause Young (Normal) (G1 Evacuation Pause)
[2024-07-21T00:18:39.154+0530][gc,task     ] GC(20) Using 13 workers of 13 for evacuation
[2024-07-21T00:18:39.155+0530][gc,phases   ] GC(20)   Pre Evacuate Collection Set: 0.1ms
[2024-07-21T00:18:39.155+0530][gc,phases   ] GC(20)   Merge Heap Roots: 0.1ms
[2024-07-21T00:18:39.155+0530][gc,phases   ] GC(20)   Evacuate Collection Set: 0.7ms
[2024-07-21T00:18:39.155+0530][gc,phases   ] GC(20)   Post Evacuate Collection Set: 0.3ms
[2024-07-21T00:18:39.155+0530][gc,phases   ] GC(20)   Other: 0.1ms
[2024-07-21T00:18:39.155+0530][gc,heap     ] GC(20) Eden regions: 611->0(612)
[2024-07-21T00:18:39.155+0530][gc,heap     ] GC(20) Survivor regions: 3->2(77)
[2024-07-21T00:18:39.155+0530][gc,heap     ] GC(20) Old regions: 15->15
[2024-07-21T00:18:39.155+0530][gc,heap     ] GC(20) Archive regions: 2->2
[2024-07-21T00:18:39.155+0530][gc,heap     ] GC(20) Humongous regions: 131->131
[2024-07-21T00:18:39.155+0530][gc,metaspace] GC(20) Metaspace: 39284K(39680K)->39284K(39680K) NonClass: 34874K(35072K)->34874K(35072K) Class: 4410K(4608K)->4410K(4608K)
[2024-07-21T00:18:39.155+0530][gc          ] GC(20) Pause Young (Normal) (G1 Evacuation Pause) 759M->148M(1024M) 1.317ms
[2024-07-21T00:18:39.155+0530][gc,cpu      ] GC(20) User=0.01s Sys=0.00s Real=0.00s
[2024-07-21T00:19:24.056+0530][gc,start    ] GC(21) Pause Young (Normal) (G1 Evacuation Pause)
[2024-07-21T00:19:24.056+0530][gc,task     ] GC(21) Using 13 workers of 13 for evacuation
[2024-07-21T00:19:24.057+0530][gc,phases   ] GC(21)   Pre Evacuate Collection Set: 0.1ms
[2024-07-21T00:19:24.057+0530][gc,phases   ] GC(21)   Merge Heap Roots: 0.2ms
[2024-07-21T00:19:24.057+0530][gc,phases   ] GC(21)   Evacuate Collection Set: 0.6ms
[2024-07-21T00:19:24.057+0530][gc,phases   ] GC(21)   Post Evacuate Collection Set: 0.3ms
[2024-07-21T00:19:24.057+0530][gc,phases   ] GC(21)   Other: 0.1ms
[2024-07-21T00:19:24.057+0530][gc,heap     ] GC(21) Eden regions: 612->0(612)
[2024-07-21T00:19:24.057+0530][gc,heap     ] GC(21) Survivor regions: 2->2(77)
[2024-07-21T00:19:24.057+0530][gc,heap     ] GC(21) Old regions: 15->16
[2024-07-21T00:19:24.057+0530][gc,heap     ] GC(21) Archive regions: 2->2
[2024-07-21T00:19:24.057+0530][gc,heap     ] GC(21) Humongous regions: 131->131
[2024-07-21T00:19:24.057+0530][gc,metaspace] GC(21) Metaspace: 39297K(39680K)->39297K(39680K) NonClass: 34886K(35072K)->34886K(35072K) Class: 4410K(4608K)->4410K(4608K)
[2024-07-21T00:19:24.057+0530][gc          ] GC(21) Pause Young (Normal) (G1 Evacuation Pause) 760M->148M(1024M) 1.337ms
[2024-07-21T00:19:24.057+0530][gc,cpu      ] GC(21) User=0.00s Sys=0.01s Real=0.00s
[2024-07-21T00:19:54.202+0530][gc,start    ] GC(22) Pause Young (Normal) (G1 Evacuation Pause)
[2024-07-21T00:19:54.202+0530][gc,task     ] GC(22) Using 13 workers of 13 for evacuation
[2024-07-21T00:19:54.203+0530][gc,phases   ] GC(22)   Pre Evacuate Collection Set: 0.1ms
[2024-07-21T00:19:54.203+0530][gc,phases   ] GC(22)   Merge Heap Roots: 0.1ms
[2024-07-21T00:19:54.203+0530][gc,phases   ] GC(22)   Evacuate Collection Set: 0.5ms
[2024-07-21T00:19:54.203+0530][gc,phases   ] GC(22)   Post Evacuate Collection Set: 0.3ms
[2024-07-21T00:19:54.203+0530][gc,phases   ] GC(22)   Other: 0.1ms
[2024-07-21T00:19:54.203+0530][gc,heap     ] GC(22) Eden regions: 612->0(612)
[2024-07-21T00:19:54.203+0530][gc,heap     ] GC(22) Survivor regions: 2->2(77)
[2024-07-21T00:19:54.203+0530][gc,heap     ] GC(22) Old regions: 16->16
[2024-07-21T00:19:54.203+0530][gc,heap     ] GC(22) Archive regions: 2->2
[2024-07-21T00:19:54.203+0530][gc,heap     ] GC(22) Humongous regions: 131->131
[2024-07-21T00:19:54.203+0530][gc,metaspace] GC(22) Metaspace: 39313K(39744K)->39313K(39744K) NonClass: 34902K(35136K)->34902K(35136K) Class: 4410K(4608K)->4410K(4608K)
[2024-07-21T00:19:54.203+0530][gc          ] GC(22) Pause Young (Normal) (G1 Evacuation Pause) 760M->148M(1024M) 1.215ms
[2024-07-21T00:19:54.203+0530][gc,cpu      ] GC(22) User=0.00s Sys=0.00s Real=0.00s
[2024-07-21T00:20:39.111+0530][gc,start    ] GC(23) Pause Young (Normal) (G1 Evacuation Pause)
[2024-07-21T00:20:39.111+0530][gc,task     ] GC(23) Using 13 workers of 13 for evacuation
[2024-07-21T00:20:39.112+0530][gc,phases   ] GC(23)   Pre Evacuate Collection Set: 0.1ms
[2024-07-21T00:20:39.112+0530][gc,phases   ] GC(23)   Merge Heap Roots: 0.1ms
[2024-07-21T00:20:39.112+0530][gc,phases   ] GC(23)   Evacuate Collection Set: 0.4ms
[2024-07-21T00:20:39.112+0530][gc,phases   ] GC(23)   Post Evacuate Collection Set: 0.4ms
[2024-07-21T00:20:39.112+0530][gc,phases   ] GC(23)   Other: 0.1ms
[2024-07-21T00:20:39.112+0530][gc,heap     ] GC(23) Eden regions: 612->0(613)
[2024-07-21T00:20:39.112+0530][gc,heap     ] GC(23) Survivor regions: 2->1(77)
[2024-07-21T00:20:39.112+0530][gc,heap     ] GC(23) Old regions: 16->16
[2024-07-21T00:20:39.112+0530][gc,heap     ] GC(23) Archive regions: 2->2
[2024-07-21T00:20:39.112+0530][gc,heap     ] GC(23) Humongous regions: 131->131
[2024-07-21T00:20:39.112+0530][gc,metaspace] GC(23) Metaspace: 39329K(39808K)->39329K(39808K) NonClass: 34919K(35200K)->34919K(35200K) Class: 4410K(4608K)->4410K(4608K)
[2024-07-21T00:20:39.112+0530][gc          ] GC(23) Pause Young (Normal) (G1 Evacuation Pause) 760M->148M(1024M) 1.097ms
[2024-07-21T00:20:39.112+0530][gc,cpu      ] GC(23) User=0.01s Sys=0.00s Real=0.00s
[2024-07-21T00:21:24.005+0530][gc,start    ] GC(24) Pause Young (Normal) (G1 Evacuation Pause)
[2024-07-21T00:21:24.005+0530][gc,task     ] GC(24) Using 13 workers of 13 for evacuation
[2024-07-21T00:21:24.006+0530][gc,phases   ] GC(24)   Pre Evacuate Collection Set: 0.1ms
[2024-07-21T00:21:24.006+0530][gc,phases   ] GC(24)   Merge Heap Roots: 0.1ms
[2024-07-21T00:21:24.006+0530][gc,phases   ] GC(24)   Evacuate Collection Set: 0.4ms
[2024-07-21T00:21:24.006+0530][gc,phases   ] GC(24)   Post Evacuate Collection Set: 0.3ms
[2024-07-21T00:21:24.006+0530][gc,phases   ] GC(24)   Other: 0.1ms
[2024-07-21T00:21:24.006+0530][gc,heap     ] GC(24) Eden regions: 613->0(613)
[2024-07-21T00:21:24.006+0530][gc,heap     ] GC(24) Survivor regions: 1->1(77)
[2024-07-21T00:21:24.006+0530][gc,heap     ] GC(24) Old regions: 16->17
[2024-07-21T00:21:24.006+0530][gc,heap     ] GC(24) Archive regions: 2->2
[2024-07-21T00:21:24.006+0530][gc,heap     ] GC(24) Humongous regions: 131->131
[2024-07-21T00:21:24.006+0530][gc,metaspace] GC(24) Metaspace: 39333K(39808K)->39333K(39808K) NonClass: 34922K(35200K)->34922K(35200K) Class: 4410K(4608K)->4410K(4608K)
[2024-07-21T00:21:24.006+0530][gc          ] GC(24) Pause Young (Normal) (G1 Evacuation Pause) 761M->148M(1024M) 0.981ms
[2024-07-21T00:21:24.006+0530][gc,cpu      ] GC(24) User=0.01s Sys=0.00s Real=0.00s
[2024-07-21T00:21:54.162+0530][gc,start    ] GC(25) Pause Young (Normal) (G1 Evacuation Pause)
[2024-07-21T00:21:54.162+0530][gc,task     ] GC(25) Using 13 workers of 13 for evacuation
[2024-07-21T00:21:54.163+0530][gc,phases   ] GC(25)   Pre Evacuate Collection Set: 0.1ms
[2024-07-21T00:21:54.163+0530][gc,phases   ] GC(25)   Merge Heap Roots: 0.2ms
[2024-07-21T00:21:54.163+0530][gc,phases   ] GC(25)   Evacuate Collection Set: 0.4ms
[2024-07-21T00:21:54.163+0530][gc,phases   ] GC(25)   Post Evacuate Collection Set: 0.3ms
[2024-07-21T00:21:54.163+0530][gc,phases   ] GC(25)   Other: 0.1ms
[2024-07-21T00:21:54.163+0530][gc,heap     ] GC(25) Eden regions: 613->0(613)
[2024-07-21T00:21:54.163+0530][gc,heap     ] GC(25) Survivor regions: 1->1(77)
[2024-07-21T00:21:54.163+0530][gc,heap     ] GC(25) Old regions: 17->17
[2024-07-21T00:21:54.163+0530][gc,heap     ] GC(25) Archive regions: 2->2
[2024-07-21T00:21:54.163+0530][gc,heap     ] GC(25) Humongous regions: 131->131
[2024-07-21T00:21:54.163+0530][gc,metaspace] GC(25) Metaspace: 39339K(39808K)->39339K(39808K) NonClass: 34928K(35200K)->34928K(35200K) Class: 4410K(4608K)->4410K(4608K)
[2024-07-21T00:21:54.163+0530][gc          ] GC(25) Pause Young (Normal) (G1 Evacuation Pause) 761M->148M(1024M) 1.149ms
[2024-07-21T00:21:54.163+0530][gc,cpu      ] GC(25) User=0.01s Sys=0.00s Real=0.00s
[2024-07-21T00:22:39.067+0530][gc,start    ] GC(26) Pause Young (Normal) (G1 Evacuation Pause)
[2024-07-21T00:22:39.067+0530][gc,task     ] GC(26) Using 13 workers of 13 for evacuation
[2024-07-21T00:22:39.068+0530][gc,phases   ] GC(26)   Pre Evacuate Collection Set: 0.1ms
[2024-07-21T00:22:39.068+0530][gc,phases   ] GC(26)   Merge Heap Roots: 0.1ms
[2024-07-21T00:22:39.068+0530][gc,phases   ] GC(26)   Evacuate Collection Set: 0.5ms
[2024-07-21T00:22:39.068+0530][gc,phases   ] GC(26)   Post Evacuate Collection Set: 0.4ms
[2024-07-21T00:22:39.068+0530][gc,phases   ] GC(26)   Other: 0.1ms
[2024-07-21T00:22:39.068+0530][gc,heap     ] GC(26) Eden regions: 613->0(613)
[2024-07-21T00:22:39.068+0530][gc,heap     ] GC(26) Survivor regions: 1->1(77)
[2024-07-21T00:22:39.068+0530][gc,heap     ] GC(26) Old regions: 17->17
[2024-07-21T00:22:39.068+0530][gc,heap     ] GC(26) Archive regions: 2->2
[2024-07-21T00:22:39.068+0530][gc,heap     ] GC(26) Humongous regions: 131->131
[2024-07-21T00:22:39.068+0530][gc,metaspace] GC(26) Metaspace: 39364K(39808K)->39364K(39808K) NonClass: 34954K(35200K)->34954K(35200K) Class: 4410K(4608K)->4410K(4608K)
[2024-07-21T00:22:39.068+0530][gc          ] GC(26) Pause Young (Normal) (G1 Evacuation Pause) 761M->148M(1024M) 1.131ms
[2024-07-21T00:22:39.068+0530][gc,cpu      ] GC(26) User=0.01s Sys=0.00s Real=0.00s
[2024-07-21T00:23:23.985+0530][gc,start    ] GC(27) Pause Young (Normal) (G1 Evacuation Pause)
[2024-07-21T00:23:23.985+0530][gc,task     ] GC(27) Using 13 workers of 13 for evacuation
[2024-07-21T00:23:23.986+0530][gc,phases   ] GC(27)   Pre Evacuate Collection Set: 0.1ms
[2024-07-21T00:23:23.986+0530][gc,phases   ] GC(27)   Merge Heap Roots: 0.1ms
[2024-07-21T00:23:23.986+0530][gc,phases   ] GC(27)   Evacuate Collection Set: 0.3ms
[2024-07-21T00:23:23.986+0530][gc,phases   ] GC(27)   Post Evacuate Collection Set: 0.3ms
[2024-07-21T00:23:23.986+0530][gc,phases   ] GC(27)   Other: 0.1ms
[2024-07-21T00:23:23.986+0530][gc,heap     ] GC(27) Eden regions: 613->0(613)
[2024-07-21T00:23:23.986+0530][gc,heap     ] GC(27) Survivor regions: 1->1(77)
[2024-07-21T00:23:23.986+0530][gc,heap     ] GC(27) Old regions: 17->17
[2024-07-21T00:23:23.986+0530][gc,heap     ] GC(27) Archive regions: 2->2
[2024-07-21T00:23:23.986+0530][gc,heap     ] GC(27) Humongous regions: 131->131
[2024-07-21T00:23:23.986+0530][gc,metaspace] GC(27) Metaspace: 39367K(39808K)->39367K(39808K) NonClass: 34957K(35200K)->34957K(35200K) Class: 4410K(4608K)->4410K(4608K)
[2024-07-21T00:23:23.986+0530][gc          ] GC(27) Pause Young (Normal) (G1 Evacuation Pause) 761M->148M(1024M) 0.959ms
[2024-07-21T00:23:23.986+0530][gc,cpu      ] GC(27) User=0.01s Sys=0.00s Real=0.00s
[2024-07-21T00:23:54.124+0530][gc,start    ] GC(28) Pause Young (Normal) (G1 Evacuation Pause)
[2024-07-21T00:23:54.124+0530][gc,task     ] GC(28) Using 13 workers of 13 for evacuation
[2024-07-21T00:23:54.125+0530][gc,phases   ] GC(28)   Pre Evacuate Collection Set: 0.1ms
[2024-07-21T00:23:54.125+0530][gc,phases   ] GC(28)   Merge Heap Roots: 0.2ms
[2024-07-21T00:23:54.125+0530][gc,phases   ] GC(28)   Evacuate Collection Set: 0.6ms
[2024-07-21T00:23:54.125+0530][gc,phases   ] GC(28)   Post Evacuate Collection Set: 0.3ms
[2024-07-21T00:23:54.125+0530][gc,phases   ] GC(28)   Other: 0.1ms
[2024-07-21T00:23:54.125+0530][gc,heap     ] GC(28) Eden regions: 613->0(613)
[2024-07-21T00:23:54.125+0530][gc,heap     ] GC(28) Survivor regions: 1->1(77)
[2024-07-21T00:23:54.125+0530][gc,heap     ] GC(28) Old regions: 17->17
[2024-07-21T00:23:54.125+0530][gc,heap     ] GC(28) Archive regions: 2->2
[2024-07-21T00:23:54.125+0530][gc,heap     ] GC(28) Humongous regions: 131->131
[2024-07-21T00:23:54.125+0530][gc,metaspace] GC(28) Metaspace: 39374K(39808K)->39374K(39808K) NonClass: 34964K(35200K)->34964K(35200K) Class: 4410K(4608K)->4410K(4608K)
[2024-07-21T00:23:54.125+0530][gc          ] GC(28) Pause Young (Normal) (G1 Evacuation Pause) 761M->148M(1024M) 1.381ms
[2024-07-21T00:23:54.125+0530][gc,cpu      ] GC(28) User=0.01s Sys=0.00s Real=0.00s
[2024-07-21T00:24:39.031+0530][gc,start    ] GC(29) Pause Young (Normal) (G1 Evacuation Pause)
[2024-07-21T00:24:39.031+0530][gc,task     ] GC(29) Using 13 workers of 13 for evacuation
[2024-07-21T00:24:39.032+0530][gc,phases   ] GC(29)   Pre Evacuate Collection Set: 0.1ms
[2024-07-21T00:24:39.032+0530][gc,phases   ] GC(29)   Merge Heap Roots: 0.1ms
[2024-07-21T00:24:39.032+0530][gc,phases   ] GC(29)   Evacuate Collection Set: 0.3ms
[2024-07-21T00:24:39.032+0530][gc,phases   ] GC(29)   Post Evacuate Collection Set: 0.3ms
[2024-07-21T00:24:39.032+0530][gc,phases   ] GC(29)   Other: 0.1ms
[2024-07-21T00:24:39.032+0530][gc,heap     ] GC(29) Eden regions: 613->0(613)
[2024-07-21T00:24:39.032+0530][gc,heap     ] GC(29) Survivor regions: 1->1(77)
[2024-07-21T00:24:39.032+0530][gc,heap     ] GC(29) Old regions: 17->17
[2024-07-21T00:24:39.032+0530][gc,heap     ] GC(29) Archive regions: 2->2
[2024-07-21T00:24:39.032+0530][gc,heap     ] GC(29) Humongous regions: 131->131
[2024-07-21T00:24:39.032+0530][gc,metaspace] GC(29) Metaspace: 39399K(39808K)->39399K(39808K) NonClass: 34988K(35200K)->34988K(35200K) Class: 4410K(4608K)->4410K(4608K)
[2024-07-21T00:24:39.032+0530][gc          ] GC(29) Pause Young (Normal) (G1 Evacuation Pause) 761M->148M(1024M) 0.957ms
[2024-07-21T00:24:39.032+0530][gc,cpu      ] GC(29) User=0.01s Sys=0.00s Real=0.00s
[2024-07-21T00:25:09.200+0530][gc,start    ] GC(30) Pause Young (Normal) (G1 Evacuation Pause)
[2024-07-21T00:25:09.200+0530][gc,task     ] GC(30) Using 13 workers of 13 for evacuation
[2024-07-21T00:25:09.202+0530][gc,phases   ] GC(30)   Pre Evacuate Collection Set: 0.1ms
[2024-07-21T00:25:09.202+0530][gc,phases   ] GC(30)   Merge Heap Roots: 0.2ms
[2024-07-21T00:25:09.202+0530][gc,phases   ] GC(30)   Evacuate Collection Set: 0.6ms
[2024-07-21T00:25:09.202+0530][gc,phases   ] GC(30)   Post Evacuate Collection Set: 0.3ms
[2024-07-21T00:25:09.202+0530][gc,phases   ] GC(30)   Other: 0.1ms
[2024-07-21T00:25:09.202+0530][gc,heap     ] GC(30) Eden regions: 613->0(613)
[2024-07-21T00:25:09.202+0530][gc,heap     ] GC(30) Survivor regions: 1->1(77)
[2024-07-21T00:25:09.202+0530][gc,heap     ] GC(30) Old regions: 17->17
[2024-07-21T00:25:09.202+0530][gc,heap     ] GC(30) Archive regions: 2->2
[2024-07-21T00:25:09.202+0530][gc,heap     ] GC(30) Humongous regions: 131->131
[2024-07-21T00:25:09.202+0530][gc,metaspace] GC(30) Metaspace: 39402K(39808K)->39402K(39808K) NonClass: 34991K(35200K)->34991K(35200K) Class: 4410K(4608K)->4410K(4608K)
[2024-07-21T00:25:09.202+0530][gc          ] GC(30) Pause Young (Normal) (G1 Evacuation Pause) 761M->148M(1024M) 1.338ms
[2024-07-21T00:25:09.202+0530][gc,cpu      ] GC(30) User=0.00s Sys=0.00s Real=0.00s
[2024-07-21T00:25:54.104+0530][gc,start    ] GC(31) Pause Young (Normal) (G1 Evacuation Pause)
[2024-07-21T00:25:54.104+0530][gc,task     ] GC(31) Using 13 workers of 13 for evacuation
[2024-07-21T00:25:54.105+0530][gc,phases   ] GC(31)   Pre Evacuate Collection Set: 0.1ms
[2024-07-21T00:25:54.105+0530][gc,phases   ] GC(31)   Merge Heap Roots: 0.2ms
[2024-07-21T00:25:54.105+0530][gc,phases   ] GC(31)   Evacuate Collection Set: 0.6ms
[2024-07-21T00:25:54.105+0530][gc,phases   ] GC(31)   Post Evacuate Collection Set: 0.4ms
[2024-07-21T00:25:54.105+0530][gc,phases   ] GC(31)   Other: 0.1ms
[2024-07-21T00:25:54.105+0530][gc,heap     ] GC(31) Eden regions: 613->0(613)
[2024-07-21T00:25:54.105+0530][gc,heap     ] GC(31) Survivor regions: 1->1(77)
[2024-07-21T00:25:54.105+0530][gc,heap     ] GC(31) Old regions: 17->17
[2024-07-21T00:25:54.105+0530][gc,heap     ] GC(31) Archive regions: 2->2
[2024-07-21T00:25:54.105+0530][gc,heap     ] GC(31) Humongous regions: 131->131
[2024-07-21T00:25:54.105+0530][gc,metaspace] GC(31) Metaspace: 39410K(39808K)->39410K(39808K) NonClass: 34997K(35200K)->34997K(35200K) Class: 4412K(4608K)->4412K(4608K)
[2024-07-21T00:25:54.105+0530][gc          ] GC(31) Pause Young (Normal) (G1 Evacuation Pause) 761M->148M(1024M) 1.387ms
[2024-07-21T00:25:54.105+0530][gc,cpu      ] GC(31) User=0.00s Sys=0.00s Real=0.00s
[2024-07-21T00:26:39.005+0530][gc,start    ] GC(32) Pause Young (Normal) (G1 Evacuation Pause)
[2024-07-21T00:26:39.005+0530][gc,task     ] GC(32) Using 13 workers of 13 for evacuation
[2024-07-21T00:26:39.006+0530][gc,phases   ] GC(32)   Pre Evacuate Collection Set: 0.1ms
[2024-07-21T00:26:39.006+0530][gc,phases   ] GC(32)   Merge Heap Roots: 0.2ms
[2024-07-21T00:26:39.006+0530][gc,phases   ] GC(32)   Evacuate Collection Set: 0.2ms
[2024-07-21T00:26:39.006+0530][gc,phases   ] GC(32)   Post Evacuate Collection Set: 0.4ms
[2024-07-21T00:26:39.006+0530][gc,phases   ] GC(32)   Other: 0.1ms
[2024-07-21T00:26:39.006+0530][gc,heap     ] GC(32) Eden regions: 613->0(613)
[2024-07-21T00:26:39.006+0530][gc,heap     ] GC(32) Survivor regions: 1->1(77)
[2024-07-21T00:26:39.006+0530][gc,heap     ] GC(32) Old regions: 17->17
[2024-07-21T00:26:39.006+0530][gc,heap     ] GC(32) Archive regions: 2->2
[2024-07-21T00:26:39.006+0530][gc,heap     ] GC(32) Humongous regions: 131->131
[2024-07-21T00:26:39.006+0530][gc,metaspace] GC(32) Metaspace: 39414K(39808K)->39414K(39808K) NonClass: 35002K(35200K)->35002K(35200K) Class: 4412K(4608K)->4412K(4608K)
[2024-07-21T00:26:39.006+0530][gc          ] GC(32) Pause Young (Normal) (G1 Evacuation Pause) 761M->148M(1024M) 0.977ms
[2024-07-21T00:26:39.006+0530][gc,cpu      ] GC(32) User=0.00s Sys=0.00s Real=0.00s
[2024-07-21T00:27:09.155+0530][gc,start    ] GC(33) Pause Young (Normal) (G1 Evacuation Pause)
[2024-07-21T00:27:09.155+0530][gc,task     ] GC(33) Using 13 workers of 13 for evacuation
[2024-07-21T00:27:09.156+0530][gc,phases   ] GC(33)   Pre Evacuate Collection Set: 0.1ms
[2024-07-21T00:27:09.156+0530][gc,phases   ] GC(33)   Merge Heap Roots: 0.1ms
[2024-07-21T00:27:09.156+0530][gc,phases   ] GC(33)   Evacuate Collection Set: 0.3ms
[2024-07-21T00:27:09.156+0530][gc,phases   ] GC(33)   Post Evacuate Collection Set: 0.4ms
[2024-07-21T00:27:09.156+0530][gc,phases   ] GC(33)   Other: 0.1ms
[2024-07-21T00:27:09.156+0530][gc,heap     ] GC(33) Eden regions: 613->0(613)
[2024-07-21T00:27:09.156+0530][gc,heap     ] GC(33) Survivor regions: 1->1(77)
[2024-07-21T00:27:09.156+0530][gc,heap     ] GC(33) Old regions: 17->17
[2024-07-21T00:27:09.156+0530][gc,heap     ] GC(33) Archive regions: 2->2
[2024-07-21T00:27:09.156+0530][gc,heap     ] GC(33) Humongous regions: 131->131
[2024-07-21T00:27:09.156+0530][gc,metaspace] GC(33) Metaspace: 39419K(39808K)->39419K(39808K) NonClass: 35007K(35200K)->35007K(35200K) Class: 4412K(4608K)->4412K(4608K)
[2024-07-21T00:27:09.156+0530][gc          ] GC(33) Pause Young (Normal) (G1 Evacuation Pause) 761M->148M(1024M) 1.022ms
[2024-07-21T00:27:09.156+0530][gc,cpu      ] GC(33) User=0.01s Sys=0.00s Real=0.01s
[2024-07-21T00:27:54.083+0530][gc,start    ] GC(34) Pause Young (Normal) (G1 Evacuation Pause)
[2024-07-21T00:27:54.083+0530][gc,task     ] GC(34) Using 13 workers of 13 for evacuation
[2024-07-21T00:27:54.084+0530][gc,phases   ] GC(34)   Pre Evacuate Collection Set: 0.1ms
[2024-07-21T00:27:54.084+0530][gc,phases   ] GC(34)   Merge Heap Roots: 0.1ms
[2024-07-21T00:27:54.084+0530][gc,phases   ] GC(34)   Evacuate Collection Set: 0.3ms
[2024-07-21T00:27:54.084+0530][gc,phases   ] GC(34)   Post Evacuate Collection Set: 0.3ms
[2024-07-21T00:27:54.084+0530][gc,phases   ] GC(34)   Other: 0.1ms
[2024-07-21T00:27:54.084+0530][gc,heap     ] GC(34) Eden regions: 613->0(613)
[2024-07-21T00:27:54.084+0530][gc,heap     ] GC(34) Survivor regions: 1->1(77)
[2024-07-21T00:27:54.084+0530][gc,heap     ] GC(34) Old regions: 17->17
[2024-07-21T00:27:54.084+0530][gc,heap     ] GC(34) Archive regions: 2->2
[2024-07-21T00:27:54.084+0530][gc,heap     ] GC(34) Humongous regions: 131->131
[2024-07-21T00:27:54.084+0530][gc,metaspace] GC(34) Metaspace: 39527K(40000K)->39527K(40000K) NonClass: 35101K(35328K)->35101K(35328K) Class: 4426K(4672K)->4426K(4672K)
[2024-07-21T00:27:54.084+0530][gc          ] GC(34) Pause Young (Normal) (G1 Evacuation Pause) 761M->148M(1024M) 1.028ms
[2024-07-21T00:27:54.084+0530][gc,cpu      ] GC(34) User=0.01s Sys=0.00s Real=0.01s
[2024-07-21T00:28:24.198+0530][gc,start    ] GC(35) Pause Young (Normal) (G1 Evacuation Pause)
[2024-07-21T00:28:24.198+0530][gc,task     ] GC(35) Using 13 workers of 13 for evacuation
[2024-07-21T00:28:24.199+0530][gc,phases   ] GC(35)   Pre Evacuate Collection Set: 0.1ms
[2024-07-21T00:28:24.199+0530][gc,phases   ] GC(35)   Merge Heap Roots: 0.1ms
[2024-07-21T00:28:24.199+0530][gc,phases   ] GC(35)   Evacuate Collection Set: 0.4ms
[2024-07-21T00:28:24.199+0530][gc,phases   ] GC(35)   Post Evacuate Collection Set: 0.2ms
[2024-07-21T00:28:24.199+0530][gc,phases   ] GC(35)   Other: 0.1ms
[2024-07-21T00:28:24.199+0530][gc,heap     ] GC(35) Eden regions: 613->0(613)
[2024-07-21T00:28:24.199+0530][gc,heap     ] GC(35) Survivor regions: 1->1(77)
[2024-07-21T00:28:24.199+0530][gc,heap     ] GC(35) Old regions: 17->17
[2024-07-21T00:28:24.199+0530][gc,heap     ] GC(35) Archive regions: 2->2
[2024-07-21T00:28:24.199+0530][gc,heap     ] GC(35) Humongous regions: 131->131
[2024-07-21T00:28:24.199+0530][gc,metaspace] GC(35) Metaspace: 40741K(41280K)->40741K(41280K) NonClass: 36020K(36288K)->36020K(36288K) Class: 4720K(4992K)->4720K(4992K)
[2024-07-21T00:28:24.199+0530][gc          ] GC(35) Pause Young (Normal) (G1 Evacuation Pause) 761M->149M(1024M) 1.053ms
[2024-07-21T00:28:24.199+0530][gc,cpu      ] GC(35) User=0.01s Sys=0.00s Real=0.00s
[2024-07-21T00:29:09.096+0530][gc,start    ] GC(36) Pause Young (Normal) (G1 Evacuation Pause)
[2024-07-21T00:29:09.096+0530][gc,task     ] GC(36) Using 13 workers of 13 for evacuation
[2024-07-21T00:29:09.097+0530][gc,phases   ] GC(36)   Pre Evacuate Collection Set: 0.1ms
[2024-07-21T00:29:09.097+0530][gc,phases   ] GC(36)   Merge Heap Roots: 0.2ms
[2024-07-21T00:29:09.097+0530][gc,phases   ] GC(36)   Evacuate Collection Set: 0.3ms
[2024-07-21T00:29:09.097+0530][gc,phases   ] GC(36)   Post Evacuate Collection Set: 0.4ms
[2024-07-21T00:29:09.097+0530][gc,phases   ] GC(36)   Other: 0.1ms
[2024-07-21T00:29:09.097+0530][gc,heap     ] GC(36) Eden regions: 613->0(613)
[2024-07-21T00:29:09.097+0530][gc,heap     ] GC(36) Survivor regions: 1->1(77)
[2024-07-21T00:29:09.097+0530][gc,heap     ] GC(36) Old regions: 17->17
[2024-07-21T00:29:09.097+0530][gc,heap     ] GC(36) Archive regions: 2->2
[2024-07-21T00:29:09.097+0530][gc,heap     ] GC(36) Humongous regions: 131->131
[2024-07-21T00:29:09.097+0530][gc,metaspace] GC(36) Metaspace: 40746K(41280K)->40746K(41280K) NonClass: 36025K(36288K)->36025K(36288K) Class: 4720K(4992K)->4720K(4992K)
[2024-07-21T00:29:09.097+0530][gc          ] GC(36) Pause Young (Normal) (G1 Evacuation Pause) 762M->149M(1024M) 1.136ms
[2024-07-21T00:29:09.097+0530][gc,cpu      ] GC(36) User=0.00s Sys=0.00s Real=0.00s
[2024-07-21T00:29:54.013+0530][gc,start    ] GC(37) Pause Young (Normal) (G1 Evacuation Pause)
[2024-07-21T00:29:54.013+0530][gc,task     ] GC(37) Using 13 workers of 13 for evacuation
[2024-07-21T00:29:54.014+0530][gc,phases   ] GC(37)   Pre Evacuate Collection Set: 0.1ms
[2024-07-21T00:29:54.014+0530][gc,phases   ] GC(37)   Merge Heap Roots: 0.1ms
[2024-07-21T00:29:54.014+0530][gc,phases   ] GC(37)   Evacuate Collection Set: 0.4ms
[2024-07-21T00:29:54.014+0530][gc,phases   ] GC(37)   Post Evacuate Collection Set: 0.4ms
[2024-07-21T00:29:54.014+0530][gc,phases   ] GC(37)   Other: 0.1ms
[2024-07-21T00:29:54.014+0530][gc,heap     ] GC(37) Eden regions: 613->0(613)
[2024-07-21T00:29:54.014+0530][gc,heap     ] GC(37) Survivor regions: 1->1(77)
[2024-07-21T00:29:54.014+0530][gc,heap     ] GC(37) Old regions: 17->17
[2024-07-21T00:29:54.014+0530][gc,heap     ] GC(37) Archive regions: 2->2
[2024-07-21T00:29:54.014+0530][gc,heap     ] GC(37) Humongous regions: 131->131
[2024-07-21T00:29:54.014+0530][gc,metaspace] GC(37) Metaspace: 40755K(41280K)->40755K(41280K) NonClass: 36034K(36288K)->36034K(36288K) Class: 4720K(4992K)->4720K(4992K)
[2024-07-21T00:29:54.014+0530][gc          ] GC(37) Pause Young (Normal) (G1 Evacuation Pause) 762M->149M(1024M) 1.119ms
[2024-07-21T00:29:54.014+0530][gc,cpu      ] GC(37) User=0.00s Sys=0.00s Real=0.00s
[2024-07-21T00:30:24.163+0530][gc,start    ] GC(38) Pause Young (Normal) (G1 Evacuation Pause)
[2024-07-21T00:30:24.163+0530][gc,task     ] GC(38) Using 13 workers of 13 for evacuation
[2024-07-21T00:30:24.164+0530][gc,phases   ] GC(38)   Pre Evacuate Collection Set: 0.1ms
[2024-07-21T00:30:24.164+0530][gc,phases   ] GC(38)   Merge Heap Roots: 0.2ms
[2024-07-21T00:30:24.164+0530][gc,phases   ] GC(38)   Evacuate Collection Set: 0.4ms
[2024-07-21T00:30:24.164+0530][gc,phases   ] GC(38)   Post Evacuate Collection Set: 0.3ms
[2024-07-21T00:30:24.164+0530][gc,phases   ] GC(38)   Other: 0.1ms
[2024-07-21T00:30:24.164+0530][gc,heap     ] GC(38) Eden regions: 613->0(613)
[2024-07-21T00:30:24.164+0530][gc,heap     ] GC(38) Survivor regions: 1->1(77)
[2024-07-21T00:30:24.164+0530][gc,heap     ] GC(38) Old regions: 17->17
[2024-07-21T00:30:24.164+0530][gc,heap     ] GC(38) Archive regions: 2->2
[2024-07-21T00:30:24.164+0530][gc,heap     ] GC(38) Humongous regions: 131->131
[2024-07-21T00:30:24.164+0530][gc,metaspace] GC(38) Metaspace: 40855K(41344K)->40855K(41344K) NonClass: 36108K(36352K)->36108K(36352K) Class: 4746K(4992K)->4746K(4992K)
[2024-07-21T00:30:24.165+0530][gc          ] GC(38) Pause Young (Normal) (G1 Evacuation Pause) 762M->149M(1024M) 1.128ms
[2024-07-21T00:30:24.165+0530][gc,cpu      ] GC(38) User=0.00s Sys=0.00s Real=0.01s
[2024-07-21T00:31:09.051+0530][gc,start    ] GC(39) Pause Young (Normal) (G1 Evacuation Pause)
[2024-07-21T00:31:09.051+0530][gc,task     ] GC(39) Using 13 workers of 13 for evacuation
[2024-07-21T00:31:09.052+0530][gc,phases   ] GC(39)   Pre Evacuate Collection Set: 0.1ms
[2024-07-21T00:31:09.052+0530][gc,phases   ] GC(39)   Merge Heap Roots: 0.1ms
[2024-07-21T00:31:09.052+0530][gc,phases   ] GC(39)   Evacuate Collection Set: 0.4ms
[2024-07-21T00:31:09.052+0530][gc,phases   ] GC(39)   Post Evacuate Collection Set: 0.3ms
[2024-07-21T00:31:09.052+0530][gc,phases   ] GC(39)   Other: 0.1ms
[2024-07-21T00:31:09.052+0530][gc,heap     ] GC(39) Eden regions: 613->0(613)
[2024-07-21T00:31:09.052+0530][gc,heap     ] GC(39) Survivor regions: 1->1(77)
[2024-07-21T00:31:09.052+0530][gc,heap     ] GC(39) Old regions: 17->17
[2024-07-21T00:31:09.052+0530][gc,heap     ] GC(39) Archive regions: 2->2
[2024-07-21T00:31:09.052+0530][gc,heap     ] GC(39) Humongous regions: 131->131
[2024-07-21T00:31:09.052+0530][gc,metaspace] GC(39) Metaspace: 41015K(41536K)->41015K(41536K) NonClass: 36232K(36480K)->36232K(36480K) Class: 4783K(5056K)->4783K(5056K)
[2024-07-21T00:31:09.052+0530][gc          ] GC(39) Pause Young (Normal) (G1 Evacuation Pause) 762M->149M(1024M) 1.065ms
[2024-07-21T00:31:09.052+0530][gc,cpu      ] GC(39) User=0.01s Sys=0.01s Real=0.00s
[2024-07-21T00:31:39.185+0530][gc,start    ] GC(40) Pause Young (Normal) (G1 Evacuation Pause)
[2024-07-21T00:31:39.185+0530][gc,task     ] GC(40) Using 13 workers of 13 for evacuation
[2024-07-21T00:31:39.186+0530][gc,phases   ] GC(40)   Pre Evacuate Collection Set: 0.1ms
[2024-07-21T00:31:39.186+0530][gc,phases   ] GC(40)   Merge Heap Roots: 0.2ms
[2024-07-21T00:31:39.186+0530][gc,phases   ] GC(40)   Evacuate Collection Set: 0.4ms
[2024-07-21T00:31:39.186+0530][gc,phases   ] GC(40)   Post Evacuate Collection Set: 0.3ms
[2024-07-21T00:31:39.186+0530][gc,phases   ] GC(40)   Other: 0.1ms
[2024-07-21T00:31:39.186+0530][gc,heap     ] GC(40) Eden regions: 613->0(613)
[2024-07-21T00:31:39.186+0530][gc,heap     ] GC(40) Survivor regions: 1->1(77)
[2024-07-21T00:31:39.186+0530][gc,heap     ] GC(40) Old regions: 17->17
[2024-07-21T00:31:39.186+0530][gc,heap     ] GC(40) Archive regions: 2->2
[2024-07-21T00:31:39.186+0530][gc,heap     ] GC(40) Humongous regions: 131->131
[2024-07-21T00:31:39.186+0530][gc,metaspace] GC(40) Metaspace: 41020K(41536K)->41020K(41536K) NonClass: 36237K(36480K)->36237K(36480K) Class: 4783K(5056K)->4783K(5056K)
[2024-07-21T00:31:39.186+0530][gc          ] GC(40) Pause Young (Normal) (G1 Evacuation Pause) 762M->149M(1024M) 1.106ms
[2024-07-21T00:31:39.186+0530][gc,cpu      ] GC(40) User=0.00s Sys=0.00s Real=0.00s
[2024-07-21T00:32:24.082+0530][gc,start    ] GC(41) Pause Young (Normal) (G1 Evacuation Pause)
[2024-07-21T00:32:24.082+0530][gc,task     ] GC(41) Using 13 workers of 13 for evacuation
[2024-07-21T00:32:24.083+0530][gc,phases   ] GC(41)   Pre Evacuate Collection Set: 0.1ms
[2024-07-21T00:32:24.083+0530][gc,phases   ] GC(41)   Merge Heap Roots: 0.1ms
[2024-07-21T00:32:24.083+0530][gc,phases   ] GC(41)   Evacuate Collection Set: 0.4ms
[2024-07-21T00:32:24.083+0530][gc,phases   ] GC(41)   Post Evacuate Collection Set: 0.3ms
[2024-07-21T00:32:24.083+0530][gc,phases   ] GC(41)   Other: 0.1ms
[2024-07-21T00:32:24.083+0530][gc,heap     ] GC(41) Eden regions: 613->0(613)
[2024-07-21T00:32:24.083+0530][gc,heap     ] GC(41) Survivor regions: 1->1(77)
[2024-07-21T00:32:24.083+0530][gc,heap     ] GC(41) Old regions: 17->17
[2024-07-21T00:32:24.083+0530][gc,heap     ] GC(41) Archive regions: 2->2
[2024-07-21T00:32:24.083+0530][gc,heap     ] GC(41) Humongous regions: 131->131
[2024-07-21T00:32:24.083+0530][gc,metaspace] GC(41) Metaspace: 41031K(41536K)->41031K(41536K) NonClass: 36247K(36480K)->36247K(36480K) Class: 4783K(5056K)->4783K(5056K)
[2024-07-21T00:32:24.083+0530][gc          ] GC(41) Pause Young (Normal) (G1 Evacuation Pause) 762M->149M(1024M) 0.962ms
[2024-07-21T00:32:24.083+0530][gc,cpu      ] GC(41) User=0.00s Sys=0.00s Real=0.00s
[2024-07-21T00:32:54.229+0530][gc,start    ] GC(42) Pause Young (Normal) (G1 Evacuation Pause)
[2024-07-21T00:32:54.229+0530][gc,task     ] GC(42) Using 13 workers of 13 for evacuation
[2024-07-21T00:32:54.230+0530][gc,phases   ] GC(42)   Pre Evacuate Collection Set: 0.1ms
[2024-07-21T00:32:54.230+0530][gc,phases   ] GC(42)   Merge Heap Roots: 0.1ms
[2024-07-21T00:32:54.230+0530][gc,phases   ] GC(42)   Evacuate Collection Set: 0.4ms
[2024-07-21T00:32:54.230+0530][gc,phases   ] GC(42)   Post Evacuate Collection Set: 0.4ms
[2024-07-21T00:32:54.230+0530][gc,phases   ] GC(42)   Other: 0.1ms
[2024-07-21T00:32:54.230+0530][gc,heap     ] GC(42) Eden regions: 613->0(612)
[2024-07-21T00:32:54.230+0530][gc,heap     ] GC(42) Survivor regions: 1->2(77)
[2024-07-21T00:32:54.230+0530][gc,heap     ] GC(42) Old regions: 17->17
[2024-07-21T00:32:54.230+0530][gc,heap     ] GC(42) Archive regions: 2->2
[2024-07-21T00:32:54.230+0530][gc,heap     ] GC(42) Humongous regions: 131->131
[2024-07-21T00:32:54.230+0530][gc,metaspace] GC(42) Metaspace: 41068K(41600K)->41068K(41600K) NonClass: 36285K(36544K)->36285K(36544K) Class: 4783K(5056K)->4783K(5056K)
[2024-07-21T00:32:54.230+0530][gc          ] GC(42) Pause Young (Normal) (G1 Evacuation Pause) 762M->149M(1024M) 1.101ms
[2024-07-21T00:32:54.230+0530][gc,cpu      ] GC(42) User=0.01s Sys=0.00s Real=0.00s
[2024-07-21T00:33:39.118+0530][gc,start    ] GC(43) Pause Young (Normal) (G1 Evacuation Pause)
[2024-07-21T00:33:39.119+0530][gc,task     ] GC(43) Using 13 workers of 13 for evacuation
[2024-07-21T00:33:39.119+0530][gc,phases   ] GC(43)   Pre Evacuate Collection Set: 0.1ms
[2024-07-21T00:33:39.119+0530][gc,phases   ] GC(43)   Merge Heap Roots: 0.1ms
[2024-07-21T00:33:39.119+0530][gc,phases   ] GC(43)   Evacuate Collection Set: 0.3ms
[2024-07-21T00:33:39.119+0530][gc,phases   ] GC(43)   Post Evacuate Collection Set: 0.2ms
[2024-07-21T00:33:39.119+0530][gc,phases   ] GC(43)   Other: 0.1ms
[2024-07-21T00:33:39.119+0530][gc,heap     ] GC(43) Eden regions: 612->0(613)
[2024-07-21T00:33:39.119+0530][gc,heap     ] GC(43) Survivor regions: 2->1(77)
[2024-07-21T00:33:39.119+0530][gc,heap     ] GC(43) Old regions: 17->17
[2024-07-21T00:33:39.119+0530][gc,heap     ] GC(43) Archive regions: 2->2
[2024-07-21T00:33:39.119+0530][gc,heap     ] GC(43) Humongous regions: 131->131
[2024-07-21T00:33:39.119+0530][gc,metaspace] GC(43) Metaspace: 41081K(41600K)->41081K(41600K) NonClass: 36298K(36544K)->36298K(36544K) Class: 4783K(5056K)->4783K(5056K)
[2024-07-21T00:33:39.119+0530][gc          ] GC(43) Pause Young (Normal) (G1 Evacuation Pause) 761M->149M(1024M) 0.921ms
[2024-07-21T00:33:39.119+0530][gc,cpu      ] GC(43) User=0.00s Sys=0.00s Real=0.00s
[2024-07-21T00:34:24.012+0530][gc,start    ] GC(44) Pause Young (Normal) (G1 Evacuation Pause)
[2024-07-21T00:34:24.012+0530][gc,task     ] GC(44) Using 13 workers of 13 for evacuation
[2024-07-21T00:34:24.013+0530][gc,phases   ] GC(44)   Pre Evacuate Collection Set: 0.1ms
[2024-07-21T00:34:24.013+0530][gc,phases   ] GC(44)   Merge Heap Roots: 0.1ms
[2024-07-21T00:34:24.013+0530][gc,phases   ] GC(44)   Evacuate Collection Set: 0.5ms
[2024-07-21T00:34:24.013+0530][gc,phases   ] GC(44)   Post Evacuate Collection Set: 0.4ms
[2024-07-21T00:34:24.013+0530][gc,phases   ] GC(44)   Other: 0.1ms
[2024-07-21T00:34:24.013+0530][gc,heap     ] GC(44) Eden regions: 613->0(613)
[2024-07-21T00:34:24.013+0530][gc,heap     ] GC(44) Survivor regions: 1->1(77)
[2024-07-21T00:34:24.013+0530][gc,heap     ] GC(44) Old regions: 17->17
[2024-07-21T00:34:24.013+0530][gc,heap     ] GC(44) Archive regions: 2->2
[2024-07-21T00:34:24.013+0530][gc,heap     ] GC(44) Humongous regions: 131->131
[2024-07-21T00:34:24.013+0530][gc,metaspace] GC(44) Metaspace: 41086K(41600K)->41086K(41600K) NonClass: 36302K(36544K)->36302K(36544K) Class: 4783K(5056K)->4783K(5056K)
[2024-07-21T00:34:24.013+0530][gc          ] GC(44) Pause Young (Normal) (G1 Evacuation Pause) 762M->149M(1024M) 1.245ms
[2024-07-21T00:34:24.013+0530][gc,cpu      ] GC(44) User=0.01s Sys=0.00s Real=0.00s
[2024-07-21T00:34:54.134+0530][gc,start    ] GC(45) Pause Young (Normal) (G1 Evacuation Pause)
[2024-07-21T00:34:54.134+0530][gc,task     ] GC(45) Using 13 workers of 13 for evacuation
[2024-07-21T00:34:54.135+0530][gc,phases   ] GC(45)   Pre Evacuate Collection Set: 0.1ms
[2024-07-21T00:34:54.135+0530][gc,phases   ] GC(45)   Merge Heap Roots: 0.1ms
[2024-07-21T00:34:54.135+0530][gc,phases   ] GC(45)   Evacuate Collection Set: 0.7ms
[2024-07-21T00:34:54.135+0530][gc,phases   ] GC(45)   Post Evacuate Collection Set: 0.5ms
[2024-07-21T00:34:54.135+0530][gc,phases   ] GC(45)   Other: 0.1ms
[2024-07-21T00:34:54.135+0530][gc,heap     ] GC(45) Eden regions: 613->0(613)
[2024-07-21T00:34:54.135+0530][gc,heap     ] GC(45) Survivor regions: 1->1(77)
[2024-07-21T00:34:54.135+0530][gc,heap     ] GC(45) Old regions: 17->17
[2024-07-21T00:34:54.135+0530][gc,heap     ] GC(45) Archive regions: 2->2
[2024-07-21T00:34:54.135+0530][gc,heap     ] GC(45) Humongous regions: 131->131
[2024-07-21T00:34:54.135+0530][gc,metaspace] GC(45) Metaspace: 41087K(41600K)->41087K(41600K) NonClass: 36304K(36544K)->36304K(36544K) Class: 4783K(5056K)->4783K(5056K)
[2024-07-21T00:34:54.135+0530][gc          ] GC(45) Pause Young (Normal) (G1 Evacuation Pause) 762M->149M(1024M) 1.488ms
[2024-07-21T00:34:54.135+0530][gc,cpu      ] GC(45) User=0.01s Sys=0.01s Real=0.00s
[2024-07-21T00:35:39.015+0530][gc,start    ] GC(46) Pause Young (Normal) (G1 Evacuation Pause)
[2024-07-21T00:35:39.015+0530][gc,task     ] GC(46) Using 13 workers of 13 for evacuation
[2024-07-21T00:35:39.016+0530][gc,phases   ] GC(46)   Pre Evacuate Collection Set: 0.1ms
[2024-07-21T00:35:39.016+0530][gc,phases   ] GC(46)   Merge Heap Roots: 0.1ms
[2024-07-21T00:35:39.016+0530][gc,phases   ] GC(46)   Evacuate Collection Set: 0.3ms
[2024-07-21T00:35:39.016+0530][gc,phases   ] GC(46)   Post Evacuate Collection Set: 0.3ms
[2024-07-21T00:35:39.016+0530][gc,phases   ] GC(46)   Other: 0.1ms
[2024-07-21T00:35:39.016+0530][gc,heap     ] GC(46) Eden regions: 613->0(613)
[2024-07-21T00:35:39.016+0530][gc,heap     ] GC(46) Survivor regions: 1->1(77)
[2024-07-21T00:35:39.016+0530][gc,heap     ] GC(46) Old regions: 17->17
[2024-07-21T00:35:39.016+0530][gc,heap     ] GC(46) Archive regions: 2->2
[2024-07-21T00:35:39.016+0530][gc,heap     ] GC(46) Humongous regions: 131->131
[2024-07-21T00:35:39.016+0530][gc,metaspace] GC(46) Metaspace: 41094K(41600K)->41094K(41600K) NonClass: 36310K(36544K)->36310K(36544K) Class: 4783K(5056K)->4783K(5056K)
[2024-07-21T00:35:39.016+0530][gc          ] GC(46) Pause Young (Normal) (G1 Evacuation Pause) 762M->149M(1024M) 0.959ms
[2024-07-21T00:35:39.016+0530][gc,cpu      ] GC(46) User=0.00s Sys=0.00s Real=0.01s
[2024-07-21T00:36:09.168+0530][gc,start    ] GC(47) Pause Young (Normal) (G1 Evacuation Pause)
[2024-07-21T00:36:09.168+0530][gc,task     ] GC(47) Using 13 workers of 13 for evacuation
[2024-07-21T00:36:09.169+0530][gc,phases   ] GC(47)   Pre Evacuate Collection Set: 0.1ms
[2024-07-21T00:36:09.169+0530][gc,phases   ] GC(47)   Merge Heap Roots: 0.1ms
[2024-07-21T00:36:09.169+0530][gc,phases   ] GC(47)   Evacuate Collection Set: 0.4ms
[2024-07-21T00:36:09.169+0530][gc,phases   ] GC(47)   Post Evacuate Collection Set: 0.4ms
[2024-07-21T00:36:09.169+0530][gc,phases   ] GC(47)   Other: 0.1ms
[2024-07-21T00:36:09.169+0530][gc,heap     ] GC(47) Eden regions: 613->0(613)
[2024-07-21T00:36:09.169+0530][gc,heap     ] GC(47) Survivor regions: 1->1(77)
[2024-07-21T00:36:09.169+0530][gc,heap     ] GC(47) Old regions: 17->17
[2024-07-21T00:36:09.169+0530][gc,heap     ] GC(47) Archive regions: 2->2
[2024-07-21T00:36:09.169+0530][gc,heap     ] GC(47) Humongous regions: 131->131
[2024-07-21T00:36:09.169+0530][gc,metaspace] GC(47) Metaspace: 41103K(41600K)->41103K(41600K) NonClass: 36320K(36544K)->36320K(36544K) Class: 4783K(5056K)->4783K(5056K)
[2024-07-21T00:36:09.169+0530][gc          ] GC(47) Pause Young (Normal) (G1 Evacuation Pause) 762M->149M(1024M) 1.135ms
[2024-07-21T00:36:09.169+0530][gc,cpu      ] GC(47) User=0.01s Sys=0.00s Real=0.00s
[2024-07-21T00:36:54.051+0530][gc,start    ] GC(48) Pause Young (Normal) (G1 Evacuation Pause)
[2024-07-21T00:36:54.051+0530][gc,task     ] GC(48) Using 13 workers of 13 for evacuation
[2024-07-21T00:36:54.052+0530][gc,phases   ] GC(48)   Pre Evacuate Collection Set: 0.1ms
[2024-07-21T00:36:54.052+0530][gc,phases   ] GC(48)   Merge Heap Roots: 0.2ms
[2024-07-21T00:36:54.052+0530][gc,phases   ] GC(48)   Evacuate Collection Set: 0.4ms
[2024-07-21T00:36:54.052+0530][gc,phases   ] GC(48)   Post Evacuate Collection Set: 0.3ms
[2024-07-21T00:36:54.052+0530][gc,phases   ] GC(48)   Other: 0.1ms
[2024-07-21T00:36:54.052+0530][gc,heap     ] GC(48) Eden regions: 613->0(613)
[2024-07-21T00:36:54.052+0530][gc,heap     ] GC(48) Survivor regions: 1->1(77)
[2024-07-21T00:36:54.052+0530][gc,heap     ] GC(48) Old regions: 17->17
[2024-07-21T00:36:54.052+0530][gc,heap     ] GC(48) Archive regions: 2->2
[2024-07-21T00:36:54.052+0530][gc,heap     ] GC(48) Humongous regions: 131->131
[2024-07-21T00:36:54.052+0530][gc,metaspace] GC(48) Metaspace: 41113K(41600K)->41113K(41600K) NonClass: 36329K(36544K)->36329K(36544K) Class: 4783K(5056K)->4783K(5056K)
[2024-07-21T00:36:54.052+0530][gc          ] GC(48) Pause Young (Normal) (G1 Evacuation Pause) 762M->149M(1024M) 1.136ms
[2024-07-21T00:36:54.052+0530][gc,cpu      ] GC(48) User=0.01s Sys=0.00s Real=0.00s
[2024-07-21T00:37:24.224+0530][gc,start    ] GC(49) Pause Young (Normal) (G1 Evacuation Pause)
[2024-07-21T00:37:24.224+0530][gc,task     ] GC(49) Using 13 workers of 13 for evacuation
[2024-07-21T00:37:24.225+0530][gc,phases   ] GC(49)   Pre Evacuate Collection Set: 0.1ms
[2024-07-21T00:37:24.225+0530][gc,phases   ] GC(49)   Merge Heap Roots: 0.1ms
[2024-07-21T00:37:24.225+0530][gc,phases   ] GC(49)   Evacuate Collection Set: 0.5ms
[2024-07-21T00:37:24.225+0530][gc,phases   ] GC(49)   Post Evacuate Collection Set: 0.5ms
[2024-07-21T00:37:24.225+0530][gc,phases   ] GC(49)   Other: 0.1ms
[2024-07-21T00:37:24.225+0530][gc,heap     ] GC(49) Eden regions: 613->0(613)
[2024-07-21T00:37:24.225+0530][gc,heap     ] GC(49) Survivor regions: 1->1(77)
[2024-07-21T00:37:24.225+0530][gc,heap     ] GC(49) Old regions: 17->17
[2024-07-21T00:37:24.225+0530][gc,heap     ] GC(49) Archive regions: 2->2
[2024-07-21T00:37:24.225+0530][gc,heap     ] GC(49) Humongous regions: 131->131
[2024-07-21T00:37:24.225+0530][gc,metaspace] GC(49) Metaspace: 41119K(41600K)->41119K(41600K) NonClass: 36335K(36544K)->36335K(36544K) Class: 4783K(5056K)->4783K(5056K)
[2024-07-21T00:37:24.226+0530][gc          ] GC(49) Pause Young (Normal) (G1 Evacuation Pause) 762M->149M(1024M) 1.464ms
[2024-07-21T00:37:24.226+0530][gc,cpu      ] GC(49) User=0.01s Sys=0.00s Real=0.00s
[2024-07-21T00:38:09.088+0530][gc,start    ] GC(50) Pause Young (Normal) (G1 Evacuation Pause)
[2024-07-21T00:38:09.088+0530][gc,task     ] GC(50) Using 13 workers of 13 for evacuation
[2024-07-21T00:38:09.089+0530][gc,phases   ] GC(50)   Pre Evacuate Collection Set: 0.1ms
[2024-07-21T00:38:09.089+0530][gc,phases   ] GC(50)   Merge Heap Roots: 0.2ms
[2024-07-21T00:38:09.089+0530][gc,phases   ] GC(50)   Evacuate Collection Set: 0.5ms
[2024-07-21T00:38:09.089+0530][gc,phases   ] GC(50)   Post Evacuate Collection Set: 0.3ms
[2024-07-21T00:38:09.089+0530][gc,phases   ] GC(50)   Other: 0.1ms
[2024-07-21T00:38:09.089+0530][gc,heap     ] GC(50) Eden regions: 613->0(613)
[2024-07-21T00:38:09.089+0530][gc,heap     ] GC(50) Survivor regions: 1->1(77)
[2024-07-21T00:38:09.089+0530][gc,heap     ] GC(50) Old regions: 17->18
[2024-07-21T00:38:09.089+0530][gc,heap     ] GC(50) Archive regions: 2->2
[2024-07-21T00:38:09.089+0530][gc,heap     ] GC(50) Humongous regions: 131->131
[2024-07-21T00:38:09.089+0530][gc,metaspace] GC(50) Metaspace: 41152K(41664K)->41152K(41664K) NonClass: 36368K(36608K)->36368K(36608K) Class: 4783K(5056K)->4783K(5056K)
[2024-07-21T00:38:09.089+0530][gc          ] GC(50) Pause Young (Normal) (G1 Evacuation Pause) 762M->149M(1024M) 1.197ms
[2024-07-21T00:38:09.089+0530][gc,cpu      ] GC(50) User=0.01s Sys=0.00s Real=0.00s
[2024-07-21T00:38:53.961+0530][gc,start    ] GC(51) Pause Young (Normal) (G1 Evacuation Pause)
[2024-07-21T00:38:53.961+0530][gc,task     ] GC(51) Using 13 workers of 13 for evacuation
[2024-07-21T00:38:53.962+0530][gc,phases   ] GC(51)   Pre Evacuate Collection Set: 0.1ms
[2024-07-21T00:38:53.962+0530][gc,phases   ] GC(51)   Merge Heap Roots: 0.1ms
[2024-07-21T00:38:53.962+0530][gc,phases   ] GC(51)   Evacuate Collection Set: 0.2ms
[2024-07-21T00:38:53.962+0530][gc,phases   ] GC(51)   Post Evacuate Collection Set: 0.2ms
[2024-07-21T00:38:53.962+0530][gc,phases   ] GC(51)   Other: 0.1ms
[2024-07-21T00:38:53.962+0530][gc,heap     ] GC(51) Eden regions: 613->0(613)
[2024-07-21T00:38:53.962+0530][gc,heap     ] GC(51) Survivor regions: 1->1(77)
[2024-07-21T00:38:53.962+0530][gc,heap     ] GC(51) Old regions: 18->18
[2024-07-21T00:38:53.962+0530][gc,heap     ] GC(51) Archive regions: 2->2
[2024-07-21T00:38:53.962+0530][gc,heap     ] GC(51) Humongous regions: 131->131
[2024-07-21T00:38:53.962+0530][gc,metaspace] GC(51) Metaspace: 41158K(41664K)->41158K(41664K) NonClass: 36375K(36608K)->36375K(36608K) Class: 4783K(5056K)->4783K(5056K)
[2024-07-21T00:38:53.962+0530][gc          ] GC(51) Pause Young (Normal) (G1 Evacuation Pause) 762M->149M(1024M) 0.741ms
[2024-07-21T00:38:53.962+0530][gc,cpu      ] GC(51) User=0.00s Sys=0.00s Real=0.00s
[2024-07-21T00:39:24.131+0530][gc,start    ] GC(52) Pause Young (Normal) (G1 Evacuation Pause)
[2024-07-21T00:39:24.131+0530][gc,task     ] GC(52) Using 13 workers of 13 for evacuation
[2024-07-21T00:39:24.131+0530][gc,phases   ] GC(52)   Pre Evacuate Collection Set: 0.1ms
[2024-07-21T00:39:24.131+0530][gc,phases   ] GC(52)   Merge Heap Roots: 0.1ms
[2024-07-21T00:39:24.131+0530][gc,phases   ] GC(52)   Evacuate Collection Set: 0.2ms
[2024-07-21T00:39:24.131+0530][gc,phases   ] GC(52)   Post Evacuate Collection Set: 0.3ms
[2024-07-21T00:39:24.131+0530][gc,phases   ] GC(52)   Other: 0.1ms
[2024-07-21T00:39:24.131+0530][gc,heap     ] GC(52) Eden regions: 613->0(613)
[2024-07-21T00:39:24.131+0530][gc,heap     ] GC(52) Survivor regions: 1->1(77)
[2024-07-21T00:39:24.131+0530][gc,heap     ] GC(52) Old regions: 18->18
[2024-07-21T00:39:24.131+0530][gc,heap     ] GC(52) Archive regions: 2->2
[2024-07-21T00:39:24.131+0530][gc,heap     ] GC(52) Humongous regions: 131->131
[2024-07-21T00:39:24.131+0530][gc,metaspace] GC(52) Metaspace: 41163K(41664K)->41163K(41664K) NonClass: 36380K(36608K)->36380K(36608K) Class: 4783K(5056K)->4783K(5056K)
[2024-07-21T00:39:24.131+0530][gc          ] GC(52) Pause Young (Normal) (G1 Evacuation Pause) 762M->149M(1024M) 0.803ms
[2024-07-21T00:39:24.131+0530][gc,cpu      ] GC(52) User=0.00s Sys=0.00s Real=0.00s
[2024-07-21T00:40:09.010+0530][gc,start    ] GC(53) Pause Young (Normal) (G1 Evacuation Pause)
[2024-07-21T00:40:09.010+0530][gc,task     ] GC(53) Using 13 workers of 13 for evacuation
[2024-07-21T00:40:09.011+0530][gc,phases   ] GC(53)   Pre Evacuate Collection Set: 0.1ms
[2024-07-21T00:40:09.011+0530][gc,phases   ] GC(53)   Merge Heap Roots: 0.1ms
[2024-07-21T00:40:09.011+0530][gc,phases   ] GC(53)   Evacuate Collection Set: 0.4ms
[2024-07-21T00:40:09.011+0530][gc,phases   ] GC(53)   Post Evacuate Collection Set: 0.5ms
[2024-07-21T00:40:09.011+0530][gc,phases   ] GC(53)   Other: 0.1ms
[2024-07-21T00:40:09.011+0530][gc,heap     ] GC(53) Eden regions: 613->0(613)
[2024-07-21T00:40:09.011+0530][gc,heap     ] GC(53) Survivor regions: 1->1(77)
[2024-07-21T00:40:09.011+0530][gc,heap     ] GC(53) Old regions: 18->18
[2024-07-21T00:40:09.011+0530][gc,heap     ] GC(53) Archive regions: 2->2
[2024-07-21T00:40:09.011+0530][gc,heap     ] GC(53) Humongous regions: 131->131
[2024-07-21T00:40:09.011+0530][gc,metaspace] GC(53) Metaspace: 41165K(41664K)->41165K(41664K) NonClass: 36382K(36608K)->36382K(36608K) Class: 4783K(5056K)->4783K(5056K)
[2024-07-21T00:40:09.011+0530][gc          ] GC(53) Pause Young (Normal) (G1 Evacuation Pause) 762M->149M(1024M) 1.191ms
[2024-07-21T00:40:09.011+0530][gc,cpu      ] GC(53) User=0.00s Sys=0.00s Real=0.00s
[2024-07-21T00:40:39.169+0530][gc,start    ] GC(54) Pause Young (Normal) (G1 Evacuation Pause)
[2024-07-21T00:40:39.169+0530][gc,task     ] GC(54) Using 13 workers of 13 for evacuation
[2024-07-21T00:40:39.170+0530][gc,phases   ] GC(54)   Pre Evacuate Collection Set: 0.1ms
[2024-07-21T00:40:39.170+0530][gc,phases   ] GC(54)   Merge Heap Roots: 0.1ms
[2024-07-21T00:40:39.170+0530][gc,phases   ] GC(54)   Evacuate Collection Set: 0.3ms
[2024-07-21T00:40:39.170+0530][gc,phases   ] GC(54)   Post Evacuate Collection Set: 0.3ms
[2024-07-21T00:40:39.170+0530][gc,phases   ] GC(54)   Other: 0.1ms
[2024-07-21T00:40:39.170+0530][gc,heap     ] GC(54) Eden regions: 613->0(613)
[2024-07-21T00:40:39.170+0530][gc,heap     ] GC(54) Survivor regions: 1->1(77)
[2024-07-21T00:40:39.170+0530][gc,heap     ] GC(54) Old regions: 18->18
[2024-07-21T00:40:39.170+0530][gc,heap     ] GC(54) Archive regions: 2->2
[2024-07-21T00:40:39.170+0530][gc,heap     ] GC(54) Humongous regions: 131->131
[2024-07-21T00:40:39.170+0530][gc,metaspace] GC(54) Metaspace: 41170K(41664K)->41170K(41664K) NonClass: 36386K(36608K)->36386K(36608K) Class: 4783K(5056K)->4783K(5056K)
[2024-07-21T00:40:39.170+0530][gc          ] GC(54) Pause Young (Normal) (G1 Evacuation Pause) 762M->149M(1024M) 0.975ms
[2024-07-21T00:40:39.170+0530][gc,cpu      ] GC(54) User=0.01s Sys=0.00s Real=0.00s
[2024-07-21T00:41:24.040+0530][gc,start    ] GC(55) Pause Young (Normal) (G1 Evacuation Pause)
[2024-07-21T00:41:24.040+0530][gc,task     ] GC(55) Using 13 workers of 13 for evacuation
[2024-07-21T00:41:24.041+0530][gc,phases   ] GC(55)   Pre Evacuate Collection Set: 0.1ms
[2024-07-21T00:41:24.041+0530][gc,phases   ] GC(55)   Merge Heap Roots: 0.2ms
[2024-07-21T00:41:24.041+0530][gc,phases   ] GC(55)   Evacuate Collection Set: 0.2ms
[2024-07-21T00:41:24.041+0530][gc,phases   ] GC(55)   Post Evacuate Collection Set: 0.4ms
[2024-07-21T00:41:24.041+0530][gc,phases   ] GC(55)   Other: 0.1ms
[2024-07-21T00:41:24.041+0530][gc,heap     ] GC(55) Eden regions: 613->0(613)
[2024-07-21T00:41:24.041+0530][gc,heap     ] GC(55) Survivor regions: 1->1(77)
[2024-07-21T00:41:24.041+0530][gc,heap     ] GC(55) Old regions: 18->18
[2024-07-21T00:41:24.041+0530][gc,heap     ] GC(55) Archive regions: 2->2
[2024-07-21T00:41:24.041+0530][gc,heap     ] GC(55) Humongous regions: 131->131
[2024-07-21T00:41:24.041+0530][gc,metaspace] GC(55) Metaspace: 41172K(41664K)->41172K(41664K) NonClass: 36388K(36608K)->36388K(36608K) Class: 4783K(5056K)->4783K(5056K)
[2024-07-21T00:41:24.041+0530][gc          ] GC(55) Pause Young (Normal) (G1 Evacuation Pause) 762M->149M(1024M) 1.030ms
[2024-07-21T00:41:24.041+0530][gc,cpu      ] GC(55) User=0.01s Sys=0.00s Real=0.00s
[2024-07-21T00:41:54.178+0530][gc,start    ] GC(56) Pause Young (Normal) (G1 Evacuation Pause)
[2024-07-21T00:41:54.178+0530][gc,task     ] GC(56) Using 13 workers of 13 for evacuation
[2024-07-21T00:41:54.179+0530][gc,phases   ] GC(56)   Pre Evacuate Collection Set: 0.1ms
[2024-07-21T00:41:54.179+0530][gc,phases   ] GC(56)   Merge Heap Roots: 0.2ms
[2024-07-21T00:41:54.179+0530][gc,phases   ] GC(56)   Evacuate Collection Set: 0.3ms
[2024-07-21T00:41:54.179+0530][gc,phases   ] GC(56)   Post Evacuate Collection Set: 0.3ms
[2024-07-21T00:41:54.179+0530][gc,phases   ] GC(56)   Other: 0.1ms
[2024-07-21T00:41:54.179+0530][gc,heap     ] GC(56) Eden regions: 613->0(613)
[2024-07-21T00:41:54.179+0530][gc,heap     ] GC(56) Survivor regions: 1->1(77)
[2024-07-21T00:41:54.179+0530][gc,heap     ] GC(56) Old regions: 18->18
[2024-07-21T00:41:54.179+0530][gc,heap     ] GC(56) Archive regions: 2->2
[2024-07-21T00:41:54.179+0530][gc,heap     ] GC(56) Humongous regions: 131->131
[2024-07-21T00:41:54.179+0530][gc,metaspace] GC(56) Metaspace: 41175K(41664K)->41175K(41664K) NonClass: 36391K(36608K)->36391K(36608K) Class: 4783K(5056K)->4783K(5056K)
[2024-07-21T00:41:54.179+0530][gc          ] GC(56) Pause Young (Normal) (G1 Evacuation Pause) 762M->149M(1024M) 1.019ms
[2024-07-21T00:41:54.179+0530][gc,cpu      ] GC(56) User=0.00s Sys=0.00s Real=0.00s
[2024-07-21T00:42:39.076+0530][gc,start    ] GC(57) Pause Young (Normal) (G1 Evacuation Pause)
[2024-07-21T00:42:39.076+0530][gc,task     ] GC(57) Using 13 workers of 13 for evacuation
[2024-07-21T00:42:39.077+0530][gc,phases   ] GC(57)   Pre Evacuate Collection Set: 0.1ms
[2024-07-21T00:42:39.077+0530][gc,phases   ] GC(57)   Merge Heap Roots: 0.2ms
[2024-07-21T00:42:39.077+0530][gc,phases   ] GC(57)   Evacuate Collection Set: 0.3ms
[2024-07-21T00:42:39.077+0530][gc,phases   ] GC(57)   Post Evacuate Collection Set: 0.3ms
[2024-07-21T00:42:39.077+0530][gc,phases   ] GC(57)   Other: 0.1ms
[2024-07-21T00:42:39.077+0530][gc,heap     ] GC(57) Eden regions: 613->0(613)
[2024-07-21T00:42:39.077+0530][gc,heap     ] GC(57) Survivor regions: 1->1(77)
[2024-07-21T00:42:39.077+0530][gc,heap     ] GC(57) Old regions: 18->18
[2024-07-21T00:42:39.077+0530][gc,heap     ] GC(57) Archive regions: 2->2
[2024-07-21T00:42:39.077+0530][gc,heap     ] GC(57) Humongous regions: 131->131
[2024-07-21T00:42:39.077+0530][gc,metaspace] GC(57) Metaspace: 41184K(41664K)->41184K(41664K) NonClass: 36401K(36608K)->36401K(36608K) Class: 4783K(5056K)->4783K(5056K)
[2024-07-21T00:42:39.077+0530][gc          ] GC(57) Pause Young (Normal) (G1 Evacuation Pause) 762M->149M(1024M) 0.965ms
[2024-07-21T00:42:39.077+0530][gc,cpu      ] GC(57) User=0.01s Sys=0.00s Real=0.00s
[2024-07-21T00:43:09.205+0530][gc,start    ] GC(58) Pause Young (Normal) (G1 Evacuation Pause)
[2024-07-21T00:43:09.205+0530][gc,task     ] GC(58) Using 13 workers of 13 for evacuation
[2024-07-21T00:43:09.206+0530][gc,phases   ] GC(58)   Pre Evacuate Collection Set: 0.1ms
[2024-07-21T00:43:09.206+0530][gc,phases   ] GC(58)   Merge Heap Roots: 0.2ms
[2024-07-21T00:43:09.206+0530][gc,phases   ] GC(58)   Evacuate Collection Set: 0.3ms
[2024-07-21T00:43:09.206+0530][gc,phases   ] GC(58)   Post Evacuate Collection Set: 0.3ms
[2024-07-21T00:43:09.206+0530][gc,phases   ] GC(58)   Other: 0.1ms
[2024-07-21T00:43:09.206+0530][gc,heap     ] GC(58) Eden regions: 613->0(613)
[2024-07-21T00:43:09.206+0530][gc,heap     ] GC(58) Survivor regions: 1->1(77)
[2024-07-21T00:43:09.206+0530][gc,heap     ] GC(58) Old regions: 18->18
[2024-07-21T00:43:09.206+0530][gc,heap     ] GC(58) Archive regions: 2->2
[2024-07-21T00:43:09.206+0530][gc,heap     ] GC(58) Humongous regions: 131->131
[2024-07-21T00:43:09.206+0530][gc,metaspace] GC(58) Metaspace: 41200K(41728K)->41200K(41728K) NonClass: 36416K(36672K)->36416K(36672K) Class: 4783K(5056K)->4783K(5056K)
[2024-07-21T00:43:09.206+0530][gc          ] GC(58) Pause Young (Normal) (G1 Evacuation Pause) 762M->149M(1024M) 1.018ms
[2024-07-21T00:43:09.206+0530][gc,cpu      ] GC(58) User=0.00s Sys=0.00s Real=0.00s
[2024-07-21T00:43:54.106+0530][gc,start    ] GC(59) Pause Young (Normal) (G1 Evacuation Pause)
[2024-07-21T00:43:54.106+0530][gc,task     ] GC(59) Using 13 workers of 13 for evacuation
[2024-07-21T00:43:54.107+0530][gc,phases   ] GC(59)   Pre Evacuate Collection Set: 0.1ms
[2024-07-21T00:43:54.107+0530][gc,phases   ] GC(59)   Merge Heap Roots: 0.2ms
[2024-07-21T00:43:54.107+0530][gc,phases   ] GC(59)   Evacuate Collection Set: 0.2ms
[2024-07-21T00:43:54.107+0530][gc,phases   ] GC(59)   Post Evacuate Collection Set: 0.3ms
[2024-07-21T00:43:54.107+0530][gc,phases   ] GC(59)   Other: 0.1ms
[2024-07-21T00:43:54.107+0530][gc,heap     ] GC(59) Eden regions: 613->0(613)
[2024-07-21T00:43:54.107+0530][gc,heap     ] GC(59) Survivor regions: 1->1(77)
[2024-07-21T00:43:54.107+0530][gc,heap     ] GC(59) Old regions: 18->18
[2024-07-21T00:43:54.107+0530][gc,heap     ] GC(59) Archive regions: 2->2
[2024-07-21T00:43:54.107+0530][gc,heap     ] GC(59) Humongous regions: 131->131
[2024-07-21T00:43:54.107+0530][gc,metaspace] GC(59) Metaspace: 41247K(41728K)->41247K(41728K) NonClass: 36464K(36672K)->36464K(36672K) Class: 4783K(5056K)->4783K(5056K)
[2024-07-21T00:43:54.107+0530][gc          ] GC(59) Pause Young (Normal) (G1 Evacuation Pause) 762M->149M(1024M) 0.867ms
[2024-07-21T00:43:54.107+0530][gc,cpu      ] GC(59) User=0.00s Sys=0.00s Real=0.00s
[2024-07-21T00:44:38.996+0530][gc,start    ] GC(60) Pause Young (Normal) (G1 Evacuation Pause)
[2024-07-21T00:44:38.996+0530][gc,task     ] GC(60) Using 13 workers of 13 for evacuation
[2024-07-21T00:44:38.997+0530][gc,phases   ] GC(60)   Pre Evacuate Collection Set: 0.1ms
[2024-07-21T00:44:38.997+0530][gc,phases   ] GC(60)   Merge Heap Roots: 0.1ms
[2024-07-21T00:44:38.997+0530][gc,phases   ] GC(60)   Evacuate Collection Set: 0.2ms
[2024-07-21T00:44:38.997+0530][gc,phases   ] GC(60)   Post Evacuate Collection Set: 0.2ms
[2024-07-21T00:44:38.997+0530][gc,phases   ] GC(60)   Other: 0.1ms
[2024-07-21T00:44:38.997+0530][gc,heap     ] GC(60) Eden regions: 613->0(613)
[2024-07-21T00:44:38.997+0530][gc,heap     ] GC(60) Survivor regions: 1->1(77)
[2024-07-21T00:44:38.997+0530][gc,heap     ] GC(60) Old regions: 18->18
[2024-07-21T00:44:38.997+0530][gc,heap     ] GC(60) Archive regions: 2->2
[2024-07-21T00:44:38.997+0530][gc,heap     ] GC(60) Humongous regions: 131->131
[2024-07-21T00:44:38.997+0530][gc,metaspace] GC(60) Metaspace: 41248K(41728K)->41248K(41728K) NonClass: 36464K(36672K)->36464K(36672K) Class: 4783K(5056K)->4783K(5056K)
[2024-07-21T00:44:38.997+0530][gc          ] GC(60) Pause Young (Normal) (G1 Evacuation Pause) 762M->149M(1024M) 0.658ms
[2024-07-21T00:44:38.997+0530][gc,cpu      ] GC(60) User=0.00s Sys=0.00s Real=0.00s
[2024-07-21T00:45:09.142+0530][gc,start    ] GC(61) Pause Young (Normal) (G1 Evacuation Pause)
[2024-07-21T00:45:09.142+0530][gc,task     ] GC(61) Using 13 workers of 13 for evacuation
[2024-07-21T00:45:09.142+0530][gc,phases   ] GC(61)   Pre Evacuate Collection Set: 0.1ms
[2024-07-21T00:45:09.142+0530][gc,phases   ] GC(61)   Merge Heap Roots: 0.1ms
[2024-07-21T00:45:09.142+0530][gc,phases   ] GC(61)   Evacuate Collection Set: 0.2ms
[2024-07-21T00:45:09.142+0530][gc,phases   ] GC(61)   Post Evacuate Collection Set: 0.3ms
[2024-07-21T00:45:09.142+0530][gc,phases   ] GC(61)   Other: 0.1ms
[2024-07-21T00:45:09.142+0530][gc,heap     ] GC(61) Eden regions: 613->0(613)
[2024-07-21T00:45:09.142+0530][gc,heap     ] GC(61) Survivor regions: 1->1(77)
[2024-07-21T00:45:09.142+0530][gc,heap     ] GC(61) Old regions: 18->18
[2024-07-21T00:45:09.142+0530][gc,heap     ] GC(61) Archive regions: 2->2
[2024-07-21T00:45:09.142+0530][gc,heap     ] GC(61) Humongous regions: 131->131
[2024-07-21T00:45:09.142+0530][gc,metaspace] GC(61) Metaspace: 41248K(41728K)->41248K(41728K) NonClass: 36464K(36672K)->36464K(36672K) Class: 4783K(5056K)->4783K(5056K)
[2024-07-21T00:45:09.142+0530][gc          ] GC(61) Pause Young (Normal) (G1 Evacuation Pause) 762M->149M(1024M) 0.816ms
[2024-07-21T00:45:09.143+0530][gc,cpu      ] GC(61) User=0.01s Sys=0.00s Real=0.00s
[2024-07-21T00:45:54.024+0530][gc,start    ] GC(62) Pause Young (Normal) (G1 Evacuation Pause)
[2024-07-21T00:45:54.024+0530][gc,task     ] GC(62) Using 13 workers of 13 for evacuation
[2024-07-21T00:45:54.025+0530][gc,phases   ] GC(62)   Pre Evacuate Collection Set: 0.1ms
[2024-07-21T00:45:54.025+0530][gc,phases   ] GC(62)   Merge Heap Roots: 0.2ms
[2024-07-21T00:45:54.025+0530][gc,phases   ] GC(62)   Evacuate Collection Set: 0.2ms
[2024-07-21T00:45:54.025+0530][gc,phases   ] GC(62)   Post Evacuate Collection Set: 0.3ms
[2024-07-21T00:45:54.025+0530][gc,phases   ] GC(62)   Other: 0.1ms
[2024-07-21T00:45:54.025+0530][gc,heap     ] GC(62) Eden regions: 613->0(613)
[2024-07-21T00:45:54.025+0530][gc,heap     ] GC(62) Survivor regions: 1->1(77)
[2024-07-21T00:45:54.025+0530][gc,heap     ] GC(62) Old regions: 18->18
[2024-07-21T00:45:54.025+0530][gc,heap     ] GC(62) Archive regions: 2->2
[2024-07-21T00:45:54.025+0530][gc,heap     ] GC(62) Humongous regions: 131->131
[2024-07-21T00:45:54.025+0530][gc,metaspace] GC(62) Metaspace: 41256K(41728K)->41256K(41728K) NonClass: 36472K(36672K)->36472K(36672K) Class: 4783K(5056K)->4783K(5056K)
[2024-07-21T00:45:54.025+0530][gc          ] GC(62) Pause Young (Normal) (G1 Evacuation Pause) 762M->149M(1024M) 0.932ms
[2024-07-21T00:45:54.025+0530][gc,cpu      ] GC(62) User=0.01s Sys=0.00s Real=0.00s
[2024-07-21T00:46:24.151+0530][gc,start    ] GC(63) Pause Young (Normal) (G1 Evacuation Pause)
[2024-07-21T00:46:24.151+0530][gc,task     ] GC(63) Using 13 workers of 13 for evacuation
[2024-07-21T00:46:24.152+0530][gc,phases   ] GC(63)   Pre Evacuate Collection Set: 0.1ms
[2024-07-21T00:46:24.152+0530][gc,phases   ] GC(63)   Merge Heap Roots: 0.1ms
[2024-07-21T00:46:24.152+0530][gc,phases   ] GC(63)   Evacuate Collection Set: 0.3ms
[2024-07-21T00:46:24.152+0530][gc,phases   ] GC(63)   Post Evacuate Collection Set: 0.3ms
[2024-07-21T00:46:24.152+0530][gc,phases   ] GC(63)   Other: 0.1ms
[2024-07-21T00:46:24.152+0530][gc,heap     ] GC(63) Eden regions: 613->0(613)
[2024-07-21T00:46:24.152+0530][gc,heap     ] GC(63) Survivor regions: 1->1(77)
[2024-07-21T00:46:24.152+0530][gc,heap     ] GC(63) Old regions: 18->18
[2024-07-21T00:46:24.152+0530][gc,heap     ] GC(63) Archive regions: 2->2
[2024-07-21T00:46:24.152+0530][gc,heap     ] GC(63) Humongous regions: 131->131
[2024-07-21T00:46:24.152+0530][gc,metaspace] GC(63) Metaspace: 41256K(41728K)->41256K(41728K) NonClass: 36472K(36672K)->36472K(36672K) Class: 4783K(5056K)->4783K(5056K)
[2024-07-21T00:46:24.152+0530][gc          ] GC(63) Pause Young (Normal) (G1 Evacuation Pause) 762M->149M(1024M) 0.910ms
[2024-07-21T00:46:24.152+0530][gc,cpu      ] GC(63) User=0.01s Sys=0.00s Real=0.00s
[2024-07-21T00:47:09.060+0530][gc,start    ] GC(64) Pause Young (Normal) (G1 Evacuation Pause)
[2024-07-21T00:47:09.060+0530][gc,task     ] GC(64) Using 13 workers of 13 for evacuation
[2024-07-21T00:47:09.060+0530][gc,phases   ] GC(64)   Pre Evacuate Collection Set: 0.1ms
[2024-07-21T00:47:09.060+0530][gc,phases   ] GC(64)   Merge Heap Roots: 0.2ms
[2024-07-21T00:47:09.061+0530][gc,phases   ] GC(64)   Evacuate Collection Set: 0.3ms
[2024-07-21T00:47:09.061+0530][gc,phases   ] GC(64)   Post Evacuate Collection Set: 0.4ms
[2024-07-21T00:47:09.061+0530][gc,phases   ] GC(64)   Other: 0.1ms
[2024-07-21T00:47:09.061+0530][gc,heap     ] GC(64) Eden regions: 613->0(613)
[2024-07-21T00:47:09.061+0530][gc,heap     ] GC(64) Survivor regions: 1->1(77)
[2024-07-21T00:47:09.061+0530][gc,heap     ] GC(64) Old regions: 18->18
[2024-07-21T00:47:09.061+0530][gc,heap     ] GC(64) Archive regions: 2->2
[2024-07-21T00:47:09.061+0530][gc,heap     ] GC(64) Humongous regions: 131->131
[2024-07-21T00:47:09.061+0530][gc,metaspace] GC(64) Metaspace: 41308K(41792K)->41308K(41792K) NonClass: 36524K(36736K)->36524K(36736K) Class: 4783K(5056K)->4783K(5056K)
[2024-07-21T00:47:09.061+0530][gc          ] GC(64) Pause Young (Normal) (G1 Evacuation Pause) 762M->149M(1024M) 1.020ms
[2024-07-21T00:47:09.061+0530][gc,cpu      ] GC(64) User=0.01s Sys=0.00s Real=0.00s
[2024-07-21T00:47:39.183+0530][gc,start    ] GC(65) Pause Young (Normal) (G1 Evacuation Pause)
[2024-07-21T00:47:39.183+0530][gc,task     ] GC(65) Using 13 workers of 13 for evacuation
[2024-07-21T00:47:39.184+0530][gc,phases   ] GC(65)   Pre Evacuate Collection Set: 0.1ms
[2024-07-21T00:47:39.184+0530][gc,phases   ] GC(65)   Merge Heap Roots: 0.1ms
[2024-07-21T00:47:39.184+0530][gc,phases   ] GC(65)   Evacuate Collection Set: 0.2ms
[2024-07-21T00:47:39.184+0530][gc,phases   ] GC(65)   Post Evacuate Collection Set: 0.3ms
[2024-07-21T00:47:39.184+0530][gc,phases   ] GC(65)   Other: 0.1ms
[2024-07-21T00:47:39.184+0530][gc,heap     ] GC(65) Eden regions: 613->0(613)
[2024-07-21T00:47:39.184+0530][gc,heap     ] GC(65) Survivor regions: 1->1(77)
[2024-07-21T00:47:39.184+0530][gc,heap     ] GC(65) Old regions: 18->18
[2024-07-21T00:47:39.184+0530][gc,heap     ] GC(65) Archive regions: 2->2
[2024-07-21T00:47:39.184+0530][gc,heap     ] GC(65) Humongous regions: 131->131
[2024-07-21T00:47:39.184+0530][gc,metaspace] GC(65) Metaspace: 41314K(41792K)->41314K(41792K) NonClass: 36530K(36736K)->36530K(36736K) Class: 4783K(5056K)->4783K(5056K)
[2024-07-21T00:47:39.184+0530][gc          ] GC(65) Pause Young (Normal) (G1 Evacuation Pause) 762M->149M(1024M) 0.863ms
[2024-07-21T00:47:39.184+0530][gc,cpu      ] GC(65) User=0.00s Sys=0.00s Real=0.01s
[2024-07-21T00:48:24.088+0530][gc,start    ] GC(66) Pause Young (Normal) (G1 Evacuation Pause)
[2024-07-21T00:48:24.088+0530][gc,task     ] GC(66) Using 13 workers of 13 for evacuation
[2024-07-21T00:48:24.088+0530][gc,phases   ] GC(66)   Pre Evacuate Collection Set: 0.1ms
[2024-07-21T00:48:24.088+0530][gc,phases   ] GC(66)   Merge Heap Roots: 0.1ms
[2024-07-21T00:48:24.088+0530][gc,phases   ] GC(66)   Evacuate Collection Set: 0.2ms
[2024-07-21T00:48:24.088+0530][gc,phases   ] GC(66)   Post Evacuate Collection Set: 0.2ms
[2024-07-21T00:48:24.088+0530][gc,phases   ] GC(66)   Other: 0.1ms
[2024-07-21T00:48:24.088+0530][gc,heap     ] GC(66) Eden regions: 613->0(613)
[2024-07-21T00:48:24.088+0530][gc,heap     ] GC(66) Survivor regions: 1->1(77)
[2024-07-21T00:48:24.088+0530][gc,heap     ] GC(66) Old regions: 18->18
[2024-07-21T00:48:24.088+0530][gc,heap     ] GC(66) Archive regions: 2->2
[2024-07-21T00:48:24.088+0530][gc,heap     ] GC(66) Humongous regions: 131->131
[2024-07-21T00:48:24.088+0530][gc,metaspace] GC(66) Metaspace: 41317K(41792K)->41317K(41792K) NonClass: 36533K(36736K)->36533K(36736K) Class: 4783K(5056K)->4783K(5056K)
[2024-07-21T00:48:24.088+0530][gc          ] GC(66) Pause Young (Normal) (G1 Evacuation Pause) 762M->149M(1024M) 0.721ms
[2024-07-21T00:48:24.088+0530][gc,cpu      ] GC(66) User=0.00s Sys=0.00s Real=0.00s
[2024-07-21T00:49:08.967+0530][gc,start    ] GC(67) Pause Young (Normal) (G1 Evacuation Pause)
[2024-07-21T00:49:08.967+0530][gc,task     ] GC(67) Using 13 workers of 13 for evacuation
[2024-07-21T00:49:08.969+0530][gc,phases   ] GC(67)   Pre Evacuate Collection Set: 0.2ms
[2024-07-21T00:49:08.969+0530][gc,phases   ] GC(67)   Merge Heap Roots: 0.3ms
[2024-07-21T00:49:08.969+0530][gc,phases   ] GC(67)   Evacuate Collection Set: 0.7ms
[2024-07-21T00:49:08.969+0530][gc,phases   ] GC(67)   Post Evacuate Collection Set: 0.9ms
[2024-07-21T00:49:08.969+0530][gc,phases   ] GC(67)   Other: 0.2ms
[2024-07-21T00:49:08.969+0530][gc,heap     ] GC(67) Eden regions: 613->0(613)
[2024-07-21T00:49:08.969+0530][gc,heap     ] GC(67) Survivor regions: 1->1(77)
[2024-07-21T00:49:08.969+0530][gc,heap     ] GC(67) Old regions: 18->18
[2024-07-21T00:49:08.969+0530][gc,heap     ] GC(67) Archive regions: 2->2
[2024-07-21T00:49:08.969+0530][gc,heap     ] GC(67) Humongous regions: 131->131
[2024-07-21T00:49:08.969+0530][gc,metaspace] GC(67) Metaspace: 41318K(41792K)->41318K(41792K) NonClass: 36535K(36736K)->36535K(36736K) Class: 4783K(5056K)->4783K(5056K)
[2024-07-21T00:49:08.969+0530][gc          ] GC(67) Pause Young (Normal) (G1 Evacuation Pause) 762M->149M(1024M) 2.488ms
[2024-07-21T00:49:08.969+0530][gc,cpu      ] GC(67) User=0.02s Sys=0.00s Real=0.00s
[2024-07-21T00:49:39.117+0530][gc,start    ] GC(68) Pause Young (Normal) (G1 Evacuation Pause)
[2024-07-21T00:49:39.117+0530][gc,task     ] GC(68) Using 13 workers of 13 for evacuation
[2024-07-21T00:49:39.117+0530][gc,phases   ] GC(68)   Pre Evacuate Collection Set: 0.1ms
[2024-07-21T00:49:39.117+0530][gc,phases   ] GC(68)   Merge Heap Roots: 0.1ms
[2024-07-21T00:49:39.117+0530][gc,phases   ] GC(68)   Evacuate Collection Set: 0.2ms
[2024-07-21T00:49:39.117+0530][gc,phases   ] GC(68)   Post Evacuate Collection Set: 0.3ms
[2024-07-21T00:49:39.117+0530][gc,phases   ] GC(68)   Other: 0.1ms
[2024-07-21T00:49:39.117+0530][gc,heap     ] GC(68) Eden regions: 613->0(613)
[2024-07-21T00:49:39.117+0530][gc,heap     ] GC(68) Survivor regions: 1->1(77)
[2024-07-21T00:49:39.118+0530][gc,heap     ] GC(68) Old regions: 18->18
[2024-07-21T00:49:39.118+0530][gc,heap     ] GC(68) Archive regions: 2->2
[2024-07-21T00:49:39.118+0530][gc,heap     ] GC(68) Humongous regions: 131->131
[2024-07-21T00:49:39.118+0530][gc,metaspace] GC(68) Metaspace: 41319K(41792K)->41319K(41792K) NonClass: 36535K(36736K)->36535K(36736K) Class: 4783K(5056K)->4783K(5056K)
[2024-07-21T00:49:39.118+0530][gc          ] GC(68) Pause Young (Normal) (G1 Evacuation Pause) 762M->149M(1024M) 0.810ms
[2024-07-21T00:49:39.118+0530][gc,cpu      ] GC(68) User=0.00s Sys=0.00s Real=0.00s
[2024-07-21T00:50:23.991+0530][gc,start    ] GC(69) Pause Young (Normal) (G1 Evacuation Pause)
[2024-07-21T00:50:23.991+0530][gc,task     ] GC(69) Using 13 workers of 13 for evacuation
[2024-07-21T00:50:23.992+0530][gc,phases   ] GC(69)   Pre Evacuate Collection Set: 0.0ms
[2024-07-21T00:50:23.992+0530][gc,phases   ] GC(69)   Merge Heap Roots: 0.1ms
[2024-07-21T00:50:23.992+0530][gc,phases   ] GC(69)   Evacuate Collection Set: 0.1ms
[2024-07-21T00:50:23.992+0530][gc,phases   ] GC(69)   Post Evacuate Collection Set: 0.2ms
[2024-07-21T00:50:23.992+0530][gc,phases   ] GC(69)   Other: 0.1ms
[2024-07-21T00:50:23.992+0530][gc,heap     ] GC(69) Eden regions: 613->0(613)
[2024-07-21T00:50:23.992+0530][gc,heap     ] GC(69) Survivor regions: 1->1(77)
[2024-07-21T00:50:23.992+0530][gc,heap     ] GC(69) Old regions: 18->18
[2024-07-21T00:50:23.992+0530][gc,heap     ] GC(69) Archive regions: 2->2
[2024-07-21T00:50:23.992+0530][gc,heap     ] GC(69) Humongous regions: 131->131
[2024-07-21T00:50:23.992+0530][gc,metaspace] GC(69) Metaspace: 41324K(41792K)->41324K(41792K) NonClass: 36540K(36736K)->36540K(36736K) Class: 4783K(5056K)->4783K(5056K)
[2024-07-21T00:50:23.992+0530][gc          ] GC(69) Pause Young (Normal) (G1 Evacuation Pause) 762M->149M(1024M) 0.612ms
[2024-07-21T00:50:23.992+0530][gc,cpu      ] GC(69) User=0.00s Sys=0.00s Real=0.00s
[2024-07-21T00:50:54.160+0530][gc,start    ] GC(70) Pause Young (Normal) (G1 Evacuation Pause)
[2024-07-21T00:50:54.160+0530][gc,task     ] GC(70) Using 13 workers of 13 for evacuation
[2024-07-21T00:50:54.161+0530][gc,phases   ] GC(70)   Pre Evacuate Collection Set: 0.1ms
[2024-07-21T00:50:54.161+0530][gc,phases   ] GC(70)   Merge Heap Roots: 0.2ms
[2024-07-21T00:50:54.161+0530][gc,phases   ] GC(70)   Evacuate Collection Set: 0.3ms
[2024-07-21T00:50:54.161+0530][gc,phases   ] GC(70)   Post Evacuate Collection Set: 0.4ms
[2024-07-21T00:50:54.161+0530][gc,phases   ] GC(70)   Other: 0.1ms
[2024-07-21T00:50:54.161+0530][gc,heap     ] GC(70) Eden regions: 613->0(613)
[2024-07-21T00:50:54.161+0530][gc,heap     ] GC(70) Survivor regions: 1->1(77)
[2024-07-21T00:50:54.161+0530][gc,heap     ] GC(70) Old regions: 18->18
[2024-07-21T00:50:54.161+0530][gc,heap     ] GC(70) Archive regions: 2->2
[2024-07-21T00:50:54.161+0530][gc,heap     ] GC(70) Humongous regions: 131->131
[2024-07-21T00:50:54.161+0530][gc,metaspace] GC(70) Metaspace: 41349K(41856K)->41349K(41856K) NonClass: 36565K(36800K)->36565K(36800K) Class: 4783K(5056K)->4783K(5056K)
[2024-07-21T00:50:54.161+0530][gc          ] GC(70) Pause Young (Normal) (G1 Evacuation Pause) 762M->149M(1024M) 1.120ms
[2024-07-21T00:50:54.161+0530][gc,cpu      ] GC(70) User=0.00s Sys=0.00s Real=0.00s
[2024-07-21T00:51:39.036+0530][gc,start    ] GC(71) Pause Young (Normal) (G1 Evacuation Pause)
[2024-07-21T00:51:39.036+0530][gc,task     ] GC(71) Using 13 workers of 13 for evacuation
[2024-07-21T00:51:39.037+0530][gc,phases   ] GC(71)   Pre Evacuate Collection Set: 0.1ms
[2024-07-21T00:51:39.037+0530][gc,phases   ] GC(71)   Merge Heap Roots: 0.2ms
[2024-07-21T00:51:39.037+0530][gc,phases   ] GC(71)   Evacuate Collection Set: 0.2ms
[2024-07-21T00:51:39.037+0530][gc,phases   ] GC(71)   Post Evacuate Collection Set: 0.3ms
[2024-07-21T00:51:39.037+0530][gc,phases   ] GC(71)   Other: 0.1ms
[2024-07-21T00:51:39.037+0530][gc,heap     ] GC(71) Eden regions: 613->0(613)
[2024-07-21T00:51:39.037+0530][gc,heap     ] GC(71) Survivor regions: 1->1(77)
[2024-07-21T00:51:39.037+0530][gc,heap     ] GC(71) Old regions: 18->18
[2024-07-21T00:51:39.037+0530][gc,heap     ] GC(71) Archive regions: 2->2
[2024-07-21T00:51:39.037+0530][gc,heap     ] GC(71) Humongous regions: 131->131
[2024-07-21T00:51:39.037+0530][gc,metaspace] GC(71) Metaspace: 41351K(41856K)->41351K(41856K) NonClass: 36567K(36800K)->36567K(36800K) Class: 4783K(5056K)->4783K(5056K)
[2024-07-21T00:51:39.037+0530][gc          ] GC(71) Pause Young (Normal) (G1 Evacuation Pause) 762M->149M(1024M) 0.898ms
[2024-07-21T00:51:39.037+0530][gc,cpu      ] GC(71) User=0.00s Sys=0.00s Real=0.00s
[2024-07-21T00:52:09.170+0530][gc,start    ] GC(72) Pause Young (Normal) (G1 Evacuation Pause)
[2024-07-21T00:52:09.170+0530][gc,task     ] GC(72) Using 13 workers of 13 for evacuation
[2024-07-21T00:52:09.171+0530][gc,phases   ] GC(72)   Pre Evacuate Collection Set: 0.1ms
[2024-07-21T00:52:09.171+0530][gc,phases   ] GC(72)   Merge Heap Roots: 0.2ms
[2024-07-21T00:52:09.171+0530][gc,phases   ] GC(72)   Evacuate Collection Set: 0.2ms
[2024-07-21T00:52:09.171+0530][gc,phases   ] GC(72)   Post Evacuate Collection Set: 0.3ms
[2024-07-21T00:52:09.171+0530][gc,phases   ] GC(72)   Other: 0.1ms
[2024-07-21T00:52:09.171+0530][gc,heap     ] GC(72) Eden regions: 613->0(613)
[2024-07-21T00:52:09.171+0530][gc,heap     ] GC(72) Survivor regions: 1->1(77)
[2024-07-21T00:52:09.171+0530][gc,heap     ] GC(72) Old regions: 18->18
[2024-07-21T00:52:09.171+0530][gc,heap     ] GC(72) Archive regions: 2->2
[2024-07-21T00:52:09.171+0530][gc,heap     ] GC(72) Humongous regions: 131->131
[2024-07-21T00:52:09.171+0530][gc,metaspace] GC(72) Metaspace: 41354K(41856K)->41354K(41856K) NonClass: 36570K(36800K)->36570K(36800K) Class: 4783K(5056K)->4783K(5056K)
[2024-07-21T00:52:09.171+0530][gc          ] GC(72) Pause Young (Normal) (G1 Evacuation Pause) 762M->149M(1024M) 0.979ms
[2024-07-21T00:52:09.171+0530][gc,cpu      ] GC(72) User=0.01s Sys=0.00s Real=0.00s
[2024-07-21T00:52:54.076+0530][gc,start    ] GC(73) Pause Young (Normal) (G1 Evacuation Pause)
[2024-07-21T00:52:54.076+0530][gc,task     ] GC(73) Using 13 workers of 13 for evacuation
[2024-07-21T00:52:54.076+0530][gc,phases   ] GC(73)   Pre Evacuate Collection Set: 0.1ms
[2024-07-21T00:52:54.076+0530][gc,phases   ] GC(73)   Merge Heap Roots: 0.1ms
[2024-07-21T00:52:54.076+0530][gc,phases   ] GC(73)   Evacuate Collection Set: 0.2ms
[2024-07-21T00:52:54.076+0530][gc,phases   ] GC(73)   Post Evacuate Collection Set: 0.3ms
[2024-07-21T00:52:54.076+0530][gc,phases   ] GC(73)   Other: 0.1ms
[2024-07-21T00:52:54.076+0530][gc,heap     ] GC(73) Eden regions: 613->0(613)
[2024-07-21T00:52:54.076+0530][gc,heap     ] GC(73) Survivor regions: 1->1(77)
[2024-07-21T00:52:54.076+0530][gc,heap     ] GC(73) Old regions: 18->18
[2024-07-21T00:52:54.076+0530][gc,heap     ] GC(73) Archive regions: 2->2
[2024-07-21T00:52:54.076+0530][gc,heap     ] GC(73) Humongous regions: 131->131
[2024-07-21T00:52:54.076+0530][gc,metaspace] GC(73) Metaspace: 41355K(41856K)->41355K(41856K) NonClass: 36572K(36800K)->36572K(36800K) Class: 4783K(5056K)->4783K(5056K)
[2024-07-21T00:52:54.076+0530][gc          ] GC(73) Pause Young (Normal) (G1 Evacuation Pause) 762M->149M(1024M) 0.816ms
[2024-07-21T00:52:54.076+0530][gc,cpu      ] GC(73) User=0.00s Sys=0.00s Real=0.00s
[2024-07-21T00:53:24.216+0530][gc,start    ] GC(74) Pause Young (Normal) (G1 Evacuation Pause)
[2024-07-21T00:53:24.216+0530][gc,task     ] GC(74) Using 13 workers of 13 for evacuation
[2024-07-21T00:53:24.217+0530][gc,phases   ] GC(74)   Pre Evacuate Collection Set: 0.1ms
[2024-07-21T00:53:24.217+0530][gc,phases   ] GC(74)   Merge Heap Roots: 0.1ms
[2024-07-21T00:53:24.217+0530][gc,phases   ] GC(74)   Evacuate Collection Set: 0.3ms
[2024-07-21T00:53:24.217+0530][gc,phases   ] GC(74)   Post Evacuate Collection Set: 0.3ms
[2024-07-21T00:53:24.217+0530][gc,phases   ] GC(74)   Other: 0.1ms
[2024-07-21T00:53:24.217+0530][gc,heap     ] GC(74) Eden regions: 613->0(613)
[2024-07-21T00:53:24.217+0530][gc,heap     ] GC(74) Survivor regions: 1->1(77)
[2024-07-21T00:53:24.217+0530][gc,heap     ] GC(74) Old regions: 18->18
[2024-07-21T00:53:24.217+0530][gc,heap     ] GC(74) Archive regions: 2->2
[2024-07-21T00:53:24.217+0530][gc,heap     ] GC(74) Humongous regions: 131->131
[2024-07-21T00:53:24.217+0530][gc,metaspace] GC(74) Metaspace: 41426K(41984K)->41426K(41984K) NonClass: 36631K(36928K)->36631K(36928K) Class: 4795K(5056K)->4795K(5056K)
[2024-07-21T00:53:24.217+0530][gc          ] GC(74) Pause Young (Normal) (G1 Evacuation Pause) 762M->149M(1024M) 0.933ms
[2024-07-21T00:53:24.217+0530][gc,cpu      ] GC(74) User=0.01s Sys=0.00s Real=0.00s
[2024-07-21T00:54:09.089+0530][gc,start    ] GC(75) Pause Young (Normal) (G1 Evacuation Pause)
[2024-07-21T00:54:09.089+0530][gc,task     ] GC(75) Using 13 workers of 13 for evacuation
[2024-07-21T00:54:09.090+0530][gc,phases   ] GC(75)   Pre Evacuate Collection Set: 0.1ms
[2024-07-21T00:54:09.090+0530][gc,phases   ] GC(75)   Merge Heap Roots: 0.1ms
[2024-07-21T00:54:09.090+0530][gc,phases   ] GC(75)   Evacuate Collection Set: 0.2ms
[2024-07-21T00:54:09.090+0530][gc,phases   ] GC(75)   Post Evacuate Collection Set: 0.2ms
[2024-07-21T00:54:09.090+0530][gc,phases   ] GC(75)   Other: 0.1ms
[2024-07-21T00:54:09.090+0530][gc,heap     ] GC(75) Eden regions: 613->0(613)
[2024-07-21T00:54:09.090+0530][gc,heap     ] GC(75) Survivor regions: 1->1(77)
[2024-07-21T00:54:09.090+0530][gc,heap     ] GC(75) Old regions: 18->18
[2024-07-21T00:54:09.090+0530][gc,heap     ] GC(75) Archive regions: 2->2
[2024-07-21T00:54:09.090+0530][gc,heap     ] GC(75) Humongous regions: 131->131
[2024-07-21T00:54:09.090+0530][gc,metaspace] GC(75) Metaspace: 41433K(41984K)->41433K(41984K) NonClass: 36638K(36928K)->36638K(36928K) Class: 4795K(5056K)->4795K(5056K)
[2024-07-21T00:54:09.090+0530][gc          ] GC(75) Pause Young (Normal) (G1 Evacuation Pause) 762M->149M(1024M) 0.754ms
[2024-07-21T00:54:09.090+0530][gc,cpu      ] GC(75) User=0.00s Sys=0.00s Real=0.00s
[2024-07-21T00:54:53.964+0530][gc,start    ] GC(76) Pause Young (Normal) (G1 Evacuation Pause)
[2024-07-21T00:54:53.964+0530][gc,task     ] GC(76) Using 13 workers of 13 for evacuation
[2024-07-21T00:54:53.965+0530][gc,phases   ] GC(76)   Pre Evacuate Collection Set: 0.1ms
[2024-07-21T00:54:53.965+0530][gc,phases   ] GC(76)   Merge Heap Roots: 0.1ms
[2024-07-21T00:54:53.965+0530][gc,phases   ] GC(76)   Evacuate Collection Set: 0.3ms
[2024-07-21T00:54:53.965+0530][gc,phases   ] GC(76)   Post Evacuate Collection Set: 0.3ms
[2024-07-21T00:54:53.965+0530][gc,phases   ] GC(76)   Other: 0.1ms
[2024-07-21T00:54:53.965+0530][gc,heap     ] GC(76) Eden regions: 613->0(613)
[2024-07-21T00:54:53.965+0530][gc,heap     ] GC(76) Survivor regions: 1->1(77)
[2024-07-21T00:54:53.965+0530][gc,heap     ] GC(76) Old regions: 18->18
[2024-07-21T00:54:53.965+0530][gc,heap     ] GC(76) Archive regions: 2->2
[2024-07-21T00:54:53.965+0530][gc,heap     ] GC(76) Humongous regions: 131->131
[2024-07-21T00:54:53.965+0530][gc,metaspace] GC(76) Metaspace: 41435K(41984K)->41435K(41984K) NonClass: 36640K(36928K)->36640K(36928K) Class: 4795K(5056K)->4795K(5056K)
[2024-07-21T00:54:53.965+0530][gc          ] GC(76) Pause Young (Normal) (G1 Evacuation Pause) 762M->149M(1024M) 0.944ms
[2024-07-21T00:54:53.965+0530][gc,cpu      ] GC(76) User=0.00s Sys=0.00s Real=0.00s
[2024-07-21T00:55:24.154+0530][gc,start    ] GC(77) Pause Young (Normal) (G1 Evacuation Pause)
[2024-07-21T00:55:24.154+0530][gc,task     ] GC(77) Using 13 workers of 13 for evacuation
[2024-07-21T00:55:24.155+0530][gc,phases   ] GC(77)   Pre Evacuate Collection Set: 0.1ms
[2024-07-21T00:55:24.155+0530][gc,phases   ] GC(77)   Merge Heap Roots: 0.1ms
[2024-07-21T00:55:24.155+0530][gc,phases   ] GC(77)   Evacuate Collection Set: 0.3ms
[2024-07-21T00:55:24.155+0530][gc,phases   ] GC(77)   Post Evacuate Collection Set: 0.3ms
[2024-07-21T00:55:24.155+0530][gc,phases   ] GC(77)   Other: 0.1ms
[2024-07-21T00:55:24.155+0530][gc,heap     ] GC(77) Eden regions: 613->0(613)
[2024-07-21T00:55:24.155+0530][gc,heap     ] GC(77) Survivor regions: 1->1(77)
[2024-07-21T00:55:24.155+0530][gc,heap     ] GC(77) Old regions: 18->18
[2024-07-21T00:55:24.155+0530][gc,heap     ] GC(77) Archive regions: 2->2
[2024-07-21T00:55:24.155+0530][gc,heap     ] GC(77) Humongous regions: 131->131
[2024-07-21T00:55:24.155+0530][gc,metaspace] GC(77) Metaspace: 41436K(41984K)->41436K(41984K) NonClass: 36641K(36928K)->36641K(36928K) Class: 4795K(5056K)->4795K(5056K)
[2024-07-21T00:55:24.155+0530][gc          ] GC(77) Pause Young (Normal) (G1 Evacuation Pause) 762M->149M(1024M) 1.025ms
[2024-07-21T00:55:24.155+0530][gc,cpu      ] GC(77) User=0.00s Sys=0.00s Real=0.00s
[2024-07-21T00:56:09.005+0530][gc,start    ] GC(78) Pause Young (Normal) (G1 Evacuation Pause)
[2024-07-21T00:56:09.005+0530][gc,task     ] GC(78) Using 13 workers of 13 for evacuation
[2024-07-21T00:56:09.005+0530][gc,phases   ] GC(78)   Pre Evacuate Collection Set: 0.1ms
[2024-07-21T00:56:09.005+0530][gc,phases   ] GC(78)   Merge Heap Roots: 0.1ms
[2024-07-21T00:56:09.005+0530][gc,phases   ] GC(78)   Evacuate Collection Set: 0.3ms
[2024-07-21T00:56:09.006+0530][gc,phases   ] GC(78)   Post Evacuate Collection Set: 0.3ms
[2024-07-21T00:56:09.006+0530][gc,phases   ] GC(78)   Other: 0.1ms
[2024-07-21T00:56:09.006+0530][gc,heap     ] GC(78) Eden regions: 613->0(613)
[2024-07-21T00:56:09.006+0530][gc,heap     ] GC(78) Survivor regions: 1->1(77)
[2024-07-21T00:56:09.006+0530][gc,heap     ] GC(78) Old regions: 18->18
[2024-07-21T00:56:09.006+0530][gc,heap     ] GC(78) Archive regions: 2->2
[2024-07-21T00:56:09.006+0530][gc,heap     ] GC(78) Humongous regions: 131->131
[2024-07-21T00:56:09.006+0530][gc,metaspace] GC(78) Metaspace: 41437K(41984K)->41437K(41984K) NonClass: 36642K(36928K)->36642K(36928K) Class: 4795K(5056K)->4795K(5056K)
[2024-07-21T00:56:09.006+0530][gc          ] GC(78) Pause Young (Normal) (G1 Evacuation Pause) 762M->149M(1024M) 0.913ms
[2024-07-21T00:56:09.006+0530][gc,cpu      ] GC(78) User=0.00s Sys=0.00s Real=0.00s
[2024-07-21T00:56:39.136+0530][gc,start    ] GC(79) Pause Young (Normal) (G1 Evacuation Pause)
[2024-07-21T00:56:39.136+0530][gc,task     ] GC(79) Using 13 workers of 13 for evacuation
[2024-07-21T00:56:39.136+0530][gc,phases   ] GC(79)   Pre Evacuate Collection Set: 0.1ms
[2024-07-21T00:56:39.136+0530][gc,phases   ] GC(79)   Merge Heap Roots: 0.1ms
[2024-07-21T00:56:39.136+0530][gc,phases   ] GC(79)   Evacuate Collection Set: 0.2ms
[2024-07-21T00:56:39.136+0530][gc,phases   ] GC(79)   Post Evacuate Collection Set: 0.4ms
[2024-07-21T00:56:39.136+0530][gc,phases   ] GC(79)   Other: 0.1ms
[2024-07-21T00:56:39.136+0530][gc,heap     ] GC(79) Eden regions: 613->0(613)
[2024-07-21T00:56:39.136+0530][gc,heap     ] GC(79) Survivor regions: 1->1(77)
[2024-07-21T00:56:39.136+0530][gc,heap     ] GC(79) Old regions: 18->18
[2024-07-21T00:56:39.137+0530][gc,heap     ] GC(79) Archive regions: 2->2
[2024-07-21T00:56:39.137+0530][gc,heap     ] GC(79) Humongous regions: 131->131
[2024-07-21T00:56:39.137+0530][gc,metaspace] GC(79) Metaspace: 41453K(41984K)->41453K(41984K) NonClass: 36657K(36928K)->36657K(36928K) Class: 4795K(5056K)->4795K(5056K)
[2024-07-21T00:56:39.137+0530][gc          ] GC(79) Pause Young (Normal) (G1 Evacuation Pause) 762M->149M(1024M) 0.903ms
[2024-07-21T00:56:39.137+0530][gc,cpu      ] GC(79) User=0.00s Sys=0.00s Real=0.00s
[2024-07-21T00:57:24.035+0530][gc,start    ] GC(80) Pause Young (Normal) (G1 Evacuation Pause)
[2024-07-21T00:57:24.035+0530][gc,task     ] GC(80) Using 13 workers of 13 for evacuation
[2024-07-21T00:57:24.036+0530][gc,phases   ] GC(80)   Pre Evacuate Collection Set: 0.1ms
[2024-07-21T00:57:24.036+0530][gc,phases   ] GC(80)   Merge Heap Roots: 0.1ms
[2024-07-21T00:57:24.036+0530][gc,phases   ] GC(80)   Evacuate Collection Set: 0.2ms
[2024-07-21T00:57:24.036+0530][gc,phases   ] GC(80)   Post Evacuate Collection Set: 0.3ms
[2024-07-21T00:57:24.036+0530][gc,phases   ] GC(80)   Other: 0.1ms
[2024-07-21T00:57:24.036+0530][gc,heap     ] GC(80) Eden regions: 613->0(613)
[2024-07-21T00:57:24.036+0530][gc,heap     ] GC(80) Survivor regions: 1->1(77)
[2024-07-21T00:57:24.036+0530][gc,heap     ] GC(80) Old regions: 18->18
[2024-07-21T00:57:24.036+0530][gc,heap     ] GC(80) Archive regions: 2->2
[2024-07-21T00:57:24.036+0530][gc,heap     ] GC(80) Humongous regions: 131->131
[2024-07-21T00:57:24.036+0530][gc,metaspace] GC(80) Metaspace: 41453K(41984K)->41453K(41984K) NonClass: 36657K(36928K)->36657K(36928K) Class: 4795K(5056K)->4795K(5056K)
[2024-07-21T00:57:24.036+0530][gc          ] GC(80) Pause Young (Normal) (G1 Evacuation Pause) 762M->149M(1024M) 0.816ms
[2024-07-21T00:57:24.036+0530][gc,cpu      ] GC(80) User=0.01s Sys=0.00s Real=0.01s
[2024-07-21T00:57:54.172+0530][gc,start    ] GC(81) Pause Young (Normal) (G1 Evacuation Pause)
[2024-07-21T00:57:54.172+0530][gc,task     ] GC(81) Using 13 workers of 13 for evacuation
[2024-07-21T00:57:54.173+0530][gc,phases   ] GC(81)   Pre Evacuate Collection Set: 0.1ms
[2024-07-21T00:57:54.173+0530][gc,phases   ] GC(81)   Merge Heap Roots: 0.2ms
[2024-07-21T00:57:54.173+0530][gc,phases   ] GC(81)   Evacuate Collection Set: 0.3ms
[2024-07-21T00:57:54.173+0530][gc,phases   ] GC(81)   Post Evacuate Collection Set: 0.4ms
[2024-07-21T00:57:54.173+0530][gc,phases   ] GC(81)   Other: 0.1ms
[2024-07-21T00:57:54.173+0530][gc,heap     ] GC(81) Eden regions: 613->0(613)
[2024-07-21T00:57:54.173+0530][gc,heap     ] GC(81) Survivor regions: 1->1(77)
[2024-07-21T00:57:54.173+0530][gc,heap     ] GC(81) Old regions: 18->18
[2024-07-21T00:57:54.173+0530][gc,heap     ] GC(81) Archive regions: 2->2
[2024-07-21T00:57:54.173+0530][gc,heap     ] GC(81) Humongous regions: 131->131
[2024-07-21T00:57:54.173+0530][gc,metaspace] GC(81) Metaspace: 41580K(42048K)->41580K(42048K) NonClass: 36753K(36992K)->36753K(36992K) Class: 4826K(5056K)->4826K(5056K)
[2024-07-21T00:57:54.173+0530][gc          ] GC(81) Pause Young (Normal) (G1 Evacuation Pause) 762M->149M(1024M) 1.151ms
[2024-07-21T00:57:54.173+0530][gc,cpu      ] GC(81) User=0.01s Sys=0.00s Real=0.00s
[2024-07-21T06:58:31.637+0530][gc,start    ] GC(82) Pause Young (Normal) (G1 Evacuation Pause)
[2024-07-21T06:58:31.637+0530][gc,task     ] GC(82) Using 13 workers of 13 for evacuation
[2024-07-21T06:58:31.638+0530][gc,phases   ] GC(82)   Pre Evacuate Collection Set: 0.1ms
[2024-07-21T06:58:31.638+0530][gc,phases   ] GC(82)   Merge Heap Roots: 0.2ms
[2024-07-21T06:58:31.638+0530][gc,phases   ] GC(82)   Evacuate Collection Set: 0.2ms
[2024-07-21T06:58:31.638+0530][gc,phases   ] GC(82)   Post Evacuate Collection Set: 0.3ms
[2024-07-21T06:58:31.638+0530][gc,phases   ] GC(82)   Other: 0.1ms
[2024-07-21T06:58:31.638+0530][gc,heap     ] GC(82) Eden regions: 613->0(613)
[2024-07-21T06:58:31.638+0530][gc,heap     ] GC(82) Survivor regions: 1->1(77)
[2024-07-21T06:58:31.638+0530][gc,heap     ] GC(82) Old regions: 18->18
[2024-07-21T06:58:31.638+0530][gc,heap     ] GC(82) Archive regions: 2->2
[2024-07-21T06:58:31.638+0530][gc,heap     ] GC(82) Humongous regions: 131->131
[2024-07-21T06:58:31.638+0530][gc,metaspace] GC(82) Metaspace: 41583K(42048K)->41583K(42048K) NonClass: 36756K(36992K)->36756K(36992K) Class: 4826K(5056K)->4826K(5056K)
[2024-07-21T06:58:31.638+0530][gc          ] GC(82) Pause Young (Normal) (G1 Evacuation Pause) 762M->149M(1024M) 0.992ms
[2024-07-21T06:58:31.638+0530][gc,cpu      ] GC(82) User=0.01s Sys=0.01s Real=0.00s
[2024-07-21T06:59:01.807+0530][gc,start    ] GC(83) Pause Young (Normal) (G1 Evacuation Pause)
[2024-07-21T06:59:01.807+0530][gc,task     ] GC(83) Using 13 workers of 13 for evacuation
[2024-07-21T06:59:01.808+0530][gc,phases   ] GC(83)   Pre Evacuate Collection Set: 0.1ms
[2024-07-21T06:59:01.808+0530][gc,phases   ] GC(83)   Merge Heap Roots: 0.2ms
[2024-07-21T06:59:01.808+0530][gc,phases   ] GC(83)   Evacuate Collection Set: 0.3ms
[2024-07-21T06:59:01.808+0530][gc,phases   ] GC(83)   Post Evacuate Collection Set: 0.3ms
[2024-07-21T06:59:01.808+0530][gc,phases   ] GC(83)   Other: 0.1ms
[2024-07-21T06:59:01.808+0530][gc,heap     ] GC(83) Eden regions: 613->0(613)
[2024-07-21T06:59:01.808+0530][gc,heap     ] GC(83) Survivor regions: 1->1(77)
[2024-07-21T06:59:01.808+0530][gc,heap     ] GC(83) Old regions: 18->18
[2024-07-21T06:59:01.808+0530][gc,heap     ] GC(83) Archive regions: 2->2
[2024-07-21T06:59:01.808+0530][gc,heap     ] GC(83) Humongous regions: 131->131
[2024-07-21T06:59:01.808+0530][gc,metaspace] GC(83) Metaspace: 41584K(42048K)->41584K(42048K) NonClass: 36757K(36992K)->36757K(36992K) Class: 4826K(5056K)->4826K(5056K)
[2024-07-21T06:59:01.808+0530][gc          ] GC(83) Pause Young (Normal) (G1 Evacuation Pause) 762M->149M(1024M) 1.005ms
[2024-07-21T06:59:01.808+0530][gc,cpu      ] GC(83) User=0.01s Sys=0.00s Real=0.00s
[2024-07-21T06:59:46.695+0530][gc,start    ] GC(84) Pause Young (Normal) (G1 Evacuation Pause)
[2024-07-21T06:59:46.695+0530][gc,task     ] GC(84) Using 13 workers of 13 for evacuation
[2024-07-21T06:59:46.696+0530][gc,phases   ] GC(84)   Pre Evacuate Collection Set: 0.1ms
[2024-07-21T06:59:46.696+0530][gc,phases   ] GC(84)   Merge Heap Roots: 0.1ms
[2024-07-21T06:59:46.696+0530][gc,phases   ] GC(84)   Evacuate Collection Set: 0.3ms
[2024-07-21T06:59:46.696+0530][gc,phases   ] GC(84)   Post Evacuate Collection Set: 0.3ms
[2024-07-21T06:59:46.696+0530][gc,phases   ] GC(84)   Other: 0.1ms
[2024-07-21T06:59:46.696+0530][gc,heap     ] GC(84) Eden regions: 613->0(613)
[2024-07-21T06:59:46.696+0530][gc,heap     ] GC(84) Survivor regions: 1->1(77)
[2024-07-21T06:59:46.696+0530][gc,heap     ] GC(84) Old regions: 18->18
[2024-07-21T06:59:46.696+0530][gc,heap     ] GC(84) Archive regions: 2->2
[2024-07-21T06:59:46.696+0530][gc,heap     ] GC(84) Humongous regions: 131->131
[2024-07-21T06:59:46.696+0530][gc,metaspace] GC(84) Metaspace: 41612K(42048K)->41612K(42048K) NonClass: 36785K(36992K)->36785K(36992K) Class: 4827K(5056K)->4827K(5056K)
[2024-07-21T06:59:46.696+0530][gc          ] GC(84) Pause Young (Normal) (G1 Evacuation Pause) 762M->149M(1024M) 0.931ms
[2024-07-21T06:59:46.696+0530][gc,cpu      ] GC(84) User=0.00s Sys=0.00s Real=0.00s
[2024-07-21T07:00:31.564+0530][gc,start    ] GC(85) Pause Young (Normal) (G1 Evacuation Pause)
[2024-07-21T07:00:31.564+0530][gc,task     ] GC(85) Using 13 workers of 13 for evacuation
[2024-07-21T07:00:31.565+0530][gc,phases   ] GC(85)   Pre Evacuate Collection Set: 0.1ms
[2024-07-21T07:00:31.565+0530][gc,phases   ] GC(85)   Merge Heap Roots: 0.2ms
[2024-07-21T07:00:31.565+0530][gc,phases   ] GC(85)   Evacuate Collection Set: 0.2ms
[2024-07-21T07:00:31.565+0530][gc,phases   ] GC(85)   Post Evacuate Collection Set: 0.2ms
[2024-07-21T07:00:31.565+0530][gc,phases   ] GC(85)   Other: 0.1ms
[2024-07-21T07:00:31.565+0530][gc,heap     ] GC(85) Eden regions: 613->0(613)
[2024-07-21T07:00:31.565+0530][gc,heap     ] GC(85) Survivor regions: 1->1(77)
[2024-07-21T07:00:31.565+0530][gc,heap     ] GC(85) Old regions: 18->18
[2024-07-21T07:00:31.565+0530][gc,heap     ] GC(85) Archive regions: 2->2
[2024-07-21T07:00:31.565+0530][gc,heap     ] GC(85) Humongous regions: 131->131
[2024-07-21T07:00:31.565+0530][gc,metaspace] GC(85) Metaspace: 41614K(42048K)->41614K(42048K) NonClass: 36787K(36992K)->36787K(36992K) Class: 4827K(5056K)->4827K(5056K)
[2024-07-21T07:00:31.565+0530][gc          ] GC(85) Pause Young (Normal) (G1 Evacuation Pause) 762M->149M(1024M) 0.872ms
[2024-07-21T07:00:31.565+0530][gc,cpu      ] GC(85) User=0.00s Sys=0.00s Real=0.00s
[2024-07-21T07:01:01.715+0530][gc,start    ] GC(86) Pause Young (Normal) (G1 Evacuation Pause)
[2024-07-21T07:01:01.715+0530][gc,task     ] GC(86) Using 13 workers of 13 for evacuation
[2024-07-21T07:01:01.716+0530][gc,phases   ] GC(86)   Pre Evacuate Collection Set: 0.1ms
[2024-07-21T07:01:01.716+0530][gc,phases   ] GC(86)   Merge Heap Roots: 0.1ms
[2024-07-21T07:01:01.716+0530][gc,phases   ] GC(86)   Evacuate Collection Set: 0.3ms
[2024-07-21T07:01:01.716+0530][gc,phases   ] GC(86)   Post Evacuate Collection Set: 0.3ms
[2024-07-21T07:01:01.716+0530][gc,phases   ] GC(86)   Other: 0.1ms
[2024-07-21T07:01:01.716+0530][gc,heap     ] GC(86) Eden regions: 613->0(613)
[2024-07-21T07:01:01.716+0530][gc,heap     ] GC(86) Survivor regions: 1->1(77)
[2024-07-21T07:01:01.716+0530][gc,heap     ] GC(86) Old regions: 18->18
[2024-07-21T07:01:01.716+0530][gc,heap     ] GC(86) Archive regions: 2->2
[2024-07-21T07:01:01.716+0530][gc,heap     ] GC(86) Humongous regions: 131->131
[2024-07-21T07:01:01.716+0530][gc,metaspace] GC(86) Metaspace: 41617K(42048K)->41617K(42048K) NonClass: 36790K(36992K)->36790K(36992K) Class: 4827K(5056K)->4827K(5056K)
[2024-07-21T07:01:01.716+0530][gc          ] GC(86) Pause Young (Normal) (G1 Evacuation Pause) 762M->149M(1024M) 0.894ms
[2024-07-21T07:01:01.716+0530][gc,cpu      ] GC(86) User=0.01s Sys=0.00s Real=0.00s
[2024-07-21T07:01:46.612+0530][gc,start    ] GC(87) Pause Young (Normal) (G1 Evacuation Pause)
[2024-07-21T07:01:46.612+0530][gc,task     ] GC(87) Using 13 workers of 13 for evacuation
[2024-07-21T07:01:46.612+0530][gc,phases   ] GC(87)   Pre Evacuate Collection Set: 0.1ms
[2024-07-21T07:01:46.612+0530][gc,phases   ] GC(87)   Merge Heap Roots: 0.1ms
[2024-07-21T07:01:46.612+0530][gc,phases   ] GC(87)   Evacuate Collection Set: 0.2ms
[2024-07-21T07:01:46.612+0530][gc,phases   ] GC(87)   Post Evacuate Collection Set: 0.3ms
[2024-07-21T07:01:46.612+0530][gc,phases   ] GC(87)   Other: 0.1ms
[2024-07-21T07:01:46.612+0530][gc,heap     ] GC(87) Eden regions: 613->0(613)
[2024-07-21T07:01:46.612+0530][gc,heap     ] GC(87) Survivor regions: 1->1(77)
[2024-07-21T07:01:46.612+0530][gc,heap     ] GC(87) Old regions: 18->18
[2024-07-21T07:01:46.612+0530][gc,heap     ] GC(87) Archive regions: 2->2
[2024-07-21T07:01:46.612+0530][gc,heap     ] GC(87) Humongous regions: 131->131
[2024-07-21T07:01:46.612+0530][gc,metaspace] GC(87) Metaspace: 41620K(42048K)->41620K(42048K) NonClass: 36793K(36992K)->36793K(36992K) Class: 4827K(5056K)->4827K(5056K)
[2024-07-21T07:01:46.612+0530][gc          ] GC(87) Pause Young (Normal) (G1 Evacuation Pause) 762M->149M(1024M) 0.795ms
[2024-07-21T07:01:46.612+0530][gc,cpu      ] GC(87) User=0.01s Sys=0.00s Real=0.00s
[2024-07-21T07:02:16.746+0530][gc,start    ] GC(88) Pause Young (Normal) (G1 Evacuation Pause)
[2024-07-21T07:02:16.746+0530][gc,task     ] GC(88) Using 13 workers of 13 for evacuation
[2024-07-21T07:02:16.746+0530][gc,phases   ] GC(88)   Pre Evacuate Collection Set: 0.1ms
[2024-07-21T07:02:16.746+0530][gc,phases   ] GC(88)   Merge Heap Roots: 0.1ms
[2024-07-21T07:02:16.746+0530][gc,phases   ] GC(88)   Evacuate Collection Set: 0.2ms
[2024-07-21T07:02:16.746+0530][gc,phases   ] GC(88)   Post Evacuate Collection Set: 0.3ms
[2024-07-21T07:02:16.746+0530][gc,phases   ] GC(88)   Other: 0.1ms
[2024-07-21T07:02:16.746+0530][gc,heap     ] GC(88) Eden regions: 613->0(613)
[2024-07-21T07:02:16.746+0530][gc,heap     ] GC(88) Survivor regions: 1->1(77)
[2024-07-21T07:02:16.746+0530][gc,heap     ] GC(88) Old regions: 18->18
[2024-07-21T07:02:16.746+0530][gc,heap     ] GC(88) Archive regions: 2->2
[2024-07-21T07:02:16.746+0530][gc,heap     ] GC(88) Humongous regions: 131->131
[2024-07-21T07:02:16.746+0530][gc,metaspace] GC(88) Metaspace: 41653K(42176K)->41653K(42176K) NonClass: 36826K(37120K)->36826K(37120K) Class: 4827K(5056K)->4827K(5056K)
[2024-07-21T07:02:16.746+0530][gc          ] GC(88) Pause Young (Normal) (G1 Evacuation Pause) 762M->149M(1024M) 0.838ms
[2024-07-21T07:02:16.746+0530][gc,cpu      ] GC(88) User=0.00s Sys=0.00s Real=0.00s
[2024-07-21T07:03:01.650+0530][gc,start    ] GC(89) Pause Young (Normal) (G1 Evacuation Pause)
[2024-07-21T07:03:01.650+0530][gc,task     ] GC(89) Using 13 workers of 13 for evacuation
[2024-07-21T07:03:01.650+0530][gc,phases   ] GC(89)   Pre Evacuate Collection Set: 0.1ms
[2024-07-21T07:03:01.650+0530][gc,phases   ] GC(89)   Merge Heap Roots: 0.1ms
[2024-07-21T07:03:01.650+0530][gc,phases   ] GC(89)   Evacuate Collection Set: 0.3ms
[2024-07-21T07:03:01.650+0530][gc,phases   ] GC(89)   Post Evacuate Collection Set: 0.3ms
[2024-07-21T07:03:01.651+0530][gc,phases   ] GC(89)   Other: 0.1ms
[2024-07-21T07:03:01.651+0530][gc,heap     ] GC(89) Eden regions: 613->0(613)
[2024-07-21T07:03:01.651+0530][gc,heap     ] GC(89) Survivor regions: 1->1(77)
[2024-07-21T07:03:01.651+0530][gc,heap     ] GC(89) Old regions: 18->18
[2024-07-21T07:03:01.651+0530][gc,heap     ] GC(89) Archive regions: 2->2
[2024-07-21T07:03:01.651+0530][gc,heap     ] GC(89) Humongous regions: 131->131
[2024-07-21T07:03:01.651+0530][gc,metaspace] GC(89) Metaspace: 41654K(42176K)->41654K(42176K) NonClass: 36826K(37120K)->36826K(37120K) Class: 4827K(5056K)->4827K(5056K)
[2024-07-21T07:03:01.651+0530][gc          ] GC(89) Pause Young (Normal) (G1 Evacuation Pause) 762M->149M(1024M) 0.897ms
[2024-07-21T07:03:01.651+0530][gc,cpu      ] GC(89) User=0.00s Sys=0.00s Real=0.00s
[2024-07-21T07:03:31.779+0530][gc,start    ] GC(90) Pause Young (Normal) (G1 Evacuation Pause)
[2024-07-21T07:03:31.779+0530][gc,task     ] GC(90) Using 13 workers of 13 for evacuation
[2024-07-21T07:03:31.780+0530][gc,phases   ] GC(90)   Pre Evacuate Collection Set: 0.1ms
[2024-07-21T07:03:31.780+0530][gc,phases   ] GC(90)   Merge Heap Roots: 0.2ms
[2024-07-21T07:03:31.780+0530][gc,phases   ] GC(90)   Evacuate Collection Set: 0.3ms
[2024-07-21T07:03:31.780+0530][gc,phases   ] GC(90)   Post Evacuate Collection Set: 0.3ms
[2024-07-21T07:03:31.780+0530][gc,phases   ] GC(90)   Other: 0.1ms
[2024-07-21T07:03:31.780+0530][gc,heap     ] GC(90) Eden regions: 613->0(613)
[2024-07-21T07:03:31.780+0530][gc,heap     ] GC(90) Survivor regions: 1->1(77)
[2024-07-21T07:03:31.780+0530][gc,heap     ] GC(90) Old regions: 18->18
[2024-07-21T07:03:31.780+0530][gc,heap     ] GC(90) Archive regions: 2->2
[2024-07-21T07:03:31.780+0530][gc,heap     ] GC(90) Humongous regions: 131->131
[2024-07-21T07:03:31.780+0530][gc,metaspace] GC(90) Metaspace: 41655K(42176K)->41655K(42176K) NonClass: 36828K(37120K)->36828K(37120K) Class: 4827K(5056K)->4827K(5056K)
[2024-07-21T07:03:31.780+0530][gc          ] GC(90) Pause Young (Normal) (G1 Evacuation Pause) 762M->149M(1024M) 1.008ms
[2024-07-21T07:03:31.780+0530][gc,cpu      ] GC(90) User=0.01s Sys=0.00s Real=0.00s
[2024-07-21T07:04:16.668+0530][gc,start    ] GC(91) Pause Young (Normal) (G1 Evacuation Pause)
[2024-07-21T07:04:16.668+0530][gc,task     ] GC(91) Using 13 workers of 13 for evacuation
[2024-07-21T07:04:16.669+0530][gc,phases   ] GC(91)   Pre Evacuate Collection Set: 0.1ms
[2024-07-21T07:04:16.669+0530][gc,phases   ] GC(91)   Merge Heap Roots: 0.2ms
[2024-07-21T07:04:16.669+0530][gc,phases   ] GC(91)   Evacuate Collection Set: 0.3ms
[2024-07-21T07:04:16.669+0530][gc,phases   ] GC(91)   Post Evacuate Collection Set: 0.3ms
[2024-07-21T07:04:16.669+0530][gc,phases   ] GC(91)   Other: 0.1ms
[2024-07-21T07:04:16.669+0530][gc,heap     ] GC(91) Eden regions: 613->0(613)
[2024-07-21T07:04:16.669+0530][gc,heap     ] GC(91) Survivor regions: 1->1(77)
[2024-07-21T07:04:16.669+0530][gc,heap     ] GC(91) Old regions: 18->18
[2024-07-21T07:04:16.669+0530][gc,heap     ] GC(91) Archive regions: 2->2
[2024-07-21T07:04:16.669+0530][gc,heap     ] GC(91) Humongous regions: 131->131
[2024-07-21T07:04:16.669+0530][gc,metaspace] GC(91) Metaspace: 41657K(42176K)->41657K(42176K) NonClass: 36830K(37120K)->36830K(37120K) Class: 4827K(5056K)->4827K(5056K)
[2024-07-21T07:04:16.669+0530][gc          ] GC(91) Pause Young (Normal) (G1 Evacuation Pause) 762M->149M(1024M) 0.979ms
[2024-07-21T07:04:16.669+0530][gc,cpu      ] GC(91) User=0.01s Sys=0.00s Real=0.00s
[2024-07-21T07:05:01.567+0530][gc,start    ] GC(92) Pause Young (Normal) (G1 Evacuation Pause)
[2024-07-21T07:05:01.567+0530][gc,task     ] GC(92) Using 13 workers of 13 for evacuation
[2024-07-21T07:05:01.568+0530][gc,phases   ] GC(92)   Pre Evacuate Collection Set: 0.1ms
[2024-07-21T07:05:01.568+0530][gc,phases   ] GC(92)   Merge Heap Roots: 0.1ms
[2024-07-21T07:05:01.568+0530][gc,phases   ] GC(92)   Evacuate Collection Set: 0.2ms
[2024-07-21T07:05:01.568+0530][gc,phases   ] GC(92)   Post Evacuate Collection Set: 0.3ms
[2024-07-21T07:05:01.568+0530][gc,phases   ] GC(92)   Other: 0.1ms
[2024-07-21T07:05:01.568+0530][gc,heap     ] GC(92) Eden regions: 613->0(613)
[2024-07-21T07:05:01.568+0530][gc,heap     ] GC(92) Survivor regions: 1->1(77)
[2024-07-21T07:05:01.568+0530][gc,heap     ] GC(92) Old regions: 18->18
[2024-07-21T07:05:01.568+0530][gc,heap     ] GC(92) Archive regions: 2->2
[2024-07-21T07:05:01.568+0530][gc,heap     ] GC(92) Humongous regions: 131->131
[2024-07-21T07:05:01.568+0530][gc,metaspace] GC(92) Metaspace: 41665K(42176K)->41665K(42176K) NonClass: 36837K(37120K)->36837K(37120K) Class: 4827K(5056K)->4827K(5056K)
[2024-07-21T07:05:01.568+0530][gc          ] GC(92) Pause Young (Normal) (G1 Evacuation Pause) 762M->149M(1024M) 0.892ms
[2024-07-21T07:05:01.568+0530][gc,cpu      ] GC(92) User=0.00s Sys=0.00s Real=0.00s
[2024-07-21T07:05:31.704+0530][gc,start    ] GC(93) Pause Young (Normal) (G1 Evacuation Pause)
[2024-07-21T07:05:31.704+0530][gc,task     ] GC(93) Using 13 workers of 13 for evacuation
[2024-07-21T07:05:31.705+0530][gc,phases   ] GC(93)   Pre Evacuate Collection Set: 0.1ms
[2024-07-21T07:05:31.705+0530][gc,phases   ] GC(93)   Merge Heap Roots: 0.2ms
[2024-07-21T07:05:31.705+0530][gc,phases   ] GC(93)   Evacuate Collection Set: 0.3ms
[2024-07-21T07:05:31.705+0530][gc,phases   ] GC(93)   Post Evacuate Collection Set: 0.3ms
[2024-07-21T07:05:31.705+0530][gc,phases   ] GC(93)   Other: 0.1ms
[2024-07-21T07:05:31.705+0530][gc,heap     ] GC(93) Eden regions: 613->0(613)
[2024-07-21T07:05:31.705+0530][gc,heap     ] GC(93) Survivor regions: 1->1(77)
[2024-07-21T07:05:31.705+0530][gc,heap     ] GC(93) Old regions: 18->18
[2024-07-21T07:05:31.705+0530][gc,heap     ] GC(93) Archive regions: 2->2
[2024-07-21T07:05:31.705+0530][gc,heap     ] GC(93) Humongous regions: 131->131
[2024-07-21T07:05:31.705+0530][gc,metaspace] GC(93) Metaspace: 41668K(42176K)->41668K(42176K) NonClass: 36841K(37120K)->36841K(37120K) Class: 4827K(5056K)->4827K(5056K)
[2024-07-21T07:05:31.705+0530][gc          ] GC(93) Pause Young (Normal) (G1 Evacuation Pause) 762M->149M(1024M) 1.059ms
[2024-07-21T07:05:31.705+0530][gc,cpu      ] GC(93) User=0.01s Sys=0.01s Real=0.00s
[2024-07-21T07:06:16.603+0530][gc,start    ] GC(94) Pause Young (Normal) (G1 Evacuation Pause)
[2024-07-21T07:06:16.603+0530][gc,task     ] GC(94) Using 13 workers of 13 for evacuation
[2024-07-21T07:06:16.604+0530][gc,phases   ] GC(94)   Pre Evacuate Collection Set: 0.1ms
[2024-07-21T07:06:16.604+0530][gc,phases   ] GC(94)   Merge Heap Roots: 0.2ms
[2024-07-21T07:06:16.604+0530][gc,phases   ] GC(94)   Evacuate Collection Set: 0.2ms
[2024-07-21T07:06:16.604+0530][gc,phases   ] GC(94)   Post Evacuate Collection Set: 0.3ms
[2024-07-21T07:06:16.604+0530][gc,phases   ] GC(94)   Other: 0.1ms
[2024-07-21T07:06:16.604+0530][gc,heap     ] GC(94) Eden regions: 613->0(613)
[2024-07-21T07:06:16.604+0530][gc,heap     ] GC(94) Survivor regions: 1->1(77)
[2024-07-21T07:06:16.604+0530][gc,heap     ] GC(94) Old regions: 18->18
[2024-07-21T07:06:16.604+0530][gc,heap     ] GC(94) Archive regions: 2->2
[2024-07-21T07:06:16.604+0530][gc,heap     ] GC(94) Humongous regions: 131->131
[2024-07-21T07:06:16.604+0530][gc,metaspace] GC(94) Metaspace: 41669K(42176K)->41669K(42176K) NonClass: 36841K(37120K)->36841K(37120K) Class: 4827K(5056K)->4827K(5056K)
[2024-07-21T07:06:16.604+0530][gc          ] GC(94) Pause Young (Normal) (G1 Evacuation Pause) 762M->149M(1024M) 0.933ms
[2024-07-21T07:06:16.604+0530][gc,cpu      ] GC(94) User=0.00s Sys=0.00s Real=0.00s
[2024-07-21T07:06:46.754+0530][gc,start    ] GC(95) Pause Young (Normal) (G1 Evacuation Pause)
[2024-07-21T07:06:46.754+0530][gc,task     ] GC(95) Using 13 workers of 13 for evacuation
[2024-07-21T07:06:46.755+0530][gc,phases   ] GC(95)   Pre Evacuate Collection Set: 0.1ms
[2024-07-21T07:06:46.755+0530][gc,phases   ] GC(95)   Merge Heap Roots: 0.2ms
[2024-07-21T07:06:46.755+0530][gc,phases   ] GC(95)   Evacuate Collection Set: 0.3ms
[2024-07-21T07:06:46.755+0530][gc,phases   ] GC(95)   Post Evacuate Collection Set: 0.3ms
[2024-07-21T07:06:46.756+0530][gc,phases   ] GC(95)   Other: 0.1ms
[2024-07-21T07:06:46.756+0530][gc,heap     ] GC(95) Eden regions: 613->0(613)
[2024-07-21T07:06:46.756+0530][gc,heap     ] GC(95) Survivor regions: 1->1(77)
[2024-07-21T07:06:46.756+0530][gc,heap     ] GC(95) Old regions: 18->18
[2024-07-21T07:06:46.756+0530][gc,heap     ] GC(95) Archive regions: 2->2
[2024-07-21T07:06:46.756+0530][gc,heap     ] GC(95) Humongous regions: 131->131
[2024-07-21T07:06:46.756+0530][gc,metaspace] GC(95) Metaspace: 41674K(42176K)->41674K(42176K) NonClass: 36847K(37120K)->36847K(37120K) Class: 4827K(5056K)->4827K(5056K)
[2024-07-21T07:06:46.756+0530][gc          ] GC(95) Pause Young (Normal) (G1 Evacuation Pause) 762M->149M(1024M) 1.096ms
[2024-07-21T07:06:46.756+0530][gc,cpu      ] GC(95) User=0.00s Sys=0.00s Real=0.00s
[2024-07-21T07:07:31.658+0530][gc,start    ] GC(96) Pause Young (Normal) (G1 Evacuation Pause)
[2024-07-21T07:07:31.658+0530][gc,task     ] GC(96) Using 13 workers of 13 for evacuation
[2024-07-21T07:07:31.659+0530][gc,phases   ] GC(96)   Pre Evacuate Collection Set: 0.1ms
[2024-07-21T07:07:31.659+0530][gc,phases   ] GC(96)   Merge Heap Roots: 0.1ms
[2024-07-21T07:07:31.659+0530][gc,phases   ] GC(96)   Evacuate Collection Set: 0.3ms
[2024-07-21T07:07:31.659+0530][gc,phases   ] GC(96)   Post Evacuate Collection Set: 0.4ms
[2024-07-21T07:07:31.659+0530][gc,phases   ] GC(96)   Other: 0.1ms
[2024-07-21T07:07:31.659+0530][gc,heap     ] GC(96) Eden regions: 613->0(613)
[2024-07-21T07:07:31.659+0530][gc,heap     ] GC(96) Survivor regions: 1->1(77)
[2024-07-21T07:07:31.659+0530][gc,heap     ] GC(96) Old regions: 18->18
[2024-07-21T07:07:31.659+0530][gc,heap     ] GC(96) Archive regions: 2->2
[2024-07-21T07:07:31.659+0530][gc,heap     ] GC(96) Humongous regions: 131->131
[2024-07-21T07:07:31.659+0530][gc,metaspace] GC(96) Metaspace: 41677K(42176K)->41677K(42176K) NonClass: 36850K(37120K)->36850K(37120K) Class: 4827K(5056K)->4827K(5056K)
[2024-07-21T07:07:31.659+0530][gc          ] GC(96) Pause Young (Normal) (G1 Evacuation Pause) 762M->149M(1024M) 0.920ms
[2024-07-21T07:07:31.659+0530][gc,cpu      ] GC(96) User=0.00s Sys=0.00s Real=0.00s
[2024-07-21T07:08:01.794+0530][gc,start    ] GC(97) Pause Young (Normal) (G1 Evacuation Pause)
[2024-07-21T07:08:01.794+0530][gc,task     ] GC(97) Using 13 workers of 13 for evacuation
[2024-07-21T07:08:01.795+0530][gc,phases   ] GC(97)   Pre Evacuate Collection Set: 0.1ms
[2024-07-21T07:08:01.795+0530][gc,phases   ] GC(97)   Merge Heap Roots: 0.1ms
[2024-07-21T07:08:01.795+0530][gc,phases   ] GC(97)   Evacuate Collection Set: 0.3ms
[2024-07-21T07:08:01.795+0530][gc,phases   ] GC(97)   Post Evacuate Collection Set: 0.3ms
[2024-07-21T07:08:01.795+0530][gc,phases   ] GC(97)   Other: 0.1ms
[2024-07-21T07:08:01.795+0530][gc,heap     ] GC(97) Eden regions: 613->0(613)
[2024-07-21T07:08:01.795+0530][gc,heap     ] GC(97) Survivor regions: 1->1(77)
[2024-07-21T07:08:01.795+0530][gc,heap     ] GC(97) Old regions: 18->18
[2024-07-21T07:08:01.795+0530][gc,heap     ] GC(97) Archive regions: 2->2
[2024-07-21T07:08:01.795+0530][gc,heap     ] GC(97) Humongous regions: 131->131
[2024-07-21T07:08:01.795+0530][gc,metaspace] GC(97) Metaspace: 41706K(42176K)->41706K(42176K) NonClass: 36874K(37120K)->36874K(37120K) Class: 4831K(5056K)->4831K(5056K)
[2024-07-21T07:08:01.795+0530][gc          ] GC(97) Pause Young (Normal) (G1 Evacuation Pause) 762M->149M(1024M) 0.910ms
[2024-07-21T07:08:01.795+0530][gc,cpu      ] GC(97) User=0.00s Sys=0.00s Real=0.00s
[2024-07-21T07:08:46.664+0530][gc,start    ] GC(98) Pause Young (Normal) (G1 Evacuation Pause)
[2024-07-21T07:08:46.664+0530][gc,task     ] GC(98) Using 13 workers of 13 for evacuation
[2024-07-21T07:08:46.664+0530][gc,phases   ] GC(98)   Pre Evacuate Collection Set: 0.1ms
[2024-07-21T07:08:46.664+0530][gc,phases   ] GC(98)   Merge Heap Roots: 0.1ms
[2024-07-21T07:08:46.664+0530][gc,phases   ] GC(98)   Evacuate Collection Set: 0.3ms
[2024-07-21T07:08:46.664+0530][gc,phases   ] GC(98)   Post Evacuate Collection Set: 0.3ms
[2024-07-21T07:08:46.664+0530][gc,phases   ] GC(98)   Other: 0.1ms
[2024-07-21T07:08:46.664+0530][gc,heap     ] GC(98) Eden regions: 613->0(613)
[2024-07-21T07:08:46.664+0530][gc,heap     ] GC(98) Survivor regions: 1->1(77)
[2024-07-21T07:08:46.664+0530][gc,heap     ] GC(98) Old regions: 18->18
[2024-07-21T07:08:46.664+0530][gc,heap     ] GC(98) Archive regions: 2->2
[2024-07-21T07:08:46.664+0530][gc,heap     ] GC(98) Humongous regions: 131->131
[2024-07-21T07:08:46.664+0530][gc,metaspace] GC(98) Metaspace: 41715K(42176K)->41715K(42176K) NonClass: 36883K(37120K)->36883K(37120K) Class: 4831K(5056K)->4831K(5056K)
[2024-07-21T07:08:46.664+0530][gc          ] GC(98) Pause Young (Normal) (G1 Evacuation Pause) 762M->149M(1024M) 0.910ms
[2024-07-21T07:08:46.664+0530][gc,cpu      ] GC(98) User=0.01s Sys=0.00s Real=0.00s
[2024-07-21T07:09:31.545+0530][gc,start    ] GC(99) Pause Young (Normal) (G1 Evacuation Pause)
[2024-07-21T07:09:31.545+0530][gc,task     ] GC(99) Using 13 workers of 13 for evacuation
[2024-07-21T07:09:31.547+0530][gc,phases   ] GC(99)   Pre Evacuate Collection Set: 0.2ms
[2024-07-21T07:09:31.547+0530][gc,phases   ] GC(99)   Merge Heap Roots: 0.2ms
[2024-07-21T07:09:31.547+0530][gc,phases   ] GC(99)   Evacuate Collection Set: 0.3ms
[2024-07-21T07:09:31.547+0530][gc,phases   ] GC(99)   Post Evacuate Collection Set: 0.5ms
[2024-07-21T07:09:31.547+0530][gc,phases   ] GC(99)   Other: 0.1ms
[2024-07-21T07:09:31.547+0530][gc,heap     ] GC(99) Eden regions: 613->0(613)
[2024-07-21T07:09:31.547+0530][gc,heap     ] GC(99) Survivor regions: 1->1(77)
[2024-07-21T07:09:31.547+0530][gc,heap     ] GC(99) Old regions: 18->18
[2024-07-21T07:09:31.547+0530][gc,heap     ] GC(99) Archive regions: 2->2
[2024-07-21T07:09:31.547+0530][gc,heap     ] GC(99) Humongous regions: 131->131
[2024-07-21T07:09:31.547+0530][gc,metaspace] GC(99) Metaspace: 41731K(42176K)->41731K(42176K) NonClass: 36899K(37120K)->36899K(37120K) Class: 4831K(5056K)->4831K(5056K)
[2024-07-21T07:09:31.547+0530][gc          ] GC(99) Pause Young (Normal) (G1 Evacuation Pause) 762M->149M(1024M) 1.338ms
[2024-07-21T07:09:31.547+0530][gc,cpu      ] GC(99) User=0.01s Sys=0.00s Real=0.00s
[2024-07-21T07:10:01.703+0530][gc,start    ] GC(100) Pause Young (Normal) (G1 Evacuation Pause)
[2024-07-21T07:10:01.703+0530][gc,task     ] GC(100) Using 13 workers of 13 for evacuation
[2024-07-21T07:10:01.704+0530][gc,phases   ] GC(100)   Pre Evacuate Collection Set: 0.1ms
[2024-07-21T07:10:01.704+0530][gc,phases   ] GC(100)   Merge Heap Roots: 0.1ms
[2024-07-21T07:10:01.704+0530][gc,phases   ] GC(100)   Evacuate Collection Set: 0.3ms
[2024-07-21T07:10:01.704+0530][gc,phases   ] GC(100)   Post Evacuate Collection Set: 0.3ms
[2024-07-21T07:10:01.704+0530][gc,phases   ] GC(100)   Other: 0.1ms
[2024-07-21T07:10:01.704+0530][gc,heap     ] GC(100) Eden regions: 613->0(613)
[2024-07-21T07:10:01.704+0530][gc,heap     ] GC(100) Survivor regions: 1->1(77)
[2024-07-21T07:10:01.704+0530][gc,heap     ] GC(100) Old regions: 18->18
[2024-07-21T07:10:01.704+0530][gc,heap     ] GC(100) Archive regions: 2->2
[2024-07-21T07:10:01.704+0530][gc,heap     ] GC(100) Humongous regions: 131->131
[2024-07-21T07:10:01.704+0530][gc,metaspace] GC(100) Metaspace: 41732K(42176K)->41732K(42176K) NonClass: 36900K(37120K)->36900K(37120K) Class: 4831K(5056K)->4831K(5056K)
[2024-07-21T07:10:01.704+0530][gc          ] GC(100) Pause Young (Normal) (G1 Evacuation Pause) 762M->149M(1024M) 0.868ms
[2024-07-21T07:10:01.704+0530][gc,cpu      ] GC(100) User=0.00s Sys=0.00s Real=0.00s
[2024-07-21T07:10:46.579+0530][gc,start    ] GC(101) Pause Young (Normal) (G1 Evacuation Pause)
[2024-07-21T07:10:46.579+0530][gc,task     ] GC(101) Using 13 workers of 13 for evacuation
[2024-07-21T07:10:46.580+0530][gc,phases   ] GC(101)   Pre Evacuate Collection Set: 0.1ms
[2024-07-21T07:10:46.580+0530][gc,phases   ] GC(101)   Merge Heap Roots: 0.1ms
[2024-07-21T07:10:46.580+0530][gc,phases   ] GC(101)   Evacuate Collection Set: 0.2ms
[2024-07-21T07:10:46.580+0530][gc,phases   ] GC(101)   Post Evacuate Collection Set: 0.3ms
[2024-07-21T07:10:46.580+0530][gc,phases   ] GC(101)   Other: 0.1ms
[2024-07-21T07:10:46.580+0530][gc,heap     ] GC(101) Eden regions: 613->0(613)
[2024-07-21T07:10:46.580+0530][gc,heap     ] GC(101) Survivor regions: 1->1(77)
[2024-07-21T07:10:46.580+0530][gc,heap     ] GC(101) Old regions: 18->18
[2024-07-21T07:10:46.580+0530][gc,heap     ] GC(101) Archive regions: 2->2
[2024-07-21T07:10:46.580+0530][gc,heap     ] GC(101) Humongous regions: 131->131
[2024-07-21T07:10:46.580+0530][gc,metaspace] GC(101) Metaspace: 41734K(42176K)->41734K(42176K) NonClass: 36903K(37120K)->36903K(37120K) Class: 4831K(5056K)->4831K(5056K)
[2024-07-21T07:10:46.580+0530][gc          ] GC(101) Pause Young (Normal) (G1 Evacuation Pause) 762M->149M(1024M) 0.805ms
[2024-07-21T07:10:46.580+0530][gc,cpu      ] GC(101) User=0.00s Sys=0.00s Real=0.00s
[2024-07-21T07:11:16.743+0530][gc,start    ] GC(102) Pause Young (Normal) (G1 Evacuation Pause)
[2024-07-21T07:11:16.743+0530][gc,task     ] GC(102) Using 13 workers of 13 for evacuation
[2024-07-21T07:11:16.744+0530][gc,phases   ] GC(102)   Pre Evacuate Collection Set: 0.1ms
[2024-07-21T07:11:16.744+0530][gc,phases   ] GC(102)   Merge Heap Roots: 0.1ms
[2024-07-21T07:11:16.744+0530][gc,phases   ] GC(102)   Evacuate Collection Set: 0.3ms
[2024-07-21T07:11:16.744+0530][gc,phases   ] GC(102)   Post Evacuate Collection Set: 0.3ms
[2024-07-21T07:11:16.744+0530][gc,phases   ] GC(102)   Other: 0.1ms
[2024-07-21T07:11:16.744+0530][gc,heap     ] GC(102) Eden regions: 613->0(613)
[2024-07-21T07:11:16.744+0530][gc,heap     ] GC(102) Survivor regions: 1->1(77)
[2024-07-21T07:11:16.744+0530][gc,heap     ] GC(102) Old regions: 18->18
[2024-07-21T07:11:16.744+0530][gc,heap     ] GC(102) Archive regions: 2->2
[2024-07-21T07:11:16.744+0530][gc,heap     ] GC(102) Humongous regions: 131->131
[2024-07-21T07:11:16.744+0530][gc,metaspace] GC(102) Metaspace: 41749K(42240K)->41749K(42240K) NonClass: 36918K(37184K)->36918K(37184K) Class: 4831K(5056K)->4831K(5056K)
[2024-07-21T07:11:16.744+0530][gc          ] GC(102) Pause Young (Normal) (G1 Evacuation Pause) 762M->149M(1024M) 0.922ms
[2024-07-21T07:11:16.744+0530][gc,cpu      ] GC(102) User=0.00s Sys=0.00s Real=0.00s
[2024-07-21T07:12:01.630+0530][gc,start    ] GC(103) Pause Young (Normal) (G1 Evacuation Pause)
[2024-07-21T07:12:01.630+0530][gc,task     ] GC(103) Using 13 workers of 13 for evacuation
[2024-07-21T07:12:01.631+0530][gc,phases   ] GC(103)   Pre Evacuate Collection Set: 0.1ms
[2024-07-21T07:12:01.631+0530][gc,phases   ] GC(103)   Merge Heap Roots: 0.1ms
[2024-07-21T07:12:01.631+0530][gc,phases   ] GC(103)   Evacuate Collection Set: 0.2ms
[2024-07-21T07:12:01.631+0530][gc,phases   ] GC(103)   Post Evacuate Collection Set: 0.2ms
[2024-07-21T07:12:01.631+0530][gc,phases   ] GC(103)   Other: 0.1ms
[2024-07-21T07:12:01.631+0530][gc,heap     ] GC(103) Eden regions: 613->0(613)
[2024-07-21T07:12:01.631+0530][gc,heap     ] GC(103) Survivor regions: 1->1(77)
[2024-07-21T07:12:01.631+0530][gc,heap     ] GC(103) Old regions: 18->18
[2024-07-21T07:12:01.631+0530][gc,heap     ] GC(103) Archive regions: 2->2
[2024-07-21T07:12:01.631+0530][gc,heap     ] GC(103) Humongous regions: 131->131
[2024-07-21T07:12:01.631+0530][gc,metaspace] GC(103) Metaspace: 41792K(42240K)->41792K(42240K) NonClass: 36960K(37184K)->36960K(37184K) Class: 4831K(5056K)->4831K(5056K)
[2024-07-21T07:12:01.631+0530][gc          ] GC(103) Pause Young (Normal) (G1 Evacuation Pause) 762M->149M(1024M) 0.774ms
[2024-07-21T07:12:01.631+0530][gc,cpu      ] GC(103) User=0.01s Sys=0.00s Real=0.00s
[2024-07-21T07:12:31.764+0530][gc,start    ] GC(104) Pause Young (Normal) (G1 Evacuation Pause)
[2024-07-21T07:12:31.764+0530][gc,task     ] GC(104) Using 13 workers of 13 for evacuation
[2024-07-21T07:12:31.765+0530][gc,phases   ] GC(104)   Pre Evacuate Collection Set: 0.1ms
[2024-07-21T07:12:31.765+0530][gc,phases   ] GC(104)   Merge Heap Roots: 0.2ms
[2024-07-21T07:12:31.765+0530][gc,phases   ] GC(104)   Evacuate Collection Set: 0.2ms
[2024-07-21T07:12:31.765+0530][gc,phases   ] GC(104)   Post Evacuate Collection Set: 0.2ms
[2024-07-21T07:12:31.765+0530][gc,phases   ] GC(104)   Other: 0.1ms
[2024-07-21T07:12:31.765+0530][gc,heap     ] GC(104) Eden regions: 613->0(613)
[2024-07-21T07:12:31.765+0530][gc,heap     ] GC(104) Survivor regions: 1->1(77)
[2024-07-21T07:12:31.765+0530][gc,heap     ] GC(104) Old regions: 18->18
[2024-07-21T07:12:31.765+0530][gc,heap     ] GC(104) Archive regions: 2->2
[2024-07-21T07:12:31.765+0530][gc,heap     ] GC(104) Humongous regions: 131->131
[2024-07-21T07:12:31.765+0530][gc,metaspace] GC(104) Metaspace: 41792K(42240K)->41792K(42240K) NonClass: 36960K(37184K)->36960K(37184K) Class: 4831K(5056K)->4831K(5056K)
[2024-07-21T07:12:31.765+0530][gc          ] GC(104) Pause Young (Normal) (G1 Evacuation Pause) 762M->149M(1024M) 0.794ms
[2024-07-21T07:12:31.765+0530][gc,cpu      ] GC(104) User=0.00s Sys=0.00s Real=0.00s
[2024-07-21T07:13:16.645+0530][gc,start    ] GC(105) Pause Young (Normal) (G1 Evacuation Pause)
[2024-07-21T07:13:16.645+0530][gc,task     ] GC(105) Using 13 workers of 13 for evacuation
[2024-07-21T07:13:16.646+0530][gc,phases   ] GC(105)   Pre Evacuate Collection Set: 0.1ms
[2024-07-21T07:13:16.646+0530][gc,phases   ] GC(105)   Merge Heap Roots: 0.1ms
[2024-07-21T07:13:16.646+0530][gc,phases   ] GC(105)   Evacuate Collection Set: 0.3ms
[2024-07-21T07:13:16.646+0530][gc,phases   ] GC(105)   Post Evacuate Collection Set: 0.4ms
[2024-07-21T07:13:16.646+0530][gc,phases   ] GC(105)   Other: 0.1ms
[2024-07-21T07:13:16.646+0530][gc,heap     ] GC(105) Eden regions: 613->0(613)
[2024-07-21T07:13:16.646+0530][gc,heap     ] GC(105) Survivor regions: 1->1(77)
[2024-07-21T07:13:16.646+0530][gc,heap     ] GC(105) Old regions: 18->18
[2024-07-21T07:13:16.646+0530][gc,heap     ] GC(105) Archive regions: 2->2
[2024-07-21T07:13:16.646+0530][gc,heap     ] GC(105) Humongous regions: 131->131
[2024-07-21T07:13:16.646+0530][gc,metaspace] GC(105) Metaspace: 41802K(42240K)->41802K(42240K) NonClass: 36970K(37184K)->36970K(37184K) Class: 4831K(5056K)->4831K(5056K)
[2024-07-21T07:13:16.646+0530][gc          ] GC(105) Pause Young (Normal) (G1 Evacuation Pause) 762M->149M(1024M) 0.920ms
[2024-07-21T07:13:16.646+0530][gc,cpu      ] GC(105) User=0.00s Sys=0.00s Real=0.00s
[2024-07-21T07:13:46.790+0530][gc,start    ] GC(106) Pause Young (Normal) (G1 Evacuation Pause)
[2024-07-21T07:13:46.790+0530][gc,task     ] GC(106) Using 13 workers of 13 for evacuation
[2024-07-21T07:13:46.791+0530][gc,phases   ] GC(106)   Pre Evacuate Collection Set: 0.1ms
[2024-07-21T07:13:46.791+0530][gc,phases   ] GC(106)   Merge Heap Roots: 0.1ms
[2024-07-21T07:13:46.791+0530][gc,phases   ] GC(106)   Evacuate Collection Set: 0.3ms
[2024-07-21T07:13:46.791+0530][gc,phases   ] GC(106)   Post Evacuate Collection Set: 0.4ms
[2024-07-21T07:13:46.791+0530][gc,phases   ] GC(106)   Other: 0.1ms
[2024-07-21T07:13:46.791+0530][gc,heap     ] GC(106) Eden regions: 613->0(613)
[2024-07-21T07:13:46.791+0530][gc,heap     ] GC(106) Survivor regions: 1->1(77)
[2024-07-21T07:13:46.791+0530][gc,heap     ] GC(106) Old regions: 18->18
[2024-07-21T07:13:46.791+0530][gc,heap     ] GC(106) Archive regions: 2->2
[2024-07-21T07:13:46.791+0530][gc,heap     ] GC(106) Humongous regions: 131->131
[2024-07-21T07:13:46.791+0530][gc,metaspace] GC(106) Metaspace: 41810K(42240K)->41810K(42240K) NonClass: 36978K(37184K)->36978K(37184K) Class: 4831K(5056K)->4831K(5056K)
[2024-07-21T07:13:46.791+0530][gc          ] GC(106) Pause Young (Normal) (G1 Evacuation Pause) 762M->150M(1024M) 1.013ms
[2024-07-21T07:13:46.791+0530][gc,cpu      ] GC(106) User=0.01s Sys=0.00s Real=0.00s
[2024-07-21T07:14:31.680+0530][gc,start    ] GC(107) Pause Young (Normal) (G1 Evacuation Pause)
[2024-07-21T07:14:31.680+0530][gc,task     ] GC(107) Using 13 workers of 13 for evacuation
[2024-07-21T07:14:31.681+0530][gc,phases   ] GC(107)   Pre Evacuate Collection Set: 0.1ms
[2024-07-21T07:14:31.681+0530][gc,phases   ] GC(107)   Merge Heap Roots: 0.1ms
[2024-07-21T07:14:31.681+0530][gc,phases   ] GC(107)   Evacuate Collection Set: 0.3ms
[2024-07-21T07:14:31.681+0530][gc,phases   ] GC(107)   Post Evacuate Collection Set: 0.3ms
[2024-07-21T07:14:31.681+0530][gc,phases   ] GC(107)   Other: 0.1ms
[2024-07-21T07:14:31.681+0530][gc,heap     ] GC(107) Eden regions: 613->0(613)
[2024-07-21T07:14:31.681+0530][gc,heap     ] GC(107) Survivor regions: 1->1(77)
[2024-07-21T07:14:31.681+0530][gc,heap     ] GC(107) Old regions: 18->18
[2024-07-21T07:14:31.681+0530][gc,heap     ] GC(107) Archive regions: 2->2
[2024-07-21T07:14:31.681+0530][gc,heap     ] GC(107) Humongous regions: 131->131
[2024-07-21T07:14:31.681+0530][gc,metaspace] GC(107) Metaspace: 41829K(42304K)->41829K(42304K) NonClass: 36997K(37248K)->36997K(37248K) Class: 4831K(5056K)->4831K(5056K)
[2024-07-21T07:14:31.681+0530][gc          ] GC(107) Pause Young (Normal) (G1 Evacuation Pause) 763M->149M(1024M) 0.819ms
[2024-07-21T07:14:31.681+0530][gc,cpu      ] GC(107) User=0.00s Sys=0.00s Real=0.00s
[2024-07-21T07:15:16.570+0530][gc,start    ] GC(108) Pause Young (Normal) (G1 Evacuation Pause)
[2024-07-21T07:15:16.570+0530][gc,task     ] GC(108) Using 13 workers of 13 for evacuation
[2024-07-21T07:15:16.570+0530][gc,phases   ] GC(108)   Pre Evacuate Collection Set: 0.1ms
[2024-07-21T07:15:16.570+0530][gc,phases   ] GC(108)   Merge Heap Roots: 0.1ms
[2024-07-21T07:15:16.570+0530][gc,phases   ] GC(108)   Evacuate Collection Set: 0.2ms
[2024-07-21T07:15:16.570+0530][gc,phases   ] GC(108)   Post Evacuate Collection Set: 0.3ms
[2024-07-21T07:15:16.570+0530][gc,phases   ] GC(108)   Other: 0.1ms
[2024-07-21T07:15:16.570+0530][gc,heap     ] GC(108) Eden regions: 613->0(613)
[2024-07-21T07:15:16.570+0530][gc,heap     ] GC(108) Survivor regions: 1->1(77)
[2024-07-21T07:15:16.570+0530][gc,heap     ] GC(108) Old regions: 18->18
[2024-07-21T07:15:16.570+0530][gc,heap     ] GC(108) Archive regions: 2->2
[2024-07-21T07:15:16.570+0530][gc,heap     ] GC(108) Humongous regions: 131->131
[2024-07-21T07:15:16.570+0530][gc,metaspace] GC(108) Metaspace: 41881K(42368K)->41881K(42368K) NonClass: 37049K(37312K)->37049K(37312K) Class: 4831K(5056K)->4831K(5056K)
[2024-07-21T07:15:16.570+0530][gc          ] GC(108) Pause Young (Normal) (G1 Evacuation Pause) 762M->149M(1024M) 0.812ms
[2024-07-21T07:15:16.570+0530][gc,cpu      ] GC(108) User=0.00s Sys=0.00s Real=0.00s
[2024-07-21T07:15:46.714+0530][gc,start    ] GC(109) Pause Young (Normal) (G1 Evacuation Pause)
[2024-07-21T07:15:46.714+0530][gc,task     ] GC(109) Using 13 workers of 13 for evacuation
[2024-07-21T07:15:46.715+0530][gc,phases   ] GC(109)   Pre Evacuate Collection Set: 0.1ms
[2024-07-21T07:15:46.715+0530][gc,phases   ] GC(109)   Merge Heap Roots: 0.1ms
[2024-07-21T07:15:46.715+0530][gc,phases   ] GC(109)   Evacuate Collection Set: 0.2ms
[2024-07-21T07:15:46.715+0530][gc,phases   ] GC(109)   Post Evacuate Collection Set: 0.3ms
[2024-07-21T07:15:46.715+0530][gc,phases   ] GC(109)   Other: 0.1ms
[2024-07-21T07:15:46.715+0530][gc,heap     ] GC(109) Eden regions: 613->0(613)
[2024-07-21T07:15:46.715+0530][gc,heap     ] GC(109) Survivor regions: 1->1(77)
[2024-07-21T07:15:46.715+0530][gc,heap     ] GC(109) Old regions: 18->18
[2024-07-21T07:15:46.715+0530][gc,heap     ] GC(109) Archive regions: 2->2
[2024-07-21T07:15:46.715+0530][gc,heap     ] GC(109) Humongous regions: 131->131
[2024-07-21T07:15:46.715+0530][gc,metaspace] GC(109) Metaspace: 41997K(42432K)->41997K(42432K) NonClass: 37165K(37376K)->37165K(37376K) Class: 4831K(5056K)->4831K(5056K)
[2024-07-21T07:15:46.715+0530][gc          ] GC(109) Pause Young (Normal) (G1 Evacuation Pause) 762M->149M(1024M) 0.870ms
[2024-07-21T07:15:46.715+0530][gc,cpu      ] GC(109) User=0.00s Sys=0.00s Real=0.00s
[2024-07-21T07:16:31.622+0530][gc,start    ] GC(110) Pause Young (Normal) (G1 Evacuation Pause)
[2024-07-21T07:16:31.622+0530][gc,task     ] GC(110) Using 13 workers of 13 for evacuation
[2024-07-21T07:16:31.624+0530][gc,phases   ] GC(110)   Pre Evacuate Collection Set: 0.2ms
[2024-07-21T07:16:31.624+0530][gc,phases   ] GC(110)   Merge Heap Roots: 0.1ms
[2024-07-21T07:16:31.624+0530][gc,phases   ] GC(110)   Evacuate Collection Set: 0.4ms
[2024-07-21T07:16:31.624+0530][gc,phases   ] GC(110)   Post Evacuate Collection Set: 0.5ms
[2024-07-21T07:16:31.624+0530][gc,phases   ] GC(110)   Other: 0.1ms
[2024-07-21T07:16:31.624+0530][gc,heap     ] GC(110) Eden regions: 613->0(613)
[2024-07-21T07:16:31.624+0530][gc,heap     ] GC(110) Survivor regions: 1->1(77)
[2024-07-21T07:16:31.624+0530][gc,heap     ] GC(110) Old regions: 18->18
[2024-07-21T07:16:31.624+0530][gc,heap     ] GC(110) Archive regions: 2->2
[2024-07-21T07:16:31.624+0530][gc,heap     ] GC(110) Humongous regions: 131->131
[2024-07-21T07:16:31.624+0530][gc,metaspace] GC(110) Metaspace: 41997K(42432K)->41997K(42432K) NonClass: 37165K(37376K)->37165K(37376K) Class: 4831K(5056K)->4831K(5056K)
[2024-07-21T07:16:31.624+0530][gc          ] GC(110) Pause Young (Normal) (G1 Evacuation Pause) 762M->149M(1024M) 1.451ms
[2024-07-21T07:16:31.624+0530][gc,cpu      ] GC(110) User=0.01s Sys=0.00s Real=0.00s
[2024-07-21T07:17:01.761+0530][gc,start    ] GC(111) Pause Young (Normal) (G1 Evacuation Pause)
[2024-07-21T07:17:01.761+0530][gc,task     ] GC(111) Using 13 workers of 13 for evacuation
[2024-07-21T07:17:01.762+0530][gc,phases   ] GC(111)   Pre Evacuate Collection Set: 0.2ms
[2024-07-21T07:17:01.762+0530][gc,phases   ] GC(111)   Merge Heap Roots: 0.2ms
[2024-07-21T07:17:01.762+0530][gc,phases   ] GC(111)   Evacuate Collection Set: 0.3ms
[2024-07-21T07:17:01.762+0530][gc,phases   ] GC(111)   Post Evacuate Collection Set: 0.3ms
[2024-07-21T07:17:01.762+0530][gc,phases   ] GC(111)   Other: 0.1ms
[2024-07-21T07:17:01.762+0530][gc,heap     ] GC(111) Eden regions: 613->0(613)
[2024-07-21T07:17:01.762+0530][gc,heap     ] GC(111) Survivor regions: 1->1(77)
[2024-07-21T07:17:01.762+0530][gc,heap     ] GC(111) Old regions: 18->18
[2024-07-21T07:17:01.762+0530][gc,heap     ] GC(111) Archive regions: 2->2
[2024-07-21T07:17:01.762+0530][gc,heap     ] GC(111) Humongous regions: 131->131
[2024-07-21T07:17:01.762+0530][gc,metaspace] GC(111) Metaspace: 41997K(42432K)->41997K(42432K) NonClass: 37165K(37376K)->37165K(37376K) Class: 4831K(5056K)->4831K(5056K)
[2024-07-21T07:17:01.762+0530][gc          ] GC(111) Pause Young (Normal) (G1 Evacuation Pause) 762M->149M(1024M) 1.085ms
[2024-07-21T07:17:01.762+0530][gc,cpu      ] GC(111) User=0.00s Sys=0.01s Real=0.01s
[2024-07-21T07:17:42.102+0530][gc,heap,exit] Heap
[2024-07-21T07:17:42.102+0530][gc,heap,exit]  garbage-first heap   total 1048576K, used 704511K [0x00000000c0000000, 0x0000000100000000)
[2024-07-21T07:17:42.102+0530][gc,heap,exit]   region size 1024K, 539 young (551936K), 1 survivors (1024K)
[2024-07-21T07:17:42.102+0530][gc,heap,exit]  Metaspace       used 42725K, committed 43264K, reserved 1114112K
[2024-07-21T07:17:42.102+0530][gc,heap,exit]   class space    used 4989K, committed 5248K, reserved 1048576K
