[2024-07-21T00:30:24.969+0530][gc] Using G1
[2024-07-21T00:30:24.977+0530][gc,init] Version: 17.0.11+9-Ubuntu-122.04.1 (release)
[2024-07-21T00:30:24.977+0530][gc,init] CPUs: 16 total, 16 available
[2024-07-21T00:30:24.977+0530][gc,init] Memory: 31911M
[2024-07-21T00:30:24.977+0530][gc,init] Large Page Support: Disabled
[2024-07-21T00:30:24.977+0530][gc,init] NUMA Support: Disabled
[2024-07-21T00:30:24.977+0530][gc,init] Compressed Oops: Enabled (32-bit)
[2024-07-21T00:30:24.977+0530][gc,init] Heap Region Size: 1M
[2024-07-21T00:30:24.977+0530][gc,init] Heap Min Capacity: 1G
[2024-07-21T00:30:24.977+0530][gc,init] Heap Initial Capacity: 1G
[2024-07-21T00:30:24.977+0530][gc,init] Heap Max Capacity: 1G
[2024-07-21T00:30:24.977+0530][gc,init] Pre-touch: Disabled
[2024-07-21T00:30:24.977+0530][gc,init] Parallel Workers: 13
[2024-07-21T00:30:24.977+0530][gc,init] Concurrent Workers: 3
[2024-07-21T00:30:24.977+0530][gc,init] Concurrent Refinement Workers: 13
[2024-07-21T00:30:24.977+0530][gc,init] Periodic GC: Disabled
[2024-07-21T00:30:24.981+0530][gc,metaspace] CDS archive(s) mapped at: [0x00007f28c3000000-0x00007f28c3bc7000-0x00007f28c3bc7000), size 12349440, SharedBaseAddress: 0x00007f28c3000000, ArchiveRelocationMode: 1.
[2024-07-21T00:30:24.981+0530][gc,metaspace] Compressed class space mapped at: 0x00007f28c4000000-0x00007f2904000000, reserved size: 1073741824
[2024-07-21T00:30:24.981+0530][gc,metaspace] Narrow klass base: 0x00007f28c3000000, Narrow klass shift: 0, Narrow klass range: 0x100000000
[2024-07-21T00:30:25.462+0530][gc,start    ] GC(0) Pause Young (Normal) (G1 Evacuation Pause)
[2024-07-21T00:30:25.463+0530][gc,task     ] GC(0) Using 13 workers of 13 for evacuation
[2024-07-21T00:30:25.465+0530][gc,phases   ] GC(0)   Pre Evacuate Collection Set: 0.0ms
[2024-07-21T00:30:25.465+0530][gc,phases   ] GC(0)   Merge Heap Roots: 0.0ms
[2024-07-21T00:30:25.465+0530][gc,phases   ] GC(0)   Evacuate Collection Set: 1.7ms
[2024-07-21T00:30:25.465+0530][gc,phases   ] GC(0)   Post Evacuate Collection Set: 0.2ms
[2024-07-21T00:30:25.465+0530][gc,phases   ] GC(0)   Other: 0.7ms
[2024-07-21T00:30:25.465+0530][gc,heap     ] GC(0) Eden regions: 51->0(44)
[2024-07-21T00:30:25.465+0530][gc,heap     ] GC(0) Survivor regions: 0->7(7)
[2024-07-21T00:30:25.465+0530][gc,heap     ] GC(0) Old regions: 0->2
[2024-07-21T00:30:25.465+0530][gc,heap     ] GC(0) Archive regions: 2->2
[2024-07-21T00:30:25.465+0530][gc,heap     ] GC(0) Humongous regions: 0->0
[2024-07-21T00:30:25.465+0530][gc,metaspace] GC(0) Metaspace: 17454K(17664K)->17454K(17664K) NonClass: 15344K(15488K)->15344K(15488K) Class: 2109K(2176K)->2109K(2176K)
[2024-07-21T00:30:25.465+0530][gc          ] GC(0) Pause Young (Normal) (G1 Evacuation Pause) 51M->9M(1024M) 2.682ms
[2024-07-21T00:30:25.465+0530][gc,cpu      ] GC(0) User=0.02s Sys=0.01s Real=0.01s
[2024-07-21T00:30:25.540+0530][gc,start    ] GC(1) Pause Young (Concurrent Start) (Metadata GC Threshold)
[2024-07-21T00:30:25.540+0530][gc,task     ] GC(1) Using 13 workers of 13 for evacuation
[2024-07-21T00:30:25.542+0530][gc,phases   ] GC(1)   Pre Evacuate Collection Set: 0.1ms
[2024-07-21T00:30:25.542+0530][gc,phases   ] GC(1)   Merge Heap Roots: 0.0ms
[2024-07-21T00:30:25.542+0530][gc,phases   ] GC(1)   Evacuate Collection Set: 1.2ms
[2024-07-21T00:30:25.542+0530][gc,phases   ] GC(1)   Post Evacuate Collection Set: 0.2ms
[2024-07-21T00:30:25.542+0530][gc,phases   ] GC(1)   Other: 0.1ms
[2024-07-21T00:30:25.542+0530][gc,heap     ] GC(1) Eden regions: 14->0(50)
[2024-07-21T00:30:25.542+0530][gc,heap     ] GC(1) Survivor regions: 7->1(7)
[2024-07-21T00:30:25.542+0530][gc,heap     ] GC(1) Old regions: 2->9
[2024-07-21T00:30:25.542+0530][gc,heap     ] GC(1) Archive regions: 2->2
[2024-07-21T00:30:25.542+0530][gc,heap     ] GC(1) Humongous regions: 0->0
[2024-07-21T00:30:25.542+0530][gc,metaspace] GC(1) Metaspace: 21375K(21504K)->21375K(21504K) NonClass: 18817K(18880K)->18817K(18880K) Class: 2558K(2624K)->2558K(2624K)
[2024-07-21T00:30:25.542+0530][gc          ] GC(1) Pause Young (Concurrent Start) (Metadata GC Threshold) 22M->10M(1024M) 1.618ms
[2024-07-21T00:30:25.542+0530][gc,cpu      ] GC(1) User=0.01s Sys=0.00s Real=0.00s
[2024-07-21T00:30:25.542+0530][gc          ] GC(2) Concurrent Mark Cycle
[2024-07-21T00:30:25.542+0530][gc,marking  ] GC(2) Concurrent Clear Claimed Marks
[2024-07-21T00:30:25.542+0530][gc,marking  ] GC(2) Concurrent Clear Claimed Marks 0.009ms
[2024-07-21T00:30:25.542+0530][gc,marking  ] GC(2) Concurrent Scan Root Regions
[2024-07-21T00:30:25.543+0530][gc,marking  ] GC(2) Concurrent Scan Root Regions 0.876ms
[2024-07-21T00:30:25.543+0530][gc,marking  ] GC(2) Concurrent Mark
[2024-07-21T00:30:25.543+0530][gc,marking  ] GC(2) Concurrent Mark From Roots
[2024-07-21T00:30:25.543+0530][gc,task     ] GC(2) Using 3 workers of 3 for marking
[2024-07-21T00:30:25.544+0530][gc,marking  ] GC(2) Concurrent Mark From Roots 1.020ms
[2024-07-21T00:30:25.544+0530][gc,marking  ] GC(2) Concurrent Preclean
[2024-07-21T00:30:25.544+0530][gc,marking  ] GC(2) Concurrent Preclean 0.041ms
[2024-07-21T00:30:25.544+0530][gc,start    ] GC(2) Pause Remark
[2024-07-21T00:30:25.544+0530][gc          ] GC(2) Pause Remark 11M->11M(1024M) 0.646ms
[2024-07-21T00:30:25.544+0530][gc,cpu      ] GC(2) User=0.01s Sys=0.00s Real=0.00s
[2024-07-21T00:30:25.544+0530][gc,marking  ] GC(2) Concurrent Mark 1.772ms
[2024-07-21T00:30:25.544+0530][gc,marking  ] GC(2) Concurrent Rebuild Remembered Sets
[2024-07-21T00:30:25.545+0530][gc,marking  ] GC(2) Concurrent Rebuild Remembered Sets 0.965ms
[2024-07-21T00:30:25.545+0530][gc,start    ] GC(2) Pause Cleanup
[2024-07-21T00:30:25.545+0530][gc          ] GC(2) Pause Cleanup 11M->11M(1024M) 0.047ms
[2024-07-21T00:30:25.545+0530][gc,cpu      ] GC(2) User=0.00s Sys=0.00s Real=0.00s
[2024-07-21T00:30:25.546+0530][gc,marking  ] GC(2) Concurrent Cleanup for Next Mark
[2024-07-21T00:30:25.547+0530][gc,marking  ] GC(2) Concurrent Cleanup for Next Mark 1.690ms
[2024-07-21T00:30:25.547+0530][gc          ] GC(2) Concurrent Mark Cycle 5.535ms
[2024-07-21T00:30:25.898+0530][gc,start    ] GC(3) Pause Young (Normal) (G1 Evacuation Pause)
[2024-07-21T00:30:25.898+0530][gc,task     ] GC(3) Using 13 workers of 13 for evacuation
[2024-07-21T00:30:25.900+0530][gc,phases   ] GC(3)   Pre Evacuate Collection Set: 0.1ms
[2024-07-21T00:30:25.900+0530][gc,phases   ] GC(3)   Merge Heap Roots: 0.0ms
[2024-07-21T00:30:25.900+0530][gc,phases   ] GC(3)   Evacuate Collection Set: 1.4ms
[2024-07-21T00:30:25.900+0530][gc,phases   ] GC(3)   Post Evacuate Collection Set: 0.2ms
[2024-07-21T00:30:25.900+0530][gc,phases   ] GC(3)   Other: 0.1ms
[2024-07-21T00:30:25.900+0530][gc,heap     ] GC(3) Eden regions: 50->0(45)
[2024-07-21T00:30:25.900+0530][gc,heap     ] GC(3) Survivor regions: 1->6(7)
[2024-07-21T00:30:25.900+0530][gc,heap     ] GC(3) Old regions: 9->9
[2024-07-21T00:30:25.900+0530][gc,heap     ] GC(3) Archive regions: 2->2
[2024-07-21T00:30:25.900+0530][gc,heap     ] GC(3) Humongous regions: 129->129
[2024-07-21T00:30:25.900+0530][gc,metaspace] GC(3) Metaspace: 32563K(32896K)->32563K(32896K) NonClass: 28818K(28992K)->28818K(28992K) Class: 3745K(3904K)->3745K(3904K)
[2024-07-21T00:30:25.900+0530][gc          ] GC(3) Pause Young (Normal) (G1 Evacuation Pause) 189M->143M(1024M) 1.768ms
[2024-07-21T00:30:25.900+0530][gc,cpu      ] GC(3) User=0.02s Sys=0.00s Real=0.00s
[2024-07-21T00:30:25.976+0530][gc,start    ] GC(4) Pause Young (Concurrent Start) (Metadata GC Threshold)
[2024-07-21T00:30:25.976+0530][gc,task     ] GC(4) Using 13 workers of 13 for evacuation
[2024-07-21T00:30:25.978+0530][gc,phases   ] GC(4)   Pre Evacuate Collection Set: 0.1ms
[2024-07-21T00:30:25.978+0530][gc,phases   ] GC(4)   Merge Heap Roots: 0.0ms
[2024-07-21T00:30:25.978+0530][gc,phases   ] GC(4)   Evacuate Collection Set: 1.4ms
[2024-07-21T00:30:25.978+0530][gc,phases   ] GC(4)   Post Evacuate Collection Set: 0.1ms
[2024-07-21T00:30:25.978+0530][gc,phases   ] GC(4)   Other: 0.1ms
[2024-07-21T00:30:25.978+0530][gc,heap     ] GC(4) Eden regions: 14->0(49)
[2024-07-21T00:30:25.978+0530][gc,heap     ] GC(4) Survivor regions: 6->2(7)
[2024-07-21T00:30:25.978+0530][gc,heap     ] GC(4) Old regions: 9->14
[2024-07-21T00:30:25.978+0530][gc,heap     ] GC(4) Archive regions: 2->2
[2024-07-21T00:30:25.978+0530][gc,heap     ] GC(4) Humongous regions: 129->129
[2024-07-21T00:30:25.978+0530][gc,metaspace] GC(4) Metaspace: 35956K(36160K)->35956K(36160K) NonClass: 31968K(32064K)->31968K(32064K) Class: 3988K(4096K)->3988K(4096K)
[2024-07-21T00:30:25.978+0530][gc          ] GC(4) Pause Young (Concurrent Start) (Metadata GC Threshold) 157M->144M(1024M) 1.787ms
[2024-07-21T00:30:25.978+0530][gc,cpu      ] GC(4) User=0.02s Sys=0.01s Real=0.00s
[2024-07-21T00:30:25.978+0530][gc          ] GC(5) Concurrent Mark Cycle
[2024-07-21T00:30:25.978+0530][gc,marking  ] GC(5) Concurrent Clear Claimed Marks
[2024-07-21T00:30:25.978+0530][gc,marking  ] GC(5) Concurrent Clear Claimed Marks 0.013ms
[2024-07-21T00:30:25.978+0530][gc,marking  ] GC(5) Concurrent Scan Root Regions
[2024-07-21T00:30:25.979+0530][gc,marking  ] GC(5) Concurrent Scan Root Regions 1.050ms
[2024-07-21T00:30:25.979+0530][gc,marking  ] GC(5) Concurrent Mark
[2024-07-21T00:30:25.979+0530][gc,marking  ] GC(5) Concurrent Mark From Roots
[2024-07-21T00:30:25.979+0530][gc,task     ] GC(5) Using 3 workers of 3 for marking
[2024-07-21T00:30:25.981+0530][gc,marking  ] GC(5) Concurrent Mark From Roots 2.201ms
[2024-07-21T00:30:25.981+0530][gc,marking  ] GC(5) Concurrent Preclean
[2024-07-21T00:30:25.981+0530][gc,marking  ] GC(5) Concurrent Preclean 0.057ms
[2024-07-21T00:30:25.981+0530][gc,start    ] GC(5) Pause Remark
[2024-07-21T00:30:25.982+0530][gc          ] GC(5) Pause Remark 145M->145M(1024M) 0.565ms
[2024-07-21T00:30:25.982+0530][gc,cpu      ] GC(5) User=0.00s Sys=0.00s Real=0.00s
[2024-07-21T00:30:25.982+0530][gc,marking  ] GC(5) Concurrent Mark 2.968ms
[2024-07-21T00:30:25.982+0530][gc,marking  ] GC(5) Concurrent Rebuild Remembered Sets
[2024-07-21T00:30:25.984+0530][gc,marking  ] GC(5) Concurrent Rebuild Remembered Sets 1.823ms
[2024-07-21T00:30:25.984+0530][gc,start    ] GC(5) Pause Cleanup
[2024-07-21T00:30:25.984+0530][gc          ] GC(5) Pause Cleanup 145M->145M(1024M) 0.074ms
[2024-07-21T00:30:25.984+0530][gc,cpu      ] GC(5) User=0.00s Sys=0.00s Real=0.00s
[2024-07-21T00:30:25.984+0530][gc,marking  ] GC(5) Concurrent Cleanup for Next Mark
[2024-07-21T00:30:25.986+0530][gc,marking  ] GC(5) Concurrent Cleanup for Next Mark 2.206ms
[2024-07-21T00:30:25.986+0530][gc          ] GC(5) Concurrent Mark Cycle 8.354ms
[2024-07-21T00:30:29.547+0530][gc,start    ] GC(6) Pause Young (Normal) (G1 Evacuation Pause)
[2024-07-21T00:30:29.547+0530][gc,task     ] GC(6) Using 13 workers of 13 for evacuation
[2024-07-21T00:30:29.548+0530][gc,phases   ] GC(6)   Pre Evacuate Collection Set: 0.1ms
[2024-07-21T00:30:29.548+0530][gc,phases   ] GC(6)   Merge Heap Roots: 0.0ms
[2024-07-21T00:30:29.548+0530][gc,phases   ] GC(6)   Evacuate Collection Set: 0.9ms
[2024-07-21T00:30:29.548+0530][gc,phases   ] GC(6)   Post Evacuate Collection Set: 0.2ms
[2024-07-21T00:30:29.548+0530][gc,phases   ] GC(6)   Other: 0.1ms
[2024-07-21T00:30:29.548+0530][gc,heap     ] GC(6) Eden regions: 49->0(48)
[2024-07-21T00:30:29.548+0530][gc,heap     ] GC(6) Survivor regions: 2->3(7)
[2024-07-21T00:30:29.548+0530][gc,heap     ] GC(6) Old regions: 14->14
[2024-07-21T00:30:29.548+0530][gc,heap     ] GC(6) Archive regions: 2->2
[2024-07-21T00:30:29.548+0530][gc,heap     ] GC(6) Humongous regions: 131->131
[2024-07-21T00:30:29.548+0530][gc,metaspace] GC(6) Metaspace: 38718K(39104K)->38718K(39104K) NonClass: 34286K(34496K)->34286K(34496K) Class: 4431K(4608K)->4431K(4608K)
[2024-07-21T00:30:29.548+0530][gc          ] GC(6) Pause Young (Normal) (G1 Evacuation Pause) 195M->147M(1024M) 1.347ms
[2024-07-21T00:30:29.548+0530][gc,cpu      ] GC(6) User=0.02s Sys=0.00s Real=0.00s
[2024-07-21T00:30:29.618+0530][gc,start    ] GC(7) Pause Young (Normal) (G1 Evacuation Pause)
[2024-07-21T00:30:29.618+0530][gc,task     ] GC(7) Using 13 workers of 13 for evacuation
[2024-07-21T00:30:29.619+0530][gc,phases   ] GC(7)   Pre Evacuate Collection Set: 0.1ms
[2024-07-21T00:30:29.619+0530][gc,phases   ] GC(7)   Merge Heap Roots: 0.0ms
[2024-07-21T00:30:29.619+0530][gc,phases   ] GC(7)   Evacuate Collection Set: 0.5ms
[2024-07-21T00:30:29.619+0530][gc,phases   ] GC(7)   Post Evacuate Collection Set: 0.2ms
[2024-07-21T00:30:29.619+0530][gc,phases   ] GC(7)   Other: 0.1ms
[2024-07-21T00:30:29.619+0530][gc,heap     ] GC(7) Eden regions: 48->0(48)
[2024-07-21T00:30:29.619+0530][gc,heap     ] GC(7) Survivor regions: 3->3(7)
[2024-07-21T00:30:29.619+0530][gc,heap     ] GC(7) Old regions: 14->14
[2024-07-21T00:30:29.619+0530][gc,heap     ] GC(7) Archive regions: 2->2
[2024-07-21T00:30:29.619+0530][gc,heap     ] GC(7) Humongous regions: 131->131
[2024-07-21T00:30:29.619+0530][gc,metaspace] GC(7) Metaspace: 38932K(39296K)->38932K(39296K) NonClass: 34464K(34688K)->34464K(34688K) Class: 4467K(4608K)->4467K(4608K)
[2024-07-21T00:30:29.619+0530][gc          ] GC(7) Pause Young (Normal) (G1 Evacuation Pause) 195M->147M(1024M) 0.958ms
[2024-07-21T00:30:29.619+0530][gc,cpu      ] GC(7) User=0.01s Sys=0.00s Real=0.00s
[2024-07-21T00:30:29.687+0530][gc,start    ] GC(8) Pause Young (Normal) (G1 Evacuation Pause)
[2024-07-21T00:30:29.687+0530][gc,task     ] GC(8) Using 13 workers of 13 for evacuation
[2024-07-21T00:30:29.688+0530][gc,phases   ] GC(8)   Pre Evacuate Collection Set: 0.2ms
[2024-07-21T00:30:29.688+0530][gc,phases   ] GC(8)   Merge Heap Roots: 0.1ms
[2024-07-21T00:30:29.688+0530][gc,phases   ] GC(8)   Evacuate Collection Set: 1.3ms
[2024-07-21T00:30:29.688+0530][gc,phases   ] GC(8)   Post Evacuate Collection Set: 0.2ms
[2024-07-21T00:30:29.688+0530][gc,phases   ] GC(8)   Other: 0.1ms
[2024-07-21T00:30:29.688+0530][gc,heap     ] GC(8) Eden regions: 48->0(73)
[2024-07-21T00:30:29.688+0530][gc,heap     ] GC(8) Survivor regions: 3->3(7)
[2024-07-21T00:30:29.688+0530][gc,heap     ] GC(8) Old regions: 14->14
[2024-07-21T00:30:29.688+0530][gc,heap     ] GC(8) Archive regions: 2->2
[2024-07-21T00:30:29.688+0530][gc,heap     ] GC(8) Humongous regions: 131->131
[2024-07-21T00:30:29.688+0530][gc,metaspace] GC(8) Metaspace: 39046K(39360K)->39046K(39360K) NonClass: 34558K(34752K)->34558K(34752K) Class: 4487K(4608K)->4487K(4608K)
[2024-07-21T00:30:29.689+0530][gc          ] GC(8) Pause Young (Normal) (G1 Evacuation Pause) 195M->147M(1024M) 1.934ms
[2024-07-21T00:30:29.689+0530][gc,cpu      ] GC(8) User=0.02s Sys=0.00s Real=0.00s
[2024-07-21T00:30:29.797+0530][gc,start    ] GC(9) Pause Young (Normal) (G1 Evacuation Pause)
[2024-07-21T00:30:29.798+0530][gc,task     ] GC(9) Using 13 workers of 13 for evacuation
[2024-07-21T00:30:29.799+0530][gc,phases   ] GC(9)   Pre Evacuate Collection Set: 0.1ms
[2024-07-21T00:30:29.799+0530][gc,phases   ] GC(9)   Merge Heap Roots: 0.0ms
[2024-07-21T00:30:29.799+0530][gc,phases   ] GC(9)   Evacuate Collection Set: 1.1ms
[2024-07-21T00:30:29.799+0530][gc,phases   ] GC(9)   Post Evacuate Collection Set: 0.2ms
[2024-07-21T00:30:29.799+0530][gc,phases   ] GC(9)   Other: 0.1ms
[2024-07-21T00:30:29.799+0530][gc,heap     ] GC(9) Eden regions: 73->0(383)
[2024-07-21T00:30:29.799+0530][gc,heap     ] GC(9) Survivor regions: 3->3(10)
[2024-07-21T00:30:29.799+0530][gc,heap     ] GC(9) Old regions: 14->14
[2024-07-21T00:30:29.799+0530][gc,heap     ] GC(9) Archive regions: 2->2
[2024-07-21T00:30:29.799+0530][gc,heap     ] GC(9) Humongous regions: 131->131
[2024-07-21T00:30:29.799+0530][gc,metaspace] GC(9) Metaspace: 39168K(39616K)->39168K(39616K) NonClass: 34655K(34880K)->34655K(34880K) Class: 4512K(4736K)->4512K(4736K)
[2024-07-21T00:30:29.799+0530][gc          ] GC(9) Pause Young (Normal) (G1 Evacuation Pause) 220M->148M(1024M) 1.680ms
[2024-07-21T00:30:29.799+0530][gc,cpu      ] GC(9) User=0.02s Sys=0.00s Real=0.00s
[2024-07-21T00:30:59.585+0530][gc,start    ] GC(10) Pause Young (Normal) (G1 Evacuation Pause)
[2024-07-21T00:30:59.585+0530][gc,task     ] GC(10) Using 13 workers of 13 for evacuation
[2024-07-21T00:30:59.586+0530][gc,phases   ] GC(10)   Pre Evacuate Collection Set: 0.1ms
[2024-07-21T00:30:59.586+0530][gc,phases   ] GC(10)   Merge Heap Roots: 0.1ms
[2024-07-21T00:30:59.586+0530][gc,phases   ] GC(10)   Evacuate Collection Set: 0.7ms
[2024-07-21T00:30:59.586+0530][gc,phases   ] GC(10)   Post Evacuate Collection Set: 0.3ms
[2024-07-21T00:30:59.586+0530][gc,phases   ] GC(10)   Other: 0.1ms
[2024-07-21T00:30:59.586+0530][gc,heap     ] GC(10) Eden regions: 383->0(599)
[2024-07-21T00:30:59.586+0530][gc,heap     ] GC(10) Survivor regions: 3->4(49)
[2024-07-21T00:30:59.586+0530][gc,heap     ] GC(10) Old regions: 14->14
[2024-07-21T00:30:59.586+0530][gc,heap     ] GC(10) Archive regions: 2->2
[2024-07-21T00:30:59.586+0530][gc,heap     ] GC(10) Humongous regions: 131->131
[2024-07-21T00:30:59.586+0530][gc,metaspace] GC(10) Metaspace: 40018K(40448K)->40018K(40448K) NonClass: 35407K(35648K)->35407K(35648K) Class: 4611K(4800K)->4611K(4800K)
[2024-07-21T00:30:59.586+0530][gc          ] GC(10) Pause Young (Normal) (G1 Evacuation Pause) 531M->148M(1024M) 1.374ms
[2024-07-21T00:30:59.586+0530][gc,cpu      ] GC(10) User=0.01s Sys=0.00s Real=0.00s
[2024-07-21T00:31:29.742+0530][gc,start    ] GC(11) Pause Young (Normal) (G1 Evacuation Pause)
[2024-07-21T00:31:29.742+0530][gc,task     ] GC(11) Using 13 workers of 13 for evacuation
[2024-07-21T00:31:29.743+0530][gc,phases   ] GC(11)   Pre Evacuate Collection Set: 0.1ms
[2024-07-21T00:31:29.743+0530][gc,phases   ] GC(11)   Merge Heap Roots: 0.1ms
[2024-07-21T00:31:29.743+0530][gc,phases   ] GC(11)   Evacuate Collection Set: 0.7ms
[2024-07-21T00:31:29.743+0530][gc,phases   ] GC(11)   Post Evacuate Collection Set: 0.3ms
[2024-07-21T00:31:29.743+0530][gc,phases   ] GC(11)   Other: 0.1ms
[2024-07-21T00:31:29.743+0530][gc,heap     ] GC(11) Eden regions: 599->0(610)
[2024-07-21T00:31:29.743+0530][gc,heap     ] GC(11) Survivor regions: 4->4(76)
[2024-07-21T00:31:29.743+0530][gc,heap     ] GC(11) Old regions: 14->14
[2024-07-21T00:31:29.743+0530][gc,heap     ] GC(11) Archive regions: 2->2
[2024-07-21T00:31:29.743+0530][gc,heap     ] GC(11) Humongous regions: 131->131
[2024-07-21T00:31:29.743+0530][gc,metaspace] GC(11) Metaspace: 40062K(40512K)->40062K(40512K) NonClass: 35451K(35712K)->35451K(35712K) Class: 4611K(4800K)->4611K(4800K)
[2024-07-21T00:31:29.743+0530][gc          ] GC(11) Pause Young (Normal) (G1 Evacuation Pause) 747M->148M(1024M) 1.458ms
[2024-07-21T00:31:29.743+0530][gc,cpu      ] GC(11) User=0.01s Sys=0.00s Real=0.00s
[2024-07-21T00:32:14.580+0530][gc,start    ] GC(12) Pause Young (Normal) (G1 Evacuation Pause)
[2024-07-21T00:32:14.580+0530][gc,task     ] GC(12) Using 13 workers of 13 for evacuation
[2024-07-21T00:32:14.581+0530][gc,phases   ] GC(12)   Pre Evacuate Collection Set: 0.1ms
[2024-07-21T00:32:14.581+0530][gc,phases   ] GC(12)   Merge Heap Roots: 0.2ms
[2024-07-21T00:32:14.581+0530][gc,phases   ] GC(12)   Evacuate Collection Set: 0.8ms
[2024-07-21T00:32:14.581+0530][gc,phases   ] GC(12)   Post Evacuate Collection Set: 0.3ms
[2024-07-21T00:32:14.581+0530][gc,phases   ] GC(12)   Other: 0.1ms
[2024-07-21T00:32:14.581+0530][gc,heap     ] GC(12) Eden regions: 610->0(610)
[2024-07-21T00:32:14.581+0530][gc,heap     ] GC(12) Survivor regions: 4->4(77)
[2024-07-21T00:32:14.581+0530][gc,heap     ] GC(12) Old regions: 14->14
[2024-07-21T00:32:14.581+0530][gc,heap     ] GC(12) Archive regions: 2->2
[2024-07-21T00:32:14.581+0530][gc,heap     ] GC(12) Humongous regions: 131->131
[2024-07-21T00:32:14.581+0530][gc,metaspace] GC(12) Metaspace: 40190K(40640K)->40190K(40640K) NonClass: 35575K(35840K)->35575K(35840K) Class: 4614K(4800K)->4614K(4800K)
[2024-07-21T00:32:14.581+0530][gc          ] GC(12) Pause Young (Normal) (G1 Evacuation Pause) 758M->148M(1024M) 1.489ms
[2024-07-21T00:32:14.581+0530][gc,cpu      ] GC(12) User=0.01s Sys=0.00s Real=0.00s
[2024-07-21T00:32:59.490+0530][gc,start    ] GC(13) Pause Young (Normal) (G1 Evacuation Pause)
[2024-07-21T00:32:59.490+0530][gc,task     ] GC(13) Using 13 workers of 13 for evacuation
[2024-07-21T00:32:59.491+0530][gc,phases   ] GC(13)   Pre Evacuate Collection Set: 0.1ms
[2024-07-21T00:32:59.491+0530][gc,phases   ] GC(13)   Merge Heap Roots: 0.2ms
[2024-07-21T00:32:59.491+0530][gc,phases   ] GC(13)   Evacuate Collection Set: 0.6ms
[2024-07-21T00:32:59.491+0530][gc,phases   ] GC(13)   Post Evacuate Collection Set: 0.3ms
[2024-07-21T00:32:59.491+0530][gc,phases   ] GC(13)   Other: 0.1ms
[2024-07-21T00:32:59.491+0530][gc,heap     ] GC(13) Eden regions: 610->0(610)
[2024-07-21T00:32:59.491+0530][gc,heap     ] GC(13) Survivor regions: 4->4(77)
[2024-07-21T00:32:59.491+0530][gc,heap     ] GC(13) Old regions: 14->14
[2024-07-21T00:32:59.491+0530][gc,heap     ] GC(13) Archive regions: 2->2
[2024-07-21T00:32:59.491+0530][gc,heap     ] GC(13) Humongous regions: 131->131
[2024-07-21T00:32:59.491+0530][gc,metaspace] GC(13) Metaspace: 40271K(40704K)->40271K(40704K) NonClass: 35653K(35904K)->35653K(35904K) Class: 4617K(4800K)->4617K(4800K)
[2024-07-21T00:32:59.491+0530][gc          ] GC(13) Pause Young (Normal) (G1 Evacuation Pause) 758M->148M(1024M) 1.368ms
[2024-07-21T00:32:59.491+0530][gc,cpu      ] GC(13) User=0.01s Sys=0.00s Real=0.00s
[2024-07-21T00:33:29.636+0530][gc,start    ] GC(14) Pause Young (Normal) (G1 Evacuation Pause)
[2024-07-21T00:33:29.637+0530][gc,task     ] GC(14) Using 13 workers of 13 for evacuation
[2024-07-21T00:33:29.638+0530][gc,phases   ] GC(14)   Pre Evacuate Collection Set: 0.1ms
[2024-07-21T00:33:29.638+0530][gc,phases   ] GC(14)   Merge Heap Roots: 0.2ms
[2024-07-21T00:33:29.638+0530][gc,phases   ] GC(14)   Evacuate Collection Set: 1.1ms
[2024-07-21T00:33:29.638+0530][gc,phases   ] GC(14)   Post Evacuate Collection Set: 0.4ms
[2024-07-21T00:33:29.638+0530][gc,phases   ] GC(14)   Other: 0.1ms
[2024-07-21T00:33:29.638+0530][gc,heap     ] GC(14) Eden regions: 610->0(610)
[2024-07-21T00:33:29.638+0530][gc,heap     ] GC(14) Survivor regions: 4->4(77)
[2024-07-21T00:33:29.638+0530][gc,heap     ] GC(14) Old regions: 14->14
[2024-07-21T00:33:29.638+0530][gc,heap     ] GC(14) Archive regions: 2->2
[2024-07-21T00:33:29.638+0530][gc,heap     ] GC(14) Humongous regions: 131->131
[2024-07-21T00:33:29.638+0530][gc,metaspace] GC(14) Metaspace: 40302K(40704K)->40302K(40704K) NonClass: 35684K(35904K)->35684K(35904K) Class: 4618K(4800K)->4618K(4800K)
[2024-07-21T00:33:29.638+0530][gc          ] GC(14) Pause Young (Normal) (G1 Evacuation Pause) 758M->148M(1024M) 1.929ms
[2024-07-21T00:33:29.638+0530][gc,cpu      ] GC(14) User=0.01s Sys=0.00s Real=0.00s
[2024-07-21T00:34:14.542+0530][gc,start    ] GC(15) Pause Young (Normal) (G1 Evacuation Pause)
[2024-07-21T00:34:14.542+0530][gc,task     ] GC(15) Using 13 workers of 13 for evacuation
[2024-07-21T00:34:14.543+0530][gc,phases   ] GC(15)   Pre Evacuate Collection Set: 0.1ms
[2024-07-21T00:34:14.543+0530][gc,phases   ] GC(15)   Merge Heap Roots: 0.1ms
[2024-07-21T00:34:14.543+0530][gc,phases   ] GC(15)   Evacuate Collection Set: 0.7ms
[2024-07-21T00:34:14.543+0530][gc,phases   ] GC(15)   Post Evacuate Collection Set: 0.3ms
[2024-07-21T00:34:14.543+0530][gc,phases   ] GC(15)   Other: 0.1ms
[2024-07-21T00:34:14.543+0530][gc,heap     ] GC(15) Eden regions: 610->0(610)
[2024-07-21T00:34:14.543+0530][gc,heap     ] GC(15) Survivor regions: 4->4(77)
[2024-07-21T00:34:14.543+0530][gc,heap     ] GC(15) Old regions: 14->14
[2024-07-21T00:34:14.543+0530][gc,heap     ] GC(15) Archive regions: 2->2
[2024-07-21T00:34:14.543+0530][gc,heap     ] GC(15) Humongous regions: 131->131
[2024-07-21T00:34:14.543+0530][gc,metaspace] GC(15) Metaspace: 40429K(40896K)->40429K(40896K) NonClass: 35792K(36032K)->35792K(36032K) Class: 4637K(4864K)->4637K(4864K)
[2024-07-21T00:34:14.543+0530][gc          ] GC(15) Pause Young (Normal) (G1 Evacuation Pause) 758M->148M(1024M) 1.405ms
[2024-07-21T00:34:14.543+0530][gc,cpu      ] GC(15) User=0.01s Sys=0.00s Real=0.00s
[2024-07-21T00:34:44.703+0530][gc,start    ] GC(16) Pause Young (Normal) (G1 Evacuation Pause)
[2024-07-21T00:34:44.703+0530][gc,task     ] GC(16) Using 13 workers of 13 for evacuation
[2024-07-21T00:34:44.704+0530][gc,phases   ] GC(16)   Pre Evacuate Collection Set: 0.1ms
[2024-07-21T00:34:44.704+0530][gc,phases   ] GC(16)   Merge Heap Roots: 0.1ms
[2024-07-21T00:34:44.704+0530][gc,phases   ] GC(16)   Evacuate Collection Set: 0.8ms
[2024-07-21T00:34:44.704+0530][gc,phases   ] GC(16)   Post Evacuate Collection Set: 0.4ms
[2024-07-21T00:34:44.704+0530][gc,phases   ] GC(16)   Other: 0.1ms
[2024-07-21T00:34:44.704+0530][gc,heap     ] GC(16) Eden regions: 610->0(610)
[2024-07-21T00:34:44.704+0530][gc,heap     ] GC(16) Survivor regions: 4->4(77)
[2024-07-21T00:34:44.704+0530][gc,heap     ] GC(16) Old regions: 14->14
[2024-07-21T00:34:44.704+0530][gc,heap     ] GC(16) Archive regions: 2->2
[2024-07-21T00:34:44.704+0530][gc,heap     ] GC(16) Humongous regions: 131->131
[2024-07-21T00:34:44.704+0530][gc,metaspace] GC(16) Metaspace: 40515K(41024K)->40515K(41024K) NonClass: 35868K(36160K)->35868K(36160K) Class: 4647K(4864K)->4647K(4864K)
[2024-07-21T00:34:44.704+0530][gc          ] GC(16) Pause Young (Normal) (G1 Evacuation Pause) 758M->148M(1024M) 1.468ms
[2024-07-21T00:34:44.704+0530][gc,cpu      ] GC(16) User=0.01s Sys=0.01s Real=0.01s
[2024-07-21T00:35:29.592+0530][gc,start    ] GC(17) Pause Young (Normal) (G1 Evacuation Pause)
[2024-07-21T00:35:29.592+0530][gc,task     ] GC(17) Using 13 workers of 13 for evacuation
[2024-07-21T00:35:29.593+0530][gc,phases   ] GC(17)   Pre Evacuate Collection Set: 0.1ms
[2024-07-21T00:35:29.593+0530][gc,phases   ] GC(17)   Merge Heap Roots: 0.2ms
[2024-07-21T00:35:29.593+0530][gc,phases   ] GC(17)   Evacuate Collection Set: 0.7ms
[2024-07-21T00:35:29.593+0530][gc,phases   ] GC(17)   Post Evacuate Collection Set: 0.4ms
[2024-07-21T00:35:29.593+0530][gc,phases   ] GC(17)   Other: 0.1ms
[2024-07-21T00:35:29.593+0530][gc,heap     ] GC(17) Eden regions: 610->0(610)
[2024-07-21T00:35:29.593+0530][gc,heap     ] GC(17) Survivor regions: 4->4(77)
[2024-07-21T00:35:29.593+0530][gc,heap     ] GC(17) Old regions: 14->14
[2024-07-21T00:35:29.593+0530][gc,heap     ] GC(17) Archive regions: 2->2
[2024-07-21T00:35:29.593+0530][gc,heap     ] GC(17) Humongous regions: 131->131
[2024-07-21T00:35:29.593+0530][gc,metaspace] GC(17) Metaspace: 40532K(41024K)->40532K(41024K) NonClass: 35884K(36160K)->35884K(36160K) Class: 4647K(4864K)->4647K(4864K)
[2024-07-21T00:35:29.593+0530][gc          ] GC(17) Pause Young (Normal) (G1 Evacuation Pause) 758M->148M(1024M) 1.476ms
[2024-07-21T00:35:29.593+0530][gc,cpu      ] GC(17) User=0.01s Sys=0.00s Real=0.00s
[2024-07-21T00:36:14.486+0530][gc,start    ] GC(18) Pause Young (Normal) (G1 Evacuation Pause)
[2024-07-21T00:36:14.486+0530][gc,task     ] GC(18) Using 13 workers of 13 for evacuation
[2024-07-21T00:36:14.487+0530][gc,phases   ] GC(18)   Pre Evacuate Collection Set: 0.1ms
[2024-07-21T00:36:14.487+0530][gc,phases   ] GC(18)   Merge Heap Roots: 0.2ms
[2024-07-21T00:36:14.487+0530][gc,phases   ] GC(18)   Evacuate Collection Set: 0.7ms
[2024-07-21T00:36:14.487+0530][gc,phases   ] GC(18)   Post Evacuate Collection Set: 0.3ms
[2024-07-21T00:36:14.487+0530][gc,phases   ] GC(18)   Other: 0.1ms
[2024-07-21T00:36:14.487+0530][gc,heap     ] GC(18) Eden regions: 610->0(610)
[2024-07-21T00:36:14.487+0530][gc,heap     ] GC(18) Survivor regions: 4->4(77)
[2024-07-21T00:36:14.487+0530][gc,heap     ] GC(18) Old regions: 14->14
[2024-07-21T00:36:14.487+0530][gc,heap     ] GC(18) Archive regions: 2->2
[2024-07-21T00:36:14.487+0530][gc,heap     ] GC(18) Humongous regions: 131->131
[2024-07-21T00:36:14.487+0530][gc,metaspace] GC(18) Metaspace: 40554K(41024K)->40554K(41024K) NonClass: 35907K(36160K)->35907K(36160K) Class: 4647K(4864K)->4647K(4864K)
[2024-07-21T00:36:14.487+0530][gc          ] GC(18) Pause Young (Normal) (G1 Evacuation Pause) 758M->148M(1024M) 1.483ms
[2024-07-21T00:36:14.487+0530][gc,cpu      ] GC(18) User=0.01s Sys=0.00s Real=0.00s
[2024-07-21T00:36:44.641+0530][gc,start    ] GC(19) Pause Young (Normal) (G1 Evacuation Pause)
[2024-07-21T00:36:44.641+0530][gc,task     ] GC(19) Using 13 workers of 13 for evacuation
[2024-07-21T00:36:44.643+0530][gc,phases   ] GC(19)   Pre Evacuate Collection Set: 0.1ms
[2024-07-21T00:36:44.643+0530][gc,phases   ] GC(19)   Merge Heap Roots: 0.1ms
[2024-07-21T00:36:44.643+0530][gc,phases   ] GC(19)   Evacuate Collection Set: 0.8ms
[2024-07-21T00:36:44.643+0530][gc,phases   ] GC(19)   Post Evacuate Collection Set: 0.4ms
[2024-07-21T00:36:44.643+0530][gc,phases   ] GC(19)   Other: 0.1ms
[2024-07-21T00:36:44.643+0530][gc,heap     ] GC(19) Eden regions: 610->0(610)
[2024-07-21T00:36:44.643+0530][gc,heap     ] GC(19) Survivor regions: 4->4(77)
[2024-07-21T00:36:44.643+0530][gc,heap     ] GC(19) Old regions: 14->14
[2024-07-21T00:36:44.643+0530][gc,heap     ] GC(19) Archive regions: 2->2
[2024-07-21T00:36:44.643+0530][gc,heap     ] GC(19) Humongous regions: 131->131
[2024-07-21T00:36:44.643+0530][gc,metaspace] GC(19) Metaspace: 40571K(41024K)->40571K(41024K) NonClass: 35923K(36160K)->35923K(36160K) Class: 4647K(4864K)->4647K(4864K)
[2024-07-21T00:36:44.643+0530][gc          ] GC(19) Pause Young (Normal) (G1 Evacuation Pause) 758M->148M(1024M) 1.500ms
[2024-07-21T00:36:44.643+0530][gc,cpu      ] GC(19) User=0.01s Sys=0.00s Real=0.00s
[2024-07-21T00:37:29.553+0530][gc,start    ] GC(20) Pause Young (Normal) (G1 Evacuation Pause)
[2024-07-21T00:37:29.553+0530][gc,task     ] GC(20) Using 13 workers of 13 for evacuation
[2024-07-21T00:37:29.555+0530][gc,phases   ] GC(20)   Pre Evacuate Collection Set: 0.1ms
[2024-07-21T00:37:29.555+0530][gc,phases   ] GC(20)   Merge Heap Roots: 0.2ms
[2024-07-21T00:37:29.555+0530][gc,phases   ] GC(20)   Evacuate Collection Set: 0.7ms
[2024-07-21T00:37:29.555+0530][gc,phases   ] GC(20)   Post Evacuate Collection Set: 0.3ms
[2024-07-21T00:37:29.555+0530][gc,phases   ] GC(20)   Other: 0.1ms
[2024-07-21T00:37:29.555+0530][gc,heap     ] GC(20) Eden regions: 610->0(611)
[2024-07-21T00:37:29.555+0530][gc,heap     ] GC(20) Survivor regions: 4->3(77)
[2024-07-21T00:37:29.555+0530][gc,heap     ] GC(20) Old regions: 14->15
[2024-07-21T00:37:29.555+0530][gc,heap     ] GC(20) Archive regions: 2->2
[2024-07-21T00:37:29.555+0530][gc,heap     ] GC(20) Humongous regions: 131->131
[2024-07-21T00:37:29.555+0530][gc,metaspace] GC(20) Metaspace: 40607K(41024K)->40607K(41024K) NonClass: 35960K(36160K)->35960K(36160K) Class: 4647K(4864K)->4647K(4864K)
[2024-07-21T00:37:29.555+0530][gc          ] GC(20) Pause Young (Normal) (G1 Evacuation Pause) 758M->148M(1024M) 1.549ms
[2024-07-21T00:37:29.555+0530][gc,cpu      ] GC(20) User=0.01s Sys=0.00s Real=0.00s
[2024-07-21T00:37:59.711+0530][gc,start    ] GC(21) Pause Young (Normal) (G1 Evacuation Pause)
[2024-07-21T00:37:59.711+0530][gc,task     ] GC(21) Using 13 workers of 13 for evacuation
[2024-07-21T00:37:59.712+0530][gc,phases   ] GC(21)   Pre Evacuate Collection Set: 0.1ms
[2024-07-21T00:37:59.712+0530][gc,phases   ] GC(21)   Merge Heap Roots: 0.1ms
[2024-07-21T00:37:59.712+0530][gc,phases   ] GC(21)   Evacuate Collection Set: 0.8ms
[2024-07-21T00:37:59.712+0530][gc,phases   ] GC(21)   Post Evacuate Collection Set: 0.4ms
[2024-07-21T00:37:59.712+0530][gc,phases   ] GC(21)   Other: 0.1ms
[2024-07-21T00:37:59.712+0530][gc,heap     ] GC(21) Eden regions: 611->0(612)
[2024-07-21T00:37:59.712+0530][gc,heap     ] GC(21) Survivor regions: 3->2(77)
[2024-07-21T00:37:59.712+0530][gc,heap     ] GC(21) Old regions: 15->16
[2024-07-21T00:37:59.712+0530][gc,heap     ] GC(21) Archive regions: 2->2
[2024-07-21T00:37:59.712+0530][gc,heap     ] GC(21) Humongous regions: 131->131
[2024-07-21T00:37:59.712+0530][gc,metaspace] GC(21) Metaspace: 40614K(41024K)->40614K(41024K) NonClass: 35967K(36160K)->35967K(36160K) Class: 4647K(4864K)->4647K(4864K)
[2024-07-21T00:37:59.712+0530][gc          ] GC(21) Pause Young (Normal) (G1 Evacuation Pause) 759M->148M(1024M) 1.630ms
[2024-07-21T00:37:59.712+0530][gc,cpu      ] GC(21) User=0.02s Sys=0.00s Real=0.00s
[2024-07-21T00:38:44.604+0530][gc,start    ] GC(22) Pause Young (Normal) (G1 Evacuation Pause)
[2024-07-21T00:38:44.604+0530][gc,task     ] GC(22) Using 13 workers of 13 for evacuation
[2024-07-21T00:38:44.605+0530][gc,phases   ] GC(22)   Pre Evacuate Collection Set: 0.1ms
[2024-07-21T00:38:44.605+0530][gc,phases   ] GC(22)   Merge Heap Roots: 0.2ms
[2024-07-21T00:38:44.605+0530][gc,phases   ] GC(22)   Evacuate Collection Set: 0.4ms
[2024-07-21T00:38:44.605+0530][gc,phases   ] GC(22)   Post Evacuate Collection Set: 0.4ms
[2024-07-21T00:38:44.605+0530][gc,phases   ] GC(22)   Other: 0.1ms
[2024-07-21T00:38:44.605+0530][gc,heap     ] GC(22) Eden regions: 612->0(612)
[2024-07-21T00:38:44.605+0530][gc,heap     ] GC(22) Survivor regions: 2->2(77)
[2024-07-21T00:38:44.605+0530][gc,heap     ] GC(22) Old regions: 16->16
[2024-07-21T00:38:44.605+0530][gc,heap     ] GC(22) Archive regions: 2->2
[2024-07-21T00:38:44.605+0530][gc,heap     ] GC(22) Humongous regions: 131->131
[2024-07-21T00:38:44.605+0530][gc,metaspace] GC(22) Metaspace: 40630K(41152K)->40630K(41152K) NonClass: 35983K(36288K)->35983K(36288K) Class: 4647K(4864K)->4647K(4864K)
[2024-07-21T00:38:44.606+0530][gc          ] GC(22) Pause Young (Normal) (G1 Evacuation Pause) 760M->148M(1024M) 1.188ms
[2024-07-21T00:38:44.606+0530][gc,cpu      ] GC(22) User=0.01s Sys=0.00s Real=0.00s
[2024-07-21T00:39:29.510+0530][gc,start    ] GC(23) Pause Young (Normal) (G1 Evacuation Pause)
[2024-07-21T00:39:29.510+0530][gc,task     ] GC(23) Using 13 workers of 13 for evacuation
[2024-07-21T00:39:29.511+0530][gc,phases   ] GC(23)   Pre Evacuate Collection Set: 0.1ms
[2024-07-21T00:39:29.511+0530][gc,phases   ] GC(23)   Merge Heap Roots: 0.1ms
[2024-07-21T00:39:29.511+0530][gc,phases   ] GC(23)   Evacuate Collection Set: 0.6ms
[2024-07-21T00:39:29.511+0530][gc,phases   ] GC(23)   Post Evacuate Collection Set: 0.6ms
[2024-07-21T00:39:29.511+0530][gc,phases   ] GC(23)   Other: 0.1ms
[2024-07-21T00:39:29.511+0530][gc,heap     ] GC(23) Eden regions: 612->0(613)
[2024-07-21T00:39:29.511+0530][gc,heap     ] GC(23) Survivor regions: 2->1(77)
[2024-07-21T00:39:29.511+0530][gc,heap     ] GC(23) Old regions: 16->16
[2024-07-21T00:39:29.511+0530][gc,heap     ] GC(23) Archive regions: 2->2
[2024-07-21T00:39:29.511+0530][gc,heap     ] GC(23) Humongous regions: 131->131
[2024-07-21T00:39:29.511+0530][gc,metaspace] GC(23) Metaspace: 40663K(41152K)->40663K(41152K) NonClass: 36015K(36288K)->36015K(36288K) Class: 4647K(4864K)->4647K(4864K)
[2024-07-21T00:39:29.511+0530][gc          ] GC(23) Pause Young (Normal) (G1 Evacuation Pause) 760M->148M(1024M) 1.637ms
[2024-07-21T00:39:29.511+0530][gc,cpu      ] GC(23) User=0.01s Sys=0.00s Real=0.00s
[2024-07-21T00:39:59.678+0530][gc,start    ] GC(24) Pause Young (Normal) (G1 Evacuation Pause)
[2024-07-21T00:39:59.678+0530][gc,task     ] GC(24) Using 13 workers of 13 for evacuation
[2024-07-21T00:39:59.679+0530][gc,phases   ] GC(24)   Pre Evacuate Collection Set: 0.1ms
[2024-07-21T00:39:59.679+0530][gc,phases   ] GC(24)   Merge Heap Roots: 0.2ms
[2024-07-21T00:39:59.679+0530][gc,phases   ] GC(24)   Evacuate Collection Set: 0.4ms
[2024-07-21T00:39:59.679+0530][gc,phases   ] GC(24)   Post Evacuate Collection Set: 0.3ms
[2024-07-21T00:39:59.679+0530][gc,phases   ] GC(24)   Other: 0.1ms
[2024-07-21T00:39:59.679+0530][gc,heap     ] GC(24) Eden regions: 613->0(613)
[2024-07-21T00:39:59.679+0530][gc,heap     ] GC(24) Survivor regions: 1->1(77)
[2024-07-21T00:39:59.679+0530][gc,heap     ] GC(24) Old regions: 16->17
[2024-07-21T00:39:59.679+0530][gc,heap     ] GC(24) Archive regions: 2->2
[2024-07-21T00:39:59.679+0530][gc,heap     ] GC(24) Humongous regions: 131->131
[2024-07-21T00:39:59.679+0530][gc,metaspace] GC(24) Metaspace: 40673K(41152K)->40673K(41152K) NonClass: 36025K(36288K)->36025K(36288K) Class: 4647K(4864K)->4647K(4864K)
[2024-07-21T00:39:59.679+0530][gc          ] GC(24) Pause Young (Normal) (G1 Evacuation Pause) 761M->148M(1024M) 1.108ms
[2024-07-21T00:39:59.679+0530][gc,cpu      ] GC(24) User=0.00s Sys=0.00s Real=0.00s
[2024-07-21T00:40:44.570+0530][gc,start    ] GC(25) Pause Young (Normal) (G1 Evacuation Pause)
[2024-07-21T00:40:44.570+0530][gc,task     ] GC(25) Using 13 workers of 13 for evacuation
[2024-07-21T00:40:44.571+0530][gc,phases   ] GC(25)   Pre Evacuate Collection Set: 0.1ms
[2024-07-21T00:40:44.571+0530][gc,phases   ] GC(25)   Merge Heap Roots: 0.1ms
[2024-07-21T00:40:44.571+0530][gc,phases   ] GC(25)   Evacuate Collection Set: 0.4ms
[2024-07-21T00:40:44.571+0530][gc,phases   ] GC(25)   Post Evacuate Collection Set: 0.2ms
[2024-07-21T00:40:44.571+0530][gc,phases   ] GC(25)   Other: 0.1ms
[2024-07-21T00:40:44.571+0530][gc,heap     ] GC(25) Eden regions: 613->0(613)
[2024-07-21T00:40:44.571+0530][gc,heap     ] GC(25) Survivor regions: 1->1(77)
[2024-07-21T00:40:44.571+0530][gc,heap     ] GC(25) Old regions: 17->17
[2024-07-21T00:40:44.571+0530][gc,heap     ] GC(25) Archive regions: 2->2
[2024-07-21T00:40:44.571+0530][gc,heap     ] GC(25) Humongous regions: 131->131
[2024-07-21T00:40:44.571+0530][gc,metaspace] GC(25) Metaspace: 40724K(41216K)->40724K(41216K) NonClass: 36065K(36352K)->36065K(36352K) Class: 4659K(4864K)->4659K(4864K)
[2024-07-21T00:40:44.571+0530][gc          ] GC(25) Pause Young (Normal) (G1 Evacuation Pause) 761M->148M(1024M) 0.941ms
[2024-07-21T00:40:44.571+0530][gc,cpu      ] GC(25) User=0.01s Sys=0.00s Real=0.00s
[2024-07-21T00:41:29.481+0530][gc,start    ] GC(26) Pause Young (Normal) (G1 Evacuation Pause)
[2024-07-21T00:41:29.481+0530][gc,task     ] GC(26) Using 13 workers of 13 for evacuation
[2024-07-21T00:41:29.482+0530][gc,phases   ] GC(26)   Pre Evacuate Collection Set: 0.1ms
[2024-07-21T00:41:29.482+0530][gc,phases   ] GC(26)   Merge Heap Roots: 0.2ms
[2024-07-21T00:41:29.482+0530][gc,phases   ] GC(26)   Evacuate Collection Set: 0.4ms
[2024-07-21T00:41:29.482+0530][gc,phases   ] GC(26)   Post Evacuate Collection Set: 0.4ms
[2024-07-21T00:41:29.482+0530][gc,phases   ] GC(26)   Other: 0.1ms
[2024-07-21T00:41:29.482+0530][gc,heap     ] GC(26) Eden regions: 613->0(613)
[2024-07-21T00:41:29.482+0530][gc,heap     ] GC(26) Survivor regions: 1->1(77)
[2024-07-21T00:41:29.482+0530][gc,heap     ] GC(26) Old regions: 17->17
[2024-07-21T00:41:29.482+0530][gc,heap     ] GC(26) Archive regions: 2->2
[2024-07-21T00:41:29.482+0530][gc,heap     ] GC(26) Humongous regions: 131->131
[2024-07-21T00:41:29.482+0530][gc,metaspace] GC(26) Metaspace: 40748K(41216K)->40748K(41216K) NonClass: 36089K(36352K)->36089K(36352K) Class: 4659K(4864K)->4659K(4864K)
[2024-07-21T00:41:29.482+0530][gc          ] GC(26) Pause Young (Normal) (G1 Evacuation Pause) 761M->148M(1024M) 1.305ms
[2024-07-21T00:41:29.482+0530][gc,cpu      ] GC(26) User=0.01s Sys=0.00s Real=0.00s
[2024-07-21T00:41:59.645+0530][gc,start    ] GC(27) Pause Young (Normal) (G1 Evacuation Pause)
[2024-07-21T00:41:59.645+0530][gc,task     ] GC(27) Using 13 workers of 13 for evacuation
[2024-07-21T00:41:59.646+0530][gc,phases   ] GC(27)   Pre Evacuate Collection Set: 0.1ms
[2024-07-21T00:41:59.646+0530][gc,phases   ] GC(27)   Merge Heap Roots: 0.1ms
[2024-07-21T00:41:59.646+0530][gc,phases   ] GC(27)   Evacuate Collection Set: 0.3ms
[2024-07-21T00:41:59.646+0530][gc,phases   ] GC(27)   Post Evacuate Collection Set: 0.3ms
[2024-07-21T00:41:59.646+0530][gc,phases   ] GC(27)   Other: 0.1ms
[2024-07-21T00:41:59.646+0530][gc,heap     ] GC(27) Eden regions: 613->0(613)
[2024-07-21T00:41:59.646+0530][gc,heap     ] GC(27) Survivor regions: 1->1(77)
[2024-07-21T00:41:59.646+0530][gc,heap     ] GC(27) Old regions: 17->17
[2024-07-21T00:41:59.646+0530][gc,heap     ] GC(27) Archive regions: 2->2
[2024-07-21T00:41:59.646+0530][gc,heap     ] GC(27) Humongous regions: 131->131
[2024-07-21T00:41:59.646+0530][gc,metaspace] GC(27) Metaspace: 40752K(41216K)->40752K(41216K) NonClass: 36093K(36352K)->36093K(36352K) Class: 4659K(4864K)->4659K(4864K)
[2024-07-21T00:41:59.646+0530][gc          ] GC(27) Pause Young (Normal) (G1 Evacuation Pause) 761M->148M(1024M) 0.919ms
[2024-07-21T00:41:59.646+0530][gc,cpu      ] GC(27) User=0.00s Sys=0.00s Real=0.00s
[2024-07-21T00:42:44.538+0530][gc,start    ] GC(28) Pause Young (Normal) (G1 Evacuation Pause)
[2024-07-21T00:42:44.538+0530][gc,task     ] GC(28) Using 13 workers of 13 for evacuation
[2024-07-21T00:42:44.539+0530][gc,phases   ] GC(28)   Pre Evacuate Collection Set: 0.1ms
[2024-07-21T00:42:44.539+0530][gc,phases   ] GC(28)   Merge Heap Roots: 0.1ms
[2024-07-21T00:42:44.539+0530][gc,phases   ] GC(28)   Evacuate Collection Set: 0.4ms
[2024-07-21T00:42:44.539+0530][gc,phases   ] GC(28)   Post Evacuate Collection Set: 0.3ms
[2024-07-21T00:42:44.539+0530][gc,phases   ] GC(28)   Other: 0.1ms
[2024-07-21T00:42:44.539+0530][gc,heap     ] GC(28) Eden regions: 613->0(613)
[2024-07-21T00:42:44.539+0530][gc,heap     ] GC(28) Survivor regions: 1->1(77)
[2024-07-21T00:42:44.539+0530][gc,heap     ] GC(28) Old regions: 17->17
[2024-07-21T00:42:44.539+0530][gc,heap     ] GC(28) Archive regions: 2->2
[2024-07-21T00:42:44.539+0530][gc,heap     ] GC(28) Humongous regions: 131->131
[2024-07-21T00:42:44.539+0530][gc,metaspace] GC(28) Metaspace: 40756K(41216K)->40756K(41216K) NonClass: 36097K(36352K)->36097K(36352K) Class: 4659K(4864K)->4659K(4864K)
[2024-07-21T00:42:44.539+0530][gc          ] GC(28) Pause Young (Normal) (G1 Evacuation Pause) 761M->148M(1024M) 1.010ms
[2024-07-21T00:42:44.539+0530][gc,cpu      ] GC(28) User=0.01s Sys=0.00s Real=0.00s
[2024-07-21T00:43:14.687+0530][gc,start    ] GC(29) Pause Young (Normal) (G1 Evacuation Pause)
[2024-07-21T00:43:14.687+0530][gc,task     ] GC(29) Using 13 workers of 13 for evacuation
[2024-07-21T00:43:14.688+0530][gc,phases   ] GC(29)   Pre Evacuate Collection Set: 0.1ms
[2024-07-21T00:43:14.688+0530][gc,phases   ] GC(29)   Merge Heap Roots: 0.1ms
[2024-07-21T00:43:14.688+0530][gc,phases   ] GC(29)   Evacuate Collection Set: 0.3ms
[2024-07-21T00:43:14.688+0530][gc,phases   ] GC(29)   Post Evacuate Collection Set: 0.5ms
[2024-07-21T00:43:14.688+0530][gc,phases   ] GC(29)   Other: 0.1ms
[2024-07-21T00:43:14.688+0530][gc,heap     ] GC(29) Eden regions: 613->0(613)
[2024-07-21T00:43:14.688+0530][gc,heap     ] GC(29) Survivor regions: 1->1(77)
[2024-07-21T00:43:14.688+0530][gc,heap     ] GC(29) Old regions: 17->17
[2024-07-21T00:43:14.688+0530][gc,heap     ] GC(29) Archive regions: 2->2
[2024-07-21T00:43:14.688+0530][gc,heap     ] GC(29) Humongous regions: 131->131
[2024-07-21T00:43:14.688+0530][gc,metaspace] GC(29) Metaspace: 40774K(41216K)->40774K(41216K) NonClass: 36115K(36352K)->36115K(36352K) Class: 4659K(4864K)->4659K(4864K)
[2024-07-21T00:43:14.688+0530][gc          ] GC(29) Pause Young (Normal) (G1 Evacuation Pause) 761M->148M(1024M) 1.002ms
[2024-07-21T00:43:14.688+0530][gc,cpu      ] GC(29) User=0.01s Sys=0.00s Real=0.00s
[2024-07-21T00:43:59.599+0530][gc,start    ] GC(30) Pause Young (Normal) (G1 Evacuation Pause)
[2024-07-21T00:43:59.599+0530][gc,task     ] GC(30) Using 13 workers of 13 for evacuation
[2024-07-21T00:43:59.599+0530][gc,phases   ] GC(30)   Pre Evacuate Collection Set: 0.1ms
[2024-07-21T00:43:59.600+0530][gc,phases   ] GC(30)   Merge Heap Roots: 0.1ms
[2024-07-21T00:43:59.600+0530][gc,phases   ] GC(30)   Evacuate Collection Set: 0.3ms
[2024-07-21T00:43:59.600+0530][gc,phases   ] GC(30)   Post Evacuate Collection Set: 0.3ms
[2024-07-21T00:43:59.600+0530][gc,phases   ] GC(30)   Other: 0.1ms
[2024-07-21T00:43:59.600+0530][gc,heap     ] GC(30) Eden regions: 613->0(613)
[2024-07-21T00:43:59.600+0530][gc,heap     ] GC(30) Survivor regions: 1->1(77)
[2024-07-21T00:43:59.600+0530][gc,heap     ] GC(30) Old regions: 17->17
[2024-07-21T00:43:59.600+0530][gc,heap     ] GC(30) Archive regions: 2->2
[2024-07-21T00:43:59.600+0530][gc,heap     ] GC(30) Humongous regions: 131->131
[2024-07-21T00:43:59.600+0530][gc,metaspace] GC(30) Metaspace: 40791K(41216K)->40791K(41216K) NonClass: 36132K(36352K)->36132K(36352K) Class: 4659K(4864K)->4659K(4864K)
[2024-07-21T00:43:59.600+0530][gc          ] GC(30) Pause Young (Normal) (G1 Evacuation Pause) 761M->148M(1024M) 0.866ms
[2024-07-21T00:43:59.600+0530][gc,cpu      ] GC(30) User=0.01s Sys=0.00s Real=0.00s
[2024-07-21T00:44:44.525+0530][gc,start    ] GC(31) Pause Young (Normal) (G1 Evacuation Pause)
[2024-07-21T00:44:44.525+0530][gc,task     ] GC(31) Using 13 workers of 13 for evacuation
[2024-07-21T00:44:44.526+0530][gc,phases   ] GC(31)   Pre Evacuate Collection Set: 0.1ms
[2024-07-21T00:44:44.526+0530][gc,phases   ] GC(31)   Merge Heap Roots: 0.1ms
[2024-07-21T00:44:44.526+0530][gc,phases   ] GC(31)   Evacuate Collection Set: 0.3ms
[2024-07-21T00:44:44.526+0530][gc,phases   ] GC(31)   Post Evacuate Collection Set: 0.3ms
[2024-07-21T00:44:44.526+0530][gc,phases   ] GC(31)   Other: 0.1ms
[2024-07-21T00:44:44.526+0530][gc,heap     ] GC(31) Eden regions: 613->0(613)
[2024-07-21T00:44:44.526+0530][gc,heap     ] GC(31) Survivor regions: 1->1(77)
[2024-07-21T00:44:44.526+0530][gc,heap     ] GC(31) Old regions: 17->17
[2024-07-21T00:44:44.526+0530][gc,heap     ] GC(31) Archive regions: 2->2
[2024-07-21T00:44:44.526+0530][gc,heap     ] GC(31) Humongous regions: 131->131
[2024-07-21T00:44:44.526+0530][gc,metaspace] GC(31) Metaspace: 40800K(41280K)->40800K(41280K) NonClass: 36141K(36416K)->36141K(36416K) Class: 4659K(4864K)->4659K(4864K)
[2024-07-21T00:44:44.526+0530][gc          ] GC(31) Pause Young (Normal) (G1 Evacuation Pause) 761M->148M(1024M) 0.974ms
[2024-07-21T00:44:44.526+0530][gc,cpu      ] GC(31) User=0.00s Sys=0.00s Real=0.00s
[2024-07-21T00:45:14.685+0530][gc,start    ] GC(32) Pause Young (Normal) (G1 Evacuation Pause)
[2024-07-21T00:45:14.685+0530][gc,task     ] GC(32) Using 13 workers of 13 for evacuation
[2024-07-21T00:45:14.686+0530][gc,phases   ] GC(32)   Pre Evacuate Collection Set: 0.1ms
[2024-07-21T00:45:14.686+0530][gc,phases   ] GC(32)   Merge Heap Roots: 0.1ms
[2024-07-21T00:45:14.686+0530][gc,phases   ] GC(32)   Evacuate Collection Set: 0.2ms
[2024-07-21T00:45:14.686+0530][gc,phases   ] GC(32)   Post Evacuate Collection Set: 0.3ms
[2024-07-21T00:45:14.686+0530][gc,phases   ] GC(32)   Other: 0.1ms
[2024-07-21T00:45:14.686+0530][gc,heap     ] GC(32) Eden regions: 613->0(613)
[2024-07-21T00:45:14.686+0530][gc,heap     ] GC(32) Survivor regions: 1->1(77)
[2024-07-21T00:45:14.686+0530][gc,heap     ] GC(32) Old regions: 17->17
[2024-07-21T00:45:14.686+0530][gc,heap     ] GC(32) Archive regions: 2->2
[2024-07-21T00:45:14.686+0530][gc,heap     ] GC(32) Humongous regions: 131->131
[2024-07-21T00:45:14.686+0530][gc,metaspace] GC(32) Metaspace: 40806K(41280K)->40806K(41280K) NonClass: 36147K(36416K)->36147K(36416K) Class: 4659K(4864K)->4659K(4864K)
[2024-07-21T00:45:14.686+0530][gc          ] GC(32) Pause Young (Normal) (G1 Evacuation Pause) 761M->149M(1024M) 0.815ms
[2024-07-21T00:45:14.686+0530][gc,cpu      ] GC(32) User=0.01s Sys=0.00s Real=0.00s
[2024-07-21T00:45:59.571+0530][gc,start    ] GC(33) Pause Young (Normal) (G1 Evacuation Pause)
[2024-07-21T00:45:59.571+0530][gc,task     ] GC(33) Using 13 workers of 13 for evacuation
[2024-07-21T00:45:59.572+0530][gc,phases   ] GC(33)   Pre Evacuate Collection Set: 0.1ms
[2024-07-21T00:45:59.572+0530][gc,phases   ] GC(33)   Merge Heap Roots: 0.1ms
[2024-07-21T00:45:59.572+0530][gc,phases   ] GC(33)   Evacuate Collection Set: 0.2ms
[2024-07-21T00:45:59.572+0530][gc,phases   ] GC(33)   Post Evacuate Collection Set: 0.3ms
[2024-07-21T00:45:59.572+0530][gc,phases   ] GC(33)   Other: 0.1ms
[2024-07-21T00:45:59.572+0530][gc,heap     ] GC(33) Eden regions: 613->0(613)
[2024-07-21T00:45:59.572+0530][gc,heap     ] GC(33) Survivor regions: 1->1(77)
[2024-07-21T00:45:59.572+0530][gc,heap     ] GC(33) Old regions: 17->17
[2024-07-21T00:45:59.572+0530][gc,heap     ] GC(33) Archive regions: 2->2
[2024-07-21T00:45:59.572+0530][gc,heap     ] GC(33) Humongous regions: 131->131
[2024-07-21T00:45:59.572+0530][gc,metaspace] GC(33) Metaspace: 40812K(41280K)->40812K(41280K) NonClass: 36153K(36416K)->36153K(36416K) Class: 4659K(4864K)->4659K(4864K)
[2024-07-21T00:45:59.572+0530][gc          ] GC(33) Pause Young (Normal) (G1 Evacuation Pause) 762M->148M(1024M) 0.898ms
[2024-07-21T00:45:59.572+0530][gc,cpu      ] GC(33) User=0.00s Sys=0.00s Real=0.00s
[2024-07-21T00:46:44.490+0530][gc,start    ] GC(34) Pause Young (Normal) (G1 Evacuation Pause)
[2024-07-21T00:46:44.490+0530][gc,task     ] GC(34) Using 13 workers of 13 for evacuation
[2024-07-21T00:46:44.491+0530][gc,phases   ] GC(34)   Pre Evacuate Collection Set: 0.1ms
[2024-07-21T00:46:44.491+0530][gc,phases   ] GC(34)   Merge Heap Roots: 0.2ms
[2024-07-21T00:46:44.491+0530][gc,phases   ] GC(34)   Evacuate Collection Set: 0.3ms
[2024-07-21T00:46:44.491+0530][gc,phases   ] GC(34)   Post Evacuate Collection Set: 0.3ms
[2024-07-21T00:46:44.491+0530][gc,phases   ] GC(34)   Other: 0.1ms
[2024-07-21T00:46:44.491+0530][gc,heap     ] GC(34) Eden regions: 613->0(613)
[2024-07-21T00:46:44.491+0530][gc,heap     ] GC(34) Survivor regions: 1->1(77)
[2024-07-21T00:46:44.491+0530][gc,heap     ] GC(34) Old regions: 17->17
[2024-07-21T00:46:44.491+0530][gc,heap     ] GC(34) Archive regions: 2->2
[2024-07-21T00:46:44.491+0530][gc,heap     ] GC(34) Humongous regions: 131->131
[2024-07-21T00:46:44.491+0530][gc,metaspace] GC(34) Metaspace: 40838K(41280K)->40838K(41280K) NonClass: 36179K(36416K)->36179K(36416K) Class: 4659K(4864K)->4659K(4864K)
[2024-07-21T00:46:44.491+0530][gc          ] GC(34) Pause Young (Normal) (G1 Evacuation Pause) 761M->148M(1024M) 0.988ms
[2024-07-21T00:46:44.491+0530][gc,cpu      ] GC(34) User=0.00s Sys=0.01s Real=0.00s
[2024-07-21T00:47:14.641+0530][gc,start    ] GC(35) Pause Young (Normal) (G1 Evacuation Pause)
[2024-07-21T00:47:14.641+0530][gc,task     ] GC(35) Using 13 workers of 13 for evacuation
[2024-07-21T00:47:14.642+0530][gc,phases   ] GC(35)   Pre Evacuate Collection Set: 0.1ms
[2024-07-21T00:47:14.642+0530][gc,phases   ] GC(35)   Merge Heap Roots: 0.2ms
[2024-07-21T00:47:14.642+0530][gc,phases   ] GC(35)   Evacuate Collection Set: 0.3ms
[2024-07-21T00:47:14.642+0530][gc,phases   ] GC(35)   Post Evacuate Collection Set: 0.3ms
[2024-07-21T00:47:14.642+0530][gc,phases   ] GC(35)   Other: 0.1ms
[2024-07-21T00:47:14.642+0530][gc,heap     ] GC(35) Eden regions: 613->0(613)
[2024-07-21T00:47:14.642+0530][gc,heap     ] GC(35) Survivor regions: 1->1(77)
[2024-07-21T00:47:14.642+0530][gc,heap     ] GC(35) Old regions: 17->17
[2024-07-21T00:47:14.642+0530][gc,heap     ] GC(35) Archive regions: 2->2
[2024-07-21T00:47:14.642+0530][gc,heap     ] GC(35) Humongous regions: 131->131
[2024-07-21T00:47:14.642+0530][gc,metaspace] GC(35) Metaspace: 40840K(41280K)->40840K(41280K) NonClass: 36181K(36416K)->36181K(36416K) Class: 4659K(4864K)->4659K(4864K)
[2024-07-21T00:47:14.642+0530][gc          ] GC(35) Pause Young (Normal) (G1 Evacuation Pause) 761M->149M(1024M) 0.904ms
[2024-07-21T00:47:14.642+0530][gc,cpu      ] GC(35) User=0.01s Sys=0.00s Real=0.00s
[2024-07-21T00:47:59.546+0530][gc,start    ] GC(36) Pause Young (Normal) (G1 Evacuation Pause)
[2024-07-21T00:47:59.546+0530][gc,task     ] GC(36) Using 13 workers of 13 for evacuation
[2024-07-21T00:47:59.547+0530][gc,phases   ] GC(36)   Pre Evacuate Collection Set: 0.1ms
[2024-07-21T00:47:59.547+0530][gc,phases   ] GC(36)   Merge Heap Roots: 0.2ms
[2024-07-21T00:47:59.547+0530][gc,phases   ] GC(36)   Evacuate Collection Set: 0.2ms
[2024-07-21T00:47:59.547+0530][gc,phases   ] GC(36)   Post Evacuate Collection Set: 0.3ms
[2024-07-21T00:47:59.547+0530][gc,phases   ] GC(36)   Other: 0.1ms
[2024-07-21T00:47:59.547+0530][gc,heap     ] GC(36) Eden regions: 613->0(613)
[2024-07-21T00:47:59.547+0530][gc,heap     ] GC(36) Survivor regions: 1->1(77)
[2024-07-21T00:47:59.547+0530][gc,heap     ] GC(36) Old regions: 17->17
[2024-07-21T00:47:59.547+0530][gc,heap     ] GC(36) Archive regions: 2->2
[2024-07-21T00:47:59.547+0530][gc,heap     ] GC(36) Humongous regions: 131->131
[2024-07-21T00:47:59.547+0530][gc,metaspace] GC(36) Metaspace: 40844K(41344K)->40844K(41344K) NonClass: 36185K(36480K)->36185K(36480K) Class: 4659K(4864K)->4659K(4864K)
[2024-07-21T00:47:59.547+0530][gc          ] GC(36) Pause Young (Normal) (G1 Evacuation Pause) 762M->148M(1024M) 0.928ms
[2024-07-21T00:47:59.547+0530][gc,cpu      ] GC(36) User=0.00s Sys=0.00s Real=0.00s
[2024-07-21T00:48:44.449+0530][gc,start    ] GC(37) Pause Young (Normal) (G1 Evacuation Pause)
[2024-07-21T00:48:44.449+0530][gc,task     ] GC(37) Using 13 workers of 13 for evacuation
[2024-07-21T00:48:44.450+0530][gc,phases   ] GC(37)   Pre Evacuate Collection Set: 0.1ms
[2024-07-21T00:48:44.450+0530][gc,phases   ] GC(37)   Merge Heap Roots: 0.1ms
[2024-07-21T00:48:44.450+0530][gc,phases   ] GC(37)   Evacuate Collection Set: 0.2ms
[2024-07-21T00:48:44.450+0530][gc,phases   ] GC(37)   Post Evacuate Collection Set: 0.3ms
[2024-07-21T00:48:44.450+0530][gc,phases   ] GC(37)   Other: 0.1ms
[2024-07-21T00:48:44.450+0530][gc,heap     ] GC(37) Eden regions: 613->0(613)
[2024-07-21T00:48:44.450+0530][gc,heap     ] GC(37) Survivor regions: 1->1(77)
[2024-07-21T00:48:44.450+0530][gc,heap     ] GC(37) Old regions: 17->17
[2024-07-21T00:48:44.450+0530][gc,heap     ] GC(37) Archive regions: 2->2
[2024-07-21T00:48:44.450+0530][gc,heap     ] GC(37) Humongous regions: 131->131
[2024-07-21T00:48:44.450+0530][gc,metaspace] GC(37) Metaspace: 40891K(41408K)->40891K(41408K) NonClass: 36232K(36544K)->36232K(36544K) Class: 4659K(4864K)->4659K(4864K)
[2024-07-21T00:48:44.450+0530][gc          ] GC(37) Pause Young (Normal) (G1 Evacuation Pause) 761M->148M(1024M) 0.791ms
[2024-07-21T00:48:44.450+0530][gc,cpu      ] GC(37) User=0.01s Sys=0.00s Real=0.00s
[2024-07-21T00:49:14.605+0530][gc,start    ] GC(38) Pause Young (Normal) (G1 Evacuation Pause)
[2024-07-21T00:49:14.605+0530][gc,task     ] GC(38) Using 13 workers of 13 for evacuation
[2024-07-21T00:49:14.606+0530][gc,phases   ] GC(38)   Pre Evacuate Collection Set: 0.1ms
[2024-07-21T00:49:14.606+0530][gc,phases   ] GC(38)   Merge Heap Roots: 0.2ms
[2024-07-21T00:49:14.606+0530][gc,phases   ] GC(38)   Evacuate Collection Set: 0.3ms
[2024-07-21T00:49:14.606+0530][gc,phases   ] GC(38)   Post Evacuate Collection Set: 0.4ms
[2024-07-21T00:49:14.606+0530][gc,phases   ] GC(38)   Other: 0.1ms
[2024-07-21T00:49:14.606+0530][gc,heap     ] GC(38) Eden regions: 613->0(613)
[2024-07-21T00:49:14.606+0530][gc,heap     ] GC(38) Survivor regions: 1->1(77)
[2024-07-21T00:49:14.606+0530][gc,heap     ] GC(38) Old regions: 17->17
[2024-07-21T00:49:14.606+0530][gc,heap     ] GC(38) Archive regions: 2->2
[2024-07-21T00:49:14.606+0530][gc,heap     ] GC(38) Humongous regions: 131->131
[2024-07-21T00:49:14.606+0530][gc,metaspace] GC(38) Metaspace: 40897K(41408K)->40897K(41408K) NonClass: 36238K(36544K)->36238K(36544K) Class: 4659K(4864K)->4659K(4864K)
[2024-07-21T00:49:14.606+0530][gc          ] GC(38) Pause Young (Normal) (G1 Evacuation Pause) 761M->149M(1024M) 1.086ms
[2024-07-21T00:49:14.606+0530][gc,cpu      ] GC(38) User=0.00s Sys=0.00s Real=0.00s
[2024-07-21T00:49:59.522+0530][gc,start    ] GC(39) Pause Young (Normal) (G1 Evacuation Pause)
[2024-07-21T00:49:59.522+0530][gc,task     ] GC(39) Using 13 workers of 13 for evacuation
[2024-07-21T00:49:59.523+0530][gc,phases   ] GC(39)   Pre Evacuate Collection Set: 0.1ms
[2024-07-21T00:49:59.523+0530][gc,phases   ] GC(39)   Merge Heap Roots: 0.1ms
[2024-07-21T00:49:59.523+0530][gc,phases   ] GC(39)   Evacuate Collection Set: 0.2ms
[2024-07-21T00:49:59.523+0530][gc,phases   ] GC(39)   Post Evacuate Collection Set: 0.3ms
[2024-07-21T00:49:59.523+0530][gc,phases   ] GC(39)   Other: 0.1ms
[2024-07-21T00:49:59.523+0530][gc,heap     ] GC(39) Eden regions: 613->0(613)
[2024-07-21T00:49:59.523+0530][gc,heap     ] GC(39) Survivor regions: 1->1(77)
[2024-07-21T00:49:59.523+0530][gc,heap     ] GC(39) Old regions: 17->17
[2024-07-21T00:49:59.523+0530][gc,heap     ] GC(39) Archive regions: 2->2
[2024-07-21T00:49:59.523+0530][gc,heap     ] GC(39) Humongous regions: 131->131
[2024-07-21T00:49:59.523+0530][gc,metaspace] GC(39) Metaspace: 40917K(41408K)->40917K(41408K) NonClass: 36258K(36544K)->36258K(36544K) Class: 4659K(4864K)->4659K(4864K)
[2024-07-21T00:49:59.523+0530][gc          ] GC(39) Pause Young (Normal) (G1 Evacuation Pause) 762M->148M(1024M) 0.871ms
[2024-07-21T00:49:59.523+0530][gc,cpu      ] GC(39) User=0.00s Sys=0.00s Real=0.00s
[2024-07-21T00:50:29.685+0530][gc,start    ] GC(40) Pause Young (Normal) (G1 Evacuation Pause)
[2024-07-21T00:50:29.686+0530][gc,task     ] GC(40) Using 13 workers of 13 for evacuation
[2024-07-21T00:50:29.686+0530][gc,phases   ] GC(40)   Pre Evacuate Collection Set: 0.1ms
[2024-07-21T00:50:29.686+0530][gc,phases   ] GC(40)   Merge Heap Roots: 0.1ms
[2024-07-21T00:50:29.686+0530][gc,phases   ] GC(40)   Evacuate Collection Set: 0.3ms
[2024-07-21T00:50:29.686+0530][gc,phases   ] GC(40)   Post Evacuate Collection Set: 0.2ms
[2024-07-21T00:50:29.686+0530][gc,phases   ] GC(40)   Other: 0.1ms
[2024-07-21T00:50:29.686+0530][gc,heap     ] GC(40) Eden regions: 613->0(613)
[2024-07-21T00:50:29.686+0530][gc,heap     ] GC(40) Survivor regions: 1->1(77)
[2024-07-21T00:50:29.686+0530][gc,heap     ] GC(40) Old regions: 17->17
[2024-07-21T00:50:29.686+0530][gc,heap     ] GC(40) Archive regions: 2->2
[2024-07-21T00:50:29.686+0530][gc,heap     ] GC(40) Humongous regions: 131->131
[2024-07-21T00:50:29.686+0530][gc,metaspace] GC(40) Metaspace: 40921K(41408K)->40921K(41408K) NonClass: 36262K(36544K)->36262K(36544K) Class: 4659K(4864K)->4659K(4864K)
[2024-07-21T00:50:29.686+0530][gc          ] GC(40) Pause Young (Normal) (G1 Evacuation Pause) 761M->149M(1024M) 0.856ms
[2024-07-21T00:50:29.686+0530][gc,cpu      ] GC(40) User=0.01s Sys=0.00s Real=0.00s
[2024-07-21T00:51:14.582+0530][gc,start    ] GC(41) Pause Young (Normal) (G1 Evacuation Pause)
[2024-07-21T00:51:14.582+0530][gc,task     ] GC(41) Using 13 workers of 13 for evacuation
[2024-07-21T00:51:14.582+0530][gc,phases   ] GC(41)   Pre Evacuate Collection Set: 0.1ms
[2024-07-21T00:51:14.582+0530][gc,phases   ] GC(41)   Merge Heap Roots: 0.1ms
[2024-07-21T00:51:14.582+0530][gc,phases   ] GC(41)   Evacuate Collection Set: 0.2ms
[2024-07-21T00:51:14.582+0530][gc,phases   ] GC(41)   Post Evacuate Collection Set: 0.3ms
[2024-07-21T00:51:14.582+0530][gc,phases   ] GC(41)   Other: 0.1ms
[2024-07-21T00:51:14.582+0530][gc,heap     ] GC(41) Eden regions: 613->0(613)
[2024-07-21T00:51:14.582+0530][gc,heap     ] GC(41) Survivor regions: 1->1(77)
[2024-07-21T00:51:14.582+0530][gc,heap     ] GC(41) Old regions: 17->17
[2024-07-21T00:51:14.582+0530][gc,heap     ] GC(41) Archive regions: 2->2
[2024-07-21T00:51:14.582+0530][gc,heap     ] GC(41) Humongous regions: 131->131
[2024-07-21T00:51:14.582+0530][gc,metaspace] GC(41) Metaspace: 40926K(41408K)->40926K(41408K) NonClass: 36267K(36544K)->36267K(36544K) Class: 4659K(4864K)->4659K(4864K)
[2024-07-21T00:51:14.582+0530][gc          ] GC(41) Pause Young (Normal) (G1 Evacuation Pause) 762M->149M(1024M) 0.813ms
[2024-07-21T00:51:14.582+0530][gc,cpu      ] GC(41) User=0.01s Sys=0.00s Real=0.00s
[2024-07-21T00:51:59.501+0530][gc,start    ] GC(42) Pause Young (Normal) (G1 Evacuation Pause)
[2024-07-21T00:51:59.501+0530][gc,task     ] GC(42) Using 13 workers of 13 for evacuation
[2024-07-21T00:51:59.502+0530][gc,phases   ] GC(42)   Pre Evacuate Collection Set: 0.1ms
[2024-07-21T00:51:59.502+0530][gc,phases   ] GC(42)   Merge Heap Roots: 0.2ms
[2024-07-21T00:51:59.502+0530][gc,phases   ] GC(42)   Evacuate Collection Set: 0.2ms
[2024-07-21T00:51:59.502+0530][gc,phases   ] GC(42)   Post Evacuate Collection Set: 0.4ms
[2024-07-21T00:51:59.502+0530][gc,phases   ] GC(42)   Other: 0.1ms
[2024-07-21T00:51:59.502+0530][gc,heap     ] GC(42) Eden regions: 613->0(613)
[2024-07-21T00:51:59.502+0530][gc,heap     ] GC(42) Survivor regions: 1->1(77)
[2024-07-21T00:51:59.502+0530][gc,heap     ] GC(42) Old regions: 17->17
[2024-07-21T00:51:59.502+0530][gc,heap     ] GC(42) Archive regions: 2->2
[2024-07-21T00:51:59.502+0530][gc,heap     ] GC(42) Humongous regions: 131->131
[2024-07-21T00:51:59.502+0530][gc,metaspace] GC(42) Metaspace: 40996K(41472K)->40996K(41472K) NonClass: 36337K(36608K)->36337K(36608K) Class: 4659K(4864K)->4659K(4864K)
[2024-07-21T00:51:59.502+0530][gc          ] GC(42) Pause Young (Normal) (G1 Evacuation Pause) 762M->148M(1024M) 0.989ms
[2024-07-21T00:51:59.502+0530][gc,cpu      ] GC(42) User=0.01s Sys=0.00s Real=0.00s
[2024-07-21T00:52:29.645+0530][gc,start    ] GC(43) Pause Young (Normal) (G1 Evacuation Pause)
[2024-07-21T00:52:29.645+0530][gc,task     ] GC(43) Using 13 workers of 13 for evacuation
[2024-07-21T00:52:29.646+0530][gc,phases   ] GC(43)   Pre Evacuate Collection Set: 0.1ms
[2024-07-21T00:52:29.646+0530][gc,phases   ] GC(43)   Merge Heap Roots: 0.2ms
[2024-07-21T00:52:29.646+0530][gc,phases   ] GC(43)   Evacuate Collection Set: 0.3ms
[2024-07-21T00:52:29.646+0530][gc,phases   ] GC(43)   Post Evacuate Collection Set: 0.5ms
[2024-07-21T00:52:29.646+0530][gc,phases   ] GC(43)   Other: 0.1ms
[2024-07-21T00:52:29.646+0530][gc,heap     ] GC(43) Eden regions: 613->0(613)
[2024-07-21T00:52:29.646+0530][gc,heap     ] GC(43) Survivor regions: 1->1(77)
[2024-07-21T00:52:29.646+0530][gc,heap     ] GC(43) Old regions: 17->17
[2024-07-21T00:52:29.646+0530][gc,heap     ] GC(43) Archive regions: 2->2
[2024-07-21T00:52:29.646+0530][gc,heap     ] GC(43) Humongous regions: 131->131
[2024-07-21T00:52:29.646+0530][gc,metaspace] GC(43) Metaspace: 41007K(41472K)->41007K(41472K) NonClass: 36348K(36608K)->36348K(36608K) Class: 4659K(4864K)->4659K(4864K)
[2024-07-21T00:52:29.646+0530][gc          ] GC(43) Pause Young (Normal) (G1 Evacuation Pause) 761M->149M(1024M) 1.193ms
[2024-07-21T00:52:29.646+0530][gc,cpu      ] GC(43) User=0.00s Sys=0.00s Real=0.00s
[2024-07-21T00:53:14.503+0530][gc,start    ] GC(44) Pause Young (Normal) (G1 Evacuation Pause)
[2024-07-21T00:53:14.503+0530][gc,task     ] GC(44) Using 13 workers of 13 for evacuation
[2024-07-21T00:53:14.504+0530][gc,phases   ] GC(44)   Pre Evacuate Collection Set: 0.1ms
[2024-07-21T00:53:14.504+0530][gc,phases   ] GC(44)   Merge Heap Roots: 0.1ms
[2024-07-21T00:53:14.504+0530][gc,phases   ] GC(44)   Evacuate Collection Set: 0.5ms
[2024-07-21T00:53:14.504+0530][gc,phases   ] GC(44)   Post Evacuate Collection Set: 0.3ms
[2024-07-21T00:53:14.504+0530][gc,phases   ] GC(44)   Other: 0.1ms
[2024-07-21T00:53:14.504+0530][gc,heap     ] GC(44) Eden regions: 613->0(612)
[2024-07-21T00:53:14.504+0530][gc,heap     ] GC(44) Survivor regions: 1->2(77)
[2024-07-21T00:53:14.504+0530][gc,heap     ] GC(44) Old regions: 17->17
[2024-07-21T00:53:14.504+0530][gc,heap     ] GC(44) Archive regions: 2->2
[2024-07-21T00:53:14.504+0530][gc,heap     ] GC(44) Humongous regions: 131->131
[2024-07-21T00:53:14.504+0530][gc,metaspace] GC(44) Metaspace: 42856K(43392K)->42856K(43392K) NonClass: 38053K(38336K)->38053K(38336K) Class: 4803K(5056K)->4803K(5056K)
[2024-07-21T00:53:14.504+0530][gc          ] GC(44) Pause Young (Normal) (G1 Evacuation Pause) 762M->149M(1024M) 1.043ms
[2024-07-21T00:53:14.504+0530][gc,cpu      ] GC(44) User=0.00s Sys=0.01s Real=0.01s
[2024-07-21T00:53:29.695+0530][gc,start    ] GC(45) Pause Young (Normal) (G1 Evacuation Pause)
[2024-07-21T00:53:29.695+0530][gc,task     ] GC(45) Using 13 workers of 13 for evacuation
[2024-07-21T00:53:29.696+0530][gc,phases   ] GC(45)   Pre Evacuate Collection Set: 0.1ms
[2024-07-21T00:53:29.696+0530][gc,phases   ] GC(45)   Merge Heap Roots: 0.1ms
[2024-07-21T00:53:29.696+0530][gc,phases   ] GC(45)   Evacuate Collection Set: 0.7ms
[2024-07-21T00:53:29.696+0530][gc,phases   ] GC(45)   Post Evacuate Collection Set: 0.3ms
[2024-07-21T00:53:29.696+0530][gc,phases   ] GC(45)   Other: 0.1ms
[2024-07-21T00:53:29.696+0530][gc,heap     ] GC(45) Eden regions: 612->0(612)
[2024-07-21T00:53:29.696+0530][gc,heap     ] GC(45) Survivor regions: 2->2(77)
[2024-07-21T00:53:29.696+0530][gc,heap     ] GC(45) Old regions: 17->17
[2024-07-21T00:53:29.696+0530][gc,heap     ] GC(45) Archive regions: 2->2
[2024-07-21T00:53:29.696+0530][gc,heap     ] GC(45) Humongous regions: 131->131
[2024-07-21T00:53:29.696+0530][gc,metaspace] GC(45) Metaspace: 42868K(43392K)->42868K(43392K) NonClass: 38063K(38336K)->38063K(38336K) Class: 4804K(5056K)->4804K(5056K)
[2024-07-21T00:53:29.696+0530][gc          ] GC(45) Pause Young (Normal) (G1 Evacuation Pause) 761M->150M(1024M) 1.297ms
[2024-07-21T00:53:29.696+0530][gc,cpu      ] GC(45) User=0.01s Sys=0.00s Real=0.01s
[2024-07-21T00:53:56.721+0530][gc,start    ] GC(46) Pause Young (Normal) (G1 Evacuation Pause)
[2024-07-21T00:53:56.721+0530][gc,task     ] GC(46) Using 13 workers of 13 for evacuation
[2024-07-21T00:53:56.723+0530][gc,phases   ] GC(46)   Pre Evacuate Collection Set: 0.1ms
[2024-07-21T00:53:56.723+0530][gc,phases   ] GC(46)   Merge Heap Roots: 0.1ms
[2024-07-21T00:53:56.723+0530][gc,phases   ] GC(46)   Evacuate Collection Set: 0.8ms
[2024-07-21T00:53:56.723+0530][gc,phases   ] GC(46)   Post Evacuate Collection Set: 0.3ms
[2024-07-21T00:53:56.723+0530][gc,phases   ] GC(46)   Other: 0.1ms
[2024-07-21T00:53:56.723+0530][gc,heap     ] GC(46) Eden regions: 612->0(612)
[2024-07-21T00:53:56.723+0530][gc,heap     ] GC(46) Survivor regions: 2->2(77)
[2024-07-21T00:53:56.723+0530][gc,heap     ] GC(46) Old regions: 17->17
[2024-07-21T00:53:56.723+0530][gc,heap     ] GC(46) Archive regions: 2->2
[2024-07-21T00:53:56.723+0530][gc,heap     ] GC(46) Humongous regions: 131->131
[2024-07-21T00:53:56.723+0530][gc,metaspace] GC(46) Metaspace: 42882K(43392K)->42882K(43392K) NonClass: 38077K(38336K)->38077K(38336K) Class: 4804K(5056K)->4804K(5056K)
[2024-07-21T00:53:56.723+0530][gc          ] GC(46) Pause Young (Normal) (G1 Evacuation Pause) 762M->149M(1024M) 1.443ms
[2024-07-21T00:53:56.723+0530][gc,cpu      ] GC(46) User=0.01s Sys=0.00s Real=0.00s
[2024-07-21T00:54:14.614+0530][gc,start    ] GC(47) Pause Young (Normal) (G1 Evacuation Pause)
[2024-07-21T00:54:14.614+0530][gc,task     ] GC(47) Using 13 workers of 13 for evacuation
[2024-07-21T00:54:14.616+0530][gc,phases   ] GC(47)   Pre Evacuate Collection Set: 0.1ms
[2024-07-21T00:54:14.616+0530][gc,phases   ] GC(47)   Merge Heap Roots: 0.1ms
[2024-07-21T00:54:14.616+0530][gc,phases   ] GC(47)   Evacuate Collection Set: 0.7ms
[2024-07-21T00:54:14.616+0530][gc,phases   ] GC(47)   Post Evacuate Collection Set: 0.4ms
[2024-07-21T00:54:14.616+0530][gc,phases   ] GC(47)   Other: 0.1ms
[2024-07-21T00:54:14.616+0530][gc,heap     ] GC(47) Eden regions: 612->0(612)
[2024-07-21T00:54:14.616+0530][gc,heap     ] GC(47) Survivor regions: 2->2(77)
[2024-07-21T00:54:14.616+0530][gc,heap     ] GC(47) Old regions: 17->17
[2024-07-21T00:54:14.616+0530][gc,heap     ] GC(47) Archive regions: 2->2
[2024-07-21T00:54:14.616+0530][gc,heap     ] GC(47) Humongous regions: 131->131
[2024-07-21T00:54:14.616+0530][gc,metaspace] GC(47) Metaspace: 42884K(43392K)->42884K(43392K) NonClass: 38079K(38336K)->38079K(38336K) Class: 4804K(5056K)->4804K(5056K)
[2024-07-21T00:54:14.616+0530][gc          ] GC(47) Pause Young (Normal) (G1 Evacuation Pause) 761M->150M(1024M) 1.412ms
[2024-07-21T00:54:14.616+0530][gc,cpu      ] GC(47) User=0.01s Sys=0.00s Real=0.01s
[2024-07-21T00:54:36.742+0530][gc,start    ] GC(48) Pause Young (Normal) (G1 Evacuation Pause)
[2024-07-21T00:54:36.742+0530][gc,task     ] GC(48) Using 13 workers of 13 for evacuation
[2024-07-21T00:54:36.743+0530][gc,phases   ] GC(48)   Pre Evacuate Collection Set: 0.1ms
[2024-07-21T00:54:36.743+0530][gc,phases   ] GC(48)   Merge Heap Roots: 0.1ms
[2024-07-21T00:54:36.743+0530][gc,phases   ] GC(48)   Evacuate Collection Set: 0.7ms
[2024-07-21T00:54:36.743+0530][gc,phases   ] GC(48)   Post Evacuate Collection Set: 0.3ms
[2024-07-21T00:54:36.743+0530][gc,phases   ] GC(48)   Other: 0.1ms
[2024-07-21T00:54:36.743+0530][gc,heap     ] GC(48) Eden regions: 612->0(612)
[2024-07-21T00:54:36.743+0530][gc,heap     ] GC(48) Survivor regions: 2->2(77)
[2024-07-21T00:54:36.743+0530][gc,heap     ] GC(48) Old regions: 17->17
[2024-07-21T00:54:36.743+0530][gc,heap     ] GC(48) Archive regions: 2->2
[2024-07-21T00:54:36.743+0530][gc,heap     ] GC(48) Humongous regions: 131->131
[2024-07-21T00:54:36.743+0530][gc,metaspace] GC(48) Metaspace: 42896K(43392K)->42896K(43392K) NonClass: 38090K(38336K)->38090K(38336K) Class: 4805K(5056K)->4805K(5056K)
[2024-07-21T00:54:36.743+0530][gc          ] GC(48) Pause Young (Normal) (G1 Evacuation Pause) 762M->150M(1024M) 1.293ms
[2024-07-21T00:54:36.743+0530][gc,cpu      ] GC(48) User=0.00s Sys=0.00s Real=0.00s
[2024-07-21T00:54:59.560+0530][gc,start    ] GC(49) Pause Young (Normal) (G1 Evacuation Pause)
[2024-07-21T00:54:59.560+0530][gc,task     ] GC(49) Using 13 workers of 13 for evacuation
[2024-07-21T00:54:59.562+0530][gc,phases   ] GC(49)   Pre Evacuate Collection Set: 0.1ms
[2024-07-21T00:54:59.562+0530][gc,phases   ] GC(49)   Merge Heap Roots: 0.2ms
[2024-07-21T00:54:59.562+0530][gc,phases   ] GC(49)   Evacuate Collection Set: 0.7ms
[2024-07-21T00:54:59.562+0530][gc,phases   ] GC(49)   Post Evacuate Collection Set: 0.3ms
[2024-07-21T00:54:59.562+0530][gc,phases   ] GC(49)   Other: 0.1ms
[2024-07-21T00:54:59.562+0530][gc,heap     ] GC(49) Eden regions: 612->0(612)
[2024-07-21T00:54:59.562+0530][gc,heap     ] GC(49) Survivor regions: 2->2(77)
[2024-07-21T00:54:59.562+0530][gc,heap     ] GC(49) Old regions: 17->17
[2024-07-21T00:54:59.562+0530][gc,heap     ] GC(49) Archive regions: 2->2
[2024-07-21T00:54:59.562+0530][gc,heap     ] GC(49) Humongous regions: 131->131
[2024-07-21T00:54:59.562+0530][gc,metaspace] GC(49) Metaspace: 42899K(43392K)->42899K(43392K) NonClass: 38093K(38336K)->38093K(38336K) Class: 4805K(5056K)->4805K(5056K)
[2024-07-21T00:54:59.562+0530][gc          ] GC(49) Pause Young (Normal) (G1 Evacuation Pause) 762M->150M(1024M) 1.391ms
[2024-07-21T00:54:59.562+0530][gc,cpu      ] GC(49) User=0.01s Sys=0.00s Real=0.00s
[2024-07-21T00:55:04.763+0530][gc,start    ] GC(50) Pause Young (Normal) (G1 Evacuation Pause)
[2024-07-21T00:55:04.763+0530][gc,task     ] GC(50) Using 13 workers of 13 for evacuation
[2024-07-21T00:55:04.765+0530][gc,phases   ] GC(50)   Pre Evacuate Collection Set: 0.1ms
[2024-07-21T00:55:04.765+0530][gc,phases   ] GC(50)   Merge Heap Roots: 0.1ms
[2024-07-21T00:55:04.765+0530][gc,phases   ] GC(50)   Evacuate Collection Set: 0.7ms
[2024-07-21T00:55:04.765+0530][gc,phases   ] GC(50)   Post Evacuate Collection Set: 0.3ms
[2024-07-21T00:55:04.765+0530][gc,phases   ] GC(50)   Other: 0.1ms
[2024-07-21T00:55:04.765+0530][gc,heap     ] GC(50) Eden regions: 612->0(612)
[2024-07-21T00:55:04.765+0530][gc,heap     ] GC(50) Survivor regions: 2->2(77)
[2024-07-21T00:55:04.765+0530][gc,heap     ] GC(50) Old regions: 17->17
[2024-07-21T00:55:04.765+0530][gc,heap     ] GC(50) Archive regions: 2->2
[2024-07-21T00:55:04.765+0530][gc,heap     ] GC(50) Humongous regions: 131->131
[2024-07-21T00:55:04.765+0530][gc,metaspace] GC(50) Metaspace: 42901K(43392K)->42901K(43392K) NonClass: 38095K(38336K)->38095K(38336K) Class: 4806K(5056K)->4806K(5056K)
[2024-07-21T00:55:04.765+0530][gc          ] GC(50) Pause Young (Normal) (G1 Evacuation Pause) 762M->149M(1024M) 1.224ms
[2024-07-21T00:55:04.765+0530][gc,cpu      ] GC(50) User=0.01s Sys=0.01s Real=0.01s
[2024-07-21T00:55:05.622+0530][gc,start    ] GC(51) Pause Young (Normal) (G1 Evacuation Pause)
[2024-07-21T00:55:05.622+0530][gc,task     ] GC(51) Using 13 workers of 13 for evacuation
[2024-07-21T00:55:05.623+0530][gc,phases   ] GC(51)   Pre Evacuate Collection Set: 0.1ms
[2024-07-21T00:55:05.623+0530][gc,phases   ] GC(51)   Merge Heap Roots: 0.1ms
[2024-07-21T00:55:05.623+0530][gc,phases   ] GC(51)   Evacuate Collection Set: 0.7ms
[2024-07-21T00:55:05.623+0530][gc,phases   ] GC(51)   Post Evacuate Collection Set: 0.3ms
[2024-07-21T00:55:05.623+0530][gc,phases   ] GC(51)   Other: 0.1ms
[2024-07-21T00:55:05.623+0530][gc,heap     ] GC(51) Eden regions: 612->0(612)
[2024-07-21T00:55:05.623+0530][gc,heap     ] GC(51) Survivor regions: 2->2(77)
[2024-07-21T00:55:05.623+0530][gc,heap     ] GC(51) Old regions: 17->17
[2024-07-21T00:55:05.623+0530][gc,heap     ] GC(51) Archive regions: 2->2
[2024-07-21T00:55:05.623+0530][gc,heap     ] GC(51) Humongous regions: 131->131
[2024-07-21T00:55:05.623+0530][gc,metaspace] GC(51) Metaspace: 42905K(43392K)->42905K(43392K) NonClass: 38099K(38336K)->38099K(38336K) Class: 4806K(5056K)->4806K(5056K)
[2024-07-21T00:55:05.623+0530][gc          ] GC(51) Pause Young (Normal) (G1 Evacuation Pause) 761M->150M(1024M) 1.224ms
[2024-07-21T00:55:05.623+0530][gc,cpu      ] GC(51) User=0.00s Sys=0.00s Real=0.00s
[2024-07-21T00:55:06.577+0530][gc,start    ] GC(52) Pause Young (Normal) (G1 Evacuation Pause)
[2024-07-21T00:55:06.577+0530][gc,task     ] GC(52) Using 13 workers of 13 for evacuation
[2024-07-21T00:55:06.579+0530][gc,phases   ] GC(52)   Pre Evacuate Collection Set: 0.0ms
[2024-07-21T00:55:06.579+0530][gc,phases   ] GC(52)   Merge Heap Roots: 0.1ms
[2024-07-21T00:55:06.579+0530][gc,phases   ] GC(52)   Evacuate Collection Set: 0.9ms
[2024-07-21T00:55:06.579+0530][gc,phases   ] GC(52)   Post Evacuate Collection Set: 0.3ms
[2024-07-21T00:55:06.579+0530][gc,phases   ] GC(52)   Other: 0.1ms
[2024-07-21T00:55:06.579+0530][gc,heap     ] GC(52) Eden regions: 612->0(612)
[2024-07-21T00:55:06.579+0530][gc,heap     ] GC(52) Survivor regions: 2->2(77)
[2024-07-21T00:55:06.579+0530][gc,heap     ] GC(52) Old regions: 17->17
[2024-07-21T00:55:06.579+0530][gc,heap     ] GC(52) Archive regions: 2->2
[2024-07-21T00:55:06.579+0530][gc,heap     ] GC(52) Humongous regions: 131->131
[2024-07-21T00:55:06.579+0530][gc,metaspace] GC(52) Metaspace: 42985K(43520K)->42985K(43520K) NonClass: 38163K(38464K)->38163K(38464K) Class: 4821K(5056K)->4821K(5056K)
[2024-07-21T00:55:06.579+0530][gc          ] GC(52) Pause Young (Normal) (G1 Evacuation Pause) 762M->150M(1024M) 1.442ms
[2024-07-21T00:55:06.579+0530][gc,cpu      ] GC(52) User=0.01s Sys=0.00s Real=0.00s
[2024-07-21T00:55:07.470+0530][gc,start    ] GC(53) Pause Young (Normal) (G1 Evacuation Pause)
[2024-07-21T00:55:07.470+0530][gc,task     ] GC(53) Using 13 workers of 13 for evacuation
[2024-07-21T00:55:07.471+0530][gc,phases   ] GC(53)   Pre Evacuate Collection Set: 0.1ms
[2024-07-21T00:55:07.471+0530][gc,phases   ] GC(53)   Merge Heap Roots: 0.1ms
[2024-07-21T00:55:07.471+0530][gc,phases   ] GC(53)   Evacuate Collection Set: 0.7ms
[2024-07-21T00:55:07.471+0530][gc,phases   ] GC(53)   Post Evacuate Collection Set: 0.3ms
[2024-07-21T00:55:07.471+0530][gc,phases   ] GC(53)   Other: 0.1ms
[2024-07-21T00:55:07.471+0530][gc,heap     ] GC(53) Eden regions: 612->0(612)
[2024-07-21T00:55:07.471+0530][gc,heap     ] GC(53) Survivor regions: 2->2(77)
[2024-07-21T00:55:07.471+0530][gc,heap     ] GC(53) Old regions: 17->17
[2024-07-21T00:55:07.471+0530][gc,heap     ] GC(53) Archive regions: 2->2
[2024-07-21T00:55:07.471+0530][gc,heap     ] GC(53) Humongous regions: 131->131
[2024-07-21T00:55:07.471+0530][gc,metaspace] GC(53) Metaspace: 42993K(43520K)->42993K(43520K) NonClass: 38170K(38464K)->38170K(38464K) Class: 4822K(5056K)->4822K(5056K)
[2024-07-21T00:55:07.471+0530][gc          ] GC(53) Pause Young (Normal) (G1 Evacuation Pause) 762M->150M(1024M) 1.180ms
[2024-07-21T00:55:07.471+0530][gc,cpu      ] GC(53) User=0.01s Sys=0.00s Real=0.00s
[2024-07-21T00:55:08.341+0530][gc,start    ] GC(54) Pause Young (Normal) (G1 Evacuation Pause)
[2024-07-21T00:55:08.341+0530][gc,task     ] GC(54) Using 13 workers of 13 for evacuation
[2024-07-21T00:55:08.342+0530][gc,phases   ] GC(54)   Pre Evacuate Collection Set: 0.1ms
[2024-07-21T00:55:08.342+0530][gc,phases   ] GC(54)   Merge Heap Roots: 0.1ms
[2024-07-21T00:55:08.342+0530][gc,phases   ] GC(54)   Evacuate Collection Set: 0.7ms
[2024-07-21T00:55:08.342+0530][gc,phases   ] GC(54)   Post Evacuate Collection Set: 0.3ms
[2024-07-21T00:55:08.342+0530][gc,phases   ] GC(54)   Other: 0.1ms
[2024-07-21T00:55:08.342+0530][gc,heap     ] GC(54) Eden regions: 612->0(612)
[2024-07-21T00:55:08.342+0530][gc,heap     ] GC(54) Survivor regions: 2->2(77)
[2024-07-21T00:55:08.342+0530][gc,heap     ] GC(54) Old regions: 17->17
[2024-07-21T00:55:08.342+0530][gc,heap     ] GC(54) Archive regions: 2->2
[2024-07-21T00:55:08.342+0530][gc,heap     ] GC(54) Humongous regions: 131->131
[2024-07-21T00:55:08.342+0530][gc,metaspace] GC(54) Metaspace: 42993K(43520K)->42993K(43520K) NonClass: 38170K(38464K)->38170K(38464K) Class: 4822K(5056K)->4822K(5056K)
[2024-07-21T00:55:08.342+0530][gc          ] GC(54) Pause Young (Normal) (G1 Evacuation Pause) 762M->150M(1024M) 1.245ms
[2024-07-21T00:55:08.342+0530][gc,cpu      ] GC(54) User=0.00s Sys=0.00s Real=0.00s
[2024-07-21T00:55:09.290+0530][gc,start    ] GC(55) Pause Young (Normal) (G1 Evacuation Pause)
[2024-07-21T00:55:09.290+0530][gc,task     ] GC(55) Using 13 workers of 13 for evacuation
[2024-07-21T00:55:09.291+0530][gc,phases   ] GC(55)   Pre Evacuate Collection Set: 0.0ms
[2024-07-21T00:55:09.291+0530][gc,phases   ] GC(55)   Merge Heap Roots: 0.1ms
[2024-07-21T00:55:09.291+0530][gc,phases   ] GC(55)   Evacuate Collection Set: 0.7ms
[2024-07-21T00:55:09.291+0530][gc,phases   ] GC(55)   Post Evacuate Collection Set: 0.3ms
[2024-07-21T00:55:09.291+0530][gc,phases   ] GC(55)   Other: 0.1ms
[2024-07-21T00:55:09.291+0530][gc,heap     ] GC(55) Eden regions: 612->0(612)
[2024-07-21T00:55:09.291+0530][gc,heap     ] GC(55) Survivor regions: 2->2(77)
[2024-07-21T00:55:09.291+0530][gc,heap     ] GC(55) Old regions: 17->17
[2024-07-21T00:55:09.291+0530][gc,heap     ] GC(55) Archive regions: 2->2
[2024-07-21T00:55:09.291+0530][gc,heap     ] GC(55) Humongous regions: 131->131
[2024-07-21T00:55:09.291+0530][gc,metaspace] GC(55) Metaspace: 42994K(43520K)->42994K(43520K) NonClass: 38171K(38464K)->38171K(38464K) Class: 4822K(5056K)->4822K(5056K)
[2024-07-21T00:55:09.291+0530][gc          ] GC(55) Pause Young (Normal) (G1 Evacuation Pause) 762M->150M(1024M) 1.163ms
[2024-07-21T00:55:09.291+0530][gc,cpu      ] GC(55) User=0.00s Sys=0.00s Real=0.00s
[2024-07-21T00:55:10.171+0530][gc,start    ] GC(56) Pause Young (Normal) (G1 Evacuation Pause)
[2024-07-21T00:55:10.171+0530][gc,task     ] GC(56) Using 13 workers of 13 for evacuation
[2024-07-21T00:55:10.173+0530][gc,phases   ] GC(56)   Pre Evacuate Collection Set: 0.1ms
[2024-07-21T00:55:10.173+0530][gc,phases   ] GC(56)   Merge Heap Roots: 0.1ms
[2024-07-21T00:55:10.173+0530][gc,phases   ] GC(56)   Evacuate Collection Set: 0.7ms
[2024-07-21T00:55:10.173+0530][gc,phases   ] GC(56)   Post Evacuate Collection Set: 0.3ms
[2024-07-21T00:55:10.173+0530][gc,phases   ] GC(56)   Other: 0.1ms
[2024-07-21T00:55:10.173+0530][gc,heap     ] GC(56) Eden regions: 612->0(612)
[2024-07-21T00:55:10.173+0530][gc,heap     ] GC(56) Survivor regions: 2->2(77)
[2024-07-21T00:55:10.173+0530][gc,heap     ] GC(56) Old regions: 17->17
[2024-07-21T00:55:10.173+0530][gc,heap     ] GC(56) Archive regions: 2->2
[2024-07-21T00:55:10.173+0530][gc,heap     ] GC(56) Humongous regions: 131->131
[2024-07-21T00:55:10.173+0530][gc,metaspace] GC(56) Metaspace: 42994K(43520K)->42994K(43520K) NonClass: 38171K(38464K)->38171K(38464K) Class: 4822K(5056K)->4822K(5056K)
[2024-07-21T00:55:10.173+0530][gc          ] GC(56) Pause Young (Normal) (G1 Evacuation Pause) 762M->150M(1024M) 1.247ms
[2024-07-21T00:55:10.173+0530][gc,cpu      ] GC(56) User=0.01s Sys=0.01s Real=0.00s
[2024-07-21T00:55:11.079+0530][gc,start    ] GC(57) Pause Young (Normal) (G1 Evacuation Pause)
[2024-07-21T00:55:11.079+0530][gc,task     ] GC(57) Using 13 workers of 13 for evacuation
[2024-07-21T00:55:11.080+0530][gc,phases   ] GC(57)   Pre Evacuate Collection Set: 0.1ms
[2024-07-21T00:55:11.080+0530][gc,phases   ] GC(57)   Merge Heap Roots: 0.1ms
[2024-07-21T00:55:11.080+0530][gc,phases   ] GC(57)   Evacuate Collection Set: 0.7ms
[2024-07-21T00:55:11.080+0530][gc,phases   ] GC(57)   Post Evacuate Collection Set: 0.3ms
[2024-07-21T00:55:11.080+0530][gc,phases   ] GC(57)   Other: 0.1ms
[2024-07-21T00:55:11.080+0530][gc,heap     ] GC(57) Eden regions: 612->0(612)
[2024-07-21T00:55:11.080+0530][gc,heap     ] GC(57) Survivor regions: 2->2(77)
[2024-07-21T00:55:11.080+0530][gc,heap     ] GC(57) Old regions: 17->17
[2024-07-21T00:55:11.080+0530][gc,heap     ] GC(57) Archive regions: 2->2
[2024-07-21T00:55:11.080+0530][gc,heap     ] GC(57) Humongous regions: 131->131
[2024-07-21T00:55:11.080+0530][gc,metaspace] GC(57) Metaspace: 42994K(43520K)->42994K(43520K) NonClass: 38171K(38464K)->38171K(38464K) Class: 4822K(5056K)->4822K(5056K)
[2024-07-21T00:55:11.080+0530][gc          ] GC(57) Pause Young (Normal) (G1 Evacuation Pause) 762M->150M(1024M) 1.176ms
[2024-07-21T00:55:11.080+0530][gc,cpu      ] GC(57) User=0.01s Sys=0.00s Real=0.00s
[2024-07-21T00:55:12.006+0530][gc,start    ] GC(58) Pause Young (Normal) (G1 Evacuation Pause)
[2024-07-21T00:55:12.006+0530][gc,task     ] GC(58) Using 13 workers of 13 for evacuation
[2024-07-21T00:55:12.007+0530][gc,phases   ] GC(58)   Pre Evacuate Collection Set: 0.1ms
[2024-07-21T00:55:12.007+0530][gc,phases   ] GC(58)   Merge Heap Roots: 0.1ms
[2024-07-21T00:55:12.007+0530][gc,phases   ] GC(58)   Evacuate Collection Set: 0.7ms
[2024-07-21T00:55:12.007+0530][gc,phases   ] GC(58)   Post Evacuate Collection Set: 0.3ms
[2024-07-21T00:55:12.007+0530][gc,phases   ] GC(58)   Other: 0.1ms
[2024-07-21T00:55:12.007+0530][gc,heap     ] GC(58) Eden regions: 612->0(612)
[2024-07-21T00:55:12.007+0530][gc,heap     ] GC(58) Survivor regions: 2->2(77)
[2024-07-21T00:55:12.007+0530][gc,heap     ] GC(58) Old regions: 17->17
[2024-07-21T00:55:12.007+0530][gc,heap     ] GC(58) Archive regions: 2->2
[2024-07-21T00:55:12.007+0530][gc,heap     ] GC(58) Humongous regions: 131->131
[2024-07-21T00:55:12.007+0530][gc,metaspace] GC(58) Metaspace: 42994K(43520K)->42994K(43520K) NonClass: 38171K(38464K)->38171K(38464K) Class: 4822K(5056K)->4822K(5056K)
[2024-07-21T00:55:12.007+0530][gc          ] GC(58) Pause Young (Normal) (G1 Evacuation Pause) 762M->150M(1024M) 1.222ms
[2024-07-21T00:55:12.007+0530][gc,cpu      ] GC(58) User=0.01s Sys=0.00s Real=0.00s
[2024-07-21T00:55:12.895+0530][gc,start    ] GC(59) Pause Young (Normal) (G1 Evacuation Pause)
[2024-07-21T00:55:12.895+0530][gc,task     ] GC(59) Using 13 workers of 13 for evacuation
[2024-07-21T00:55:12.896+0530][gc,phases   ] GC(59)   Pre Evacuate Collection Set: 0.1ms
[2024-07-21T00:55:12.896+0530][gc,phases   ] GC(59)   Merge Heap Roots: 0.1ms
[2024-07-21T00:55:12.896+0530][gc,phases   ] GC(59)   Evacuate Collection Set: 0.7ms
[2024-07-21T00:55:12.896+0530][gc,phases   ] GC(59)   Post Evacuate Collection Set: 0.3ms
[2024-07-21T00:55:12.896+0530][gc,phases   ] GC(59)   Other: 0.1ms
[2024-07-21T00:55:12.896+0530][gc,heap     ] GC(59) Eden regions: 612->0(613)
[2024-07-21T00:55:12.896+0530][gc,heap     ] GC(59) Survivor regions: 2->1(77)
[2024-07-21T00:55:12.896+0530][gc,heap     ] GC(59) Old regions: 17->18
[2024-07-21T00:55:12.896+0530][gc,heap     ] GC(59) Archive regions: 2->2
[2024-07-21T00:55:12.896+0530][gc,heap     ] GC(59) Humongous regions: 131->131
[2024-07-21T00:55:12.896+0530][gc,metaspace] GC(59) Metaspace: 42997K(43520K)->42997K(43520K) NonClass: 38174K(38464K)->38174K(38464K) Class: 4823K(5056K)->4823K(5056K)
[2024-07-21T00:55:12.896+0530][gc          ] GC(59) Pause Young (Normal) (G1 Evacuation Pause) 762M->150M(1024M) 1.231ms
[2024-07-21T00:55:12.896+0530][gc,cpu      ] GC(59) User=0.01s Sys=0.00s Real=0.01s
[2024-07-21T00:55:13.813+0530][gc,start    ] GC(60) Pause Young (Normal) (G1 Evacuation Pause)
[2024-07-21T00:55:13.813+0530][gc,task     ] GC(60) Using 13 workers of 13 for evacuation
[2024-07-21T00:55:13.814+0530][gc,phases   ] GC(60)   Pre Evacuate Collection Set: 0.1ms
[2024-07-21T00:55:13.814+0530][gc,phases   ] GC(60)   Merge Heap Roots: 0.1ms
[2024-07-21T00:55:13.814+0530][gc,phases   ] GC(60)   Evacuate Collection Set: 0.3ms
[2024-07-21T00:55:13.814+0530][gc,phases   ] GC(60)   Post Evacuate Collection Set: 0.3ms
[2024-07-21T00:55:13.814+0530][gc,phases   ] GC(60)   Other: 0.1ms
[2024-07-21T00:55:13.814+0530][gc,heap     ] GC(60) Eden regions: 613->0(613)
[2024-07-21T00:55:13.814+0530][gc,heap     ] GC(60) Survivor regions: 1->1(77)
[2024-07-21T00:55:13.814+0530][gc,heap     ] GC(60) Old regions: 18->18
[2024-07-21T00:55:13.814+0530][gc,heap     ] GC(60) Archive regions: 2->2
[2024-07-21T00:55:13.814+0530][gc,heap     ] GC(60) Humongous regions: 131->131
[2024-07-21T00:55:13.814+0530][gc,metaspace] GC(60) Metaspace: 43004K(43520K)->43004K(43520K) NonClass: 38180K(38464K)->38180K(38464K) Class: 4823K(5056K)->4823K(5056K)
[2024-07-21T00:55:13.814+0530][gc          ] GC(60) Pause Young (Normal) (G1 Evacuation Pause) 763M->150M(1024M) 0.788ms
[2024-07-21T00:55:13.814+0530][gc,cpu      ] GC(60) User=0.01s Sys=0.00s Real=0.00s
[2024-07-21T00:55:14.596+0530][gc,start    ] GC(61) Pause Young (Normal) (G1 Evacuation Pause)
[2024-07-21T00:55:14.596+0530][gc,task     ] GC(61) Using 13 workers of 13 for evacuation
[2024-07-21T00:55:14.597+0530][gc,phases   ] GC(61)   Pre Evacuate Collection Set: 0.1ms
[2024-07-21T00:55:14.597+0530][gc,phases   ] GC(61)   Merge Heap Roots: 0.1ms
[2024-07-21T00:55:14.597+0530][gc,phases   ] GC(61)   Evacuate Collection Set: 0.4ms
[2024-07-21T00:55:14.597+0530][gc,phases   ] GC(61)   Post Evacuate Collection Set: 0.3ms
[2024-07-21T00:55:14.597+0530][gc,phases   ] GC(61)   Other: 0.1ms
[2024-07-21T00:55:14.597+0530][gc,heap     ] GC(61) Eden regions: 613->0(613)
[2024-07-21T00:55:14.597+0530][gc,heap     ] GC(61) Survivor regions: 1->1(77)
[2024-07-21T00:55:14.597+0530][gc,heap     ] GC(61) Old regions: 18->18
[2024-07-21T00:55:14.597+0530][gc,heap     ] GC(61) Archive regions: 2->2
[2024-07-21T00:55:14.597+0530][gc,heap     ] GC(61) Humongous regions: 131->131
[2024-07-21T00:55:14.597+0530][gc,metaspace] GC(61) Metaspace: 43006K(43520K)->43006K(43520K) NonClass: 38183K(38464K)->38183K(38464K) Class: 4823K(5056K)->4823K(5056K)
[2024-07-21T00:55:14.597+0530][gc          ] GC(61) Pause Young (Normal) (G1 Evacuation Pause) 763M->150M(1024M) 0.978ms
[2024-07-21T00:55:14.597+0530][gc,cpu      ] GC(61) User=0.00s Sys=0.00s Real=0.00s
[2024-07-21T00:55:15.352+0530][gc,start    ] GC(62) Pause Young (Normal) (G1 Evacuation Pause)
[2024-07-21T00:55:15.352+0530][gc,task     ] GC(62) Using 13 workers of 13 for evacuation
[2024-07-21T00:55:15.352+0530][gc,phases   ] GC(62)   Pre Evacuate Collection Set: 0.1ms
[2024-07-21T00:55:15.352+0530][gc,phases   ] GC(62)   Merge Heap Roots: 0.1ms
[2024-07-21T00:55:15.352+0530][gc,phases   ] GC(62)   Evacuate Collection Set: 0.3ms
[2024-07-21T00:55:15.352+0530][gc,phases   ] GC(62)   Post Evacuate Collection Set: 0.3ms
[2024-07-21T00:55:15.352+0530][gc,phases   ] GC(62)   Other: 0.1ms
[2024-07-21T00:55:15.352+0530][gc,heap     ] GC(62) Eden regions: 613->0(613)
[2024-07-21T00:55:15.352+0530][gc,heap     ] GC(62) Survivor regions: 1->1(77)
[2024-07-21T00:55:15.352+0530][gc,heap     ] GC(62) Old regions: 18->18
[2024-07-21T00:55:15.352+0530][gc,heap     ] GC(62) Archive regions: 2->2
[2024-07-21T00:55:15.352+0530][gc,heap     ] GC(62) Humongous regions: 131->131
[2024-07-21T00:55:15.352+0530][gc,metaspace] GC(62) Metaspace: 43010K(43520K)->43010K(43520K) NonClass: 38187K(38464K)->38187K(38464K) Class: 4823K(5056K)->4823K(5056K)
[2024-07-21T00:55:15.352+0530][gc          ] GC(62) Pause Young (Normal) (G1 Evacuation Pause) 763M->150M(1024M) 0.835ms
[2024-07-21T00:55:15.352+0530][gc,cpu      ] GC(62) User=0.01s Sys=0.00s Real=0.00s
[2024-07-21T00:55:16.415+0530][gc,start    ] GC(63) Pause Young (Normal) (G1 Evacuation Pause)
[2024-07-21T00:55:16.415+0530][gc,task     ] GC(63) Using 13 workers of 13 for evacuation
[2024-07-21T00:55:16.415+0530][gc,phases   ] GC(63)   Pre Evacuate Collection Set: 0.1ms
[2024-07-21T00:55:16.415+0530][gc,phases   ] GC(63)   Merge Heap Roots: 0.1ms
[2024-07-21T00:55:16.415+0530][gc,phases   ] GC(63)   Evacuate Collection Set: 0.3ms
[2024-07-21T00:55:16.415+0530][gc,phases   ] GC(63)   Post Evacuate Collection Set: 0.3ms
[2024-07-21T00:55:16.415+0530][gc,phases   ] GC(63)   Other: 0.1ms
[2024-07-21T00:55:16.415+0530][gc,heap     ] GC(63) Eden regions: 613->0(613)
[2024-07-21T00:55:16.415+0530][gc,heap     ] GC(63) Survivor regions: 1->1(77)
[2024-07-21T00:55:16.415+0530][gc,heap     ] GC(63) Old regions: 18->18
[2024-07-21T00:55:16.415+0530][gc,heap     ] GC(63) Archive regions: 2->2
[2024-07-21T00:55:16.415+0530][gc,heap     ] GC(63) Humongous regions: 131->131
[2024-07-21T00:55:16.415+0530][gc,metaspace] GC(63) Metaspace: 43010K(43520K)->43010K(43520K) NonClass: 38187K(38464K)->38187K(38464K) Class: 4823K(5056K)->4823K(5056K)
[2024-07-21T00:55:16.415+0530][gc          ] GC(63) Pause Young (Normal) (G1 Evacuation Pause) 763M->150M(1024M) 0.793ms
[2024-07-21T00:55:16.415+0530][gc,cpu      ] GC(63) User=0.01s Sys=0.00s Real=0.00s
[2024-07-21T00:55:17.353+0530][gc,start    ] GC(64) Pause Young (Normal) (G1 Evacuation Pause)
[2024-07-21T00:55:17.353+0530][gc,task     ] GC(64) Using 13 workers of 13 for evacuation
[2024-07-21T00:55:17.354+0530][gc,phases   ] GC(64)   Pre Evacuate Collection Set: 0.1ms
[2024-07-21T00:55:17.354+0530][gc,phases   ] GC(64)   Merge Heap Roots: 0.1ms
[2024-07-21T00:55:17.354+0530][gc,phases   ] GC(64)   Evacuate Collection Set: 0.3ms
[2024-07-21T00:55:17.354+0530][gc,phases   ] GC(64)   Post Evacuate Collection Set: 0.3ms
[2024-07-21T00:55:17.354+0530][gc,phases   ] GC(64)   Other: 0.1ms
[2024-07-21T00:55:17.354+0530][gc,heap     ] GC(64) Eden regions: 613->0(613)
[2024-07-21T00:55:17.354+0530][gc,heap     ] GC(64) Survivor regions: 1->1(77)
[2024-07-21T00:55:17.354+0530][gc,heap     ] GC(64) Old regions: 18->18
[2024-07-21T00:55:17.354+0530][gc,heap     ] GC(64) Archive regions: 2->2
[2024-07-21T00:55:17.354+0530][gc,heap     ] GC(64) Humongous regions: 131->131
[2024-07-21T00:55:17.354+0530][gc,metaspace] GC(64) Metaspace: 43010K(43520K)->43010K(43520K) NonClass: 38187K(38464K)->38187K(38464K) Class: 4823K(5056K)->4823K(5056K)
[2024-07-21T00:55:17.354+0530][gc          ] GC(64) Pause Young (Normal) (G1 Evacuation Pause) 763M->150M(1024M) 0.827ms
[2024-07-21T00:55:17.354+0530][gc,cpu      ] GC(64) User=0.01s Sys=0.01s Real=0.00s
[2024-07-21T00:55:20.362+0530][gc,start    ] GC(65) Pause Young (Normal) (G1 Evacuation Pause)
[2024-07-21T00:55:20.362+0530][gc,task     ] GC(65) Using 13 workers of 13 for evacuation
[2024-07-21T00:55:20.362+0530][gc,phases   ] GC(65)   Pre Evacuate Collection Set: 0.1ms
[2024-07-21T00:55:20.362+0530][gc,phases   ] GC(65)   Merge Heap Roots: 0.1ms
[2024-07-21T00:55:20.362+0530][gc,phases   ] GC(65)   Evacuate Collection Set: 0.3ms
[2024-07-21T00:55:20.362+0530][gc,phases   ] GC(65)   Post Evacuate Collection Set: 0.3ms
[2024-07-21T00:55:20.362+0530][gc,phases   ] GC(65)   Other: 0.1ms
[2024-07-21T00:55:20.362+0530][gc,heap     ] GC(65) Eden regions: 613->0(613)
[2024-07-21T00:55:20.362+0530][gc,heap     ] GC(65) Survivor regions: 1->1(77)
[2024-07-21T00:55:20.362+0530][gc,heap     ] GC(65) Old regions: 18->18
[2024-07-21T00:55:20.362+0530][gc,heap     ] GC(65) Archive regions: 2->2
[2024-07-21T00:55:20.362+0530][gc,heap     ] GC(65) Humongous regions: 131->131
[2024-07-21T00:55:20.362+0530][gc,metaspace] GC(65) Metaspace: 43010K(43520K)->43010K(43520K) NonClass: 38187K(38464K)->38187K(38464K) Class: 4823K(5056K)->4823K(5056K)
[2024-07-21T00:55:20.362+0530][gc          ] GC(65) Pause Young (Normal) (G1 Evacuation Pause) 763M->150M(1024M) 0.863ms
[2024-07-21T00:55:20.362+0530][gc,cpu      ] GC(65) User=0.00s Sys=0.00s Real=0.00s
[2024-07-21T00:55:21.452+0530][gc,start    ] GC(66) Pause Young (Normal) (G1 Evacuation Pause)
[2024-07-21T00:55:21.452+0530][gc,task     ] GC(66) Using 13 workers of 13 for evacuation
[2024-07-21T00:55:21.453+0530][gc,phases   ] GC(66)   Pre Evacuate Collection Set: 0.1ms
[2024-07-21T00:55:21.453+0530][gc,phases   ] GC(66)   Merge Heap Roots: 0.1ms
[2024-07-21T00:55:21.453+0530][gc,phases   ] GC(66)   Evacuate Collection Set: 0.4ms
[2024-07-21T00:55:21.453+0530][gc,phases   ] GC(66)   Post Evacuate Collection Set: 0.3ms
[2024-07-21T00:55:21.453+0530][gc,phases   ] GC(66)   Other: 0.1ms
[2024-07-21T00:55:21.453+0530][gc,heap     ] GC(66) Eden regions: 613->0(613)
[2024-07-21T00:55:21.453+0530][gc,heap     ] GC(66) Survivor regions: 1->1(77)
[2024-07-21T00:55:21.453+0530][gc,heap     ] GC(66) Old regions: 18->18
[2024-07-21T00:55:21.453+0530][gc,heap     ] GC(66) Archive regions: 2->2
[2024-07-21T00:55:21.453+0530][gc,heap     ] GC(66) Humongous regions: 131->131
[2024-07-21T00:55:21.453+0530][gc,metaspace] GC(66) Metaspace: 43014K(43520K)->43014K(43520K) NonClass: 38190K(38464K)->38190K(38464K) Class: 4823K(5056K)->4823K(5056K)
[2024-07-21T00:55:21.453+0530][gc          ] GC(66) Pause Young (Normal) (G1 Evacuation Pause) 763M->150M(1024M) 0.903ms
[2024-07-21T00:55:21.453+0530][gc,cpu      ] GC(66) User=0.01s Sys=0.00s Real=0.00s
[2024-07-21T00:55:22.375+0530][gc,start    ] GC(67) Pause Young (Normal) (G1 Evacuation Pause)
[2024-07-21T00:55:22.375+0530][gc,task     ] GC(67) Using 13 workers of 13 for evacuation
[2024-07-21T00:55:22.376+0530][gc,phases   ] GC(67)   Pre Evacuate Collection Set: 0.1ms
[2024-07-21T00:55:22.376+0530][gc,phases   ] GC(67)   Merge Heap Roots: 0.1ms
[2024-07-21T00:55:22.376+0530][gc,phases   ] GC(67)   Evacuate Collection Set: 0.3ms
[2024-07-21T00:55:22.376+0530][gc,phases   ] GC(67)   Post Evacuate Collection Set: 0.3ms
[2024-07-21T00:55:22.376+0530][gc,phases   ] GC(67)   Other: 0.1ms
[2024-07-21T00:55:22.376+0530][gc,heap     ] GC(67) Eden regions: 613->0(613)
[2024-07-21T00:55:22.376+0530][gc,heap     ] GC(67) Survivor regions: 1->1(77)
[2024-07-21T00:55:22.376+0530][gc,heap     ] GC(67) Old regions: 18->18
[2024-07-21T00:55:22.376+0530][gc,heap     ] GC(67) Archive regions: 2->2
[2024-07-21T00:55:22.376+0530][gc,heap     ] GC(67) Humongous regions: 131->131
[2024-07-21T00:55:22.376+0530][gc,metaspace] GC(67) Metaspace: 43014K(43520K)->43014K(43520K) NonClass: 38190K(38464K)->38190K(38464K) Class: 4823K(5056K)->4823K(5056K)
[2024-07-21T00:55:22.376+0530][gc          ] GC(67) Pause Young (Normal) (G1 Evacuation Pause) 763M->150M(1024M) 0.840ms
[2024-07-21T00:55:22.376+0530][gc,cpu      ] GC(67) User=0.00s Sys=0.00s Real=0.01s
[2024-07-21T00:55:23.297+0530][gc,start    ] GC(68) Pause Young (Normal) (G1 Evacuation Pause)
[2024-07-21T00:55:23.297+0530][gc,task     ] GC(68) Using 13 workers of 13 for evacuation
[2024-07-21T00:55:23.298+0530][gc,phases   ] GC(68)   Pre Evacuate Collection Set: 0.0ms
[2024-07-21T00:55:23.298+0530][gc,phases   ] GC(68)   Merge Heap Roots: 0.1ms
[2024-07-21T00:55:23.298+0530][gc,phases   ] GC(68)   Evacuate Collection Set: 0.3ms
[2024-07-21T00:55:23.298+0530][gc,phases   ] GC(68)   Post Evacuate Collection Set: 0.3ms
[2024-07-21T00:55:23.298+0530][gc,phases   ] GC(68)   Other: 0.1ms
[2024-07-21T00:55:23.298+0530][gc,heap     ] GC(68) Eden regions: 613->0(613)
[2024-07-21T00:55:23.298+0530][gc,heap     ] GC(68) Survivor regions: 1->1(77)
[2024-07-21T00:55:23.298+0530][gc,heap     ] GC(68) Old regions: 18->18
[2024-07-21T00:55:23.298+0530][gc,heap     ] GC(68) Archive regions: 2->2
[2024-07-21T00:55:23.298+0530][gc,heap     ] GC(68) Humongous regions: 131->131
[2024-07-21T00:55:23.298+0530][gc,metaspace] GC(68) Metaspace: 43014K(43520K)->43014K(43520K) NonClass: 38190K(38464K)->38190K(38464K) Class: 4823K(5056K)->4823K(5056K)
[2024-07-21T00:55:23.298+0530][gc          ] GC(68) Pause Young (Normal) (G1 Evacuation Pause) 763M->150M(1024M) 0.812ms
[2024-07-21T00:55:23.298+0530][gc,cpu      ] GC(68) User=0.00s Sys=0.00s Real=0.00s
[2024-07-21T00:55:24.226+0530][gc,start    ] GC(69) Pause Young (Normal) (G1 Evacuation Pause)
[2024-07-21T00:55:24.226+0530][gc,task     ] GC(69) Using 13 workers of 13 for evacuation
[2024-07-21T00:55:24.227+0530][gc,phases   ] GC(69)   Pre Evacuate Collection Set: 0.1ms
[2024-07-21T00:55:24.227+0530][gc,phases   ] GC(69)   Merge Heap Roots: 0.1ms
[2024-07-21T00:55:24.227+0530][gc,phases   ] GC(69)   Evacuate Collection Set: 0.4ms
[2024-07-21T00:55:24.227+0530][gc,phases   ] GC(69)   Post Evacuate Collection Set: 0.3ms
[2024-07-21T00:55:24.227+0530][gc,phases   ] GC(69)   Other: 0.1ms
[2024-07-21T00:55:24.227+0530][gc,heap     ] GC(69) Eden regions: 613->0(613)
[2024-07-21T00:55:24.227+0530][gc,heap     ] GC(69) Survivor regions: 1->1(77)
[2024-07-21T00:55:24.227+0530][gc,heap     ] GC(69) Old regions: 18->18
[2024-07-21T00:55:24.227+0530][gc,heap     ] GC(69) Archive regions: 2->2
[2024-07-21T00:55:24.227+0530][gc,heap     ] GC(69) Humongous regions: 131->131
[2024-07-21T00:55:24.227+0530][gc,metaspace] GC(69) Metaspace: 43018K(43520K)->43018K(43520K) NonClass: 38195K(38464K)->38195K(38464K) Class: 4823K(5056K)->4823K(5056K)
[2024-07-21T00:55:24.227+0530][gc          ] GC(69) Pause Young (Normal) (G1 Evacuation Pause) 763M->150M(1024M) 0.966ms
[2024-07-21T00:55:24.227+0530][gc,cpu      ] GC(69) User=0.01s Sys=0.01s Real=0.00s
[2024-07-21T00:55:25.341+0530][gc,start    ] GC(70) Pause Young (Normal) (G1 Evacuation Pause)
[2024-07-21T00:55:25.341+0530][gc,task     ] GC(70) Using 13 workers of 13 for evacuation
[2024-07-21T00:55:25.342+0530][gc,phases   ] GC(70)   Pre Evacuate Collection Set: 0.1ms
[2024-07-21T00:55:25.342+0530][gc,phases   ] GC(70)   Merge Heap Roots: 0.1ms
[2024-07-21T00:55:25.342+0530][gc,phases   ] GC(70)   Evacuate Collection Set: 0.3ms
[2024-07-21T00:55:25.342+0530][gc,phases   ] GC(70)   Post Evacuate Collection Set: 0.3ms
[2024-07-21T00:55:25.342+0530][gc,phases   ] GC(70)   Other: 0.1ms
[2024-07-21T00:55:25.342+0530][gc,heap     ] GC(70) Eden regions: 613->0(613)
[2024-07-21T00:55:25.342+0530][gc,heap     ] GC(70) Survivor regions: 1->1(77)
[2024-07-21T00:55:25.342+0530][gc,heap     ] GC(70) Old regions: 18->18
[2024-07-21T00:55:25.342+0530][gc,heap     ] GC(70) Archive regions: 2->2
[2024-07-21T00:55:25.342+0530][gc,heap     ] GC(70) Humongous regions: 131->131
[2024-07-21T00:55:25.342+0530][gc,metaspace] GC(70) Metaspace: 43020K(43520K)->43020K(43520K) NonClass: 38196K(38464K)->38196K(38464K) Class: 4823K(5056K)->4823K(5056K)
[2024-07-21T00:55:25.342+0530][gc          ] GC(70) Pause Young (Normal) (G1 Evacuation Pause) 763M->150M(1024M) 0.897ms
[2024-07-21T00:55:25.342+0530][gc,cpu      ] GC(70) User=0.01s Sys=0.00s Real=0.00s
[2024-07-21T00:55:26.273+0530][gc,start    ] GC(71) Pause Young (Normal) (G1 Evacuation Pause)
[2024-07-21T00:55:26.273+0530][gc,task     ] GC(71) Using 13 workers of 13 for evacuation
[2024-07-21T00:55:26.273+0530][gc,phases   ] GC(71)   Pre Evacuate Collection Set: 0.0ms
[2024-07-21T00:55:26.273+0530][gc,phases   ] GC(71)   Merge Heap Roots: 0.1ms
[2024-07-21T00:55:26.273+0530][gc,phases   ] GC(71)   Evacuate Collection Set: 0.3ms
[2024-07-21T00:55:26.273+0530][gc,phases   ] GC(71)   Post Evacuate Collection Set: 0.3ms
[2024-07-21T00:55:26.273+0530][gc,phases   ] GC(71)   Other: 0.1ms
[2024-07-21T00:55:26.273+0530][gc,heap     ] GC(71) Eden regions: 613->0(613)
[2024-07-21T00:55:26.273+0530][gc,heap     ] GC(71) Survivor regions: 1->1(77)
[2024-07-21T00:55:26.273+0530][gc,heap     ] GC(71) Old regions: 18->18
[2024-07-21T00:55:26.273+0530][gc,heap     ] GC(71) Archive regions: 2->2
[2024-07-21T00:55:26.273+0530][gc,heap     ] GC(71) Humongous regions: 131->131
[2024-07-21T00:55:26.273+0530][gc,metaspace] GC(71) Metaspace: 43020K(43520K)->43020K(43520K) NonClass: 38196K(38464K)->38196K(38464K) Class: 4823K(5056K)->4823K(5056K)
[2024-07-21T00:55:26.273+0530][gc          ] GC(71) Pause Young (Normal) (G1 Evacuation Pause) 763M->150M(1024M) 0.846ms
[2024-07-21T00:55:26.273+0530][gc,cpu      ] GC(71) User=0.00s Sys=0.00s Real=0.00s
[2024-07-21T00:55:28.079+0530][gc,start    ] GC(72) Pause Young (Normal) (G1 Evacuation Pause)
[2024-07-21T00:55:28.079+0530][gc,task     ] GC(72) Using 13 workers of 13 for evacuation
[2024-07-21T00:55:28.080+0530][gc,phases   ] GC(72)   Pre Evacuate Collection Set: 0.1ms
[2024-07-21T00:55:28.080+0530][gc,phases   ] GC(72)   Merge Heap Roots: 0.1ms
[2024-07-21T00:55:28.080+0530][gc,phases   ] GC(72)   Evacuate Collection Set: 0.4ms
[2024-07-21T00:55:28.080+0530][gc,phases   ] GC(72)   Post Evacuate Collection Set: 0.3ms
[2024-07-21T00:55:28.080+0530][gc,phases   ] GC(72)   Other: 0.1ms
[2024-07-21T00:55:28.080+0530][gc,heap     ] GC(72) Eden regions: 613->0(613)
[2024-07-21T00:55:28.080+0530][gc,heap     ] GC(72) Survivor regions: 1->1(77)
[2024-07-21T00:55:28.080+0530][gc,heap     ] GC(72) Old regions: 18->19
[2024-07-21T00:55:28.080+0530][gc,heap     ] GC(72) Archive regions: 2->2
[2024-07-21T00:55:28.080+0530][gc,heap     ] GC(72) Humongous regions: 131->131
[2024-07-21T00:55:28.080+0530][gc,metaspace] GC(72) Metaspace: 43028K(43520K)->43028K(43520K) NonClass: 38204K(38464K)->38204K(38464K) Class: 4823K(5056K)->4823K(5056K)
[2024-07-21T00:55:28.080+0530][gc          ] GC(72) Pause Young (Normal) (G1 Evacuation Pause) 763M->150M(1024M) 0.904ms
[2024-07-21T00:55:28.080+0530][gc,cpu      ] GC(72) User=0.00s Sys=0.01s Real=0.00s
[2024-07-21T00:55:29.099+0530][gc,start    ] GC(73) Pause Young (Normal) (G1 Evacuation Pause)
[2024-07-21T00:55:29.099+0530][gc,task     ] GC(73) Using 13 workers of 13 for evacuation
[2024-07-21T00:55:29.100+0530][gc,phases   ] GC(73)   Pre Evacuate Collection Set: 0.1ms
[2024-07-21T00:55:29.100+0530][gc,phases   ] GC(73)   Merge Heap Roots: 0.1ms
[2024-07-21T00:55:29.100+0530][gc,phases   ] GC(73)   Evacuate Collection Set: 0.3ms
[2024-07-21T00:55:29.100+0530][gc,phases   ] GC(73)   Post Evacuate Collection Set: 0.3ms
[2024-07-21T00:55:29.100+0530][gc,phases   ] GC(73)   Other: 0.1ms
[2024-07-21T00:55:29.100+0530][gc,heap     ] GC(73) Eden regions: 613->0(613)
[2024-07-21T00:55:29.100+0530][gc,heap     ] GC(73) Survivor regions: 1->1(77)
[2024-07-21T00:55:29.100+0530][gc,heap     ] GC(73) Old regions: 19->19
[2024-07-21T00:55:29.100+0530][gc,heap     ] GC(73) Archive regions: 2->2
[2024-07-21T00:55:29.100+0530][gc,heap     ] GC(73) Humongous regions: 131->131
[2024-07-21T00:55:29.100+0530][gc,metaspace] GC(73) Metaspace: 43029K(43520K)->43029K(43520K) NonClass: 38206K(38464K)->38206K(38464K) Class: 4823K(5056K)->4823K(5056K)
[2024-07-21T00:55:29.100+0530][gc          ] GC(73) Pause Young (Normal) (G1 Evacuation Pause) 763M->150M(1024M) 0.891ms
[2024-07-21T00:55:29.100+0530][gc,cpu      ] GC(73) User=0.01s Sys=0.01s Real=0.00s
[2024-07-21T00:55:29.732+0530][gc,start    ] GC(74) Pause Young (Normal) (G1 Evacuation Pause)
[2024-07-21T00:55:29.732+0530][gc,task     ] GC(74) Using 13 workers of 13 for evacuation
[2024-07-21T00:55:29.733+0530][gc,phases   ] GC(74)   Pre Evacuate Collection Set: 0.1ms
[2024-07-21T00:55:29.733+0530][gc,phases   ] GC(74)   Merge Heap Roots: 0.1ms
[2024-07-21T00:55:29.733+0530][gc,phases   ] GC(74)   Evacuate Collection Set: 0.4ms
[2024-07-21T00:55:29.733+0530][gc,phases   ] GC(74)   Post Evacuate Collection Set: 0.3ms
[2024-07-21T00:55:29.733+0530][gc,phases   ] GC(74)   Other: 0.1ms
[2024-07-21T00:55:29.733+0530][gc,heap     ] GC(74) Eden regions: 613->0(612)
[2024-07-21T00:55:29.733+0530][gc,heap     ] GC(74) Survivor regions: 1->2(77)
[2024-07-21T00:55:29.733+0530][gc,heap     ] GC(74) Old regions: 19->19
[2024-07-21T00:55:29.733+0530][gc,heap     ] GC(74) Archive regions: 2->2
[2024-07-21T00:55:29.733+0530][gc,heap     ] GC(74) Humongous regions: 131->131
[2024-07-21T00:55:29.733+0530][gc,metaspace] GC(74) Metaspace: 43031K(43520K)->43031K(43520K) NonClass: 38208K(38464K)->38208K(38464K) Class: 4823K(5056K)->4823K(5056K)
[2024-07-21T00:55:29.733+0530][gc          ] GC(74) Pause Young (Normal) (G1 Evacuation Pause) 763M->151M(1024M) 0.889ms
[2024-07-21T00:55:29.733+0530][gc,cpu      ] GC(74) User=0.00s Sys=0.00s Real=0.00s
[2024-07-21T00:55:30.719+0530][gc,start    ] GC(75) Pause Young (Normal) (G1 Evacuation Pause)
[2024-07-21T00:55:30.719+0530][gc,task     ] GC(75) Using 13 workers of 13 for evacuation
[2024-07-21T00:55:30.720+0530][gc,phases   ] GC(75)   Pre Evacuate Collection Set: 0.1ms
[2024-07-21T00:55:30.720+0530][gc,phases   ] GC(75)   Merge Heap Roots: 0.1ms
[2024-07-21T00:55:30.720+0530][gc,phases   ] GC(75)   Evacuate Collection Set: 0.5ms
[2024-07-21T00:55:30.720+0530][gc,phases   ] GC(75)   Post Evacuate Collection Set: 0.4ms
[2024-07-21T00:55:30.720+0530][gc,phases   ] GC(75)   Other: 0.1ms
[2024-07-21T00:55:30.720+0530][gc,heap     ] GC(75) Eden regions: 612->0(613)
[2024-07-21T00:55:30.720+0530][gc,heap     ] GC(75) Survivor regions: 2->1(77)
[2024-07-21T00:55:30.720+0530][gc,heap     ] GC(75) Old regions: 19->19
[2024-07-21T00:55:30.720+0530][gc,heap     ] GC(75) Archive regions: 2->2
[2024-07-21T00:55:30.720+0530][gc,heap     ] GC(75) Humongous regions: 131->131
[2024-07-21T00:55:30.720+0530][gc,metaspace] GC(75) Metaspace: 43031K(43520K)->43031K(43520K) NonClass: 38208K(38464K)->38208K(38464K) Class: 4823K(5056K)->4823K(5056K)
[2024-07-21T00:55:30.720+0530][gc          ] GC(75) Pause Young (Normal) (G1 Evacuation Pause) 763M->150M(1024M) 1.155ms
[2024-07-21T00:55:30.720+0530][gc,cpu      ] GC(75) User=0.01s Sys=0.00s Real=0.00s
[2024-07-21T00:55:31.694+0530][gc,start    ] GC(76) Pause Young (Normal) (G1 Evacuation Pause)
[2024-07-21T00:55:31.694+0530][gc,task     ] GC(76) Using 13 workers of 13 for evacuation
[2024-07-21T00:55:31.695+0530][gc,phases   ] GC(76)   Pre Evacuate Collection Set: 0.1ms
[2024-07-21T00:55:31.695+0530][gc,phases   ] GC(76)   Merge Heap Roots: 0.1ms
[2024-07-21T00:55:31.695+0530][gc,phases   ] GC(76)   Evacuate Collection Set: 0.4ms
[2024-07-21T00:55:31.695+0530][gc,phases   ] GC(76)   Post Evacuate Collection Set: 0.3ms
[2024-07-21T00:55:31.695+0530][gc,phases   ] GC(76)   Other: 0.1ms
[2024-07-21T00:55:31.695+0530][gc,heap     ] GC(76) Eden regions: 613->0(613)
[2024-07-21T00:55:31.695+0530][gc,heap     ] GC(76) Survivor regions: 1->1(77)
[2024-07-21T00:55:31.695+0530][gc,heap     ] GC(76) Old regions: 19->19
[2024-07-21T00:55:31.695+0530][gc,heap     ] GC(76) Archive regions: 2->2
[2024-07-21T00:55:31.695+0530][gc,heap     ] GC(76) Humongous regions: 131->131
[2024-07-21T00:55:31.695+0530][gc,metaspace] GC(76) Metaspace: 43031K(43520K)->43031K(43520K) NonClass: 38208K(38464K)->38208K(38464K) Class: 4823K(5056K)->4823K(5056K)
[2024-07-21T00:55:31.695+0530][gc          ] GC(76) Pause Young (Normal) (G1 Evacuation Pause) 763M->150M(1024M) 0.937ms
[2024-07-21T00:55:31.695+0530][gc,cpu      ] GC(76) User=0.00s Sys=0.00s Real=0.00s
[2024-07-21T00:55:32.901+0530][gc,start    ] GC(77) Pause Young (Normal) (G1 Evacuation Pause)
[2024-07-21T00:55:32.901+0530][gc,task     ] GC(77) Using 13 workers of 13 for evacuation
[2024-07-21T00:55:32.902+0530][gc,phases   ] GC(77)   Pre Evacuate Collection Set: 0.1ms
[2024-07-21T00:55:32.902+0530][gc,phases   ] GC(77)   Merge Heap Roots: 0.1ms
[2024-07-21T00:55:32.902+0530][gc,phases   ] GC(77)   Evacuate Collection Set: 0.3ms
[2024-07-21T00:55:32.902+0530][gc,phases   ] GC(77)   Post Evacuate Collection Set: 0.3ms
[2024-07-21T00:55:32.902+0530][gc,phases   ] GC(77)   Other: 0.1ms
[2024-07-21T00:55:32.902+0530][gc,heap     ] GC(77) Eden regions: 613->0(613)
[2024-07-21T00:55:32.902+0530][gc,heap     ] GC(77) Survivor regions: 1->1(77)
[2024-07-21T00:55:32.902+0530][gc,heap     ] GC(77) Old regions: 19->19
[2024-07-21T00:55:32.902+0530][gc,heap     ] GC(77) Archive regions: 2->2
[2024-07-21T00:55:32.902+0530][gc,heap     ] GC(77) Humongous regions: 131->131
[2024-07-21T00:55:32.902+0530][gc,metaspace] GC(77) Metaspace: 43031K(43520K)->43031K(43520K) NonClass: 38208K(38464K)->38208K(38464K) Class: 4823K(5056K)->4823K(5056K)
[2024-07-21T00:55:32.902+0530][gc          ] GC(77) Pause Young (Normal) (G1 Evacuation Pause) 763M->151M(1024M) 0.833ms
[2024-07-21T00:55:32.902+0530][gc,cpu      ] GC(77) User=0.01s Sys=0.00s Real=0.00s
[2024-07-21T00:55:35.332+0530][gc,start    ] GC(78) Pause Young (Normal) (G1 Evacuation Pause)
[2024-07-21T00:55:35.332+0530][gc,task     ] GC(78) Using 13 workers of 13 for evacuation
[2024-07-21T00:55:35.332+0530][gc,phases   ] GC(78)   Pre Evacuate Collection Set: 0.1ms
[2024-07-21T00:55:35.332+0530][gc,phases   ] GC(78)   Merge Heap Roots: 0.1ms
[2024-07-21T00:55:35.332+0530][gc,phases   ] GC(78)   Evacuate Collection Set: 0.3ms
[2024-07-21T00:55:35.332+0530][gc,phases   ] GC(78)   Post Evacuate Collection Set: 0.3ms
[2024-07-21T00:55:35.332+0530][gc,phases   ] GC(78)   Other: 0.1ms
[2024-07-21T00:55:35.332+0530][gc,heap     ] GC(78) Eden regions: 613->0(613)
[2024-07-21T00:55:35.332+0530][gc,heap     ] GC(78) Survivor regions: 1->1(77)
[2024-07-21T00:55:35.332+0530][gc,heap     ] GC(78) Old regions: 19->19
[2024-07-21T00:55:35.332+0530][gc,heap     ] GC(78) Archive regions: 2->2
[2024-07-21T00:55:35.332+0530][gc,heap     ] GC(78) Humongous regions: 131->131
[2024-07-21T00:55:35.332+0530][gc,metaspace] GC(78) Metaspace: 43031K(43520K)->43031K(43520K) NonClass: 38208K(38464K)->38208K(38464K) Class: 4823K(5056K)->4823K(5056K)
[2024-07-21T00:55:35.333+0530][gc          ] GC(78) Pause Young (Normal) (G1 Evacuation Pause) 764M->151M(1024M) 0.861ms
[2024-07-21T00:55:35.333+0530][gc,cpu      ] GC(78) User=0.01s Sys=0.00s Real=0.00s
[2024-07-21T00:55:38.716+0530][gc,start    ] GC(79) Pause Young (Normal) (G1 Evacuation Pause)
[2024-07-21T00:55:39.925+0530][gc,task     ] GC(79) Using 13 workers of 13 for evacuation
[2024-07-21T00:55:39.929+0530][gc,phases   ] GC(79)   Pre Evacuate Collection Set: 0.3ms
[2024-07-21T00:55:39.929+0530][gc,phases   ] GC(79)   Merge Heap Roots: 0.3ms
[2024-07-21T00:55:39.929+0530][gc,phases   ] GC(79)   Evacuate Collection Set: 1.5ms
[2024-07-21T00:55:39.929+0530][gc,phases   ] GC(79)   Post Evacuate Collection Set: 1.0ms
[2024-07-21T00:55:39.929+0530][gc,phases   ] GC(79)   Other: 1210.0ms
[2024-07-21T00:55:39.929+0530][gc,heap     ] GC(79) Eden regions: 613->0(613)
[2024-07-21T00:55:39.929+0530][gc,heap     ] GC(79) Survivor regions: 1->1(77)
[2024-07-21T00:55:39.929+0530][gc,heap     ] GC(79) Old regions: 19->19
[2024-07-21T00:55:39.929+0530][gc,heap     ] GC(79) Archive regions: 2->2
[2024-07-21T00:55:39.929+0530][gc,heap     ] GC(79) Humongous regions: 131->131
[2024-07-21T00:55:39.929+0530][gc,metaspace] GC(79) Metaspace: 43032K(43520K)->43032K(43520K) NonClass: 38209K(38464K)->38209K(38464K) Class: 4823K(5056K)->4823K(5056K)
[2024-07-21T00:55:39.929+0530][gc          ] GC(79) Pause Young (Normal) (G1 Evacuation Pause) 764M->151M(1024M) 1213.364ms
[2024-07-21T00:55:39.929+0530][gc,cpu      ] GC(79) User=0.03s Sys=0.00s Real=1.21s
[2024-07-21T00:55:44.400+0530][gc,start    ] GC(80) Pause Young (Normal) (G1 Evacuation Pause)
[2024-07-21T00:55:44.400+0530][gc,task     ] GC(80) Using 13 workers of 13 for evacuation
[2024-07-21T00:55:44.401+0530][gc,phases   ] GC(80)   Pre Evacuate Collection Set: 0.1ms
[2024-07-21T00:55:44.401+0530][gc,phases   ] GC(80)   Merge Heap Roots: 0.1ms
[2024-07-21T00:55:44.401+0530][gc,phases   ] GC(80)   Evacuate Collection Set: 0.4ms
[2024-07-21T00:55:44.401+0530][gc,phases   ] GC(80)   Post Evacuate Collection Set: 0.4ms
[2024-07-21T00:55:44.401+0530][gc,phases   ] GC(80)   Other: 0.1ms
[2024-07-21T00:55:44.401+0530][gc,heap     ] GC(80) Eden regions: 613->0(613)
[2024-07-21T00:55:44.401+0530][gc,heap     ] GC(80) Survivor regions: 1->1(77)
[2024-07-21T00:55:44.401+0530][gc,heap     ] GC(80) Old regions: 19->19
[2024-07-21T00:55:44.401+0530][gc,heap     ] GC(80) Archive regions: 2->2
[2024-07-21T00:55:44.401+0530][gc,heap     ] GC(80) Humongous regions: 131->131
[2024-07-21T00:55:44.401+0530][gc,metaspace] GC(80) Metaspace: 43038K(43584K)->43038K(43584K) NonClass: 38215K(38528K)->38215K(38528K) Class: 4823K(5056K)->4823K(5056K)
[2024-07-21T00:55:44.401+0530][gc          ] GC(80) Pause Young (Normal) (G1 Evacuation Pause) 764M->151M(1024M) 1.059ms
[2024-07-21T00:55:44.401+0530][gc,cpu      ] GC(80) User=0.00s Sys=0.00s Real=0.00s
[2024-07-21T00:55:45.029+0530][gc,start    ] GC(81) Pause Young (Normal) (G1 Evacuation Pause)
[2024-07-21T00:55:45.029+0530][gc,task     ] GC(81) Using 13 workers of 13 for evacuation
[2024-07-21T00:55:45.030+0530][gc,phases   ] GC(81)   Pre Evacuate Collection Set: 0.1ms
[2024-07-21T00:55:45.030+0530][gc,phases   ] GC(81)   Merge Heap Roots: 0.1ms
[2024-07-21T00:55:45.030+0530][gc,phases   ] GC(81)   Evacuate Collection Set: 0.4ms
[2024-07-21T00:55:45.030+0530][gc,phases   ] GC(81)   Post Evacuate Collection Set: 0.3ms
[2024-07-21T00:55:45.030+0530][gc,phases   ] GC(81)   Other: 0.1ms
[2024-07-21T00:55:45.030+0530][gc,heap     ] GC(81) Eden regions: 613->0(613)
[2024-07-21T00:55:45.030+0530][gc,heap     ] GC(81) Survivor regions: 1->1(77)
[2024-07-21T00:55:45.030+0530][gc,heap     ] GC(81) Old regions: 19->19
[2024-07-21T00:55:45.030+0530][gc,heap     ] GC(81) Archive regions: 2->2
[2024-07-21T00:55:45.030+0530][gc,heap     ] GC(81) Humongous regions: 131->131
[2024-07-21T00:55:45.030+0530][gc,metaspace] GC(81) Metaspace: 43040K(43584K)->43040K(43584K) NonClass: 38217K(38528K)->38217K(38528K) Class: 4823K(5056K)->4823K(5056K)
[2024-07-21T00:55:45.030+0530][gc          ] GC(81) Pause Young (Normal) (G1 Evacuation Pause) 764M->151M(1024M) 1.019ms
[2024-07-21T00:55:45.030+0530][gc,cpu      ] GC(81) User=0.00s Sys=0.01s Real=0.00s
[2024-07-21T00:55:45.910+0530][gc,start    ] GC(82) Pause Young (Normal) (G1 Evacuation Pause)
[2024-07-21T00:55:45.910+0530][gc,task     ] GC(82) Using 13 workers of 13 for evacuation
[2024-07-21T00:55:45.911+0530][gc,phases   ] GC(82)   Pre Evacuate Collection Set: 0.1ms
[2024-07-21T00:55:45.911+0530][gc,phases   ] GC(82)   Merge Heap Roots: 0.1ms
[2024-07-21T00:55:45.911+0530][gc,phases   ] GC(82)   Evacuate Collection Set: 0.3ms
[2024-07-21T00:55:45.911+0530][gc,phases   ] GC(82)   Post Evacuate Collection Set: 0.3ms
[2024-07-21T00:55:45.911+0530][gc,phases   ] GC(82)   Other: 0.1ms
[2024-07-21T00:55:45.911+0530][gc,heap     ] GC(82) Eden regions: 613->0(613)
[2024-07-21T00:55:45.911+0530][gc,heap     ] GC(82) Survivor regions: 1->1(77)
[2024-07-21T00:55:45.911+0530][gc,heap     ] GC(82) Old regions: 19->19
[2024-07-21T00:55:45.911+0530][gc,heap     ] GC(82) Archive regions: 2->2
[2024-07-21T00:55:45.911+0530][gc,heap     ] GC(82) Humongous regions: 131->131
[2024-07-21T00:55:45.911+0530][gc,metaspace] GC(82) Metaspace: 43041K(43584K)->43041K(43584K) NonClass: 38218K(38528K)->38218K(38528K) Class: 4823K(5056K)->4823K(5056K)
[2024-07-21T00:55:45.911+0530][gc          ] GC(82) Pause Young (Normal) (G1 Evacuation Pause) 764M->151M(1024M) 0.840ms
[2024-07-21T00:55:45.911+0530][gc,cpu      ] GC(82) User=0.00s Sys=0.00s Real=0.00s
[2024-07-21T00:55:46.714+0530][gc,start    ] GC(83) Pause Young (Normal) (G1 Evacuation Pause)
[2024-07-21T00:55:46.714+0530][gc,task     ] GC(83) Using 13 workers of 13 for evacuation
[2024-07-21T00:55:46.715+0530][gc,phases   ] GC(83)   Pre Evacuate Collection Set: 0.1ms
[2024-07-21T00:55:46.715+0530][gc,phases   ] GC(83)   Merge Heap Roots: 0.1ms
[2024-07-21T00:55:46.715+0530][gc,phases   ] GC(83)   Evacuate Collection Set: 0.3ms
[2024-07-21T00:55:46.715+0530][gc,phases   ] GC(83)   Post Evacuate Collection Set: 0.3ms
[2024-07-21T00:55:46.715+0530][gc,phases   ] GC(83)   Other: 0.1ms
[2024-07-21T00:55:46.715+0530][gc,heap     ] GC(83) Eden regions: 613->0(613)
[2024-07-21T00:55:46.715+0530][gc,heap     ] GC(83) Survivor regions: 1->1(77)
[2024-07-21T00:55:46.715+0530][gc,heap     ] GC(83) Old regions: 19->19
[2024-07-21T00:55:46.715+0530][gc,heap     ] GC(83) Archive regions: 2->2
[2024-07-21T00:55:46.715+0530][gc,heap     ] GC(83) Humongous regions: 131->131
[2024-07-21T00:55:46.715+0530][gc,metaspace] GC(83) Metaspace: 43043K(43584K)->43043K(43584K) NonClass: 38220K(38528K)->38220K(38528K) Class: 4823K(5056K)->4823K(5056K)
[2024-07-21T00:55:46.715+0530][gc          ] GC(83) Pause Young (Normal) (G1 Evacuation Pause) 764M->151M(1024M) 0.842ms
[2024-07-21T00:55:46.715+0530][gc,cpu      ] GC(83) User=0.00s Sys=0.00s Real=0.00s
[2024-07-21T00:56:14.523+0530][gc,start    ] GC(84) Pause Young (Normal) (G1 Evacuation Pause)
[2024-07-21T00:56:14.524+0530][gc,task     ] GC(84) Using 13 workers of 13 for evacuation
[2024-07-21T00:56:14.525+0530][gc,phases   ] GC(84)   Pre Evacuate Collection Set: 0.1ms
[2024-07-21T00:56:14.525+0530][gc,phases   ] GC(84)   Merge Heap Roots: 0.1ms
[2024-07-21T00:56:14.525+0530][gc,phases   ] GC(84)   Evacuate Collection Set: 0.4ms
[2024-07-21T00:56:14.525+0530][gc,phases   ] GC(84)   Post Evacuate Collection Set: 0.3ms
[2024-07-21T00:56:14.525+0530][gc,phases   ] GC(84)   Other: 0.1ms
[2024-07-21T00:56:14.525+0530][gc,heap     ] GC(84) Eden regions: 613->0(613)
[2024-07-21T00:56:14.525+0530][gc,heap     ] GC(84) Survivor regions: 1->1(77)
[2024-07-21T00:56:14.525+0530][gc,heap     ] GC(84) Old regions: 19->19
[2024-07-21T00:56:14.525+0530][gc,heap     ] GC(84) Archive regions: 2->2
[2024-07-21T00:56:14.525+0530][gc,heap     ] GC(84) Humongous regions: 131->131
[2024-07-21T00:56:14.525+0530][gc,metaspace] GC(84) Metaspace: 43050K(43584K)->43050K(43584K) NonClass: 38226K(38528K)->38226K(38528K) Class: 4823K(5056K)->4823K(5056K)
[2024-07-21T00:56:14.525+0530][gc          ] GC(84) Pause Young (Normal) (G1 Evacuation Pause) 764M->151M(1024M) 1.081ms
[2024-07-21T00:56:14.525+0530][gc,cpu      ] GC(84) User=0.01s Sys=0.00s Real=0.00s
[2024-07-21T00:56:44.649+0530][gc,start    ] GC(85) Pause Young (Normal) (G1 Evacuation Pause)
[2024-07-21T00:56:44.649+0530][gc,task     ] GC(85) Using 13 workers of 13 for evacuation
[2024-07-21T00:56:44.650+0530][gc,phases   ] GC(85)   Pre Evacuate Collection Set: 0.1ms
[2024-07-21T00:56:44.650+0530][gc,phases   ] GC(85)   Merge Heap Roots: 0.2ms
[2024-07-21T00:56:44.650+0530][gc,phases   ] GC(85)   Evacuate Collection Set: 0.5ms
[2024-07-21T00:56:44.650+0530][gc,phases   ] GC(85)   Post Evacuate Collection Set: 0.3ms
[2024-07-21T00:56:44.650+0530][gc,phases   ] GC(85)   Other: 0.1ms
[2024-07-21T00:56:44.650+0530][gc,heap     ] GC(85) Eden regions: 613->0(613)
[2024-07-21T00:56:44.650+0530][gc,heap     ] GC(85) Survivor regions: 1->1(77)
[2024-07-21T00:56:44.650+0530][gc,heap     ] GC(85) Old regions: 19->19
[2024-07-21T00:56:44.650+0530][gc,heap     ] GC(85) Archive regions: 2->2
[2024-07-21T00:56:44.650+0530][gc,heap     ] GC(85) Humongous regions: 131->131
[2024-07-21T00:56:44.650+0530][gc,metaspace] GC(85) Metaspace: 43055K(43584K)->43055K(43584K) NonClass: 38231K(38528K)->38231K(38528K) Class: 4823K(5056K)->4823K(5056K)
[2024-07-21T00:56:44.650+0530][gc          ] GC(85) Pause Young (Normal) (G1 Evacuation Pause) 764M->151M(1024M) 1.130ms
[2024-07-21T00:56:44.650+0530][gc,cpu      ] GC(85) User=0.01s Sys=0.00s Real=0.00s
[2024-07-21T00:57:29.543+0530][gc,start    ] GC(86) Pause Young (Normal) (G1 Evacuation Pause)
[2024-07-21T00:57:29.543+0530][gc,task     ] GC(86) Using 13 workers of 13 for evacuation
[2024-07-21T00:57:29.544+0530][gc,phases   ] GC(86)   Pre Evacuate Collection Set: 0.1ms
[2024-07-21T00:57:29.544+0530][gc,phases   ] GC(86)   Merge Heap Roots: 0.1ms
[2024-07-21T00:57:29.544+0530][gc,phases   ] GC(86)   Evacuate Collection Set: 0.4ms
[2024-07-21T00:57:29.544+0530][gc,phases   ] GC(86)   Post Evacuate Collection Set: 0.4ms
[2024-07-21T00:57:29.544+0530][gc,phases   ] GC(86)   Other: 0.1ms
[2024-07-21T00:57:29.544+0530][gc,heap     ] GC(86) Eden regions: 613->0(613)
[2024-07-21T00:57:29.544+0530][gc,heap     ] GC(86) Survivor regions: 1->1(77)
[2024-07-21T00:57:29.544+0530][gc,heap     ] GC(86) Old regions: 19->19
[2024-07-21T00:57:29.544+0530][gc,heap     ] GC(86) Archive regions: 2->2
[2024-07-21T00:57:29.544+0530][gc,heap     ] GC(86) Humongous regions: 131->131
[2024-07-21T00:57:29.544+0530][gc,metaspace] GC(86) Metaspace: 43058K(43584K)->43058K(43584K) NonClass: 38234K(38528K)->38234K(38528K) Class: 4823K(5056K)->4823K(5056K)
[2024-07-21T00:57:29.544+0530][gc          ] GC(86) Pause Young (Normal) (G1 Evacuation Pause) 764M->151M(1024M) 1.149ms
[2024-07-21T00:57:29.544+0530][gc,cpu      ] GC(86) User=0.01s Sys=0.00s Real=0.01s
[2024-07-21T00:57:59.702+0530][gc,start    ] GC(87) Pause Young (Normal) (G1 Evacuation Pause)
[2024-07-21T00:57:59.702+0530][gc,task     ] GC(87) Using 13 workers of 13 for evacuation
[2024-07-21T00:57:59.703+0530][gc,phases   ] GC(87)   Pre Evacuate Collection Set: 0.1ms
[2024-07-21T00:57:59.703+0530][gc,phases   ] GC(87)   Merge Heap Roots: 0.2ms
[2024-07-21T00:57:59.703+0530][gc,phases   ] GC(87)   Evacuate Collection Set: 0.5ms
[2024-07-21T00:57:59.703+0530][gc,phases   ] GC(87)   Post Evacuate Collection Set: 0.2ms
[2024-07-21T00:57:59.703+0530][gc,phases   ] GC(87)   Other: 0.1ms
[2024-07-21T00:57:59.703+0530][gc,heap     ] GC(87) Eden regions: 613->0(613)
[2024-07-21T00:57:59.703+0530][gc,heap     ] GC(87) Survivor regions: 1->1(77)
[2024-07-21T00:57:59.703+0530][gc,heap     ] GC(87) Old regions: 19->19
[2024-07-21T00:57:59.703+0530][gc,heap     ] GC(87) Archive regions: 2->2
[2024-07-21T00:57:59.703+0530][gc,heap     ] GC(87) Humongous regions: 131->131
[2024-07-21T00:57:59.703+0530][gc,metaspace] GC(87) Metaspace: 43061K(43584K)->43061K(43584K) NonClass: 38237K(38528K)->38237K(38528K) Class: 4823K(5056K)->4823K(5056K)
[2024-07-21T00:57:59.703+0530][gc          ] GC(87) Pause Young (Normal) (G1 Evacuation Pause) 764M->151M(1024M) 1.099ms
[2024-07-21T00:57:59.703+0530][gc,cpu      ] GC(87) User=0.01s Sys=0.00s Real=0.00s
[2024-07-21T06:58:37.175+0530][gc,start    ] GC(88) Pause Young (Normal) (G1 Evacuation Pause)
[2024-07-21T06:58:37.175+0530][gc,task     ] GC(88) Using 13 workers of 13 for evacuation
[2024-07-21T06:58:37.176+0530][gc,phases   ] GC(88)   Pre Evacuate Collection Set: 0.1ms
[2024-07-21T06:58:37.176+0530][gc,phases   ] GC(88)   Merge Heap Roots: 0.2ms
[2024-07-21T06:58:37.176+0530][gc,phases   ] GC(88)   Evacuate Collection Set: 0.5ms
[2024-07-21T06:58:37.176+0530][gc,phases   ] GC(88)   Post Evacuate Collection Set: 0.3ms
[2024-07-21T06:58:37.176+0530][gc,phases   ] GC(88)   Other: 0.1ms
[2024-07-21T06:58:37.176+0530][gc,heap     ] GC(88) Eden regions: 613->0(613)
[2024-07-21T06:58:37.176+0530][gc,heap     ] GC(88) Survivor regions: 1->1(77)
[2024-07-21T06:58:37.176+0530][gc,heap     ] GC(88) Old regions: 19->20
[2024-07-21T06:58:37.176+0530][gc,heap     ] GC(88) Archive regions: 2->2
[2024-07-21T06:58:37.176+0530][gc,heap     ] GC(88) Humongous regions: 131->131
[2024-07-21T06:58:37.176+0530][gc,metaspace] GC(88) Metaspace: 43067K(43584K)->43067K(43584K) NonClass: 38243K(38528K)->38243K(38528K) Class: 4823K(5056K)->4823K(5056K)
[2024-07-21T06:58:37.176+0530][gc          ] GC(88) Pause Young (Normal) (G1 Evacuation Pause) 764M->151M(1024M) 1.204ms
[2024-07-21T06:58:37.176+0530][gc,cpu      ] GC(88) User=0.01s Sys=0.00s Real=0.00s
[2024-07-21T06:59:22.073+0530][gc,start    ] GC(89) Pause Young (Normal) (G1 Evacuation Pause)
[2024-07-21T06:59:22.073+0530][gc,task     ] GC(89) Using 13 workers of 13 for evacuation
[2024-07-21T06:59:22.074+0530][gc,phases   ] GC(89)   Pre Evacuate Collection Set: 0.1ms
[2024-07-21T06:59:22.074+0530][gc,phases   ] GC(89)   Merge Heap Roots: 0.1ms
[2024-07-21T06:59:22.074+0530][gc,phases   ] GC(89)   Evacuate Collection Set: 0.3ms
[2024-07-21T06:59:22.074+0530][gc,phases   ] GC(89)   Post Evacuate Collection Set: 0.3ms
[2024-07-21T06:59:22.074+0530][gc,phases   ] GC(89)   Other: 0.1ms
[2024-07-21T06:59:22.074+0530][gc,heap     ] GC(89) Eden regions: 613->0(613)
[2024-07-21T06:59:22.074+0530][gc,heap     ] GC(89) Survivor regions: 1->1(77)
[2024-07-21T06:59:22.074+0530][gc,heap     ] GC(89) Old regions: 20->20
[2024-07-21T06:59:22.074+0530][gc,heap     ] GC(89) Archive regions: 2->2
[2024-07-21T06:59:22.074+0530][gc,heap     ] GC(89) Humongous regions: 131->131
[2024-07-21T06:59:22.074+0530][gc,metaspace] GC(89) Metaspace: 43073K(43584K)->43073K(43584K) NonClass: 38250K(38528K)->38250K(38528K) Class: 4823K(5056K)->4823K(5056K)
[2024-07-21T06:59:22.074+0530][gc          ] GC(89) Pause Young (Normal) (G1 Evacuation Pause) 764M->151M(1024M) 0.849ms
[2024-07-21T06:59:22.074+0530][gc,cpu      ] GC(89) User=0.01s Sys=0.00s Real=0.00s
[2024-07-21T06:59:52.216+0530][gc,start    ] GC(90) Pause Young (Normal) (G1 Evacuation Pause)
[2024-07-21T06:59:52.216+0530][gc,task     ] GC(90) Using 13 workers of 13 for evacuation
[2024-07-21T06:59:52.217+0530][gc,phases   ] GC(90)   Pre Evacuate Collection Set: 0.1ms
[2024-07-21T06:59:52.217+0530][gc,phases   ] GC(90)   Merge Heap Roots: 0.1ms
[2024-07-21T06:59:52.217+0530][gc,phases   ] GC(90)   Evacuate Collection Set: 0.3ms
[2024-07-21T06:59:52.217+0530][gc,phases   ] GC(90)   Post Evacuate Collection Set: 0.2ms
[2024-07-21T06:59:52.217+0530][gc,phases   ] GC(90)   Other: 0.1ms
[2024-07-21T06:59:52.217+0530][gc,heap     ] GC(90) Eden regions: 613->0(613)
[2024-07-21T06:59:52.217+0530][gc,heap     ] GC(90) Survivor regions: 1->1(77)
[2024-07-21T06:59:52.217+0530][gc,heap     ] GC(90) Old regions: 20->20
[2024-07-21T06:59:52.217+0530][gc,heap     ] GC(90) Archive regions: 2->2
[2024-07-21T06:59:52.217+0530][gc,heap     ] GC(90) Humongous regions: 131->131
[2024-07-21T06:59:52.217+0530][gc,metaspace] GC(90) Metaspace: 43075K(43584K)->43075K(43584K) NonClass: 38251K(38528K)->38251K(38528K) Class: 4823K(5056K)->4823K(5056K)
[2024-07-21T06:59:52.217+0530][gc          ] GC(90) Pause Young (Normal) (G1 Evacuation Pause) 764M->151M(1024M) 0.866ms
[2024-07-21T06:59:52.217+0530][gc,cpu      ] GC(90) User=0.01s Sys=0.01s Real=0.00s
[2024-07-21T07:00:37.107+0530][gc,start    ] GC(91) Pause Young (Normal) (G1 Evacuation Pause)
[2024-07-21T07:00:37.107+0530][gc,task     ] GC(91) Using 13 workers of 13 for evacuation
[2024-07-21T07:00:37.108+0530][gc,phases   ] GC(91)   Pre Evacuate Collection Set: 0.1ms
[2024-07-21T07:00:37.108+0530][gc,phases   ] GC(91)   Merge Heap Roots: 0.2ms
[2024-07-21T07:00:37.108+0530][gc,phases   ] GC(91)   Evacuate Collection Set: 0.4ms
[2024-07-21T07:00:37.108+0530][gc,phases   ] GC(91)   Post Evacuate Collection Set: 0.3ms
[2024-07-21T07:00:37.108+0530][gc,phases   ] GC(91)   Other: 0.1ms
[2024-07-21T07:00:37.108+0530][gc,heap     ] GC(91) Eden regions: 613->0(613)
[2024-07-21T07:00:37.108+0530][gc,heap     ] GC(91) Survivor regions: 1->1(77)
[2024-07-21T07:00:37.108+0530][gc,heap     ] GC(91) Old regions: 20->20
[2024-07-21T07:00:37.108+0530][gc,heap     ] GC(91) Archive regions: 2->2
[2024-07-21T07:00:37.108+0530][gc,heap     ] GC(91) Humongous regions: 131->131
[2024-07-21T07:00:37.108+0530][gc,metaspace] GC(91) Metaspace: 43106K(43648K)->43106K(43648K) NonClass: 38282K(38592K)->38282K(38592K) Class: 4823K(5056K)->4823K(5056K)
[2024-07-21T07:00:37.108+0530][gc          ] GC(91) Pause Young (Normal) (G1 Evacuation Pause) 764M->151M(1024M) 1.164ms
[2024-07-21T07:00:37.108+0530][gc,cpu      ] GC(91) User=0.01s Sys=0.00s Real=0.00s
[2024-07-21T07:01:07.254+0530][gc,start    ] GC(92) Pause Young (Normal) (G1 Evacuation Pause)
[2024-07-21T07:01:07.254+0530][gc,task     ] GC(92) Using 13 workers of 13 for evacuation
[2024-07-21T07:01:07.255+0530][gc,phases   ] GC(92)   Pre Evacuate Collection Set: 0.1ms
[2024-07-21T07:01:07.255+0530][gc,phases   ] GC(92)   Merge Heap Roots: 0.1ms
[2024-07-21T07:01:07.255+0530][gc,phases   ] GC(92)   Evacuate Collection Set: 0.4ms
[2024-07-21T07:01:07.255+0530][gc,phases   ] GC(92)   Post Evacuate Collection Set: 0.4ms
[2024-07-21T07:01:07.255+0530][gc,phases   ] GC(92)   Other: 0.1ms
[2024-07-21T07:01:07.255+0530][gc,heap     ] GC(92) Eden regions: 613->0(613)
[2024-07-21T07:01:07.255+0530][gc,heap     ] GC(92) Survivor regions: 1->1(77)
[2024-07-21T07:01:07.255+0530][gc,heap     ] GC(92) Old regions: 20->20
[2024-07-21T07:01:07.255+0530][gc,heap     ] GC(92) Archive regions: 2->2
[2024-07-21T07:01:07.255+0530][gc,heap     ] GC(92) Humongous regions: 131->131
[2024-07-21T07:01:07.255+0530][gc,metaspace] GC(92) Metaspace: 43117K(43648K)->43117K(43648K) NonClass: 38293K(38592K)->38293K(38592K) Class: 4823K(5056K)->4823K(5056K)
[2024-07-21T07:01:07.255+0530][gc          ] GC(92) Pause Young (Normal) (G1 Evacuation Pause) 764M->151M(1024M) 1.091ms
[2024-07-21T07:01:07.255+0530][gc,cpu      ] GC(92) User=0.00s Sys=0.00s Real=0.00s
[2024-07-21T07:01:52.157+0530][gc,start    ] GC(93) Pause Young (Normal) (G1 Evacuation Pause)
[2024-07-21T07:01:52.157+0530][gc,task     ] GC(93) Using 13 workers of 13 for evacuation
[2024-07-21T07:01:52.158+0530][gc,phases   ] GC(93)   Pre Evacuate Collection Set: 0.1ms
[2024-07-21T07:01:52.158+0530][gc,phases   ] GC(93)   Merge Heap Roots: 0.1ms
[2024-07-21T07:01:52.158+0530][gc,phases   ] GC(93)   Evacuate Collection Set: 0.4ms
[2024-07-21T07:01:52.158+0530][gc,phases   ] GC(93)   Post Evacuate Collection Set: 0.4ms
[2024-07-21T07:01:52.158+0530][gc,phases   ] GC(93)   Other: 0.1ms
[2024-07-21T07:01:52.158+0530][gc,heap     ] GC(93) Eden regions: 613->0(613)
[2024-07-21T07:01:52.158+0530][gc,heap     ] GC(93) Survivor regions: 1->1(77)
[2024-07-21T07:01:52.158+0530][gc,heap     ] GC(93) Old regions: 20->20
[2024-07-21T07:01:52.158+0530][gc,heap     ] GC(93) Archive regions: 2->2
[2024-07-21T07:01:52.158+0530][gc,heap     ] GC(93) Humongous regions: 131->131
[2024-07-21T07:01:52.158+0530][gc,metaspace] GC(93) Metaspace: 43127K(43648K)->43127K(43648K) NonClass: 38303K(38592K)->38303K(38592K) Class: 4823K(5056K)->4823K(5056K)
[2024-07-21T07:01:52.158+0530][gc          ] GC(93) Pause Young (Normal) (G1 Evacuation Pause) 764M->151M(1024M) 1.034ms
[2024-07-21T07:01:52.158+0530][gc,cpu      ] GC(93) User=0.00s Sys=0.00s Real=0.00s
[2024-07-21T07:02:22.272+0530][gc,start    ] GC(94) Pause Young (Normal) (G1 Evacuation Pause)
[2024-07-21T07:02:22.272+0530][gc,task     ] GC(94) Using 13 workers of 13 for evacuation
[2024-07-21T07:02:22.273+0530][gc,phases   ] GC(94)   Pre Evacuate Collection Set: 0.1ms
[2024-07-21T07:02:22.273+0530][gc,phases   ] GC(94)   Merge Heap Roots: 0.1ms
[2024-07-21T07:02:22.273+0530][gc,phases   ] GC(94)   Evacuate Collection Set: 0.4ms
[2024-07-21T07:02:22.273+0530][gc,phases   ] GC(94)   Post Evacuate Collection Set: 0.3ms
[2024-07-21T07:02:22.273+0530][gc,phases   ] GC(94)   Other: 0.1ms
[2024-07-21T07:02:22.273+0530][gc,heap     ] GC(94) Eden regions: 613->0(613)
[2024-07-21T07:02:22.273+0530][gc,heap     ] GC(94) Survivor regions: 1->1(77)
[2024-07-21T07:02:22.273+0530][gc,heap     ] GC(94) Old regions: 20->20
[2024-07-21T07:02:22.273+0530][gc,heap     ] GC(94) Archive regions: 2->2
[2024-07-21T07:02:22.273+0530][gc,heap     ] GC(94) Humongous regions: 131->131
[2024-07-21T07:02:22.273+0530][gc,metaspace] GC(94) Metaspace: 43199K(43712K)->43199K(43712K) NonClass: 38375K(38656K)->38375K(38656K) Class: 4823K(5056K)->4823K(5056K)
[2024-07-21T07:02:22.273+0530][gc          ] GC(94) Pause Young (Normal) (G1 Evacuation Pause) 764M->151M(1024M) 1.014ms
[2024-07-21T07:02:22.273+0530][gc,cpu      ] GC(94) User=0.00s Sys=0.00s Real=0.00s
[2024-07-21T07:03:07.180+0530][gc,start    ] GC(95) Pause Young (Normal) (G1 Evacuation Pause)
[2024-07-21T07:03:07.180+0530][gc,task     ] GC(95) Using 13 workers of 13 for evacuation
[2024-07-21T07:03:07.181+0530][gc,phases   ] GC(95)   Pre Evacuate Collection Set: 0.1ms
[2024-07-21T07:03:07.181+0530][gc,phases   ] GC(95)   Merge Heap Roots: 0.2ms
[2024-07-21T07:03:07.181+0530][gc,phases   ] GC(95)   Evacuate Collection Set: 0.3ms
[2024-07-21T07:03:07.181+0530][gc,phases   ] GC(95)   Post Evacuate Collection Set: 0.3ms
[2024-07-21T07:03:07.181+0530][gc,phases   ] GC(95)   Other: 0.1ms
[2024-07-21T07:03:07.181+0530][gc,heap     ] GC(95) Eden regions: 613->0(613)
[2024-07-21T07:03:07.181+0530][gc,heap     ] GC(95) Survivor regions: 1->1(77)
[2024-07-21T07:03:07.181+0530][gc,heap     ] GC(95) Old regions: 20->20
[2024-07-21T07:03:07.181+0530][gc,heap     ] GC(95) Archive regions: 2->2
[2024-07-21T07:03:07.181+0530][gc,heap     ] GC(95) Humongous regions: 131->131
[2024-07-21T07:03:07.181+0530][gc,metaspace] GC(95) Metaspace: 43208K(43712K)->43208K(43712K) NonClass: 38382K(38656K)->38382K(38656K) Class: 4825K(5056K)->4825K(5056K)
[2024-07-21T07:03:07.181+0530][gc          ] GC(95) Pause Young (Normal) (G1 Evacuation Pause) 764M->151M(1024M) 1.018ms
[2024-07-21T07:03:07.181+0530][gc,cpu      ] GC(95) User=0.00s Sys=0.00s Real=0.00s
[2024-07-21T07:03:52.078+0530][gc,start    ] GC(96) Pause Young (Normal) (G1 Evacuation Pause)
[2024-07-21T07:03:52.078+0530][gc,task     ] GC(96) Using 13 workers of 13 for evacuation
[2024-07-21T07:03:52.079+0530][gc,phases   ] GC(96)   Pre Evacuate Collection Set: 0.1ms
[2024-07-21T07:03:52.079+0530][gc,phases   ] GC(96)   Merge Heap Roots: 0.2ms
[2024-07-21T07:03:52.079+0530][gc,phases   ] GC(96)   Evacuate Collection Set: 0.4ms
[2024-07-21T07:03:52.079+0530][gc,phases   ] GC(96)   Post Evacuate Collection Set: 0.4ms
[2024-07-21T07:03:52.079+0530][gc,phases   ] GC(96)   Other: 0.1ms
[2024-07-21T07:03:52.079+0530][gc,heap     ] GC(96) Eden regions: 613->0(613)
[2024-07-21T07:03:52.079+0530][gc,heap     ] GC(96) Survivor regions: 1->1(77)
[2024-07-21T07:03:52.079+0530][gc,heap     ] GC(96) Old regions: 20->20
[2024-07-21T07:03:52.079+0530][gc,heap     ] GC(96) Archive regions: 2->2
[2024-07-21T07:03:52.079+0530][gc,heap     ] GC(96) Humongous regions: 131->131
[2024-07-21T07:03:52.079+0530][gc,metaspace] GC(96) Metaspace: 43208K(43712K)->43208K(43712K) NonClass: 38382K(38656K)->38382K(38656K) Class: 4825K(5056K)->4825K(5056K)
[2024-07-21T07:03:52.079+0530][gc          ] GC(96) Pause Young (Normal) (G1 Evacuation Pause) 764M->151M(1024M) 1.153ms
[2024-07-21T07:03:52.079+0530][gc,cpu      ] GC(96) User=0.00s Sys=0.01s Real=0.00s
[2024-07-21T07:04:22.203+0530][gc,start    ] GC(97) Pause Young (Normal) (G1 Evacuation Pause)
[2024-07-21T07:04:22.203+0530][gc,task     ] GC(97) Using 13 workers of 13 for evacuation
[2024-07-21T07:04:22.204+0530][gc,phases   ] GC(97)   Pre Evacuate Collection Set: 0.1ms
[2024-07-21T07:04:22.204+0530][gc,phases   ] GC(97)   Merge Heap Roots: 0.2ms
[2024-07-21T07:04:22.204+0530][gc,phases   ] GC(97)   Evacuate Collection Set: 0.4ms
[2024-07-21T07:04:22.204+0530][gc,phases   ] GC(97)   Post Evacuate Collection Set: 0.4ms
[2024-07-21T07:04:22.204+0530][gc,phases   ] GC(97)   Other: 0.1ms
[2024-07-21T07:04:22.204+0530][gc,heap     ] GC(97) Eden regions: 613->0(613)
[2024-07-21T07:04:22.204+0530][gc,heap     ] GC(97) Survivor regions: 1->1(77)
[2024-07-21T07:04:22.204+0530][gc,heap     ] GC(97) Old regions: 20->20
[2024-07-21T07:04:22.204+0530][gc,heap     ] GC(97) Archive regions: 2->2
[2024-07-21T07:04:22.204+0530][gc,heap     ] GC(97) Humongous regions: 131->131
[2024-07-21T07:04:22.204+0530][gc,metaspace] GC(97) Metaspace: 43215K(43712K)->43215K(43712K) NonClass: 38389K(38656K)->38389K(38656K) Class: 4825K(5056K)->4825K(5056K)
[2024-07-21T07:04:22.204+0530][gc          ] GC(97) Pause Young (Normal) (G1 Evacuation Pause) 764M->151M(1024M) 1.131ms
[2024-07-21T07:04:22.204+0530][gc,cpu      ] GC(97) User=0.00s Sys=0.00s Real=0.00s
[2024-07-21T07:05:07.112+0530][gc,start    ] GC(98) Pause Young (Normal) (G1 Evacuation Pause)
[2024-07-21T07:05:07.112+0530][gc,task     ] GC(98) Using 13 workers of 13 for evacuation
[2024-07-21T07:05:07.113+0530][gc,phases   ] GC(98)   Pre Evacuate Collection Set: 0.1ms
[2024-07-21T07:05:07.113+0530][gc,phases   ] GC(98)   Merge Heap Roots: 0.1ms
[2024-07-21T07:05:07.113+0530][gc,phases   ] GC(98)   Evacuate Collection Set: 0.3ms
[2024-07-21T07:05:07.113+0530][gc,phases   ] GC(98)   Post Evacuate Collection Set: 0.3ms
[2024-07-21T07:05:07.113+0530][gc,phases   ] GC(98)   Other: 0.1ms
[2024-07-21T07:05:07.113+0530][gc,heap     ] GC(98) Eden regions: 613->0(613)
[2024-07-21T07:05:07.113+0530][gc,heap     ] GC(98) Survivor regions: 1->1(77)
[2024-07-21T07:05:07.113+0530][gc,heap     ] GC(98) Old regions: 20->20
[2024-07-21T07:05:07.113+0530][gc,heap     ] GC(98) Archive regions: 2->2
[2024-07-21T07:05:07.113+0530][gc,heap     ] GC(98) Humongous regions: 131->131
[2024-07-21T07:05:07.113+0530][gc,metaspace] GC(98) Metaspace: 43215K(43712K)->43215K(43712K) NonClass: 38390K(38656K)->38390K(38656K) Class: 4825K(5056K)->4825K(5056K)
[2024-07-21T07:05:07.113+0530][gc          ] GC(98) Pause Young (Normal) (G1 Evacuation Pause) 764M->151M(1024M) 0.825ms
[2024-07-21T07:05:07.113+0530][gc,cpu      ] GC(98) User=0.01s Sys=0.00s Real=0.00s
[2024-07-21T07:05:37.253+0530][gc,start    ] GC(99) Pause Young (Normal) (G1 Evacuation Pause)
[2024-07-21T07:05:37.253+0530][gc,task     ] GC(99) Using 13 workers of 13 for evacuation
[2024-07-21T07:05:37.254+0530][gc,phases   ] GC(99)   Pre Evacuate Collection Set: 0.1ms
[2024-07-21T07:05:37.254+0530][gc,phases   ] GC(99)   Merge Heap Roots: 0.1ms
[2024-07-21T07:05:37.254+0530][gc,phases   ] GC(99)   Evacuate Collection Set: 0.4ms
[2024-07-21T07:05:37.254+0530][gc,phases   ] GC(99)   Post Evacuate Collection Set: 0.3ms
[2024-07-21T07:05:37.254+0530][gc,phases   ] GC(99)   Other: 0.1ms
[2024-07-21T07:05:37.254+0530][gc,heap     ] GC(99) Eden regions: 613->0(613)
[2024-07-21T07:05:37.254+0530][gc,heap     ] GC(99) Survivor regions: 1->1(77)
[2024-07-21T07:05:37.254+0530][gc,heap     ] GC(99) Old regions: 20->20
[2024-07-21T07:05:37.254+0530][gc,heap     ] GC(99) Archive regions: 2->2
[2024-07-21T07:05:37.254+0530][gc,heap     ] GC(99) Humongous regions: 131->131
[2024-07-21T07:05:37.254+0530][gc,metaspace] GC(99) Metaspace: 43215K(43712K)->43215K(43712K) NonClass: 38390K(38656K)->38390K(38656K) Class: 4825K(5056K)->4825K(5056K)
[2024-07-21T07:05:37.254+0530][gc          ] GC(99) Pause Young (Normal) (G1 Evacuation Pause) 764M->151M(1024M) 1.023ms
[2024-07-21T07:05:37.254+0530][gc,cpu      ] GC(99) User=0.01s Sys=0.00s Real=0.00s
[2024-07-21T07:06:22.148+0530][gc,start    ] GC(100) Pause Young (Normal) (G1 Evacuation Pause)
[2024-07-21T07:06:22.148+0530][gc,task     ] GC(100) Using 13 workers of 13 for evacuation
[2024-07-21T07:06:22.149+0530][gc,phases   ] GC(100)   Pre Evacuate Collection Set: 0.1ms
[2024-07-21T07:06:22.149+0530][gc,phases   ] GC(100)   Merge Heap Roots: 0.2ms
[2024-07-21T07:06:22.149+0530][gc,phases   ] GC(100)   Evacuate Collection Set: 0.3ms
[2024-07-21T07:06:22.149+0530][gc,phases   ] GC(100)   Post Evacuate Collection Set: 0.3ms
[2024-07-21T07:06:22.149+0530][gc,phases   ] GC(100)   Other: 0.1ms
[2024-07-21T07:06:22.149+0530][gc,heap     ] GC(100) Eden regions: 613->0(613)
[2024-07-21T07:06:22.149+0530][gc,heap     ] GC(100) Survivor regions: 1->1(77)
[2024-07-21T07:06:22.149+0530][gc,heap     ] GC(100) Old regions: 20->20
[2024-07-21T07:06:22.149+0530][gc,heap     ] GC(100) Archive regions: 2->2
[2024-07-21T07:06:22.149+0530][gc,heap     ] GC(100) Humongous regions: 131->131
[2024-07-21T07:06:22.149+0530][gc,metaspace] GC(100) Metaspace: 43218K(43712K)->43218K(43712K) NonClass: 38393K(38656K)->38393K(38656K) Class: 4825K(5056K)->4825K(5056K)
[2024-07-21T07:06:22.149+0530][gc          ] GC(100) Pause Young (Normal) (G1 Evacuation Pause) 764M->151M(1024M) 1.034ms
[2024-07-21T07:06:22.149+0530][gc,cpu      ] GC(100) User=0.00s Sys=0.00s Real=0.00s
[2024-07-21T07:06:52.294+0530][gc,start    ] GC(101) Pause Young (Normal) (G1 Evacuation Pause)
[2024-07-21T07:06:52.294+0530][gc,task     ] GC(101) Using 13 workers of 13 for evacuation
[2024-07-21T07:06:52.295+0530][gc,phases   ] GC(101)   Pre Evacuate Collection Set: 0.1ms
[2024-07-21T07:06:52.295+0530][gc,phases   ] GC(101)   Merge Heap Roots: 0.1ms
[2024-07-21T07:06:52.295+0530][gc,phases   ] GC(101)   Evacuate Collection Set: 0.3ms
[2024-07-21T07:06:52.295+0530][gc,phases   ] GC(101)   Post Evacuate Collection Set: 0.3ms
[2024-07-21T07:06:52.295+0530][gc,phases   ] GC(101)   Other: 0.1ms
[2024-07-21T07:06:52.295+0530][gc,heap     ] GC(101) Eden regions: 613->0(613)
[2024-07-21T07:06:52.295+0530][gc,heap     ] GC(101) Survivor regions: 1->1(77)
[2024-07-21T07:06:52.295+0530][gc,heap     ] GC(101) Old regions: 20->20
[2024-07-21T07:06:52.295+0530][gc,heap     ] GC(101) Archive regions: 2->2
[2024-07-21T07:06:52.295+0530][gc,heap     ] GC(101) Humongous regions: 131->131
[2024-07-21T07:06:52.295+0530][gc,metaspace] GC(101) Metaspace: 43219K(43712K)->43219K(43712K) NonClass: 38393K(38656K)->38393K(38656K) Class: 4825K(5056K)->4825K(5056K)
[2024-07-21T07:06:52.295+0530][gc          ] GC(101) Pause Young (Normal) (G1 Evacuation Pause) 764M->151M(1024M) 0.970ms
[2024-07-21T07:06:52.295+0530][gc,cpu      ] GC(101) User=0.00s Sys=0.00s Real=0.00s
[2024-07-21T07:07:37.192+0530][gc,start    ] GC(102) Pause Young (Normal) (G1 Evacuation Pause)
[2024-07-21T07:07:37.192+0530][gc,task     ] GC(102) Using 13 workers of 13 for evacuation
[2024-07-21T07:07:37.193+0530][gc,phases   ] GC(102)   Pre Evacuate Collection Set: 0.1ms
[2024-07-21T07:07:37.193+0530][gc,phases   ] GC(102)   Merge Heap Roots: 0.1ms
[2024-07-21T07:07:37.193+0530][gc,phases   ] GC(102)   Evacuate Collection Set: 0.3ms
[2024-07-21T07:07:37.193+0530][gc,phases   ] GC(102)   Post Evacuate Collection Set: 0.2ms
[2024-07-21T07:07:37.193+0530][gc,phases   ] GC(102)   Other: 0.1ms
[2024-07-21T07:07:37.193+0530][gc,heap     ] GC(102) Eden regions: 613->0(613)
[2024-07-21T07:07:37.193+0530][gc,heap     ] GC(102) Survivor regions: 1->1(77)
[2024-07-21T07:07:37.193+0530][gc,heap     ] GC(102) Old regions: 20->20
[2024-07-21T07:07:37.193+0530][gc,heap     ] GC(102) Archive regions: 2->2
[2024-07-21T07:07:37.193+0530][gc,heap     ] GC(102) Humongous regions: 131->131
[2024-07-21T07:07:37.193+0530][gc,metaspace] GC(102) Metaspace: 43219K(43712K)->43219K(43712K) NonClass: 38393K(38656K)->38393K(38656K) Class: 4825K(5056K)->4825K(5056K)
[2024-07-21T07:07:37.193+0530][gc          ] GC(102) Pause Young (Normal) (G1 Evacuation Pause) 764M->151M(1024M) 0.881ms
[2024-07-21T07:07:37.193+0530][gc,cpu      ] GC(102) User=0.00s Sys=0.00s Real=0.00s
[2024-07-21T07:08:22.068+0530][gc,start    ] GC(103) Pause Young (Normal) (G1 Evacuation Pause)
[2024-07-21T07:08:22.068+0530][gc,task     ] GC(103) Using 13 workers of 13 for evacuation
[2024-07-21T07:08:22.069+0530][gc,phases   ] GC(103)   Pre Evacuate Collection Set: 0.1ms
[2024-07-21T07:08:22.069+0530][gc,phases   ] GC(103)   Merge Heap Roots: 0.1ms
[2024-07-21T07:08:22.069+0530][gc,phases   ] GC(103)   Evacuate Collection Set: 0.3ms
[2024-07-21T07:08:22.069+0530][gc,phases   ] GC(103)   Post Evacuate Collection Set: 0.4ms
[2024-07-21T07:08:22.069+0530][gc,phases   ] GC(103)   Other: 0.1ms
[2024-07-21T07:08:22.069+0530][gc,heap     ] GC(103) Eden regions: 613->0(613)
[2024-07-21T07:08:22.069+0530][gc,heap     ] GC(103) Survivor regions: 1->1(77)
[2024-07-21T07:08:22.069+0530][gc,heap     ] GC(103) Old regions: 20->20
[2024-07-21T07:08:22.069+0530][gc,heap     ] GC(103) Archive regions: 2->2
[2024-07-21T07:08:22.069+0530][gc,heap     ] GC(103) Humongous regions: 131->131
[2024-07-21T07:08:22.069+0530][gc,metaspace] GC(103) Metaspace: 43219K(43712K)->43219K(43712K) NonClass: 38394K(38656K)->38394K(38656K) Class: 4825K(5056K)->4825K(5056K)
[2024-07-21T07:08:22.069+0530][gc          ] GC(103) Pause Young (Normal) (G1 Evacuation Pause) 764M->151M(1024M) 1.120ms
[2024-07-21T07:08:22.069+0530][gc,cpu      ] GC(103) User=0.01s Sys=0.01s Real=0.00s
[2024-07-21T07:08:52.220+0530][gc,start    ] GC(104) Pause Young (Normal) (G1 Evacuation Pause)
[2024-07-21T07:08:52.220+0530][gc,task     ] GC(104) Using 13 workers of 13 for evacuation
[2024-07-21T07:08:52.221+0530][gc,phases   ] GC(104)   Pre Evacuate Collection Set: 0.1ms
[2024-07-21T07:08:52.221+0530][gc,phases   ] GC(104)   Merge Heap Roots: 0.1ms
[2024-07-21T07:08:52.221+0530][gc,phases   ] GC(104)   Evacuate Collection Set: 0.2ms
[2024-07-21T07:08:52.221+0530][gc,phases   ] GC(104)   Post Evacuate Collection Set: 0.2ms
[2024-07-21T07:08:52.221+0530][gc,phases   ] GC(104)   Other: 0.1ms
[2024-07-21T07:08:52.221+0530][gc,heap     ] GC(104) Eden regions: 613->0(613)
[2024-07-21T07:08:52.221+0530][gc,heap     ] GC(104) Survivor regions: 1->1(77)
[2024-07-21T07:08:52.221+0530][gc,heap     ] GC(104) Old regions: 20->20
[2024-07-21T07:08:52.221+0530][gc,heap     ] GC(104) Archive regions: 2->2
[2024-07-21T07:08:52.221+0530][gc,heap     ] GC(104) Humongous regions: 131->131
[2024-07-21T07:08:52.221+0530][gc,metaspace] GC(104) Metaspace: 43232K(43712K)->43232K(43712K) NonClass: 38406K(38656K)->38406K(38656K) Class: 4825K(5056K)->4825K(5056K)
[2024-07-21T07:08:52.221+0530][gc          ] GC(104) Pause Young (Normal) (G1 Evacuation Pause) 764M->151M(1024M) 0.689ms
[2024-07-21T07:08:52.221+0530][gc,cpu      ] GC(104) User=0.01s Sys=0.00s Real=0.00s
[2024-07-21T07:09:37.122+0530][gc,start    ] GC(105) Pause Young (Normal) (G1 Evacuation Pause)
[2024-07-21T07:09:37.122+0530][gc,task     ] GC(105) Using 13 workers of 13 for evacuation
[2024-07-21T07:09:37.123+0530][gc,phases   ] GC(105)   Pre Evacuate Collection Set: 0.1ms
[2024-07-21T07:09:37.123+0530][gc,phases   ] GC(105)   Merge Heap Roots: 0.1ms
[2024-07-21T07:09:37.123+0530][gc,phases   ] GC(105)   Evacuate Collection Set: 0.2ms
[2024-07-21T07:09:37.123+0530][gc,phases   ] GC(105)   Post Evacuate Collection Set: 0.3ms
[2024-07-21T07:09:37.123+0530][gc,phases   ] GC(105)   Other: 0.1ms
[2024-07-21T07:09:37.123+0530][gc,heap     ] GC(105) Eden regions: 613->0(613)
[2024-07-21T07:09:37.123+0530][gc,heap     ] GC(105) Survivor regions: 1->1(77)
[2024-07-21T07:09:37.123+0530][gc,heap     ] GC(105) Old regions: 20->20
[2024-07-21T07:09:37.123+0530][gc,heap     ] GC(105) Archive regions: 2->2
[2024-07-21T07:09:37.123+0530][gc,heap     ] GC(105) Humongous regions: 131->131
[2024-07-21T07:09:37.123+0530][gc,metaspace] GC(105) Metaspace: 43232K(43712K)->43232K(43712K) NonClass: 38406K(38656K)->38406K(38656K) Class: 4825K(5056K)->4825K(5056K)
[2024-07-21T07:09:37.123+0530][gc          ] GC(105) Pause Young (Normal) (G1 Evacuation Pause) 764M->151M(1024M) 0.880ms
[2024-07-21T07:09:37.123+0530][gc,cpu      ] GC(105) User=0.00s Sys=0.00s Real=0.00s
[2024-07-21T07:10:07.256+0530][gc,start    ] GC(106) Pause Young (Normal) (G1 Evacuation Pause)
[2024-07-21T07:10:07.256+0530][gc,task     ] GC(106) Using 13 workers of 13 for evacuation
[2024-07-21T07:10:07.257+0530][gc,phases   ] GC(106)   Pre Evacuate Collection Set: 0.1ms
[2024-07-21T07:10:07.257+0530][gc,phases   ] GC(106)   Merge Heap Roots: 0.1ms
[2024-07-21T07:10:07.257+0530][gc,phases   ] GC(106)   Evacuate Collection Set: 0.3ms
[2024-07-21T07:10:07.257+0530][gc,phases   ] GC(106)   Post Evacuate Collection Set: 0.2ms
[2024-07-21T07:10:07.257+0530][gc,phases   ] GC(106)   Other: 0.1ms
[2024-07-21T07:10:07.257+0530][gc,heap     ] GC(106) Eden regions: 613->0(613)
[2024-07-21T07:10:07.257+0530][gc,heap     ] GC(106) Survivor regions: 1->1(77)
[2024-07-21T07:10:07.257+0530][gc,heap     ] GC(106) Old regions: 20->20
[2024-07-21T07:10:07.257+0530][gc,heap     ] GC(106) Archive regions: 2->2
[2024-07-21T07:10:07.257+0530][gc,heap     ] GC(106) Humongous regions: 131->131
[2024-07-21T07:10:07.257+0530][gc,metaspace] GC(106) Metaspace: 43233K(43712K)->43233K(43712K) NonClass: 38407K(38656K)->38407K(38656K) Class: 4825K(5056K)->4825K(5056K)
[2024-07-21T07:10:07.257+0530][gc          ] GC(106) Pause Young (Normal) (G1 Evacuation Pause) 764M->151M(1024M) 0.856ms
[2024-07-21T07:10:07.257+0530][gc,cpu      ] GC(106) User=0.00s Sys=0.00s Real=0.00s
[2024-07-21T07:10:52.159+0530][gc,start    ] GC(107) Pause Young (Normal) (G1 Evacuation Pause)
[2024-07-21T07:10:52.159+0530][gc,task     ] GC(107) Using 13 workers of 13 for evacuation
[2024-07-21T07:10:52.160+0530][gc,phases   ] GC(107)   Pre Evacuate Collection Set: 0.2ms
[2024-07-21T07:10:52.160+0530][gc,phases   ] GC(107)   Merge Heap Roots: 0.1ms
[2024-07-21T07:10:52.160+0530][gc,phases   ] GC(107)   Evacuate Collection Set: 0.3ms
[2024-07-21T07:10:52.160+0530][gc,phases   ] GC(107)   Post Evacuate Collection Set: 0.4ms
[2024-07-21T07:10:52.160+0530][gc,phases   ] GC(107)   Other: 0.1ms
[2024-07-21T07:10:52.160+0530][gc,heap     ] GC(107) Eden regions: 613->0(613)
[2024-07-21T07:10:52.160+0530][gc,heap     ] GC(107) Survivor regions: 1->1(77)
[2024-07-21T07:10:52.160+0530][gc,heap     ] GC(107) Old regions: 20->20
[2024-07-21T07:10:52.160+0530][gc,heap     ] GC(107) Archive regions: 2->2
[2024-07-21T07:10:52.160+0530][gc,heap     ] GC(107) Humongous regions: 131->131
[2024-07-21T07:10:52.160+0530][gc,metaspace] GC(107) Metaspace: 43237K(43712K)->43237K(43712K) NonClass: 38411K(38656K)->38411K(38656K) Class: 4825K(5056K)->4825K(5056K)
[2024-07-21T07:10:52.160+0530][gc          ] GC(107) Pause Young (Normal) (G1 Evacuation Pause) 764M->151M(1024M) 1.131ms
[2024-07-21T07:10:52.160+0530][gc,cpu      ] GC(107) User=0.00s Sys=0.00s Real=0.00s
[2024-07-21T07:11:37.034+0530][gc,start    ] GC(108) Pause Young (Normal) (G1 Evacuation Pause)
[2024-07-21T07:11:37.034+0530][gc,task     ] GC(108) Using 13 workers of 13 for evacuation
[2024-07-21T07:11:37.035+0530][gc,phases   ] GC(108)   Pre Evacuate Collection Set: 0.1ms
[2024-07-21T07:11:37.035+0530][gc,phases   ] GC(108)   Merge Heap Roots: 0.2ms
[2024-07-21T07:11:37.035+0530][gc,phases   ] GC(108)   Evacuate Collection Set: 0.3ms
[2024-07-21T07:11:37.035+0530][gc,phases   ] GC(108)   Post Evacuate Collection Set: 0.3ms
[2024-07-21T07:11:37.035+0530][gc,phases   ] GC(108)   Other: 0.1ms
[2024-07-21T07:11:37.035+0530][gc,heap     ] GC(108) Eden regions: 613->0(613)
[2024-07-21T07:11:37.035+0530][gc,heap     ] GC(108) Survivor regions: 1->1(77)
[2024-07-21T07:11:37.035+0530][gc,heap     ] GC(108) Old regions: 20->20
[2024-07-21T07:11:37.035+0530][gc,heap     ] GC(108) Archive regions: 2->2
[2024-07-21T07:11:37.035+0530][gc,heap     ] GC(108) Humongous regions: 131->131
[2024-07-21T07:11:37.035+0530][gc,metaspace] GC(108) Metaspace: 43237K(43712K)->43237K(43712K) NonClass: 38411K(38656K)->38411K(38656K) Class: 4825K(5056K)->4825K(5056K)
[2024-07-21T07:11:37.035+0530][gc          ] GC(108) Pause Young (Normal) (G1 Evacuation Pause) 764M->151M(1024M) 0.955ms
[2024-07-21T07:11:37.035+0530][gc,cpu      ] GC(108) User=0.00s Sys=0.01s Real=0.00s
[2024-07-21T07:12:07.187+0530][gc,start    ] GC(109) Pause Young (Normal) (G1 Evacuation Pause)
[2024-07-21T07:12:07.187+0530][gc,task     ] GC(109) Using 13 workers of 13 for evacuation
[2024-07-21T07:12:07.188+0530][gc,phases   ] GC(109)   Pre Evacuate Collection Set: 0.1ms
[2024-07-21T07:12:07.188+0530][gc,phases   ] GC(109)   Merge Heap Roots: 0.2ms
[2024-07-21T07:12:07.188+0530][gc,phases   ] GC(109)   Evacuate Collection Set: 0.3ms
[2024-07-21T07:12:07.188+0530][gc,phases   ] GC(109)   Post Evacuate Collection Set: 0.3ms
[2024-07-21T07:12:07.188+0530][gc,phases   ] GC(109)   Other: 0.1ms
[2024-07-21T07:12:07.188+0530][gc,heap     ] GC(109) Eden regions: 613->0(613)
[2024-07-21T07:12:07.188+0530][gc,heap     ] GC(109) Survivor regions: 1->1(77)
[2024-07-21T07:12:07.188+0530][gc,heap     ] GC(109) Old regions: 20->20
[2024-07-21T07:12:07.188+0530][gc,heap     ] GC(109) Archive regions: 2->2
[2024-07-21T07:12:07.188+0530][gc,heap     ] GC(109) Humongous regions: 131->131
[2024-07-21T07:12:07.188+0530][gc,metaspace] GC(109) Metaspace: 43238K(43712K)->43238K(43712K) NonClass: 38413K(38656K)->38413K(38656K) Class: 4825K(5056K)->4825K(5056K)
[2024-07-21T07:12:07.188+0530][gc          ] GC(109) Pause Young (Normal) (G1 Evacuation Pause) 764M->151M(1024M) 1.111ms
[2024-07-21T07:12:07.188+0530][gc,cpu      ] GC(109) User=0.00s Sys=0.00s Real=0.00s
[2024-07-21T07:12:52.091+0530][gc,start    ] GC(110) Pause Young (Normal) (G1 Evacuation Pause)
[2024-07-21T07:12:52.091+0530][gc,task     ] GC(110) Using 13 workers of 13 for evacuation
[2024-07-21T07:12:52.092+0530][gc,phases   ] GC(110)   Pre Evacuate Collection Set: 0.1ms
[2024-07-21T07:12:52.092+0530][gc,phases   ] GC(110)   Merge Heap Roots: 0.1ms
[2024-07-21T07:12:52.092+0530][gc,phases   ] GC(110)   Evacuate Collection Set: 0.3ms
[2024-07-21T07:12:52.092+0530][gc,phases   ] GC(110)   Post Evacuate Collection Set: 0.3ms
[2024-07-21T07:12:52.092+0530][gc,phases   ] GC(110)   Other: 0.1ms
[2024-07-21T07:12:52.092+0530][gc,heap     ] GC(110) Eden regions: 613->0(613)
[2024-07-21T07:12:52.092+0530][gc,heap     ] GC(110) Survivor regions: 1->1(77)
[2024-07-21T07:12:52.092+0530][gc,heap     ] GC(110) Old regions: 20->20
[2024-07-21T07:12:52.092+0530][gc,heap     ] GC(110) Archive regions: 2->2
[2024-07-21T07:12:52.092+0530][gc,heap     ] GC(110) Humongous regions: 131->131
[2024-07-21T07:12:52.092+0530][gc,metaspace] GC(110) Metaspace: 43250K(43776K)->43250K(43776K) NonClass: 38425K(38720K)->38425K(38720K) Class: 4825K(5056K)->4825K(5056K)
[2024-07-21T07:12:52.092+0530][gc          ] GC(110) Pause Young (Normal) (G1 Evacuation Pause) 764M->151M(1024M) 0.941ms
[2024-07-21T07:12:52.092+0530][gc,cpu      ] GC(110) User=0.00s Sys=0.00s Real=0.00s
[2024-07-21T07:13:22.218+0530][gc,start    ] GC(111) Pause Young (Normal) (G1 Evacuation Pause)
[2024-07-21T07:13:22.218+0530][gc,task     ] GC(111) Using 13 workers of 13 for evacuation
[2024-07-21T07:13:22.218+0530][gc,phases   ] GC(111)   Pre Evacuate Collection Set: 0.1ms
[2024-07-21T07:13:22.218+0530][gc,phases   ] GC(111)   Merge Heap Roots: 0.1ms
[2024-07-21T07:13:22.218+0530][gc,phases   ] GC(111)   Evacuate Collection Set: 0.2ms
[2024-07-21T07:13:22.218+0530][gc,phases   ] GC(111)   Post Evacuate Collection Set: 0.3ms
[2024-07-21T07:13:22.218+0530][gc,phases   ] GC(111)   Other: 0.1ms
[2024-07-21T07:13:22.218+0530][gc,heap     ] GC(111) Eden regions: 613->0(613)
[2024-07-21T07:13:22.218+0530][gc,heap     ] GC(111) Survivor regions: 1->1(77)
[2024-07-21T07:13:22.218+0530][gc,heap     ] GC(111) Old regions: 20->20
[2024-07-21T07:13:22.218+0530][gc,heap     ] GC(111) Archive regions: 2->2
[2024-07-21T07:13:22.218+0530][gc,heap     ] GC(111) Humongous regions: 131->131
[2024-07-21T07:13:22.218+0530][gc,metaspace] GC(111) Metaspace: 43258K(43776K)->43258K(43776K) NonClass: 38433K(38720K)->38433K(38720K) Class: 4825K(5056K)->4825K(5056K)
[2024-07-21T07:13:22.218+0530][gc          ] GC(111) Pause Young (Normal) (G1 Evacuation Pause) 764M->151M(1024M) 0.866ms
[2024-07-21T07:13:22.218+0530][gc,cpu      ] GC(111) User=0.01s Sys=0.00s Real=0.00s
[2024-07-21T07:14:07.115+0530][gc,start    ] GC(112) Pause Young (Normal) (G1 Evacuation Pause)
[2024-07-21T07:14:07.115+0530][gc,task     ] GC(112) Using 13 workers of 13 for evacuation
[2024-07-21T07:14:07.116+0530][gc,phases   ] GC(112)   Pre Evacuate Collection Set: 0.1ms
[2024-07-21T07:14:07.116+0530][gc,phases   ] GC(112)   Merge Heap Roots: 0.1ms
[2024-07-21T07:14:07.116+0530][gc,phases   ] GC(112)   Evacuate Collection Set: 0.2ms
[2024-07-21T07:14:07.116+0530][gc,phases   ] GC(112)   Post Evacuate Collection Set: 0.2ms
[2024-07-21T07:14:07.116+0530][gc,phases   ] GC(112)   Other: 0.1ms
[2024-07-21T07:14:07.116+0530][gc,heap     ] GC(112) Eden regions: 613->0(613)
[2024-07-21T07:14:07.116+0530][gc,heap     ] GC(112) Survivor regions: 1->1(77)
[2024-07-21T07:14:07.116+0530][gc,heap     ] GC(112) Old regions: 20->20
[2024-07-21T07:14:07.116+0530][gc,heap     ] GC(112) Archive regions: 2->2
[2024-07-21T07:14:07.116+0530][gc,heap     ] GC(112) Humongous regions: 131->131
[2024-07-21T07:14:07.116+0530][gc,metaspace] GC(112) Metaspace: 43258K(43776K)->43258K(43776K) NonClass: 38433K(38720K)->38433K(38720K) Class: 4825K(5056K)->4825K(5056K)
[2024-07-21T07:14:07.116+0530][gc          ] GC(112) Pause Young (Normal) (G1 Evacuation Pause) 764M->151M(1024M) 0.790ms
[2024-07-21T07:14:07.116+0530][gc,cpu      ] GC(112) User=0.00s Sys=0.00s Real=0.00s
[2024-07-21T07:14:37.273+0530][gc,start    ] GC(113) Pause Young (Normal) (G1 Evacuation Pause)
[2024-07-21T07:14:37.273+0530][gc,task     ] GC(113) Using 13 workers of 13 for evacuation
[2024-07-21T07:14:37.274+0530][gc,phases   ] GC(113)   Pre Evacuate Collection Set: 0.1ms
[2024-07-21T07:14:37.274+0530][gc,phases   ] GC(113)   Merge Heap Roots: 0.1ms
[2024-07-21T07:14:37.274+0530][gc,phases   ] GC(113)   Evacuate Collection Set: 0.2ms
[2024-07-21T07:14:37.274+0530][gc,phases   ] GC(113)   Post Evacuate Collection Set: 0.3ms
[2024-07-21T07:14:37.274+0530][gc,phases   ] GC(113)   Other: 0.1ms
[2024-07-21T07:14:37.274+0530][gc,heap     ] GC(113) Eden regions: 613->0(613)
[2024-07-21T07:14:37.274+0530][gc,heap     ] GC(113) Survivor regions: 1->1(77)
[2024-07-21T07:14:37.274+0530][gc,heap     ] GC(113) Old regions: 20->20
[2024-07-21T07:14:37.274+0530][gc,heap     ] GC(113) Archive regions: 2->2
[2024-07-21T07:14:37.274+0530][gc,heap     ] GC(113) Humongous regions: 131->131
[2024-07-21T07:14:37.274+0530][gc,metaspace] GC(113) Metaspace: 43258K(43776K)->43258K(43776K) NonClass: 38433K(38720K)->38433K(38720K) Class: 4825K(5056K)->4825K(5056K)
[2024-07-21T07:14:37.274+0530][gc          ] GC(113) Pause Young (Normal) (G1 Evacuation Pause) 764M->151M(1024M) 0.876ms
[2024-07-21T07:14:37.274+0530][gc,cpu      ] GC(113) User=0.01s Sys=0.00s Real=0.00s
[2024-07-21T07:15:22.151+0530][gc,start    ] GC(114) Pause Young (Normal) (G1 Evacuation Pause)
[2024-07-21T07:15:22.151+0530][gc,task     ] GC(114) Using 13 workers of 13 for evacuation
[2024-07-21T07:15:22.152+0530][gc,phases   ] GC(114)   Pre Evacuate Collection Set: 0.1ms
[2024-07-21T07:15:22.152+0530][gc,phases   ] GC(114)   Merge Heap Roots: 0.2ms
[2024-07-21T07:15:22.152+0530][gc,phases   ] GC(114)   Evacuate Collection Set: 0.2ms
[2024-07-21T07:15:22.152+0530][gc,phases   ] GC(114)   Post Evacuate Collection Set: 0.2ms
[2024-07-21T07:15:22.152+0530][gc,phases   ] GC(114)   Other: 0.1ms
[2024-07-21T07:15:22.152+0530][gc,heap     ] GC(114) Eden regions: 613->0(613)
[2024-07-21T07:15:22.152+0530][gc,heap     ] GC(114) Survivor regions: 1->1(77)
[2024-07-21T07:15:22.152+0530][gc,heap     ] GC(114) Old regions: 20->20
[2024-07-21T07:15:22.152+0530][gc,heap     ] GC(114) Archive regions: 2->2
[2024-07-21T07:15:22.152+0530][gc,heap     ] GC(114) Humongous regions: 131->131
[2024-07-21T07:15:22.152+0530][gc,metaspace] GC(114) Metaspace: 43262K(43776K)->43262K(43776K) NonClass: 38436K(38720K)->38436K(38720K) Class: 4825K(5056K)->4825K(5056K)
[2024-07-21T07:15:22.152+0530][gc          ] GC(114) Pause Young (Normal) (G1 Evacuation Pause) 764M->151M(1024M) 0.820ms
[2024-07-21T07:15:22.152+0530][gc,cpu      ] GC(114) User=0.00s Sys=0.01s Real=0.00s
[2024-07-21T07:16:07.046+0530][gc,start    ] GC(115) Pause Young (Normal) (G1 Evacuation Pause)
[2024-07-21T07:16:07.046+0530][gc,task     ] GC(115) Using 13 workers of 13 for evacuation
[2024-07-21T07:16:07.046+0530][gc,phases   ] GC(115)   Pre Evacuate Collection Set: 0.1ms
[2024-07-21T07:16:07.046+0530][gc,phases   ] GC(115)   Merge Heap Roots: 0.1ms
[2024-07-21T07:16:07.046+0530][gc,phases   ] GC(115)   Evacuate Collection Set: 0.2ms
[2024-07-21T07:16:07.046+0530][gc,phases   ] GC(115)   Post Evacuate Collection Set: 0.3ms
[2024-07-21T07:16:07.046+0530][gc,phases   ] GC(115)   Other: 0.1ms
[2024-07-21T07:16:07.046+0530][gc,heap     ] GC(115) Eden regions: 613->0(613)
[2024-07-21T07:16:07.046+0530][gc,heap     ] GC(115) Survivor regions: 1->1(77)
[2024-07-21T07:16:07.046+0530][gc,heap     ] GC(115) Old regions: 20->20
[2024-07-21T07:16:07.046+0530][gc,heap     ] GC(115) Archive regions: 2->2
[2024-07-21T07:16:07.046+0530][gc,heap     ] GC(115) Humongous regions: 131->131
[2024-07-21T07:16:07.046+0530][gc,metaspace] GC(115) Metaspace: 43262K(43776K)->43262K(43776K) NonClass: 38436K(38720K)->38436K(38720K) Class: 4825K(5056K)->4825K(5056K)
[2024-07-21T07:16:07.046+0530][gc          ] GC(115) Pause Young (Normal) (G1 Evacuation Pause) 764M->151M(1024M) 0.809ms
[2024-07-21T07:16:07.046+0530][gc,cpu      ] GC(115) User=0.00s Sys=0.00s Real=0.00s
[2024-07-21T07:16:37.201+0530][gc,start    ] GC(116) Pause Young (Normal) (G1 Evacuation Pause)
[2024-07-21T07:16:37.201+0530][gc,task     ] GC(116) Using 13 workers of 13 for evacuation
[2024-07-21T07:16:37.202+0530][gc,phases   ] GC(116)   Pre Evacuate Collection Set: 0.1ms
[2024-07-21T07:16:37.202+0530][gc,phases   ] GC(116)   Merge Heap Roots: 0.1ms
[2024-07-21T07:16:37.202+0530][gc,phases   ] GC(116)   Evacuate Collection Set: 0.2ms
[2024-07-21T07:16:37.202+0530][gc,phases   ] GC(116)   Post Evacuate Collection Set: 0.3ms
[2024-07-21T07:16:37.202+0530][gc,phases   ] GC(116)   Other: 0.1ms
[2024-07-21T07:16:37.202+0530][gc,heap     ] GC(116) Eden regions: 613->0(613)
[2024-07-21T07:16:37.202+0530][gc,heap     ] GC(116) Survivor regions: 1->1(77)
[2024-07-21T07:16:37.202+0530][gc,heap     ] GC(116) Old regions: 20->20
[2024-07-21T07:16:37.202+0530][gc,heap     ] GC(116) Archive regions: 2->2
[2024-07-21T07:16:37.202+0530][gc,heap     ] GC(116) Humongous regions: 131->131
[2024-07-21T07:16:37.202+0530][gc,metaspace] GC(116) Metaspace: 43283K(43776K)->43283K(43776K) NonClass: 38458K(38720K)->38458K(38720K) Class: 4825K(5056K)->4825K(5056K)
[2024-07-21T07:16:37.202+0530][gc          ] GC(116) Pause Young (Normal) (G1 Evacuation Pause) 764M->151M(1024M) 0.763ms
[2024-07-21T07:16:37.202+0530][gc,cpu      ] GC(116) User=0.01s Sys=0.00s Real=0.01s
[2024-07-21T07:17:22.082+0530][gc,start    ] GC(117) Pause Young (Normal) (G1 Evacuation Pause)
[2024-07-21T07:17:22.082+0530][gc,task     ] GC(117) Using 13 workers of 13 for evacuation
[2024-07-21T07:17:22.083+0530][gc,phases   ] GC(117)   Pre Evacuate Collection Set: 0.1ms
[2024-07-21T07:17:22.083+0530][gc,phases   ] GC(117)   Merge Heap Roots: 0.2ms
[2024-07-21T07:17:22.083+0530][gc,phases   ] GC(117)   Evacuate Collection Set: 0.3ms
[2024-07-21T07:17:22.083+0530][gc,phases   ] GC(117)   Post Evacuate Collection Set: 0.4ms
[2024-07-21T07:17:22.083+0530][gc,phases   ] GC(117)   Other: 0.1ms
[2024-07-21T07:17:22.083+0530][gc,heap     ] GC(117) Eden regions: 613->0(613)
[2024-07-21T07:17:22.083+0530][gc,heap     ] GC(117) Survivor regions: 1->1(77)
[2024-07-21T07:17:22.083+0530][gc,heap     ] GC(117) Old regions: 20->20
[2024-07-21T07:17:22.083+0530][gc,heap     ] GC(117) Archive regions: 2->2
[2024-07-21T07:17:22.083+0530][gc,heap     ] GC(117) Humongous regions: 131->131
[2024-07-21T07:17:22.083+0530][gc,metaspace] GC(117) Metaspace: 43288K(43776K)->43288K(43776K) NonClass: 38462K(38720K)->38462K(38720K) Class: 4825K(5056K)->4825K(5056K)
[2024-07-21T07:17:22.083+0530][gc          ] GC(117) Pause Young (Normal) (G1 Evacuation Pause) 764M->151M(1024M) 1.100ms
[2024-07-21T07:17:22.083+0530][gc,cpu      ] GC(117) User=0.00s Sys=0.00s Real=0.00s
[2024-07-21T07:17:44.009+0530][gc,heap,exit] Heap
[2024-07-21T07:17:44.009+0530][gc,heap,exit]  garbage-first heap   total 1048576K, used 617154K [0x00000000c0000000, 0x0000000100000000)
[2024-07-21T07:17:44.009+0530][gc,heap,exit]   region size 1024K, 452 young (462848K), 1 survivors (1024K)
[2024-07-21T07:17:44.009+0530][gc,heap,exit]  Metaspace       used 45143K, committed 45696K, reserved 1114112K
[2024-07-21T07:17:44.009+0530][gc,heap,exit]   class space    used 5239K, committed 5504K, reserved 1048576K
