[2024-07-21T00:05:30.055+0530][gc] Using G1
[2024-07-21T00:05:30.062+0530][gc,init] Version: 17.0.11+9-Ubuntu-122.04.1 (release)
[2024-07-21T00:05:30.062+0530][gc,init] CPUs: 16 total, 16 available
[2024-07-21T00:05:30.062+0530][gc,init] Memory: 31911M
[2024-07-21T00:05:30.062+0530][gc,init] Large Page Support: Disabled
[2024-07-21T00:05:30.062+0530][gc,init] NUMA Support: Disabled
[2024-07-21T00:05:30.062+0530][gc,init] Compressed Oops: Enabled (32-bit)
[2024-07-21T00:05:30.062+0530][gc,init] Heap Region Size: 1M
[2024-07-21T00:05:30.062+0530][gc,init] Heap Min Capacity: 512M
[2024-07-21T00:05:30.062+0530][gc,init] Heap Initial Capacity: 512M
[2024-07-21T00:05:30.062+0530][gc,init] Heap Max Capacity: 512M
[2024-07-21T00:05:30.062+0530][gc,init] Pre-touch: Disabled
[2024-07-21T00:05:30.062+0530][gc,init] Parallel Workers: 13
[2024-07-21T00:05:30.062+0530][gc,init] Concurrent Workers: 3
[2024-07-21T00:05:30.062+0530][gc,init] Concurrent Refinement Workers: 13
[2024-07-21T00:05:30.062+0530][gc,init] Periodic GC: Disabled
[2024-07-21T00:05:30.071+0530][gc,metaspace] CDS archive(s) mapped at: [0x0000754fbb000000-0x0000754fbbbc7000-0x0000754fbbbc7000), size 12349440, SharedBaseAddress: 0x0000754fbb000000, ArchiveRelocationMode: 1.
[2024-07-21T00:05:30.071+0530][gc,metaspace] Compressed class space mapped at: 0x0000754fbc000000-0x0000754ffc000000, reserved size: 1073741824
[2024-07-21T00:05:30.071+0530][gc,metaspace] Narrow klass base: 0x0000754fbb000000, Narrow klass shift: 0, Narrow klass range: 0x100000000
[2024-07-21T00:05:30.122+0530][gc,heap,exit] Heap
[2024-07-21T00:05:30.122+0530][gc,heap,exit]  garbage-first heap   total 524288K, used 7747K [0x00000000e0000000, 0x0000000100000000)
[2024-07-21T00:05:30.122+0530][gc,heap,exit]   region size 1024K, 7 young (7168K), 0 survivors (0K)
[2024-07-21T00:05:30.122+0530][gc,heap,exit]  Metaspace       used 551K, committed 768K, reserved 1114112K
[2024-07-21T00:05:30.122+0530][gc,heap,exit]   class space    used 21K, committed 128K, reserved 1048576K
