[2024-07-20T20:53:34.560+0530][gc] Using G1
[2024-07-20T20:53:34.565+0530][gc,init] Version: 17.0.11+9-Ubuntu-122.04.1 (release)
[2024-07-20T20:53:34.565+0530][gc,init] CPUs: 16 total, 16 available
[2024-07-20T20:53:34.565+0530][gc,init] Memory: 31911M
[2024-07-20T20:53:34.565+0530][gc,init] Large Page Support: Disabled
[2024-07-20T20:53:34.565+0530][gc,init] NUMA Support: Disabled
[2024-07-20T20:53:34.565+0530][gc,init] Compressed Oops: Enabled (32-bit)
[2024-07-20T20:53:34.565+0530][gc,init] Heap Region Size: 1M
[2024-07-20T20:53:34.565+0530][gc,init] Heap Min Capacity: 512M
[2024-07-20T20:53:34.565+0530][gc,init] Heap Initial Capacity: 512M
[2024-07-20T20:53:34.565+0530][gc,init] Heap Max Capacity: 512M
[2024-07-20T20:53:34.565+0530][gc,init] Pre-touch: Disabled
[2024-07-20T20:53:34.565+0530][gc,init] Parallel Workers: 13
[2024-07-20T20:53:34.565+0530][gc,init] Concurrent Workers: 3
[2024-07-20T20:53:34.565+0530][gc,init] Concurrent Refinement Workers: 13
[2024-07-20T20:53:34.565+0530][gc,init] Periodic GC: Disabled
[2024-07-20T20:53:34.569+0530][gc,metaspace] CDS archive(s) mapped at: [0x000079c49f000000-0x000079c49fbc7000-0x000079c49fbc7000), size 12349440, SharedBaseAddress: 0x000079c49f000000, ArchiveRelocationMode: 1.
[2024-07-20T20:53:34.569+0530][gc,metaspace] Compressed class space mapped at: 0x000079c4a0000000-0x000079c4e0000000, reserved size: 1073741824
[2024-07-20T20:53:34.569+0530][gc,metaspace] Narrow klass base: 0x000079c49f000000, Narrow klass shift: 0, Narrow klass range: 0x100000000
[2024-07-20T20:53:34.857+0530][gc,heap,exit] Heap
[2024-07-20T20:53:34.857+0530][gc,heap,exit]  garbage-first heap   total 524288K, used 20400K [0x00000000e0000000, 0x0000000100000000)
[2024-07-20T20:53:34.857+0530][gc,heap,exit]   region size 1024K, 19 young (19456K), 0 survivors (0K)
[2024-07-20T20:53:34.857+0530][gc,heap,exit]  Metaspace       used 7042K, committed 7232K, reserved 1114112K
[2024-07-20T20:53:34.857+0530][gc,heap,exit]   class space    used 780K, committed 896K, reserved 1048576K
