[2024-07-21T00:07:41.379+0530][gc] Using G1
[2024-07-21T00:07:41.388+0530][gc,init] Version: 17.0.11+9-Ubuntu-122.04.1 (release)
[2024-07-21T00:07:41.388+0530][gc,init] CPUs: 16 total, 16 available
[2024-07-21T00:07:41.388+0530][gc,init] Memory: 31911M
[2024-07-21T00:07:41.388+0530][gc,init] Large Page Support: Disabled
[2024-07-21T00:07:41.388+0530][gc,init] NUMA Support: Disabled
[2024-07-21T00:07:41.388+0530][gc,init] Compressed Oops: Enabled (32-bit)
[2024-07-21T00:07:41.388+0530][gc,init] Heap Region Size: 1M
[2024-07-21T00:07:41.388+0530][gc,init] Heap Min Capacity: 512M
[2024-07-21T00:07:41.388+0530][gc,init] Heap Initial Capacity: 512M
[2024-07-21T00:07:41.388+0530][gc,init] Heap Max Capacity: 512M
[2024-07-21T00:07:41.388+0530][gc,init] Pre-touch: Disabled
[2024-07-21T00:07:41.388+0530][gc,init] Parallel Workers: 13
[2024-07-21T00:07:41.388+0530][gc,init] Concurrent Workers: 3
[2024-07-21T00:07:41.388+0530][gc,init] Concurrent Refinement Workers: 13
[2024-07-21T00:07:41.388+0530][gc,init] Periodic GC: Disabled
[2024-07-21T00:07:41.402+0530][gc,metaspace] CDS archive(s) mapped at: [0x000073df7f000000-0x000073df7fbc7000-0x000073df7fbc7000), size 12349440, SharedBaseAddress: 0x000073df7f000000, ArchiveRelocationMode: 1.
[2024-07-21T00:07:41.402+0530][gc,metaspace] Compressed class space mapped at: 0x000073df80000000-0x000073dfc0000000, reserved size: 1073741824
[2024-07-21T00:07:41.402+0530][gc,metaspace] Narrow klass base: 0x000073df7f000000, Narrow klass shift: 0, Narrow klass range: 0x100000000
[2024-07-21T00:07:41.673+0530][gc,start    ] GC(0) Pause Young (Normal) (G1 Evacuation Pause)
[2024-07-21T00:07:41.673+0530][gc,task     ] GC(0) Using 12 workers of 13 for evacuation
[2024-07-21T00:07:41.675+0530][gc,phases   ] GC(0)   Pre Evacuate Collection Set: 0.0ms
[2024-07-21T00:07:41.675+0530][gc,phases   ] GC(0)   Merge Heap Roots: 0.0ms
[2024-07-21T00:07:41.675+0530][gc,phases   ] GC(0)   Evacuate Collection Set: 1.4ms
[2024-07-21T00:07:41.675+0530][gc,phases   ] GC(0)   Post Evacuate Collection Set: 0.2ms
[2024-07-21T00:07:41.675+0530][gc,phases   ] GC(0)   Other: 0.5ms
[2024-07-21T00:07:41.675+0530][gc,heap     ] GC(0) Eden regions: 25->0(21)
[2024-07-21T00:07:41.675+0530][gc,heap     ] GC(0) Survivor regions: 0->4(4)
[2024-07-21T00:07:41.675+0530][gc,heap     ] GC(0) Old regions: 0->5
[2024-07-21T00:07:41.675+0530][gc,heap     ] GC(0) Archive regions: 2->2
[2024-07-21T00:07:41.675+0530][gc,heap     ] GC(0) Humongous regions: 0->0
[2024-07-21T00:07:41.675+0530][gc,metaspace] GC(0) Metaspace: 8431K(8640K)->8431K(8640K) NonClass: 7485K(7552K)->7485K(7552K) Class: 946K(1088K)->946K(1088K)
[2024-07-21T00:07:41.675+0530][gc          ] GC(0) Pause Young (Normal) (G1 Evacuation Pause) 25M->9M(512M) 2.194ms
[2024-07-21T00:07:41.675+0530][gc,cpu      ] GC(0) User=0.02s Sys=0.00s Real=0.00s
[2024-07-21T07:17:42.040+0530][gc,start    ] GC(1) Pause Young (Normal) (G1 Evacuation Pause)
[2024-07-21T07:17:42.040+0530][gc,task     ] GC(1) Using 12 workers of 13 for evacuation
[2024-07-21T07:17:42.041+0530][gc,phases   ] GC(1)   Pre Evacuate Collection Set: 0.1ms
[2024-07-21T07:17:42.041+0530][gc,phases   ] GC(1)   Merge Heap Roots: 0.0ms
[2024-07-21T07:17:42.041+0530][gc,phases   ] GC(1)   Evacuate Collection Set: 1.6ms
[2024-07-21T07:17:42.041+0530][gc,phases   ] GC(1)   Post Evacuate Collection Set: 0.2ms
[2024-07-21T07:17:42.041+0530][gc,phases   ] GC(1)   Other: 0.1ms
[2024-07-21T07:17:42.041+0530][gc,heap     ] GC(1) Eden regions: 21->0(24)
[2024-07-21T07:17:42.042+0530][gc,heap     ] GC(1) Survivor regions: 4->1(4)
[2024-07-21T07:17:42.042+0530][gc,heap     ] GC(1) Old regions: 5->9
[2024-07-21T07:17:42.042+0530][gc,heap     ] GC(1) Archive regions: 2->2
[2024-07-21T07:17:42.042+0530][gc,heap     ] GC(1) Humongous regions: 0->0
[2024-07-21T07:17:42.042+0530][gc,metaspace] GC(1) Metaspace: 10727K(10944K)->10727K(10944K) NonClass: 9565K(9664K)->9565K(9664K) Class: 1162K(1280K)->1162K(1280K)
[2024-07-21T07:17:42.042+0530][gc          ] GC(1) Pause Young (Normal) (G1 Evacuation Pause) 30M->9M(512M) 2.028ms
[2024-07-21T07:17:42.042+0530][gc,cpu      ] GC(1) User=0.00s Sys=0.01s Real=0.01s
[2024-07-21T07:17:45.466+0530][gc,heap,exit] Heap
[2024-07-21T07:17:45.467+0530][gc,heap,exit]  garbage-first heap   total 524288K, used 11777K [0x00000000e0000000, 0x0000000100000000)
[2024-07-21T07:17:45.467+0530][gc,heap,exit]   region size 1024K, 3 young (3072K), 1 survivors (1024K)
[2024-07-21T07:17:45.467+0530][gc,heap,exit]  Metaspace       used 10738K, committed 11008K, reserved 1114112K
[2024-07-21T07:17:45.467+0530][gc,heap,exit]   class space    used 1163K, committed 1280K, reserved 1048576K
